%%%	2023-01-25 00:17:26-0300	processes
USER               PID  %CPU %MEM      VSZ    RSS   TT  STAT STARTED      TIME COMMAND
diegocaro         1074   6.7  1.1 34816524 189716   ??  R     8:10PM   2:08.77 /Applications/iTerm.app/Contents/MacOS/iTerm2
_windowserver      173   3.4  0.9 37202048 153772   ??  Ss    8:58AM  16:44.33 /System/Library/PrivateFrameworks/SkyLight.framework/Resources/WindowServer -daemon
diegocaro          956   1.1  0.9 35005616 149500   ??  S     7:42PM   2:04.49 /System/Applications/Messages.app/Contents/MacOS/Messages
diegocaro         8644   0.9  0.0 34124420   1288 s001  S+   12:17AM   0:00.00 bash 02_processes.sh
diegocaro          506   0.7  3.8 74825608 642828   ??  S     8:58AM   3:30.59 /Applications/Dropbox.app/Contents/MacOS/Dropbox
diegocaro         2046   0.6  0.0 34181196   5012 s001  S    10:49PM   0:01.39 -zsh
_driverkit         354   0.4  0.0 34176724   3128   ??  Ss    8:58AM   1:17.61 /System/Library/DriverExtensions/com.apple.AppleUserHIDDrivers.dext/com.apple.AppleUserHIDDrivers com.apple.driverkit.AppleUserHIDDrivers 0x10000065c com.apple.AppleUserHIDDrivers
diegocaro         1233   0.3  0.9 36205588 156312   ??  S    10:00PM   0:12.19 /Applications/Firefox.app/Contents/MacOS/plugin-container.app/Contents/MacOS/plugin-container -childID 74 -isForBrowser -prefsLen 33944 -prefMapSize 236340 -jsInitLen 246772 -sbStartup -sbAppPath /Applications/Firefox.app -sbLevel 3 -sbAllowAudio -parentBuildID 20230112150232 -appDir /Applications/Firefox.app/Contents/Resources/browser -profile /Users/diegocaro/Library/Application Support/Firefox/Profiles/hmig4z1v.default-release-1634876631779 {014b64a9-ec35-4e8e-b4d1-eb3b8fe26311} 755 gecko-crash-server-pipe.755 org.mozilla.machname.1364926033 tab
diegocaro          429   0.2  0.1 34380096  20456   ??  S     8:58AM   0:20.84 /System/Library/PrivateFrameworks/UniversalAccess.framework/Versions/A/Resources/AXVisualSupportAgent.app/Contents/MacOS/AXVisualSupportAgent launchd -s
root               386   0.1  0.1 33830356   8844   ??  S     8:58AM   0:02.14 /System/Library/PrivateFrameworks/ViewBridge.framework/Versions/A/XPCServices/ViewBridgeAuxiliary.xpc/Contents/MacOS/ViewBridgeAuxiliary
diegocaro         5936   0.1  3.2 36842428 544536   ??  S    11:33PM   3:16.75 /Applications/Firefox.app/Contents/MacOS/plugin-container.app/Contents/MacOS/plugin-container -childID 110 -isForBrowser -prefsLen 34001 -prefMapSize 236340 -jsInitLen 246772 -sbStartup -sbAppPath /Applications/Firefox.app -sbLevel 3 -sbAllowAudio -parentBuildID 20230112150232 -appDir /Applications/Firefox.app/Contents/Resources/browser -profile /Users/diegocaro/Library/Application Support/Firefox/Profiles/hmig4z1v.default-release-1634876631779 {d2c8aae2-9792-4af8-89d9-5178fd30059d} 755 gecko-crash-server-pipe.755 org.mozilla.machname.1812531228 tab
diegocaro          415   0.1  0.4 34344288  66420   ??  S     8:58AM   0:05.34 /System/Library/CoreServices/Dock.app/Contents/MacOS/Dock
diegocaro         2259   0.1  1.2 36309680 200308   ??  S    10:54PM   0:09.88 /Applications/Firefox.app/Contents/MacOS/plugin-container.app/Contents/MacOS/plugin-container -childID 106 -isForBrowser -prefsLen 33944 -prefMapSize 236340 -jsInitLen 246772 -sbStartup -sbAppPath /Applications/Firefox.app -sbLevel 3 -sbAllowAudio -parentBuildID 20230112150232 -appDir /Applications/Firefox.app/Contents/Resources/browser -profile /Users/diegocaro/Library/Application Support/Firefox/Profiles/hmig4z1v.default-release-1634876631779 {618a7e4b-901b-43f7-96eb-ab7890e4f58b} 755 gecko-crash-server-pipe.755 org.mozilla.machname.914188595 tab
diegocaro          432   0.1  0.1 33830568   9984   ??  S     8:58AM   0:03.18 /System/Library/PrivateFrameworks/ViewBridge.framework/Versions/A/XPCServices/ViewBridgeAuxiliary.xpc/Contents/MacOS/ViewBridgeAuxiliary
diegocaro         4107   0.1  0.9 36218560 148836   ??  S    11:21PM   0:04.35 /Applications/Firefox.app/Contents/MacOS/plugin-container.app/Contents/MacOS/plugin-container -childID 109 -isForBrowser -prefsLen 34001 -prefMapSize 236340 -jsInitLen 246772 -sbStartup -sbAppPath /Applications/Firefox.app -sbLevel 3 -sbAllowAudio -parentBuildID 20230112150232 -appDir /Applications/Firefox.app/Contents/Resources/browser -profile /Users/diegocaro/Library/Application Support/Firefox/Profiles/hmig4z1v.default-release-1634876631779 {403b550c-4a61-466e-b5ec-dfb73b94b3a6} 755 gecko-crash-server-pipe.755 org.mozilla.machname.828004271 tab
diegocaro         6531   0.0  0.3 36120432  50436   ??  S    11:46PM   0:00.76 /Applications/Firefox.app/Contents/MacOS/plugin-container.app/Contents/MacOS/plugin-container -childID 117 -isForBrowser -prefsLen 34001 -prefMapSize 236340 -jsInitLen 246772 -sbStartup -sbAppPath /Applications/Firefox.app -sbLevel 3 -sbAllowAudio -parentBuildID 20230112150232 -appDir /Applications/Firefox.app/Contents/Resources/browser -profile /Users/diegocaro/Library/Application Support/Firefox/Profiles/hmig4z1v.default-release-1634876631779 {400f2812-798f-47f0-96b1-0c23d51292da} 755 gecko-crash-server-pipe.755 org.mozilla.machname.1818706583 tab
diegocaro         6530   0.0  0.3 36133680  51724   ??  S    11:46PM   0:00.60 /Applications/Firefox.app/Contents/MacOS/plugin-container.app/Contents/MacOS/plugin-container -childID 116 -isForBrowser -prefsLen 34001 -prefMapSize 236340 -jsInitLen 246772 -sbStartup -sbAppPath /Applications/Firefox.app -sbLevel 3 -sbAllowAudio -parentBuildID 20230112150232 -appDir /Applications/Firefox.app/Contents/Resources/browser -profile /Users/diegocaro/Library/Application Support/Firefox/Profiles/hmig4z1v.default-release-1634876631779 {3bcc5751-6034-4fee-9d0f-42849664cfe8} 755 gecko-crash-server-pipe.755 org.mozilla.machname.406918883 tab
diegocaro         6528   0.0  0.1 34243404   8480   ??  Ss   11:46PM   0:00.07 /System/Library/Frameworks/VideoToolbox.framework/Versions/A/XPCServices/VTDecoderXPCService.xpc/Contents/MacOS/VTDecoderXPCService
diegocaro         6527   0.0  0.4 36144032  71400   ??  S    11:46PM   0:01.03 /Applications/Firefox.app/Contents/MacOS/plugin-container.app/Contents/MacOS/plugin-container -childID 115 -isForBrowser -prefsLen 34001 -prefMapSize 236340 -jsInitLen 246772 -sbStartup -sbAppPath /Applications/Firefox.app -sbLevel 3 -sbAllowAudio -parentBuildID 20230112150232 -appDir /Applications/Firefox.app/Contents/Resources/browser -profile /Users/diegocaro/Library/Application Support/Firefox/Profiles/hmig4z1v.default-release-1634876631779 {9106d9e0-cd69-48d6-862a-f92880f14437} 755 gecko-crash-server-pipe.755 org.mozilla.machname.1745224177 tab
diegocaro         6526   0.0  0.1 34233164   8516   ??  Ss   11:46PM   0:00.06 /System/Library/Frameworks/VideoToolbox.framework/Versions/A/XPCServices/VTDecoderXPCService.xpc/Contents/MacOS/VTDecoderXPCService
diegocaro         6525   0.0  0.4 36139908  63728   ??  S    11:46PM   0:00.97 /Applications/Firefox.app/Contents/MacOS/plugin-container.app/Contents/MacOS/plugin-container -childID 114 -isForBrowser -prefsLen 34001 -prefMapSize 236340 -jsInitLen 246772 -sbStartup -sbAppPath /Applications/Firefox.app -sbLevel 3 -sbAllowAudio -parentBuildID 20230112150232 -appDir /Applications/Firefox.app/Contents/Resources/browser -profile /Users/diegocaro/Library/Application Support/Firefox/Profiles/hmig4z1v.default-release-1634876631779 {57688a01-1acd-4e42-a1bf-7a89707635ec} 755 gecko-crash-server-pipe.755 org.mozilla.machname.725749711 tab
diegocaro         6514   0.0  0.9 36329264 152900   ??  S    11:44PM   0:02.21 /Applications/Firefox.app/Contents/MacOS/plugin-container.app/Contents/MacOS/plugin-container -childID 113 -isForBrowser -prefsLen 34001 -prefMapSize 236340 -jsInitLen 246772 -sbStartup -sbAppPath /Applications/Firefox.app -sbLevel 3 -sbAllowAudio -parentBuildID 20230112150232 -appDir /Applications/Firefox.app/Contents/Resources/browser -profile /Users/diegocaro/Library/Application Support/Firefox/Profiles/hmig4z1v.default-release-1634876631779 {853a9dd1-e60a-4a0c-9b4f-f1202440cff8} 755 gecko-crash-server-pipe.755 org.mozilla.machname.64721737 tab
diegocaro         5937   0.0  0.3 36144012  50400   ??  S    11:33PM   0:00.62 /Applications/Firefox.app/Contents/MacOS/plugin-container.app/Contents/MacOS/plugin-container -childID 111 -isForBrowser -prefsLen 34001 -prefMapSize 236340 -jsInitLen 246772 -sbStartup -sbAppPath /Applications/Firefox.app -sbLevel 3 -sbAllowAudio -parentBuildID 20230112150232 -appDir /Applications/Firefox.app/Contents/Resources/browser -profile /Users/diegocaro/Library/Application Support/Firefox/Profiles/hmig4z1v.default-release-1634876631779 {d8c33977-94fd-4a2d-9954-7f54732f536e} 755 gecko-crash-server-pipe.755 org.mozilla.machname.449807488 tab
diegocaro         4106   0.0  0.1 34242380   8424   ??  Ss   11:21PM   0:00.06 /System/Library/Frameworks/VideoToolbox.framework/Versions/A/XPCServices/VTDecoderXPCService.xpc/Contents/MacOS/VTDecoderXPCService
diegocaro         2877   0.0  0.7 36186124 119816   ??  S    11:09PM   0:02.33 /Applications/Firefox.app/Contents/MacOS/plugin-container.app/Contents/MacOS/plugin-container -childID 108 -isForBrowser -prefsLen 34001 -prefMapSize 236340 -jsInitLen 246772 -sbStartup -sbAppPath /Applications/Firefox.app -sbLevel 3 -sbAllowAudio -parentBuildID 20230112150232 -appDir /Applications/Firefox.app/Contents/Resources/browser -profile /Users/diegocaro/Library/Application Support/Firefox/Profiles/hmig4z1v.default-release-1634876631779 {89fcd245-2e2b-4625-af7a-9fd25cf5f5a6} 755 gecko-crash-server-pipe.755 org.mozilla.machname.887953098 tab
diegocaro         2258   0.0  0.7 36196144 117456   ??  S    10:54PM   0:01.24 /Applications/Firefox.app/Contents/MacOS/plugin-container.app/Contents/MacOS/plugin-container -childID 105 -isForBrowser -prefsLen 33944 -prefMapSize 236340 -jsInitLen 246772 -sbStartup -sbAppPath /Applications/Firefox.app -sbLevel 3 -sbAllowAudio -parentBuildID 20230112150232 -appDir /Applications/Firefox.app/Contents/Resources/browser -profile /Users/diegocaro/Library/Application Support/Firefox/Profiles/hmig4z1v.default-release-1634876631779 {6337ea35-3b00-4347-9763-d9345167d7d1} 755 gecko-crash-server-pipe.755 org.mozilla.machname.175101380 tab
diegocaro         2256   0.0  1.2 36325152 197920   ??  S    10:54PM   0:10.60 /Applications/Firefox.app/Contents/MacOS/plugin-container.app/Contents/MacOS/plugin-container -childID 103 -isForBrowser -prefsLen 33944 -prefMapSize 236340 -jsInitLen 246772 -sbStartup -sbAppPath /Applications/Firefox.app -sbLevel 3 -sbAllowAudio -parentBuildID 20230112150232 -appDir /Applications/Firefox.app/Contents/Resources/browser -profile /Users/diegocaro/Library/Application Support/Firefox/Profiles/hmig4z1v.default-release-1634876631779 {1a4bc1de-db4b-4902-a2b5-849d7c7ab244} 755 gecko-crash-server-pipe.755 org.mozilla.machname.1311510405 tab
diegocaro         2143   0.0  0.5 36155164  81140   ??  S    10:52PM   0:03.54 /Applications/Firefox.app/Contents/MacOS/plugin-container.app/Contents/MacOS/plugin-container -childID 102 -isForBrowser -prefsLen 33944 -prefMapSize 236340 -jsInitLen 246772 -sbStartup -sbAppPath /Applications/Firefox.app -sbLevel 3 -sbAllowAudio -parentBuildID 20230112150232 -appDir /Applications/Firefox.app/Contents/Resources/browser -profile /Users/diegocaro/Library/Application Support/Firefox/Profiles/hmig4z1v.default-release-1634876631779 {1ccc5f57-d42d-42fd-90b0-8efa768b2591} 755 gecko-crash-server-pipe.755 org.mozilla.machname.1172306451 tab
root              2045   0.0  0.0 34160712   4936 s001  Ss   10:49PM   0:00.01 login -fp diegocaro
diegocaro         1986   0.0  0.6 34627468  99068   ??  S    10:46PM   0:46.46 /Applications/TextMate.app/Contents/MacOS/TextMate -disableNewDocumentAtStartup 1
diegocaro         1742   0.0  0.0 34162004   3868   ??  Ss   10:45PM   0:00.01 /Applications/Dropbox.app/Contents/XPCServices/DropboxNotificationService.xpc/Contents/MacOS/DropboxNotificationService
diegocaro         1739   0.0  0.1 34139668  21608   ??  Ss   10:45PM   0:00.29 /System/Library/PrivateFrameworks/UIFoundation.framework/Versions/A/XPCServices/nsattributedstringagent.xpc/Contents/MacOS/nsattributedstringagent
diegocaro         1736   0.0  0.1 33816464  16680   ??  Ss   10:44PM   0:00.09 /System/Library/Frameworks/QuickLookThumbnailing.framework/Versions/A/PlugIns/ThumbnailExtension_macOS.appex/Contents/MacOS/ThumbnailExtension_macOS -AppleLanguages ("en-CL", "es-CL")
diegocaro         1735   0.0  0.1 33840860  13356   ??  Ss   10:44PM   0:00.21 /System/Library/Frameworks/QuickLook.framework/Versions/A/XPCServices/QuickLookSatellite.xpc/Contents/MacOS/QuickLookSatellite
root              1734   0.0  0.0 33711688   5864   ??  Ss   10:44PM   0:00.03 /System/Library/Frameworks/AudioToolbox.framework/XPCServices/com.apple.audio.SandboxHelper.xpc/Contents/MacOS/com.apple.audio.SandboxHelper
diegocaro         1321   0.0  0.0 33746284   3956   ??  S    10:41PM   0:00.01 /System/Library/CoreServices/AirPort Base Station Agent.app/Contents/MacOS/AirPort Base Station Agent --launchd
diegocaro         1311   0.0  0.5 36167560  79996   ??  S    10:21PM   0:01.15 /Applications/Firefox.app/Contents/MacOS/plugin-container.app/Contents/MacOS/plugin-container -childID 94 -isForBrowser -prefsLen 33944 -prefMapSize 236340 -jsInitLen 246772 -sbStartup -sbAppPath /Applications/Firefox.app -sbLevel 3 -sbAllowAudio -parentBuildID 20230112150232 -appDir /Applications/Firefox.app/Contents/Resources/browser -profile /Users/diegocaro/Library/Application Support/Firefox/Profiles/hmig4z1v.default-release-1634876631779 {7aeda657-5397-4fd4-b311-2bbb77c39f46} 755 gecko-crash-server-pipe.755 org.mozilla.machname.261741111 tab
diegocaro         1310   0.0  0.5 36157356  78572   ??  S    10:21PM   0:00.84 /Applications/Firefox.app/Contents/MacOS/plugin-container.app/Contents/MacOS/plugin-container -childID 93 -isForBrowser -prefsLen 33944 -prefMapSize 236340 -jsInitLen 246772 -sbStartup -sbAppPath /Applications/Firefox.app -sbLevel 3 -sbAllowAudio -parentBuildID 20230112150232 -appDir /Applications/Firefox.app/Contents/Resources/browser -profile /Users/diegocaro/Library/Application Support/Firefox/Profiles/hmig4z1v.default-release-1634876631779 {e7f7cb05-7dfb-4f4a-8795-fafdf6646ee5} 755 gecko-crash-server-pipe.755 org.mozilla.machname.237303178 tab
diegocaro         1309   0.0  0.5 36166504  80516   ??  S    10:21PM   0:01.41 /Applications/Firefox.app/Contents/MacOS/plugin-container.app/Contents/MacOS/plugin-container -childID 92 -isForBrowser -prefsLen 33944 -prefMapSize 236340 -jsInitLen 246772 -sbStartup -sbAppPath /Applications/Firefox.app -sbLevel 3 -sbAllowAudio -parentBuildID 20230112150232 -appDir /Applications/Firefox.app/Contents/Resources/browser -profile /Users/diegocaro/Library/Application Support/Firefox/Profiles/hmig4z1v.default-release-1634876631779 {979175d7-1c4e-4594-ae45-6f83e7e0d151} 755 gecko-crash-server-pipe.755 org.mozilla.machname.1922426415 tab
diegocaro         1307   0.0  0.6 36193804 108564   ??  S    10:20PM   0:05.01 /Applications/Firefox.app/Contents/MacOS/plugin-container.app/Contents/MacOS/plugin-container -childID 91 -isForBrowser -prefsLen 33944 -prefMapSize 236340 -jsInitLen 246772 -sbStartup -sbAppPath /Applications/Firefox.app -sbLevel 3 -sbAllowAudio -parentBuildID 20230112150232 -appDir /Applications/Firefox.app/Contents/Resources/browser -profile /Users/diegocaro/Library/Application Support/Firefox/Profiles/hmig4z1v.default-release-1634876631779 {fa65e161-803f-4324-8ed3-9c28a77958df} 755 gecko-crash-server-pipe.755 org.mozilla.machname.1806578718 tab
diegocaro         1273   0.0  0.3 36126512  48024   ??  S    10:11PM   0:00.49 /Applications/Firefox.app/Contents/MacOS/plugin-container.app/Contents/MacOS/plugin-container -childID 78 -isForBrowser -prefsLen 33944 -prefMapSize 236340 -jsInitLen 246772 -sbStartup -sbAppPath /Applications/Firefox.app -sbLevel 3 -sbAllowAudio -parentBuildID 20230112150232 -appDir /Applications/Firefox.app/Contents/Resources/browser -profile /Users/diegocaro/Library/Application Support/Firefox/Profiles/hmig4z1v.default-release-1634876631779 {b5585649-c885-4885-97cb-61d6e9825c9b} 755 gecko-crash-server-pipe.755 org.mozilla.machname.801594719 tab
diegocaro         1272   0.0  0.3 36125356  46644   ??  S    10:11PM   0:00.50 /Applications/Firefox.app/Contents/MacOS/plugin-container.app/Contents/MacOS/plugin-container -childID 77 -isForBrowser -prefsLen 33944 -prefMapSize 236340 -jsInitLen 246772 -sbStartup -sbAppPath /Applications/Firefox.app -sbLevel 3 -sbAllowAudio -parentBuildID 20230112150232 -appDir /Applications/Firefox.app/Contents/Resources/browser -profile /Users/diegocaro/Library/Application Support/Firefox/Profiles/hmig4z1v.default-release-1634876631779 {46253ba0-ec5e-4c1a-afa3-3a15f37e49ba} 755 gecko-crash-server-pipe.755 org.mozilla.machname.1459907656 tab
diegocaro         1271   0.0  0.3 36148328  49576   ??  S    10:10PM   0:00.67 /Applications/Firefox.app/Contents/MacOS/plugin-container.app/Contents/MacOS/plugin-container -childID 76 -isForBrowser -prefsLen 33944 -prefMapSize 236340 -jsInitLen 246772 -sbStartup -sbAppPath /Applications/Firefox.app -sbLevel 3 -sbAllowAudio -parentBuildID 20230112150232 -appDir /Applications/Firefox.app/Contents/Resources/browser -profile /Users/diegocaro/Library/Application Support/Firefox/Profiles/hmig4z1v.default-release-1634876631779 {2898aac8-7085-42b3-961b-5446ab513e2a} 755 gecko-crash-server-pipe.755 org.mozilla.machname.1809899886 tab
diegocaro         1265   0.0  0.3 36127564  52020   ??  S    10:07PM   0:00.98 /Applications/Firefox.app/Contents/MacOS/plugin-container.app/Contents/MacOS/plugin-container -childID 75 -isForBrowser -prefsLen 33944 -prefMapSize 236340 -jsInitLen 246772 -sbStartup -sbAppPath /Applications/Firefox.app -sbLevel 3 -sbAllowAudio -parentBuildID 20230112150232 -appDir /Applications/Firefox.app/Contents/Resources/browser -profile /Users/diegocaro/Library/Application Support/Firefox/Profiles/hmig4z1v.default-release-1634876631779 {2da1b15c-ff33-4d56-9d68-b36d412622d9} 755 gecko-crash-server-pipe.755 org.mozilla.machname.919307282 tab
root              1168   0.0  0.0 33820744   4260   ??  Ss    9:35PM   0:00.03 /System/Library/CoreServices/osanalyticshelper server-init
root              1104   0.0  0.0 33646636   2520   ??  Ss    8:10PM   0:00.06 /usr/libexec/taskgated
diegocaro         1094   0.0  0.0 34219084   3308   ??  Ss    8:10PM   0:00.62 /Applications/iTerm.app/Contents/XPCServices/pidinfo.xpc/Contents/MacOS/pidinfo
diegocaro         1080   0.0  0.0 34206680   6736 s000  S     8:10PM   0:03.02 -zsh
root              1079   0.0  0.0 34161736   4924 s000  Ss    8:10PM   0:00.02 login -fp diegocaro
diegocaro         1078   0.0  0.0 34134320   2104   ??  S     8:10PM   0:00.01 /Users/diegocaro/Library/Application Support/iTerm2/iTermServer-3.4.18 /Users/diegocaro/Library/Application Support/iTerm2/iterm2-daemon-1.socket
diegocaro         1077   0.0  0.1 33976544  21156   ??  Ss    8:10PM   0:00.32 /System/Library/CoreServices/Dock.app/Contents/XPCServices/DockHelper.xpc/Contents/MacOS/DockHelper
diegocaro         1013   0.0  0.0 33756500   2004   ??  Ss    7:57PM   0:00.01 /System/Library/Frameworks/NetFS.framework/Versions/A/XPCServices/PlugInLibraryService.xpc/Contents/MacOS/PlugInLibraryService
diegocaro         1007   0.0  0.0 33768816   3860   ??  S     7:57PM   0:00.03 /System/Library/Frameworks/ColorSync.framework/Support/colorsync.useragent
diegocaro          994   0.0  0.1 33756164  11100   ??  S     7:54PM   0:00.04 /System/Library/CoreServices/EscrowSecurityAlert.app/Contents/MacOS/EscrowSecurityAlert
diegocaro          966   0.0  0.1 33827120   9496   ??  S     7:43PM   0:00.15 /System/Library/PrivateFrameworks/SafariSafeBrowsing.framework/com.apple.Safari.SafeBrowsing.Service
diegocaro          965   0.0  0.1 33806192  10972   ??  S     7:43PM   0:00.07 /System/Library/PrivateFrameworks/NewsDaemon.framework/newsd
diegocaro          964   0.0  0.2 34043084  38096   ??  Ss    7:43PM   0:00.27 /System/iOSSupport/System/Library/Frameworks/WebKit.framework/Versions/A/XPCServices/com.apple.WebKit.Networking.xpc/Contents/MacOS/com.apple.WebKit.Networking
diegocaro          963   0.0  0.0 33748552   5976   ??  Ss    7:43PM   0:00.03 /System/Library/Frameworks/AudioToolbox.framework/XPCServices/com.apple.audio.SandboxHelper.xpc/Contents/MacOS/com.apple.audio.SandboxHelper
diegocaro          962   0.0  0.0 33748264   2564   ??  S     7:43PM   0:00.03 /System/Library/Frameworks/MediaAccessibility.framework/Versions/A/XPCServices/com.apple.accessibility.mediaaccessibilityd.xpc/Contents/MacOS/com.apple.accessibility.mediaaccessibilityd
diegocaro          959   0.0  0.0 33716500   2336   ??  S     7:43PM   0:00.01 /System/Library/PrivateFrameworks/ToneLibrary.framework/Versions/A/XPCServices/com.apple.tonelibraryd.xpc/Contents/MacOS/com.apple.tonelibraryd
diegocaro          958   0.0  0.1 33817316   9192   ??  S     7:42PM   0:00.09 /usr/libexec/keyboardservicesd
diegocaro          957   0.0  0.9 34345384 150148   ??  S     7:42PM   0:05.97 /System/Library/Services/AppleSpell.service/Contents/MacOS/AppleSpell
root               946   0.0  0.0 33796208   4288   ??  Ss    7:42PM   0:00.04 /usr/libexec/ASPCarryLog
diegocaro          905   0.0  0.0 33783048   3904   ??  S    11:29AM   0:00.03 /usr/libexec/USBAgent
diegocaro          896   0.0  0.1 33834076  18176   ??  S     9:27AM   0:00.31 /System/Library/Frameworks/ApplicationServices.framework/Frameworks/SpeechSynthesis.framework/Resources/com.apple.speech.speechsynthesisd
diegocaro          888   0.0  0.0 33719100   3124   ??  S     9:24AM   0:00.03 /System/Library/PrivateFrameworks/DeviceCheckInternal.framework/devicecheckd
_fpsd              864   0.0  0.0 33734872   3568   ??  Ss    9:12AM   0:00.03 /System/Library/PrivateFrameworks/CoreFP.framework/Versions/A/fairplayd
root               863   0.0  0.0 33829724   5224   ??  Ss    9:12AM   0:00.43 /Library/Apple/System/Library/CoreServices/XProtect.app/Contents/XPCServices/XProtectPluginService.xpc/Contents/MacOS/XProtectPluginService
root               862   0.0  0.0 34199448   3328   ??  Ss    9:12AM   0:00.02 /Library/Apple/System/Library/CoreServices/XProtect.app/Contents/MacOS/XProtect
_fpsd              851   0.0  0.0 33722812   2296   ??  Ss    9:03AM   0:00.16 /System/Library/PrivateFrameworks/CoreLSKD.framework/Versions/A/lskdd
diegocaro          844   0.0  0.1 33863936  19228   ??  S     9:03AM   0:00.21 /Library/Apple/System/Library/CoreServices/SafariSupport.bundle/Contents/MacOS/PasswordBreachAgent
root               843   0.0  0.0 34253376   3944   ??  Ss    9:03AM   0:00.03 /usr/libexec/memoryanalyticsd -xlatS
diegocaro          841   0.0  0.0 33800020   6244   ??  S     9:03AM   0:00.08 /System/Library/Frameworks/CoreServices.framework/Frameworks/Metadata.framework/Versions/A/Support/mdworker -s mdworker-sizing -c MDSSizingWorker -m com.apple.mdworker.sizing
root               833   0.0  0.0 33766784   4104   ??  Ss    9:01AM   0:00.03 /usr/libexec/tzd
diegocaro          832   0.0  0.1 34231352  12728   ??  Ss    9:01AM   0:00.32 /System/Library/Frameworks/Metal.framework/Versions/A/XPCServices/MTLCompilerService.xpc/Contents/MacOS/MTLCompilerService
diegocaro          831   0.0  0.0 33813720   4572   ??  S     9:01AM   0:00.06 /usr/libexec/proactiveeventtrackerd
diegocaro          829   0.0  0.3 34153164  48588   ??  S     9:00AM   0:00.26 /Library/Apple/System/Library/CoreServices/SafariSupport.bundle/Contents/MacOS/SafariBookmarksSyncAgent
diegocaro          828   0.0  0.1 34163240  19732   ??  S     9:00AM   0:00.71 /System/Library/Frameworks/CoreSpotlight.framework/CoreSpotlightService
diegocaro          814   0.0  0.1 34326248  19948   ??  S     8:59AM   0:01.00 /System/Library/CoreServices/NowPlayingTouchUI.app/Contents/MacOS/NowPlayingTouchUI
root               813   0.0  0.0 33829588   8140   ??  Ss    8:59AM   0:01.08 /System/Library/Frameworks/AudioToolbox.framework/XPCServices/CAReportingService.xpc/Contents/MacOS/CAReportingService
diegocaro          812   0.0  0.2 33939184  25800   ??  S     8:59AM   0:42.38 /Applications/Firefox.app/Contents/MacOS/plugin-container.app/Contents/MacOS/plugin-container -parentBuildID 20230112150232 -sandboxingKind 0 -prefsLen 33893 -prefMapSize 236340 -sbStartup -sbAppPath /Applications/Firefox.app -appDir /Applications/Firefox.app/Contents/Resources/browser -profile /Users/diegocaro/Library/Application Support/Firefox/Profiles/hmig4z1v.default-release-1634876631779 {0152290d-3c93-41bf-bd64-1359dd56ac20} 755 gecko-crash-server-pipe.755 org.mozilla.machname.858823192 utility
diegocaro          811   0.0  0.1 34303832  17012   ??  S     8:59AM   0:00.42 /System/Library/CoreServices/OSDUIHelper.app/Contents/MacOS/OSDUIHelper
diegocaro          808   0.0  0.2 34287124  27480   ??  Ss    8:59AM   1:51.35 /System/Library/Frameworks/VideoToolbox.framework/Versions/A/XPCServices/VTDecoderXPCService.xpc/Contents/MacOS/VTDecoderXPCService
diegocaro          807   0.0  0.2 33897356  25916   ??  S     8:59AM   0:00.43 /Applications/Firefox.app/Contents/MacOS/plugin-container.app/Contents/MacOS/plugin-container -parentBuildID 20230112150232 -sandboxingKind 1 -prefsLen 33893 -prefMapSize 236340 -sbStartup -sbAppPath /Applications/Firefox.app -appDir /Applications/Firefox.app/Contents/Resources/browser -profile /Users/diegocaro/Library/Application Support/Firefox/Profiles/hmig4z1v.default-release-1634876631779 {71783741-0995-4b62-aa38-45c04970a4f6} 755 gecko-crash-server-pipe.755 org.mozilla.machname.1789736032 utility
diegocaro          806   0.0  0.2 34023564  27712   ??  S     8:59AM   1:58.64 /Applications/Firefox.app/Contents/MacOS/plugin-container.app/Contents/MacOS/plugin-container -parentBuildID 20230112150232 -prefsLen 33893 -prefMapSize 236340 -sbStartup -sbAppPath /Applications/Firefox.app -appDir /Applications/Firefox.app/Contents/Resources/browser -profile /Users/diegocaro/Library/Application Support/Firefox/Profiles/hmig4z1v.default-release-1634876631779 {f4b97abd-66d2-4eba-a628-b9137a3bc3fc} 755 gecko-crash-server-pipe.755 org.mozilla.machname.540005905 rdd
diegocaro          803   0.0  0.0 34240868   8160   ??  Ss    8:59AM   0:00.06 /System/Library/Frameworks/VideoToolbox.framework/Versions/A/XPCServices/VTDecoderXPCService.xpc/Contents/MacOS/VTDecoderXPCService
diegocaro          801   0.0  0.1 33833796  13952   ??  S     8:59AM   0:00.83 cloudphotod
diegocaro          800   0.0  0.0 33828860   6172   ??  S     8:59AM   0:00.20 /System/Library/PrivateFrameworks/Synapse.framework/Support/contentlinkingd
diegocaro          799   0.0  0.9 36268996 144084   ??  S     8:59AM   0:09.70 /Applications/Firefox.app/Contents/MacOS/plugin-container.app/Contents/MacOS/plugin-container -childID 6 -isForBrowser -prefsLen 33350 -prefMapSize 236340 -jsInitLen 246772 -sbStartup -sbAppPath /Applications/Firefox.app -sbLevel 3 -sbAllowAudio -parentBuildID 20230112150232 -appDir /Applications/Firefox.app/Contents/Resources/browser -profile /Users/diegocaro/Library/Application Support/Firefox/Profiles/hmig4z1v.default-release-1634876631779 {240a855e-5bb4-4e4a-9062-ce41395deada} 755 gecko-crash-server-pipe.755 org.mozilla.machname.408523045 tab
diegocaro          797   0.0  3.7 37072660 613936   ??  S     8:59AM  10:48.90 /Applications/Firefox.app/Contents/MacOS/plugin-container.app/Contents/MacOS/plugin-container -childID 4 -isForBrowser -prefsLen 33350 -prefMapSize 236340 -jsInitLen 246772 -sbStartup -sbAppPath /Applications/Firefox.app -sbLevel 3 -sbAllowAudio -parentBuildID 20230112150232 -appDir /Applications/Firefox.app/Contents/Resources/browser -profile /Users/diegocaro/Library/Application Support/Firefox/Profiles/hmig4z1v.default-release-1634876631779 {24497b60-6d38-4377-a7d5-90cd69b5ea2c} 755 gecko-crash-server-pipe.755 org.mozilla.machname.285144083 tab
diegocaro          796   0.0  0.5 36147968  88600   ??  S     8:59AM   0:06.10 /Applications/Firefox.app/Contents/MacOS/plugin-container.app/Contents/MacOS/plugin-container -childID 3 -isForBrowser -prefsLen 28751 -prefMapSize 236340 -jsInitLen 246772 -sbStartup -sbAppPath /Applications/Firefox.app -sbLevel 3 -sbAllowAudio -parentBuildID 20230112150232 -appDir /Applications/Firefox.app/Contents/Resources/browser -profile /Users/diegocaro/Library/Application Support/Firefox/Profiles/hmig4z1v.default-release-1634876631779 {5d75ff29-479c-4d20-ae78-d04d55f0a3c0} 755 gecko-crash-server-pipe.755 org.mozilla.machname.265296665 tab
diegocaro          792   0.0  0.4 36137276  64132   ??  S     8:59AM   0:01.48 /Applications/Firefox.app/Contents/MacOS/plugin-container.app/Contents/MacOS/plugin-container -childID 1 -isForBrowser -prefsLen 27892 -prefMapSize 236340 -jsInitLen 246772 -sbStartup -sbAppPath /Applications/Firefox.app -sbLevel 3 -sbAllowAudio -parentBuildID 20230112150232 -appDir /Applications/Firefox.app/Contents/Resources/browser -profile /Users/diegocaro/Library/Application Support/Firefox/Profiles/hmig4z1v.default-release-1634876631779 {eb4a04e3-a791-40e2-af7b-40a5fe684f1b} 755 gecko-crash-server-pipe.755 org.mozilla.machname.504752305 tab
diegocaro          769   0.0  0.2 33876472  25960   ??  S     8:59AM   0:00.21 /Applications/Firefox.app/Contents/MacOS/plugin-container.app/Contents/MacOS/plugin-container -parentBuildID 20230112150232 -prefsLen 27676 -prefMapSize 236340 -sbStartup -sbAppPath /Applications/Firefox.app -appDir /Applications/Firefox.app/Contents/Resources/browser -profile /Users/diegocaro/Library/Application Support/Firefox/Profiles/hmig4z1v.default-release-1634876631779 {69afc10c-7764-408c-9a54-5330f65fcd8c} 755 gecko-crash-server-pipe.755 org.mozilla.machname.337414588 socket
diegocaro          768   0.0  0.1 33830296  16636   ??  S     8:59AM   0:00.22 /System/Library/PrivateFrameworks/PhotoAnalysis.framework/Versions/A/Support/photoanalysisd
diegocaro          767   0.0  0.3 33916380  44100   ??  S     8:59AM   0:00.53 /System/Library/PrivateFrameworks/MediaAnalysis.framework/Versions/A/mediaanalysisd
_spotlight         764   0.0  0.0 33832176   6916   ??  S     8:59AM   0:00.18 /usr/libexec/trustd --agent
_spotlight         763   0.0  0.1 33840160  19116   ??  SN    8:59AM   0:01.41 /System/Library/Frameworks/CoreServices.framework/Frameworks/Metadata.framework/Versions/A/Support/mdbulkimport -s mdworker-bundle -c MDSImporterBundleFinder -m com.apple.metadata.mdbulkimport
diegocaro          762   0.0  0.0 33830616   5112   ??  S     8:59AM   0:00.10 /System/Library/CoreServices/ScopedBookmarkAgent
diegocaro          761   0.0  0.1 33829296   9520   ??  S     8:59AM   0:00.12 /System/Library/PrivateFrameworks/SocialLayer.framework/sociallayerd.app/Contents/MacOS/sociallayerd
root               759   0.0  0.0 33800896   5960   ??  Ss    8:59AM   0:00.08 /usr/libexec/dprivacyd
diegocaro          758   0.0  0.1 33976940  13896   ??  S     8:59AM   0:00.08 /System/Library/PrivateFrameworks/CoreSuggestions.framework/Versions/A/Support/reversetemplated
diegocaro          757   0.0  0.1 33830300   9504   ??  S     8:59AM   0:00.12 /System/Library/PrivateFrameworks/CoreRecents.framework/Versions/A/Support/recentsd
root               756   0.0  0.0 33758516   1864   ??  Ss    8:59AM   0:00.01 /usr/libexec/online-authd
diegocaro          755   0.0  5.3 46817096 886072   ??  S     8:59AM  24:00.09 /Applications/Firefox.app/Contents/MacOS/firefox -foreground
diegocaro          712   0.0  0.1 34293792  14116   ??  Ss    8:58AM   0:00.49 /Applications/Dropbox.app/Contents/XPCServices/DropboxActivityProvider.xpc/Contents/MacOS/DropboxActivityProvider
diegocaro          710   0.0  0.1 33841904  14028   ??  S     8:58AM   0:01.03 /usr/libexec/transparencyd
diegocaro          706   0.0  0.0 33783644   7852   ??  Ss    8:58AM   0:00.10 /System/Library/PrivateFrameworks/MessagesBlastDoorSupport.framework/Versions/A/XPCServices/MessagesBlastDoorService.xpc/Contents/MacOS/MessagesBlastDoorService
diegocaro          704   0.0  0.2 33876276  28652   ??  S     8:58AM   0:09.92 /usr/libexec/searchpartyuseragent
diegocaro          701   0.0  0.0 33790440   6216   ??  Ss    8:58AM   0:00.12 /System/Library/PrivateFrameworks/IDSBlastDoorSupport.framework/Versions/A/XPCServices/IDSBlastDoorService.xpc/Contents/MacOS/IDSBlastDoorService
root               695   0.0  0.0 33757540   3828   ??  Ss    8:58AM   0:00.02 /System/Library/PrivateFrameworks/SystemAdministration.framework/XPCServices/writeconfig.xpc/Contents/MacOS/writeconfig
diegocaro          693   0.0  0.1 34323528  20024   ??  S     8:58AM   0:00.30 /System/Library/Frameworks/LocalAuthentication.framework/Support/coreautha.bundle/Contents/MacOS/coreautha
diegocaro          691   0.0  0.1 33744124  12328   ??  S     8:58AM   0:00.33 /usr/libexec/promotedcontentd
root               690   0.0  0.0 34256564   5752   ??  S     8:58AM   0:01.03 /Library/DropboxHelperTools/Dropbox_u501/dbkextd
_nsurlsessiond     689   0.0  0.0 34249548   7140   ??  Ss    8:58AM   0:00.15 /System/Library/PrivateFrameworks/StreamingZip.framework/Versions/A/XPCServices/com.apple.StreamingUnzipService.xpc/Contents/MacOS/com.apple.StreamingUnzipService
root               688   0.0  0.0 33754960   4100   ??  Ss    8:58AM   0:00.03 /System/Library/PrivateFrameworks/AppStoreDaemon.framework/Versions/A/XPCServices/com.apple.AppStoreDaemon.StorePrivilegedTaskService.xpc/Contents/MacOS/com.apple.AppStoreDaemon.StorePrivilegedTaskService
_installcoordinationd   687   0.0  0.0 33744268   4504   ??  Ss    8:58AM   0:00.04 /System/Library/PrivateFrameworks/InstallCoordination.framework/Support/installcoordinationd
root               686   0.0  0.1 33801088  12732   ??  Ss    8:58AM   0:04.37 /System/Library/PrivateFrameworks/XprotectFramework.framework/Versions/A/XPCServices/XprotectService.xpc/Contents/MacOS/XprotectService
diegocaro          684   0.0  0.3 38370652  45352   ??  Ss    8:58AM   0:00.21 /Applications/Safari.app/Contents/PlugIns/CacheDeleteExtension.appex/Contents/MacOS/CacheDeleteExtension -AppleLanguages ("en-CL", "es-CL")
diegocaro          683   0.0  0.1 33829404  11840   ??  Ss    8:58AM   0:00.03 /System/Applications/Music.app/Contents/PlugIns/MusicCacheExtension.appex/Contents/MacOS/MusicCacheExtension -AppleLanguages ("en-CL", "es-CL")
diegocaro          682   0.0  0.1 33829404  11928   ??  Ss    8:58AM   0:00.04 /System/Applications/TV.app/Contents/PlugIns/TVCacheExtension.appex/Contents/MacOS/TVCacheExtension -AppleLanguages ("en-CL", "es-CL")
root               680   0.0  0.0 33765664   4136   ??  Ss    8:58AM   0:00.02 /System/Library/PrivateFrameworks/PackageKit.framework/Resources/installd
diegocaro          679   0.0  0.0 33793092   8160   ??  S     8:58AM   0:00.08 /System/Library/PrivateFrameworks/CommerceKit.framework/Versions/A/Resources/storedownloadd
root               678   0.0  0.0 33758496   4148   ??  Ss    8:58AM   0:00.02 /System/Library/PrivateFrameworks/PackageKit.framework/Resources/system_installd
diegocaro          677   0.0  0.2 33887200  40400   ??  S     8:58AM   0:02.30 /System/Library/PrivateFrameworks/AppStoreDaemon.framework/Support/appstoreagent
diegocaro          676   0.0  0.0 33829176   4568   ??  S     8:58AM   0:00.02 /System/Library/PrivateFrameworks/GeoServices.framework/geodMachServiceBridge
root               675   0.0  0.0 33829948   4320   ??  Ss    8:58AM   0:00.05 /usr/libexec/aned
diegocaro          674   0.0  0.0 33783540   7200   ??  S     8:58AM   0:00.06 /usr/libexec/replayd
_assetcache        673   0.0  0.1 33832856   8792   ??  Ss    8:58AM   0:00.13 /System/Library/PrivateFrameworks/AssetCacheServices.framework/Versions/A/XPCServices/AssetCacheLocatorService.xpc/Contents/MacOS/AssetCacheLocatorService -d
root               672   0.0  0.0 33790212   2608   ??  Ss    8:58AM   0:00.02 /System/Library/PrivateFrameworks/CacheDelete.framework/deleted_helper
diegocaro          670   0.0  0.0 33757556   3508   ??  S     8:58AM   0:00.01 /System/Library/Frameworks/CoreServices.framework/Frameworks/Metadata.framework/Versions/A/Support/mdwrite
diegocaro          668   0.0  0.1 33840072  17216   ??  S     8:58AM   0:00.89 /System/Library/PrivateFrameworks/CacheDelete.framework/deleted
root               663   0.0  0.0 33748244   1656   ??  Ss    8:58AM   0:00.01 /usr/libexec/smd
diegocaro          640   0.0  0.1 33840568  22728   ??  SN    8:58AM   0:02.88 /System/Library/Frameworks/CoreServices.framework/Frameworks/Metadata.framework/Versions/A/Support/mdbulkimport -s mdworker-bundle -c MDSImporterBundleFinder -m com.apple.metadata.mdbulkimport
diegocaro          639   0.0  0.1 33949960  19180   ??  S     8:58AM   0:00.97 /System/Library/PrivateFrameworks/SoftwareUpdate.framework/Resources/SoftwareUpdateNotificationManager.app/Contents/MacOS/SoftwareUpdateNotificationManager
diegocaro          638   0.0  0.3 33834524  42904   ??  S     8:58AM   0:00.17 /System/Library/PrivateFrameworks/AvatarPersistence.framework/Support/avatarsd
_applepay          637   0.0  0.0 33697508   1244   ??  S     8:58AM   0:00.31 /usr/sbin/distnoted agent
diegocaro          636   0.0  0.2 34282332  39324   ??  S     8:58AM   0:00.24 /System/Library/CoreServices/UIKitSystem.app/Contents/MacOS/UIKitSystem system_app_start
diegocaro          634   0.0  0.7 72293036 124172   ??  S     8:58AM   0:00.84 /Applications/Dropbox.app/Contents/Frameworks/Dropbox Helper (Renderer).app/Contents/MacOS/Dropbox Helper (Renderer) --type=renderer --field-trial-handle=1718379636,13630346193156412841,415101620583637821,131072 --disable-features=CookiesWithoutSameSiteMustBeSecure,SameSiteByDefaultCookies,SpareRendererForSitePerProcess --lang=en-US --standard-schemes=dbx-local --secure-schemes=dbx-local --bypasscsp-schemes --cors-schemes --fetch-schemes --service-worker-schemes --streaming-schemes --app-path=/Applications/Dropbox.app/Contents/Resources/app.asar --enable-sandbox --num-raster-threads=4 --enable-zero-copy --enable-gpu-memory-buffer-compositor-resources --enable-main-frame-before-activation --renderer-client-id=5 --no-v8-untrusted-code-mitigations --shared-files --seatbelt-client=80
diegocaro          633   0.0  0.0 33829008   4972   ??  S     8:58AM   0:00.04 /usr/sbin/BTLEServerAgent
_applepay          632   0.0  0.0 33828916   5560   ??  Ss    8:58AM   0:00.07 /usr/libexec/seld
diegocaro          629   0.0  0.8 72330128 138680   ??  S     8:58AM   0:38.02 /Applications/Dropbox.app/Contents/Frameworks/Dropbox Helper (Renderer).app/Contents/MacOS/Dropbox Helper (Renderer) --type=renderer --field-trial-handle=1718379636,13630346193156412841,415101620583637821,131072 --disable-features=CookiesWithoutSameSiteMustBeSecure,SameSiteByDefaultCookies,SpareRendererForSitePerProcess --lang=en-US --standard-schemes=dbx-local --secure-schemes=dbx-local --bypasscsp-schemes --cors-schemes --fetch-schemes --service-worker-schemes --streaming-schemes --app-path=/Applications/Dropbox.app/Contents/Resources/app.asar --enable-sandbox --num-raster-threads=4 --enable-zero-copy --enable-gpu-memory-buffer-compositor-resources --enable-main-frame-before-activation --renderer-client-id=4 --no-v8-untrusted-code-mitigations --shared-files --seatbelt-client=74
diegocaro          628   0.0  0.1 33842264  20448   ??  S     8:58AM   0:00.47 /System/Library/PrivateFrameworks/PassKitCore.framework/passd
diegocaro          624   0.0  0.2 33884324  26744   ??  S     8:58AM   0:00.94 /usr/libexec/studentd
diegocaro          616   0.0  0.1 67990608  24760   ??  S     8:58AM   0:00.11 /Applications/Dropbox.app/Contents/Frameworks/Dropbox Helper.app/Contents/MacOS/Dropbox Helper --type=utility --utility-sub-type=network.mojom.NetworkService --field-trial-handle=1718379636,13630346193156412841,415101620583637821,131072 --disable-features=CookiesWithoutSameSiteMustBeSecure,SameSiteByDefaultCookies,SpareRendererForSitePerProcess --lang=en-US --service-sandbox-type=network --standard-schemes=dbx-local --secure-schemes=dbx-local --bypasscsp-schemes --cors-schemes --fetch-schemes --service-worker-schemes --streaming-schemes --shared-files --seatbelt-client=70
diegocaro          614   0.0  0.1 34256604  18868   ??  Ss    8:58AM   0:00.11 /System/Library/Frameworks/VideoToolbox.framework/Versions/A/XPCServices/VTEncoderXPCService.xpc/Contents/MacOS/VTEncoderXPCService
diegocaro          613   0.0  0.1 34252064  12176   ??  Ss    8:58AM   0:00.11 /System/Library/Frameworks/VideoToolbox.framework/Versions/A/XPCServices/VTDecoderXPCService.xpc/Contents/MacOS/VTDecoderXPCService
diegocaro          612   0.0  0.1 33833508  10020   ??  S     8:58AM   0:00.24 /System/Library/Frameworks/ClassKit.framework/Versions/A/progressd
root               610   0.0  0.0 33783160   2136   ??  Ss    8:58AM   0:00.03 /System/Library/Frameworks/OpenGL.framework/Versions/A/Libraries/CVMServer
root               609   0.0  0.0 33767720   3612   ??  Ss    8:58AM   0:00.07 /System/Library/PrivateFrameworks/CoreSymbolication.framework/coresymbolicationd
diegocaro          607   0.0  0.3 68087360  46212   ??  S     8:58AM   0:20.40 /Applications/Dropbox.app/Contents/Frameworks/Dropbox Helper (GPU).app/Contents/MacOS/Dropbox Helper (GPU) --type=gpu-process --field-trial-handle=1718379636,13630346193156412841,415101620583637821,131072 --disable-features=CookiesWithoutSameSiteMustBeSecure,SameSiteByDefaultCookies,SpareRendererForSitePerProcess --crashpad-annotations=product_name:desktop_client,buildid:main,buildno:Dropbox-mac-165.4.4300,platform:mac,platform_version:12.6.2 --gpu-preferences=SAAAAAAAAAAgAAAAAAAAAAAAAAAAAAAAAABgAAAAAAAoAAAAAAAAAAAAAAAAAAAAAAAAAAAAAADYAwAAAAAAANgDAAAAAAAASAEAACgAAABAAQAAAAAAAEgBAAAAAAAAUAEAAAAAAABYAQAAAAAAAGABAAAAAAAAaAEAAAAAAABwAQAAAAAAAHgBAAAAAAAAgAEAAAAAAACIAQAAAAAAAJABAAAAAAAAmAEAAAAAAACgAQAAAAAAAKgBAAAAAAAAsAEAAAAAAAC4AQAAAAAAAMABAAAAAAAAyAEAAAAAAADQAQAAAAAAANgBAAAAAAAA4AEAAAAAAADoAQAAAAAAAPABAAAAAAAA+AEAAAAAAAAAAgAAAAAAAAgCAAAAAAAAEAIAAAAAAAAYAgAAAAAAACACAAAAAAAAKAIAAAAAAAAwAgAAAAAAADgCAAAAAAAAQAIAAAAAAABIAgAAAAAAAFACAAAAAAAAWAIAAAAAAABgAgAAAAAAAGgCAAAAAAAAcAIAAAAAAAB4AgAAAAAAABAAAAAAAAAAAAAAAAAAAAAQAAAAAAAAAAAAAAAGAAAAEAAAAAAAAAAAAAAABwAAABAAAAAAAAAAAAAAAAgAAAAQAAAAAAAAAAAAAAAKAAAAEAAAAAAAAAAAAAAACwAAABAAAAAAAAAAAAAAAA0AAAAQAAAAAAAAAAAAAAAOAAAAEAAAAAAAAAABAAAAAAAAABAAAAAAAAAAAQAAAAYAAAAQAAAAAAAAAAEAAAAHAAAAEAAAAAAAAAABAAAACAAAABAAAAAAAAAAAQAAAAoAAAAQAAAAAAAAAAEAAAALAAAAEAAAAAAAAAABAAAADQAAABAAAAAAAAAAAQAAAA4AAAAQAAAAAAAAAAQAAAAAAAAAEAAAAAAAAAAEAAAABgAAABAAAAAAAAAABAAAAAcAAAAQAAAAAAAAAAQAAAAIAAAAEAAAAAAAAAAEAAAACgAAABAAAAAAAAAABAAAAAsAAAAQAAAAAAAAAAQAAAANAAAAEAAAAAAAAAAEAAAADgAAABAAAAAAAAAABwAAAAAAAAAQAAAAAAAAAAcAAAAGAAAAEAAAAAAAAAAHAAAABwAAABAAAAAAAAAABwAAAAgAAAAQAAAAAAAAAAcAAAAKAAAAEAAAAAAAAAAHAAAACwAAABAAAAAAAAAABwAAAA0AAAAQAAAAAAAAAAcAAAAOAAAAEAAAAAAAAAAKAAAAAAAAABAAAAAAAAAACgAAAAYAAAAQAAAAAAAAAAoAAAAHAAAAEAAAAAAAAAAKAAAACAAAABAAAAAAAAAACgAAAAoAAAAQAAAAAAAAAAoAAAALAAAAEAAAAAAAAAAKAAAADQAAABAAAAAAAAAACgAAAA4AAAAIAAAAAAAAAAgAAAAAAAAA --shared-files --seatbelt-client=60
diegocaro          606   0.0  0.0 33748068   3628   ??  S     8:58AM   0:00.02 /usr/libexec/spindump_agent
root               605   0.0  0.1 33826376  17324   ??  Ss    8:58AM   0:01.26 /usr/sbin/spindump
diegocaro          604   0.0  0.2 33932704  38464   ??  S     8:58AM   0:04.76 /System/Library/PrivateFrameworks/PhotoLibraryServices.framework/Versions/A/Support/photolibraryd
diegocaro          603   0.0  0.5 34303360  79592   ??  S     8:58AM   0:04.65 /System/Library/PrivateFrameworks/CoreSuggestions.framework/Versions/A/Support/suggestd
_driverkit         602   0.0  0.0 34124804    764   ??  Ss    8:58AM   0:00.01 /System/Library/DriverExtensions/IOUserBluetoothSerialDriver.dext/IOUserBluetoothSerialDriver com.apple.IOUserBluetoothSerialDriver 0x100000905 com.apple.IOUserBluetoothSerialDriver
root               601   0.0  0.0 33825560   4428   ??  Ss    8:58AM   0:00.04 /System/Library/PrivateFrameworks/AssetCacheServicesExtensions.framework/XPCServices/AssetCacheTetheratorService.xpc/Contents/MacOS/AssetCacheTetheratorService
_assetcache        600   0.0  0.0 33697508   1236   ??  S     8:58AM   0:00.31 /usr/sbin/distnoted agent
_assetcache        599   0.0  0.0 33831508   6740   ??  Ss    8:58AM   0:00.06 /usr/libexec/AssetCache/AssetCache
diegocaro          598   0.0  0.1 33831848   9124   ??  S     8:58AM   0:00.17 /System/Library/PrivateFrameworks/AssetCacheServices.framework/Versions/A/XPCServices/AssetCacheLocatorService.xpc/Contents/MacOS/AssetCacheLocatorService -a
diegocaro          597   0.0  0.1 33845276  17440   ??  S     8:58AM   0:01.38 /usr/libexec/swcd
_reportmemoryexception   596   0.0  0.0 33697508   1244   ??  S     8:58AM   0:00.34 /usr/sbin/distnoted agent
diegocaro          593   0.0  0.0 34188996   5000   ??  S     8:58AM   0:00.03 /usr/libexec/SidecarRelay
diegocaro          592   0.0  0.0 33775076   3876   ??  S     8:58AM   0:00.02 /System/Library/CoreServices/ReportCrash agent
root               589   0.0  0.0 33756940   2584   ??  Ss    8:58AM   0:00.01 /System/Library/CoreServices/CrashReporterSupportHelper server-init
diegocaro          588   0.0  0.0 33796868   7236   ??  S     8:58AM   0:00.03 /System/Library/PrivateFrameworks/CommunicationsFilter.framework/CMFSyncAgent
diegocaro          587   0.0  0.0 33791012   5472   ??  S     8:58AM   0:00.02 /System/Library/PrivateFrameworks/CoreFollowUp.framework/Versions/A/Support/followupd
diegocaro          586   0.0  0.0 33831264   4800   ??  Ss    8:58AM   0:00.02 /System/Library/PrivateFrameworks/Categories.framework/Versions/A/XPCServices/CategoriesService.xpc/Contents/MacOS/CategoriesService
diegocaro          585   0.0  0.1 33997828  11280   ??  S     8:58AM   0:00.12 /System/Library/PrivateFrameworks/ContextKit.framework/Versions/A/XPCServices/ContextService.xpc/Contents/MacOS/ContextService
diegocaro          584   0.0  0.0 33755976   3660   ??  S     8:58AM   0:00.02 /System/Library/PrivateFrameworks/CharacterPicker.framework/Versions/A/XPCServices/com.apple.CharacterPicker.FileService.xpc/Contents/MacOS/com.apple.CharacterPicker.FileService
diegocaro          583   0.0  0.1 33800012  16244   ??  S     8:58AM   0:01.45 /usr/libexec/findmydevice-user-agent
diegocaro          582   0.0  0.1 34168684  24140   ??  Ss    8:58AM   0:03.78 /System/Library/Input Methods/EmojiFunctionRowIM.app/Contents/PlugIns/EmojiFunctionRowIM_Extension.appex/Contents/MacOS/EmojiFunctionRowIM_Extension -AppleLanguages ("en-CL", "es-CL")
root               581   0.0  0.0 33829980   6168   ??  Ss    8:58AM   0:00.31 /System/Library/PrivateFrameworks/AmbientDisplay.framework/Versions/A/XPCServices/com.apple.AmbientDisplayAgent.xpc/Contents/MacOS/com.apple.AmbientDisplayAgent
root               580   0.0  0.1 33838624  11976   ??  Ss    8:58AM   0:01.99 /usr/libexec/rtcreportingd
diegocaro          579   0.0  0.1 33831000  11776   ??  S     8:58AM   0:00.64 /usr/libexec/biomesyncd
diegocaro          578   0.0  0.1 33843572  19128   ??  S     8:58AM   0:25.11 /System/Library/CoreServices/UniversalControl.app/Contents/MacOS/UniversalControl
diegocaro          577   0.0  0.1 33846660  14860   ??  S     8:58AM   0:00.52 /usr/libexec/adprivacyd
diegocaro          576   0.0  0.0 33821084   4224   ??  S     8:58AM   0:00.02 /System/Library/PrivateFrameworks/NewDeviceOutreach.framework/ndoagent
diegocaro          574   0.0  0.0 33829296   8008   ??  S     8:58AM   0:00.10 /usr/libexec/diagnosticextensionsd
diegocaro          573   0.0  0.1 33943128  14812   ??  S     8:58AM   0:00.24 /System/Library/CoreServices/CoreLocationAgent.app/Contents/MacOS/CoreLocationAgent
root               572   0.0  0.0 33829596   7828   ??  Ss    8:58AM   0:00.39 /usr/libexec/wifivelocityd
diegocaro          571   0.0  0.0 33798988   3924   ??  S     8:58AM   0:00.12 /usr/libexec/WiFiVelocityAgent
root               570   0.0  0.0 33820044   8228   ??  Ss    8:58AM   0:00.03 /System/Library/PrivateFrameworks/SiriInference.framework/Support/siriinferenced
diegocaro          569   0.0  0.1 33830616  11220   ??  S     8:58AM   0:00.09 /usr/libexec/siriknowledged
diegocaro          568   0.0  0.0 33798904   3412   ??  S     8:58AM   0:00.11 /System/Library/PrivateFrameworks/MediaRemote.framework/Support/mediaremoteagent
diegocaro          567   0.0  0.1 33830324   9412   ??  Ss    8:58AM   0:00.22 /System/Library/PrivateFrameworks/CoreEmbeddedSpeechRecognition.framework/Versions/A/XPCServices/com.apple.siri.embeddedspeech.xpc/Contents/MacOS/com.apple.siri.embeddedspeech
diegocaro          566   0.0  0.1 33834096  13740   ??  S     8:58AM   0:00.30 /System/Library/PrivateFrameworks/iCloudNotification.framework/iCloudNotificationAgent
root               564   0.0  0.0 33829736   7108   ??  Ss    8:58AM   0:00.95 /usr/sbin/WirelessRadioManagerd
diegocaro          562   0.0  0.1 33873180  17784   ??  Ss    8:58AM   0:00.25 /System/Library/CoreServices/ControlStrip.app/Contents/XPCServices/com.apple.DFRSystemExtra.InputMenu.xpc/Contents/MacOS/com.apple.DFRSystemExtra.InputMenu
diegocaro          549   0.0  0.1 33838932  10072   ??  S     8:58AM   0:00.24 /usr/libexec/neagent
diegocaro          548   0.0  0.1 33944144  17320   ??  S     8:58AM   0:00.75 /System/Library/CoreServices/WiFiAgent.app/Contents/MacOS/WiFiAgent
diegocaro          546   0.0  0.1 33846532  24268   ??  S     8:58AM   0:01.25 /System/Library/PrivateFrameworks/AssistantServices.framework/Versions/A/Support/assistantd
diegocaro          545   0.0  0.0 33773828   2576   ??  Ss    8:58AM   0:00.01 /System/Library/PrivateFrameworks/login.framework/Versions/A/XPCServices/LoginUserService.xpc/Contents/MacOS/LoginUserService
diegocaro          544   0.0  0.1 34369576  15292   ??  S     8:58AM   0:00.21 /System/Library/CoreServices/CoreServicesUIAgent.app/Contents/MacOS/CoreServicesUIAgent
diegocaro          543   0.0  0.1 33838308  15500   ??  S     8:58AM   0:00.38 /usr/libexec/fmfd
diegocaro          542   0.0  0.1 33835856  10048   ??  Ss    8:58AM   0:00.09 /System/Library/PrivateFrameworks/TelephonyUtilities.framework/XPCServices/com.apple.FaceTime.FTConversationService.xpc/Contents/MacOS/com.apple.FaceTime.FTConversationService
diegocaro          541   0.0  0.1 33836352  14796   ??  S     8:58AM   0:00.40 /System/Library/PrivateFrameworks/StatusKit.framework/StatusKitAgent
diegocaro          540   0.0  0.0 33829880   4960   ??  Ss    8:58AM   0:00.13 /System/Library/Frameworks/AudioToolbox.framework/XPCServices/CarbonComponentScannerXPC.xpc/Contents/MacOS/CarbonComponentScannerXPC
diegocaro          539   0.0  0.1 34472000  22420   ??  S     8:58AM   0:00.11 /Applications/Dropbox.app/Contents/MacOS/Dropbox -type:exit-monitor -method:collectupload -python-version:3.8.12 -process-type:main -session-token:c53ad796-1c21-4950-b771-e90f147f0d78 -target-handle:506 -target-shutdown-event:4 -target-restart-event:6 -target-command-line:/Applications/Dropbox.app/Contents/MacOS/Dropbox
diegocaro          537   0.0  0.1 33836300  13732   ??  S     8:58AM   0:00.35 /System/Library/PrivateFrameworks/FamilyCircle.framework/Versions/A/Resources/familycircled
diegocaro          535   0.0  0.0 33791304   4764   ??  S     8:58AM   0:00.07 /System/Library/Frameworks/AudioToolbox.framework/AudioComponentRegistrar
diegocaro          534   0.0  0.1 34461560  19300   ??  S     8:58AM   0:00.08 /Applications/Dropbox.app/Contents/MacOS/Dropbox -type:crashpad-handler --no-upload-gzip --no-rate-limit --capture-python --no-identify-client-via-url --database=/Users/diegocaro/.dropbox/Crashpad --metrics-dir=0 --url=https://d.dropbox.com/report_crashpad_minidump --https-pin=0x23,0xf2,0xed,0xff,0x3e,0xde,0x90,0x25,0x9a,0x9e,0x30,0xf4,0xa,0xf8,0xf9,0x12,0xa5,0xe5,0xb3,0x69,0x4e,0x69,0x38,0x44,0x3,0x41,0xf6,0x6,0xe,0x1,0x4f,0xfa --https-pin=0xaf,0xf9,0x88,0x90,0x6d,0xde,0x12,0x95,0x5d,0x9b,0xeb,0xbf,0x92,0x8f,0xdc,0xc3,0x1c,0xce,0x32,0x8d,0x5b,0x93,0x84,0xf2,0x1c,0x89,0x41,0xca,0x26,0xe2,0x3,0x91 --https-pin=0x5a,0x88,0x96,0x47,0x22,0xe,0x54,0xd6,0xbd,0x8a,0x16,0x81,0x72,0x24,0x52,0xb,0xb5,0xc7,0x8e,0x58,0x98,0x4b,0xd5,0x70,0x50,0x63,0x88,0xb9,0xde,0xf,0x7,0x5f --https-pin=0xfe,0xa2,0xb7,0xd6,0x45,0xfb,0xa7,0x3d,0x75,0x3c,0x1e,0xc9,0xa7,0x87,0xc,0x40,0xe1,0xf7,0xb0,0xc5,0x61,0xe9,0x27,0xb9,0x85,0xbf,0x71,0x18,0x66,0xe3,0x6f,0x22 --https-pin=0x76,0xee,0x85,0x90,0x37,0x4c,0x71,0x54,0x37,0xbb,0xca,0x6b,0xba,0x60,0x28,0xea,0xdd,0xe2,0xdc,0x6d,0xbb,0xb8,0xc3,0xf6,0x10,0xe8,0x51,0xf1,0x1d,0x1a,0xb7,0xf5 --https-pin=0x6d,0xbf,0xae,0x0,0xd3,0x7b,0x9c,0xd7,0x3f,0x8f,0xb4,0x7d,0xe6,0x59,0x17,0xaf,0x0,0xe0,0xdd,0xdf,0x42,0xdb,0xce,0xac,0x20,0xc1,0x7c,0x2,0x75,0xee,0x20,0x95 --https-pin=0x1e,0xa3,0xc5,0xe4,0x3e,0xd6,0x6c,0x2d,0xa2,0x98,0x3a,0x42,0xa4,0xa7,0x9b,0x1e,0x90,0x67,0x86,0xce,0x9f,0x1b,0x58,0x62,0x14,0x19,0xa0,0x4,0x63,0xa8,0x7d,0x38 --https-pin=0x87,0xaf,0x34,0xd6,0x6f,0xb3,0xf2,0xfd,0xf3,0x6e,0x9,0x11,0x1e,0x9a,0xba,0x2f,0x6f,0x44,0xb2,0x7,0xf3,0x86,0x3f,0x3d,0xb,0x54,0xb2,0x50,0x23,0x90,0x9a,0xa5 --https-pin=0xbc,0xfb,0x44,0xaa,0xb9,0xad,0x2,0x10,0x15,0x70,0x6b,0x41,0x21,0xea,0x76,0x1c,0x81,0xc9,0xe8,0x89,0x67,0x59,0xf,0x6f,0x94,0xae,0x74,0x4d,0xc8,0x8b,0x78,0xfb --https-pin=0xab,0x98,0x49,0x52,0x76,0xad,0xf1,0xec,0xaf,0xf2,0x8f,0x35,0xc5,0x30,0x48,0x78,0x1e,0x5c,0x17,0x18,0xda,0xb9,0xc8,0xe6,0x7a,0x50,0x4f,0x4f,0x6a,0x51,0x32,0x8f --https-pin=0x49,0x5,0x46,0x66,0x23,0xab,0x41,0x78,0xbe,0x92,0xac,0x5c,0xbd,0x65,0x84,0xf7,0xa1,0xe1,0x7f,0x27,0x65,0x2d,0x5a,0x85,0xaf,0x89,0x50,0x4e,0xa2,0x39,0xaa,0xaa --https-pin=0x56,0x32,0xd9,0x7b,0xfa,0x77,0x5b,0xf3,0xc9,0x9d,0xde,0xa5,0x2f,0xc2,0x55,0x34,0x10,0x86,0x40,0x16,0x72,0x9c,0x52,0xdd,0x65,0x24,0xc8,0xa9,0xc3,0xb4,0x48,0x9f --https-pin=0x2a,0x8f,0x2d,0x8a,0xf0,0xeb,0x12,0x38,0x98,0xf7,0x4c,0x86,0x6a,0xc3,0xfa,0x66,0x90,0x54,0xe2,0x3c,0x17,0xbc,0x7a,0x95,0xbd,0x2,0x34,0x19,0x2d,0xc6,0x35,0xd0 --https-pin=0x32,0xb6,0x4b,0x66,0x72,0x7a,0x20,0x63,0xe4,0x6,0x6f,0x3b,0x95,0x8c,0xb0,0xaa,0xee,0x57,0x6a,0x5e,0xce,0xfd,0x95,0x33,0x99,0xbb,0x88,0x74,0x73,0x1d,0x95,0x87 --https-pin=0xf5,0x3c,0x22,0x5,0x98,0x17,0xdd,0x96,0xf4,0x0,0x65,0x16,0x39,0xd2,0xf8,0x57,0xe2,0x10,0x70,0xa5,0x9a,0xbe,0xd9,0x7,0x94,0x0,0xd9,0xf6,0x95,0x50,0x69,0x0 --https-pin=0x67,0xdc,0x4f,0x32,0xfa,0x10,0xe7,0xd0,0x1a,0x79,0xa0,0x73,0xaa,0xc,0x9e,0x2,0x12,0xec,0x2f,0xfc,0x3d,0x77,0x9e,0xa,0xa7,0xf9,0xc0,0xf0,0xe1,0xc2,0xc8,0x93 --https-pin=0x19,0x6,0xc6,0x12,0x4d,0xbb,0x43,0x85,0x78,0xd0,0xe,0x6,0x6d,0x50,0x54,0xc6,0xc3,0x7f,0xf,0xa6,0x2,0x8c,0x5,0x54,0x5e,0x9,0x94,0xed,0xda,0xec,0x86,0x29 --https-pin=0x1d,0x75,0xd0,0x83,0x1b,0x9e,0x8,0x85,0x39,0x4d,0x32,0xc7,0xa1,0xbf,0xdb,0x3d,0xbc,0x1c,0x28,0xe2,0xb0,0xe8,0x39,0x1f,0xb1,0x35,0x98,0x1d,0xbc,0x5b,0xa9,0x36 --annotation=host_int_account1_boot=13263226289 --annotation=machine_id=c97b1ce1-12c0-5c2a-93d1-9714a6892394 --annotation=platform=mac --annotation=platform_version=12.6.2 --handshake-fd=4
diegocaro          532   0.0  0.2 34408372  40460   ??  S     8:58AM   0:04.30 /System/Library/CoreServices/ControlStrip.app/Contents/MacOS/ControlStrip
diegocaro          531   0.0  0.0 33829472   5668   ??  S     8:58AM   0:00.06 /System/Library/CoreServices/APFSUserAgent
diegocaro          530   0.0  0.3 33966848  43324   ??  S     8:58AM   0:03.88 /System/Library/PrivateFrameworks/IMDPersistence.framework/XPCServices/IMDPersistenceAgent.xpc/Contents/MacOS/IMDPersistenceAgent
diegocaro          529   0.0  0.1 33836164  13744   ??  S     8:58AM   0:00.28 /System/Library/PrivateFrameworks/CallHistory.framework/Support/CallHistoryPluginHelper
diegocaro          528   0.0  0.1 33881356  18952   ??  S     8:58AM   0:00.29 /System/Library/CoreServices/TextInputSwitcher.app/Contents/MacOS/TextInputSwitcher
diegocaro          527   0.0  0.1 34020612  22328   ??  Ss    8:58AM   0:00.54 /Applications/Dropbox.app/Contents/PlugIns/garcon.appex/Contents/MacOS/garcon -AppleLanguages ("en-CL", "es-CL")
diegocaro          524   0.0  0.1 33844924  23044   ??  S     8:58AM   0:01.20 /System/Library/Frameworks/CoreTelephony.framework/Support/CommCenter -L
diegocaro          522   0.0  0.1 33833692  15240   ??  S     8:58AM   0:00.62 /System/Library/PrivateFrameworks/AppleMediaServices.framework/Resources/amsaccountsd
diegocaro          520   0.0  0.1 34395264  20916   ??  S     8:58AM   0:00.82 /System/Library/CoreServices/TextInputMenuAgent.app/Contents/MacOS/TextInputMenuAgent
diegocaro          519   0.0  0.0 33829856   7960   ??  S     8:58AM   0:00.47 /System/Library/CoreServices/diagnostics_agent
diegocaro          518   0.0  0.1 33831504  19192   ??  S     8:58AM   0:00.58 /System/Library/CoreServices/cloudpaird
diegocaro          516   0.0  0.1 33842052  22584   ??  S     8:58AM   0:01.45 /System/Library/PrivateFrameworks/IMCore.framework/imagent.app/Contents/MacOS/imagent
diegocaro          515   0.0  0.1 34293792  13656   ??  S     8:58AM   0:00.19 /System/Library/CoreServices/AirPlayUIAgent.app/Contents/MacOS/AirPlayUIAgent --launchd
diegocaro          513   0.0  0.1 33833996  13116   ??  S     8:58AM   0:00.45 /System/Library/PrivateFrameworks/AskPermission.framework/Versions/A/Resources/askpermissiond
diegocaro          512   0.0  0.0 33829572   7868   ??  S     8:58AM   0:00.34 /System/Library/Image Capture/Support/icdd
diegocaro          509   0.0  0.1 33838228  24868   ??  S     8:58AM   0:01.09 /usr/libexec/routined LAUNCHED_BY_LAUNCHD
diegocaro          508   0.0  0.1 33840356  13200   ??  S     8:58AM   0:00.55 /System/Library/PrivateFrameworks/CoreSpeech.framework/corespeechd
root               507   0.0  0.0 33836976   7016   ??  Ss    8:58AM   0:00.19 /usr/sbin/systemsoundserverd
diegocaro          505   0.0  0.1 34288728  16640   ??  S     8:58AM   0:00.19 /usr/libexec/avconferenced
diegocaro          504   0.0  0.2 33842288  29360   ??  S     8:58AM   0:01.37 /System/Library/PrivateFrameworks/TelephonyUtilities.framework/callservicesd
diegocaro          503   0.0  0.1 33829956   8484   ??  S     8:58AM   0:00.20 /System/Library/Frameworks/LocalAuthentication.framework/Support/coreauthd
diegocaro          502   0.0  0.1 33837828  24672   ??  Ss    8:58AM   0:01.40 /System/Library/PrivateFrameworks/CalendarNotification.framework/Versions/A/XPCServices/CalNCService.xpc/Contents/MacOS/CalNCService
diegocaro          501   0.0  0.1 33842888  20676   ??  S     8:58AM   0:07.00 /usr/libexec/networkserviceproxy
diegocaro          500   0.0  0.2 34320212  39692   ??  Ss    8:58AM   0:00.87 /System/Library/CoreServices/Dock.app/Contents/XPCServices/com.apple.dock.extra.xpc/Contents/MacOS/com.apple.dock.extra
diegocaro          499   0.0  0.2 36563316  32572   ??  S     8:58AM   0:01.12 /System/Library/Frameworks/CoreServices.framework/Frameworks/Metadata.framework/Versions/A/Support/corespotlightd
diegocaro          497   0.0  0.0 33817904   5980   ??  S     8:58AM   0:00.02 /System/Library/CoreServices/Menu Extras/SafeEjectGPUExtra.menu/Contents/XPCServices/SafeEjectGPUService.xpc/Contents/MacOS/SafeEjectGPUService
diegocaro          496   0.0  0.0 34162980   3476   ??  S     8:58AM   0:00.01 SafeEjectGPUAgent
diegocaro          495   0.0  0.1 33857180  13368   ??  Ss    8:58AM   0:00.78 /System/Library/Input Methods/PressAndHold.app/Contents/PlugIns/PAH_Extension.appex/Contents/MacOS/PAH_Extension -AppleLanguages ("en-CL", "es-CL")
diegocaro          494   0.0  0.1 33831204   9656   ??  S     8:58AM   0:00.11 /System/Library/Frameworks/InputMethodKit.framework/Resources/imklaunchagent
diegocaro          493   0.0  0.0 33799904   8084   ??  S     8:58AM   0:00.07 /System/Library/Frameworks/Security.framework/Versions/A/Resources/CloudKeychainProxy.bundle/Contents/MacOS/CloudKeychainProxy
diegocaro          492   0.0  0.1 33830068   9972   ??  S     8:58AM   0:00.10 /System/Library/PrivateFrameworks/ProtectedCloudStorage.framework/Helpers/ProtectedCloudKeySyncing
diegocaro          491   0.0  0.0 33798904   6228   ??  S     8:58AM   0:00.09 /System/Library/PrivateFrameworks/CoreCDP.framework/Versions/A/Resources/cdpd
diegocaro          489   0.0  0.1 33867408  18408   ??  S     8:58AM   0:00.26 /System/Library/CoreServices/Keychain Circle Notification.app/Contents/MacOS/Keychain Circle Notification
diegocaro          488   0.0  0.1 33836544  15812   ??  S     8:58AM   0:00.31 /System/Library/PrivateFrameworks/ScreenTimeCore.framework/Versions/A/ScreenTimeAgent
diegocaro          487   0.0  0.1 33839020  11952   ??  Ss    8:58AM   0:00.91 /System/Library/PrivateFrameworks/CloudDocsDaemon.framework/XPCServices/ContainerMetadataExtractor.xpc/Contents/MacOS/ContainerMetadataExtractor
diegocaro          486   0.0  0.1 33950864  17348   ??  S     8:58AM   0:00.51 /System/Library/PreferencePanes/Displays.prefPane/Contents/Resources/MirrorDisplays.app/Contents/MacOS/MirrorDisplays
diegocaro          485   0.0  0.1 33842664  16952   ??  S     8:58AM   0:01.02 /System/Library/PrivateFrameworks/GeoServices.framework/Versions/A/XPCServices/com.apple.geod.xpc/Contents/MacOS/com.apple.geod
_ctkd              484   0.0  0.0 33791384   2788   ??  Ss    8:58AM   0:00.04 /System/Library/Frameworks/CryptoTokenKit.framework/ctkd -s
diegocaro          483   0.0  0.1 33829560  10896   ??  S     8:58AM   0:00.69 /System/Library/Frameworks/Contacts.framework/Support/contactsd
diegocaro          482   0.0  0.1 33835968  18080   ??  S     8:58AM   0:00.60 /System/Library/PrivateFrameworks/CommerceKit.framework/Versions/A/Resources/commerce
diegocaro          481   0.0  0.1 33829968   9024   ??  S     8:58AM   0:00.96 /usr/libexec/triald
diegocaro          480   0.0  0.0 33829780   4968   ??  S     8:58AM   0:00.10 /System/Library/CoreServices/pbs
diegocaro          478   0.0  0.1 34364176  16360   ??  S     8:58AM   0:00.32 /System/Library/Frameworks/QuickLookThumbnailing.framework/Support/com.apple.quicklook.ThumbnailsAgent
diegocaro          476   0.0  0.1 33836988  17564   ??  S     8:58AM   0:00.48 /System/Library/PrivateFrameworks/CoreParsec.framework/parsecd
diegocaro          475   0.0  0.0 33829592   5892   ??  S     8:58AM   0:00.22 /System/Library/Frameworks/CryptoTokenKit.framework/ctkd -tw
diegocaro          474   0.0  0.2 33844996  31588   ??  S     8:58AM   0:06.37 /usr/libexec/sharingd
diegocaro          473   0.0  0.0 33790860   3868   ??  S     8:58AM   0:00.05 /System/Library/Frameworks/CryptoTokenKit.framework/ctkahp.bundle/Contents/MacOS/ctkahp
diegocaro          472   0.0  0.2 34441696  35104   ??  S     8:58AM   0:00.90 /System/Library/CoreServices/Spotlight.app/Contents/MacOS/Spotlight
root               471   0.0  0.0 33799020   3448   ??  Ss    8:58AM   0:00.05 /System/Library/Frameworks/CryptoTokenKit.framework/ctkahp.bundle/Contents/MacOS/ctkahp -d
diegocaro          470   0.0  0.0 33829888   7180   ??  S     8:58AM   0:01.13 /System/Library/PrivateFrameworks/UserActivity.framework/Agents/useractivityd
diegocaro          467   0.0  0.0 33799432   3352   ??  S     8:58AM   0:00.12 /System/Library/PrivateFrameworks/BiomeStreams.framework/Support/BiomeAgent
diegocaro          466   0.0  0.1 33926612  19284   ??  S     8:58AM   0:00.72 /System/Library/CoreServices/iconservicesagent
diegocaro          465   0.0  0.1 33854840  16568   ??  S     8:58AM   0:03.80 /usr/libexec/nsurlsessiond
diegocaro          464   0.0  0.2 33855192  27504   ??  S     8:58AM   0:01.75 /System/Library/PrivateFrameworks/SyncedDefaults.framework/Support/syncdefaultsd
diegocaro          462   0.0  0.1 33846212  13384   ??  S     8:58AM   0:00.36 /System/Library/PrivateFrameworks/FileProvider.framework/Support/fileproviderd
diegocaro          461   0.0  0.1 33837888   8944   ??  S     8:58AM   0:00.08 /System/Library/PrivateFrameworks/AMPDevices.framework/Versions/A/Support/AMPDeviceDiscoveryAgent --launchd
diegocaro          459   0.0  0.1 33839376  19404   ??  S     8:58AM   0:07.99 /System/Library/PrivateFrameworks/CoreDuetContext.framework/Resources/ContextStoreAgent
root               458   0.0  0.0 33800588   4364   ??  Ss    8:58AM   0:00.03 automountd
diegocaro          457   0.0  0.0 33799528   3468   ??  S     8:58AM   0:01.38 /System/Library/Frameworks/ApplicationServices.framework/Versions/A/Frameworks/HIServices.framework/Versions/A/XPCServices/com.apple.hiservices-xpcservice.xpc/Contents/MacOS/com.apple.hiservices-xpcservice
diegocaro          456   0.0  0.2 34429152  37548   ??  S     8:58AM   0:01.46 /System/Library/CoreServices/NotificationCenter.app/Contents/MacOS/NotificationCenter
diegocaro          455   0.0  0.1 33847792  24732   ??  S     8:58AM   0:01.00 /System/Library/PrivateFrameworks/DoNotDisturbServer.framework/Support/donotdisturbd
diegocaro          454   0.0  0.1 33840724  11432   ??  S     8:58AM   0:01.06 /System/Library/CoreServices/sharedfilelistd
diegocaro          453   0.0  0.0 33830096   7772   ??  S     8:58AM   0:00.08 /System/Library/PrivateFrameworks/UsageTracking.framework/Versions/A/UsageTrackingAgent
diegocaro          452   0.0  0.2 34101420  33676   ??  S     8:58AM   0:02.26 /System/Library/PrivateFrameworks/AppleMediaServicesUI.framework/amsengagementd
diegocaro          450   0.0  0.1 33835056  10128   ??  S     8:58AM   0:00.30 /usr/libexec/dmd
diegocaro          449   0.0  0.2 33843344  36108   ??  S     8:58AM   0:01.98 /System/Library/PrivateFrameworks/HomeKitDaemon.framework/Support/homed
diegocaro          448   0.0  0.3 33860788  52612   ??  S     8:58AM   0:07.70 /System/Library/PrivateFrameworks/CalendarAgent.framework/Executables/CalendarAgent
diegocaro          447   0.0  0.1 33829524  19804   ??  S     8:58AM   0:01.01 /usr/libexec/containermanagerd --runmode=agent --bundle-container-mode=global --bundle-container-owner=_appinstalld --system-container-mode=none
diegocaro          446   0.0  0.1 33841696  17884   ??  S     8:58AM   0:00.76 /usr/sbin/usernoted
diegocaro          445   0.0  0.1 33852816   8824   ??  S     8:58AM   0:00.80 /System/Library/Frameworks/ApplicationServices.framework/Versions/A/Frameworks/ATS.framework/Versions/A/Support/fontworker
diegocaro          444   0.0  0.1 33842336  22852   ??  S     8:58AM   0:03.13 /System/Library/PrivateFrameworks/CloudDocsDaemon.framework/Versions/A/Support/bird
diegocaro          443   0.0  0.1 33844296  17564   ??  S     8:58AM   0:00.66 /System/Library/PrivateFrameworks/VoiceShortcuts.framework/Versions/A/Support/siriactionsd
root               442   0.0  0.0 33809692   8092   ??  Ss    8:58AM   0:00.11 /usr/sbin/filecoordinationd
diegocaro          441   0.0  0.2 33863676  29668   ??  S     8:58AM   0:03.11 /System/Library/PrivateFrameworks/IDS.framework/identityservicesd.app/Contents/MacOS/identityservicesd
diegocaro          440   0.0  0.1 34371748  18904   ??  S     8:58AM   0:00.26 /System/Library/PrivateFrameworks/AppSSO.framework/Support/AppSSOAgent.app/Contents/MacOS/AppSSOAgent
diegocaro          439   0.0  0.2 33854872  29316   ??  S     8:58AM   0:07.92 /System/Library/PrivateFrameworks/CloudKitDaemon.framework/Support/cloudd
diegocaro          438   0.0  0.0 33830324   7948   ??  S     8:58AM   0:00.26 /usr/libexec/secinitd
diegocaro          437   0.0  0.1 33839268  15512   ??  S     8:58AM   0:01.19 /usr/libexec/pkd
diegocaro          436   0.0  0.1 34273500  14596   ??  Ss    8:58AM   0:00.32 /System/Library/Frameworks/QuickLookUI.framework/Versions/A/XPCServices/QuickLookUIService.xpc/Contents/MacOS/QuickLookUIService
diegocaro          435   0.0  0.1 33837192  13780   ??  S     8:58AM   0:00.55 /System/Library/PrivateFrameworks/AuthKit.framework/Versions/A/Support/akd
diegocaro          434   0.0  0.1 33831012  13840   ??  S     8:58AM   0:01.35 /System/Library/Frameworks/ApplicationServices.framework/Frameworks/ATS.framework/Support/fontd
diegocaro          433   0.0  0.1 33830116  17872   ??  S     8:58AM   0:01.58 /usr/libexec/rapportd
diegocaro          431   0.0  0.0 33800944   5556   ??  S     8:58AM   0:00.39 /usr/libexec/pboard
diegocaro          430   0.0  0.0 33830540   8240   ??  S     8:58AM   0:00.08 /System/Library/CoreServices/backgroundtaskmanagementagent
diegocaro          428   0.0  0.1 33840944  23628   ??  S     8:58AM   0:01.98 /System/Library/Frameworks/Security.framework/Versions/A/XPCServices/TrustedPeersHelper.xpc/Contents/MacOS/TrustedPeersHelper
diegocaro          427   0.0  0.3 33998808  42104   ??  S     8:58AM   0:04.09 /System/Library/Frameworks/Accounts.framework/Versions/A/Support/accountsd
diegocaro          426   0.0  0.0 33799428   2260   ??  S     8:58AM   0:00.01 /System/Library/Frameworks/CoreServices.framework/Versions/A/Frameworks/CarbonCore.framework/Versions/A/XPCServices/csnameddatad.xpc/Contents/MacOS/csnameddatad
diegocaro          425   0.0  0.1 33877888  17868   ??  S     8:58AM   0:00.40 /System/Library/CoreServices/PowerChime.app/Contents/MacOS/PowerChime
diegocaro          424   0.0  0.1 33839584  16532   ??  S     8:58AM   0:05.88 /usr/libexec/trustd --agent
diegocaro          423   0.0  0.3 33856116  45760   ??  S     8:58AM   0:10.74 /usr/libexec/secd
diegocaro          420   0.0  0.2 33880500  30880   ??  S     8:58AM   0:00.69 /System/Library/PrivateFrameworks/iTunesCloud.framework/Support/itunescloudd
diegocaro          419   0.0  0.9 34608812 148308   ??  S     8:58AM   0:24.63 /System/Library/CoreServices/Finder.app/Contents/MacOS/Finder
diegocaro          418   0.0  0.1 33840344  11448   ??  S     8:58AM   0:01.63 /System/Library/PrivateFrameworks/TCC.framework/Support/tccd
diegocaro          417   0.0  0.2 34392624  27852   ??  S     8:58AM   0:00.61 /System/Library/CoreServices/SystemUIServer.app/Contents/MacOS/SystemUIServer
diegocaro          416   0.0  0.3 34451788  53732   ??  S     8:58AM   0:05.38 /System/Library/CoreServices/ControlCenter.app/Contents/MacOS/ControlCenter
diegocaro          414   0.0  0.1 33867784  14984   ??  S     8:58AM   0:00.24 /System/Library/CoreServices/talagent
diegocaro          413   0.0  0.1 33839456  13172   ??  S     8:58AM   0:01.28 /usr/libexec/lsd
diegocaro          412   0.0  0.2 33843096  33012   ??  S     8:58AM   0:01.78 /usr/libexec/knowledge-agent
diegocaro          411   0.0  0.1 34272744  12504   ??  S     8:58AM   0:00.74 /usr/sbin/universalaccessd launchd -s
diegocaro          410   0.0  0.1 33842856  13664   ??  S     8:58AM   0:00.48 /System/Library/PrivateFrameworks/CloudServices.framework/Helpers/com.apple.sbd
_gamecontrollerd   408   0.0  0.0 33829324   7064   ??  Ss    8:58AM   0:00.99 /usr/libexec/gamecontrollerd
diegocaro          407   0.0  0.1 33832244  15984   ??  S     8:58AM   0:01.58 /usr/libexec/UserEventAgent (Aqua)
_netbios           406   0.0  0.0 33799800   4788   ??  SNs   8:58AM   0:00.14 /usr/sbin/netbiosd
root               405   0.0  0.0 33754456   1948   ??  Ss    8:58AM   0:00.02 /usr/libexec/securityd_service
diegocaro          404   0.0  0.0 33800308   5276   ??  S     8:58AM   0:04.51 /usr/sbin/cfprefsd agent
diegocaro          403   0.0  0.0 33698532   4272   ??  S     8:58AM   0:05.47 /usr/sbin/distnoted agent
root               401   0.0  0.1 33829844   8592   ??  Ss    8:58AM   0:00.12 /System/Library/Frameworks/LocalAuthentication.framework/Support/coreauthd
_appleevents       397   0.0  0.0 33697508   1236   ??  S     8:58AM   0:00.36 /usr/sbin/distnoted agent
root               395   0.0  0.0 33759664   5072   ??  Ss    8:58AM   0:00.04 /System/Library/Frameworks/GSS.framework/Helpers/GSSCred
root               392   0.0  0.0 33764648   2732   ??  Ss    8:58AM   0:00.02 /System/Library/PrivateFrameworks/AccountPolicy.framework/XPCServices/com.apple.AccountPolicyHelper.xpc/Contents/MacOS/com.apple.AccountPolicyHelper
_captiveagent      391   0.0  0.0 33800168   3792   ??  Ss    8:58AM   0:00.06 /usr/libexec/captiveagent
_fpsd              390   0.0  0.0 33801300   4164   ??  Ss    8:58AM   0:00.28 /System/Library/PrivateFrameworks/CoreADI.framework/adid
root               388   0.0  0.0 33763100   4860   ??  Ss    8:58AM   0:00.04 /usr/libexec/bootinstalld
root               387   0.0  0.0 33831036   4716   ??  S     8:58AM   0:00.17 /usr/sbin/systemstats --logger-helper /private/var/db/systemstats
root               385   0.0  0.0 33833656   6488   ??  Ss    8:58AM   0:00.10 /usr/libexec/symptomsd-diag
root               384   0.0  0.0 33758176   2276   ??  Ss    8:58AM   0:01.25 /usr/libexec/sysmond
root               383   0.0  0.1 33833344  10468   ??  Ss    8:58AM   0:00.21 /System/Library/PrivateFrameworks/AuthKit.framework/Versions/A/Support/akd
_appleevents       372   0.0  0.0 33829988   6300   ??  Ss    8:58AM   0:00.14 /System/Library/CoreServices/appleeventsd --server
root               371   0.0  0.0 33798908   3380   ??  Ss    8:58AM   0:00.03 /usr/libexec/colorsyncd
root               370   0.0  0.0 33799212   4368   ??  Ss    8:58AM   0:00.05 /usr/libexec/colorsync.displayservices
root               368   0.0  0.1 33904304  23868   ??  Ss    8:58AM   0:18.67 /usr/libexec/TouchBarServer
_applepay          367   0.0  0.0 33826664   7480   ??  Ss    8:58AM   0:00.20 /usr/libexec/nfcd
root               366   0.0  0.0 33828984   3828   ??  Ss    8:58AM   0:00.04 /usr/libexec/biokitaggdd
root               365   0.0  0.0 33754064   2760   ??  Ss    8:58AM   0:00.01 /usr/sbin/BlueTool -R
root               364   0.0  0.0 33788760   4124   ??  Ss    8:58AM   0:00.04 /usr/libexec/secinitd
_windowserver      363   0.0  0.0 33697508   1236   ??  S     8:58AM   0:00.37 /usr/sbin/distnoted agent
_hidd              361   0.0  0.0 33790728   2536   ??  Ss    8:58AM   0:00.12 /usr/libexec/hidd
root               359   0.0  0.0 33702680   2976   ??  Ss    8:58AM   0:00.02 /usr/libexec/thermald
root               356   0.0  0.0 33786096   7264   ??  Ss    8:58AM   0:00.05 /usr/libexec/wifip2pd
root               355   0.0  0.1 33831764  17636   ??  Ss    8:58AM   0:01.16 /usr/libexec/wifianalyticsd
_spotlight         352   0.0  0.0 33697508   1236   ??  S     8:58AM   0:00.39 /usr/sbin/distnoted agent
_fud               349   0.0  0.0 33697508   1244   ??  S     8:58AM   0:00.42 /usr/sbin/distnoted agent
root               343   0.0  0.0 33727944   5652   ??  Ss    8:58AM   0:00.01 /System/Library/PrivateFrameworks/WiFiPolicy.framework/XPCServices/WiFiCloudAssetsXPCService.xpc/Contents/MacOS/WiFiCloudAssetsXPCService
root               341   0.0  1.1 38235476 178860   ??  Ss    8:58AM  28:42.76 /System/Library/Frameworks/CoreServices.framework/Frameworks/Metadata.framework/Versions/A/Support/mds_stores
root               340   0.0  0.0 33829696   6148   ??  Ss    8:58AM   0:01.54 /System/Library/CoreServices/backupd.bundle/Contents/Resources/backupd-helper -launchd
root               335   0.0  0.1 33830332   9144   ??  Ss    8:58AM   0:00.41 /usr/libexec/biometrickitd --launchd
root               334   0.0  0.0 33795304   4192   ??  Ss    8:58AM   0:00.17 /usr/libexec/mobileactivationd
root               333   0.0  0.0 33838916   5956   ??  Ss    8:58AM   0:00.20 /System/Library/CoreServices/SubmitDiagInfo server-init
root               332   0.0  0.0 33800396   5792   ??  Ss    8:58AM   0:00.02 /System/Library/CoreServices/Software Update.app/Contents/Resources/suhelperd
_softwareupdate    331   0.0  0.0 33750340   1916   ??  Ss    8:58AM   0:00.01 /System/Library/PrivateFrameworks/BridgeOSSoftwareUpdate.framework/Support/bosUpdateProxy
root               330   0.0  0.0 33784336   3120   ??  Ss    8:58AM   0:00.12 /System/Library/PrivateFrameworks/CoreKDL.framework/Support/corekdld
_nsurlsessiond     329   0.0  0.0 33697508   1236   ??  S     8:58AM   0:00.44 /usr/sbin/distnoted agent
root               328   0.0  0.1 33853084  12808   ??  Ss    8:58AM   0:00.36 /usr/libexec/searchpartyd
_coreaudiod        326   0.0  0.0 33729796   1972   ??  Ss    8:58AM   0:00.01 /System/Library/Frameworks/CoreAudio.framework/Versions/A/XPCServices/com.apple.audio.DriverHelper.xpc/Contents/MacOS/com.apple.audio.DriverHelper
_cmiodalassistants   325   0.0  0.0 33831068   6280   ??  Ss    8:58AM   0:01.08 /System/Library/Frameworks/CoreMediaIO.framework/Versions/A/Resources/UVCAssistant.systemextension/Contents/MacOS/UVCAssistant
_coreaudiod        324   0.0  0.0 33738312   5996   ??  Ss    8:58AM   0:00.03 /System/Library/Frameworks/AudioToolbox.framework/XPCServices/com.apple.audio.SandboxHelper.xpc/Contents/MacOS/com.apple.audio.SandboxHelper
_locationd         323   0.0  0.0 33821332   4588   ??  S     8:58AM   0:00.04 /usr/libexec/containermanagerd --runmode=agent --bundle-container-mode=global --bundle-container-owner=_appinstalld --system-container-mode=none
root               322   0.0  0.0 33783104   4328   ??  Ss    8:58AM   0:00.04 /System/Library/Frameworks/AudioToolbox.framework/AudioComponentRegistrar -daemon
_locationd         321   0.0  0.0 33832376   7512   ??  S     8:58AM   0:00.12 /usr/libexec/trustd --agent
_locationd         320   0.0  0.0 33750292   1540   ??  S     8:58AM   0:00.01 /usr/sbin/cfprefsd agent
_softwareupdate    319   0.0  0.0 33697508   1252   ??  S     8:58AM   0:00.44 /usr/sbin/distnoted agent
root               318   0.0  0.0 33814032   4968   ??  Ss    8:58AM   0:00.07 /System/Library/PrivateFrameworks/MobileSoftwareUpdate.framework/Versions/A/XPCServices/com.apple.MobileSoftwareUpdate.CleanupPreparePathService.xpc/Contents/MacOS/com.apple.MobileSoftwareUpdate.CleanupPreparePathService
_locationd         317   0.0  0.0 33813352   4068   ??  S     8:58AM   0:00.04 /usr/libexec/secinitd
_locationd         316   0.0  0.0 33697508   1308   ??  S     8:58AM   0:00.53 /usr/sbin/distnoted agent
_locationd         315   0.0  0.1 33838664  14620   ??  S     8:58AM   0:00.46 /System/Library/PrivateFrameworks/GeoServices.framework/Versions/A/XPCServices/com.apple.geod.xpc/Contents/MacOS/com.apple.geod
_coreaudiod        314   0.0  0.0 33830596   5040   ??  Ss    8:58AM   0:00.76 Core Audio Driver (MSTeamsAudioDevice.driver)
root               312   0.0  0.0 33829508   5212   ??  Ss    8:58AM   0:00.08 /usr/libexec/containermanagerd --runmode=agent --bundle-container-mode=global --bundle-container-owner=_appinstalld --system-container-mode=none
root               291   0.0  0.0 33737988   1892   ??  S     8:58AM   0:00.01 /System/Library/Frameworks/CoreServices.framework/Versions/A/Frameworks/CarbonCore.framework/Versions/A/XPCServices/csnameddatad.xpc/Contents/MacOS/csnameddatad
root               290   0.0  0.0 33790716   3380   ??  Ss    8:58AM   0:00.04 /System/Library/PrivateFrameworks/SystemStatusServer.framework/Support/systemstatusd
_coreaudiod        288   0.0  0.0 33697508   1236   ??  S     8:58AM   0:00.43 /usr/sbin/distnoted agent
root               285   0.0  0.0 33799432   3924   ??  Ss    8:58AM   0:00.29 /System/Library/Frameworks/Security.framework/Versions/A/XPCServices/com.apple.CodeSigningHelper.xpc/Contents/MacOS/com.apple.CodeSigningHelper
root               284   0.0  0.0 33830356   6768   ??  Ss    8:58AM   0:05.23 /usr/libexec/ApplicationFirewall/socketfilterfw
root               283   0.0  0.0 33830372   5504   ??  Ss    8:58AM   0:00.06 /System/Library/PrivateFrameworks/WirelessDiagnostics.framework/Support/awdd
_cmiodalassistants   279   0.0  0.0 33831172   5164   ??  Ss    8:58AM   0:00.09 /System/Library/Frameworks/CoreMediaIO.framework/Resources/VDC.plugin/Contents/Resources/VDCAssistant
_softwareupdate    278   0.0  0.4 34098564  71244   ??  Ss    8:58AM   0:07.94 /System/Library/CoreServices/Software Update.app/Contents/Resources/softwareupdated
root               277   0.0  0.0 33828628   4284   ??  Ss    8:58AM   0:00.14 /usr/libexec/usbd
root               276   0.0  0.1 33841688  21968   ??  Ss    8:58AM   0:12.30 /usr/libexec/airportd
root               275   0.0  0.0 33792664   5772   ??  Ss    8:58AM   0:00.10 /System/Library/CoreServices/backupd.bundle/Contents/Resources/backupd
root               274   0.0  0.1 33804924   8484   ??  Ss    8:58AM   0:00.23 /usr/libexec/diskmanagementd
root               273   0.0  0.0 33798972   3752   ??  Ss    8:58AM   0:00.09 /usr/libexec/apfsd
root               272   0.0  0.1 33839480  15312   ??  Ss    8:58AM   0:01.35 /usr/libexec/lsd runAsRoot
_nsurlsessiond     271   0.0  0.1 33841768  13388   ??  Ss    8:58AM   0:01.55 /usr/libexec/nsurlsessiond --privileged
root               264   0.0  0.0 33765148   3064   ??  Ss    8:58AM   0:00.02 /System/Library/CryptoTokenKit/com.apple.ifdreader.slotd/Contents/MacOS/com.apple.ifdreader
root               259   0.0  0.0 33740696   1752   ??  Ss    8:58AM   0:00.02 /usr/libexec/multiversed
root               253   0.0  0.0 33821668   5864   ??  Ss    8:58AM   0:00.72 /usr/sbin/mDNSResponderHelper
root               251   0.0  0.0 33757524   1976   ??  Ss    8:58AM   0:00.01 /System/Library/Frameworks/NetFS.framework/Versions/A/XPCServices/PlugInLibraryService.xpc/Contents/MacOS/PlugInLibraryService
root               246   0.0  0.0 33829904   4712   ??  Ss    8:58AM   0:00.05 /System/Library/Frameworks/SystemExtensions.framework/Versions/A/Helpers/sysextd
_cmiodalassistants   240   0.0  0.0 33697508   1244   ??  S     8:58AM   0:00.43 /usr/sbin/distnoted agent
_mdnsresponder     235   0.0  0.1 33843500  14840   ??  Ss    8:58AM   0:09.57 /usr/sbin/mDNSResponder
root               223   0.0  0.2 33839136  27672   ??  Ss    8:58AM   0:10.78 /usr/libexec/mobileassetd
root               215   0.0  0.1 33832572  14136   ??  Ss    8:58AM   0:00.32 /usr/libexec/findmydeviced
root               210   0.0  0.0 33758184   2004   ??  Ss    8:58AM   0:00.17 /usr/libexec/logd_helper
_networkd          207   0.0  0.1 33844584  13652   ??  Ss    8:58AM   0:03.64 /usr/libexec/symptomsd
root               206   0.0  0.1 33829356   9180   ??  Ss    8:58AM   0:00.57 /usr/libexec/nehelper
_coreaudiod        204   0.0  0.2 33861988  35280   ??  Ss    8:58AM   3:38.76 /usr/sbin/coreaudiod
root               199   0.0  0.1 33839112  11528   ??  Ss    8:58AM   0:10.09 /usr/libexec/runningboardd
root               197   0.0  0.0 33697508   1340   ??  S     8:58AM   0:00.52 /usr/sbin/distnoted agent
root               192   0.0  0.2 33850492  35092   ??  Ss    8:58AM   0:05.60 /usr/libexec/syspolicyd
root               187   0.0  0.0 33831116   7844   ??  Ss    8:58AM   0:00.36 /System/Library/Frameworks/Security.framework/Versions/A/XPCServices/authd.xpc/Contents/MacOS/authd
root               184   0.0  0.0 33812736   5672   ??  Ss    8:58AM   0:00.29 /System/Library/CoreServices/coreservicesd
root               182   0.0  0.1 33832112  19364   ??  Ss    8:58AM   0:00.64 /usr/libexec/PowerUIAgent
root               181   0.0  0.1 33836672  19092   ??  Ss    8:58AM   0:09.43 /System/Library/PrivateFrameworks/CoreDuetContext.framework/Resources/contextstored
_trustd            180   0.0  0.1 33835412  14512   ??  Ss    8:58AM   0:07.63 /usr/libexec/trustd
diegocaro          179   0.0  0.3 34462660  52664   ??  Ss    8:58AM   0:03.72 /System/Library/CoreServices/loginwindow.app/Contents/MacOS/loginwindow console
_analyticsd        178   0.0  0.1 33838348  19092   ??  Ss    8:58AM   0:02.53 /System/Library/PrivateFrameworks/CoreAnalytics.framework/Support/analyticsd
root               175   0.0  0.0 33773560   1176   ??  Ss    8:58AM   0:00.02 aslmanager
root               174   0.0  0.1 33840316  13004   ??  Ss    8:58AM   0:03.05 /System/Library/PrivateFrameworks/TCC.framework/Support/tccd system
root               172   0.0  0.0 33799632   5556   ??  Ss    8:58AM   0:04.31 /usr/sbin/cfprefsd daemon
root               170   0.0  0.0 33829804   6308   ??  Ss    8:58AM   0:00.53 /usr/libexec/amfid
root               169   0.0  0.0 33798988   3544   ??  Ss    8:58AM   0:00.05 /System/Library/Frameworks/CoreMediaIO.framework/Versions/A/Resources/com.apple.cmio.registerassistantservice
root               168   0.0  0.1 33830852   8916   ??  Ss    8:58AM   0:01.28 /usr/libexec/AirPlayXPCHelper
root               167   0.0  0.1 33829876   9640   ??  Ss    8:58AM   0:01.29 /usr/libexec/corebrightnessd --launchd
root               166   0.0  0.0 33831492   7936   ??  Ss    8:58AM   0:00.27 /usr/libexec/sandboxd
root               165   0.0  0.0 33799256   2884   ??  Ss    8:58AM   0:05.26 /usr/sbin/notifyd
root               164   0.0  0.1 33911040  19564   ??  Ss    8:58AM   0:15.61 /usr/sbin/bluetoothd
root               162   0.0  0.0 33750292   1672   ??  Ss    8:58AM   0:00.01 /usr/sbin/KernelEventAgent
root               161   0.0  0.0 33830472   5216   ??  Ss    8:58AM   0:00.09 /System/Library/PrivateFrameworks/GenerationalStorage.framework/Versions/A/Support/revisiond
root               160   0.0  0.0 33798968   4388   ??  Ss    8:58AM   0:00.07 /System/Library/CoreServices/logind
root               158   0.0  0.1 33842980  23060   ??  Ss    8:58AM   0:13.98 /usr/libexec/PerfPowerServices
root               157   0.0  0.0 33766820   2696   ??  Ss    8:58AM   0:00.05 /System/Library/PrivateFrameworks/AppleCredentialManager.framework/AppleCredentialManagerDaemon
_distnote          156   0.0  0.0 33697508   1900   ??  Ss    8:58AM   0:03.72 /usr/sbin/distnoted daemon
root               154   0.0  0.1 33835600  13480   ??  Ss    8:58AM   0:06.07 /usr/libexec/dasd
_displaypolicyd    153   0.0  0.0 33769340   4960   ??  Ss    8:58AM   0:00.12 /usr/libexec/displaypolicyd -k 1
root               152   0.0  0.0 33749384   2336   ??  Ss    8:58AM   0:00.01 autofsd
_locationd         150   0.0  0.1 33845660  19628   ??  Ss    8:58AM   0:02.13 /usr/libexec/locationd
root               148   0.0  0.0 33741524   1608   ??  Ss    8:58AM   0:00.01 auditd -l
root               147   0.0  0.0 33831404   7740   ??  Ss    8:58AM   0:01.14 /usr/sbin/securityd -i
_usbmuxd           146   0.0  0.0 33835420   5880   ??  Ss    8:58AM   0:00.16 /System/Library/PrivateFrameworks/MobileDevice.framework/Versions/A/Resources/usbmuxd -launchd
_timed             145   0.0  0.0 33829524   4600   ??  Ss    8:58AM   0:00.43 /usr/libexec/timed
root               144   0.0  0.1 33830692  10776   ??  Ss    8:58AM   0:05.16 /System/Library/CoreServices/launchservicesd
root               143   0.0  0.0 34843276   4588   ??  Ss    8:58AM   0:00.04 /Library/PrivilegedHelperTools/com.docker.vmnetd
root               142   0.0  0.1 33847196  14140   ??  Ss    8:58AM   0:02.21 /System/Library/PrivateFrameworks/ApplePushService.framework/apsd
root               141   0.0  0.1 33859420  11852   ??  Ss    8:58AM   0:08.02 /usr/libexec/opendirectoryd
root               140   0.0  0.0 33739536   2052   ??  Ss    8:58AM   0:00.03 /usr/libexec/thermalmonitord
root               137   0.0  0.0 33800052   1592   ??  Ss    8:58AM   0:00.59 /usr/sbin/syslogd
root               136   0.0  0.2 33842356  27512   ??  Ss    8:58AM   0:02.40 /usr/libexec/coreduetd
root               133   0.0  0.0 33828708   4696   ??  Ss    8:58AM   0:01.18 /usr/libexec/diskarbitrationd
root               132   0.0  0.1 33835928  19356   ??  Ss    8:58AM   0:01.54 /usr/libexec/kernelmanagerd
_iconservices      131   0.0  0.0 33829688   4388   ??  Ss    8:58AM   0:00.05 /System/Library/CoreServices/iconservicesd
root               130   0.0  0.3 34051036  47580   ??  Ss    8:58AM   0:53.60 /System/Library/Frameworks/CoreServices.framework/Frameworks/Metadata.framework/Support/mds
root               126   0.0  0.0 33791300   3488   ??  Ss    8:58AM   0:00.64 /usr/libexec/watchdogd
_softwareupdate    123   0.0  0.0 33830444   6552   ??  Ss    8:58AM   0:00.12 /System/Library/PrivateFrameworks/MobileSoftwareUpdate.framework/Support/softwareupdated
root               122   0.0  0.0 33799536   4444   ??  Ss    8:58AM   0:00.20 /usr/libexec/keybagd -t 15
root               120   0.0  0.0 33842440   4628   ??  Ss    8:58AM   0:02.03 /usr/libexec/remoted
root               116   0.0  0.1 33831596   9180   ??  Ss    8:58AM   0:16.39 /System/Library/CoreServices/powerd.bundle/powerd
root               115   0.0  0.0 33741608   1752   ??  Ss    8:58AM   0:00.01 endpointsecurityd
root               114   0.0  0.1 33834436  10212   ??  Ss    8:58AM   0:01.96 /usr/libexec/configd
root               112   0.0  0.1 33843524  18376   ??  Ss    8:58AM   0:08.80 /usr/sbin/systemstats --daemon
root               110   0.0  0.1 33833048  17340   ??  Ss    8:58AM   0:01.87 /System/Library/PrivateFrameworks/MediaRemote.framework/Support/mediaremoted
root               109   0.0  0.0 33806148   6960   ??  Ss    8:58AM   0:16.66 /System/Library/Frameworks/CoreServices.framework/Versions/A/Frameworks/FSEvents.framework/Versions/A/Support/fseventsd
root               108   0.0  0.0 33725424   2400   ??  Ss    8:58AM   0:00.41 /System/Library/PrivateFrameworks/Uninstall.framework/Resources/uninstalld
root               105   0.0  0.1 33832072  12736   ??  Ss    8:58AM   0:02.53 /usr/libexec/UserEventAgent (System)
root               104   0.0  0.2 33921728  38872   ??  Ss    8:58AM   0:09.24 /usr/libexec/logd
root              8646   0.0  0.0 34123348   1180 s001  R+   12:17AM   0:00.00 ps aux
root                 1   0.0  0.1 34227704  19112   ??  Ss    8:58AM   0:21.80 /sbin/launchd
diegocaro         8557   0.0  0.1 33734380  12900   ??  S    12:16AM   0:00.12 /System/Library/Frameworks/CoreServices.framework/Frameworks/Metadata.framework/Versions/A/Support/mdworker_shared -s mdworker -c MDSImporterWorker -m com.apple.mdworker.shared
diegocaro         8548   0.0  0.2 36087096  36012   ??  S    12:16AM   0:00.10 /Applications/Firefox.app/Contents/MacOS/plugin-container.app/Contents/MacOS/plugin-container -childID 130 -isForBrowser -prefsLen 34001 -prefMapSize 236340 -jsInitLen 246772 -sbStartup -sbAppPath /Applications/Firefox.app -sbLevel 3 -sbAllowAudio -parentBuildID 20230112150232 -appDir /Applications/Firefox.app/Contents/Resources/browser -profile /Users/diegocaro/Library/Application Support/Firefox/Profiles/hmig4z1v.default-release-1634876631779 {96312b99-aa70-404f-a865-d423a00a4eb6} 755 gecko-crash-server-pipe.755 org.mozilla.machname.1588965062 tab
diegocaro         8546   0.0  0.1 33752812  12608   ??  S    12:14AM   0:00.14 /System/Library/Frameworks/CoreServices.framework/Frameworks/Metadata.framework/Versions/A/Support/mdworker_shared -s mdworker -c MDSImporterWorker -m com.apple.mdworker.shared
diegocaro         8545   0.0  0.2 36107308  36292   ??  S    12:14AM   0:00.10 /Applications/Firefox.app/Contents/MacOS/plugin-container.app/Contents/MacOS/plugin-container -childID 129 -isForBrowser -prefsLen 34001 -prefMapSize 236340 -jsInitLen 246772 -sbStartup -sbAppPath /Applications/Firefox.app -sbLevel 3 -sbAllowAudio -parentBuildID 20230112150232 -appDir /Applications/Firefox.app/Contents/Resources/browser -profile /Users/diegocaro/Library/Application Support/Firefox/Profiles/hmig4z1v.default-release-1634876631779 {ab88a7ae-cabe-478c-9319-edc6aaa410e3} 755 gecko-crash-server-pipe.755 org.mozilla.machname.1256927236 tab
diegocaro         8544   0.0  0.2 36086828  36252   ??  S    12:14AM   0:00.10 /Applications/Firefox.app/Contents/MacOS/plugin-container.app/Contents/MacOS/plugin-container -childID 128 -isForBrowser -prefsLen 34001 -prefMapSize 236340 -jsInitLen 246772 -sbStartup -sbAppPath /Applications/Firefox.app -sbLevel 3 -sbAllowAudio -parentBuildID 20230112150232 -appDir /Applications/Firefox.app/Contents/Resources/browser -profile /Users/diegocaro/Library/Application Support/Firefox/Profiles/hmig4z1v.default-release-1634876631779 {9373bdf8-7b43-42cb-bad5-1dfbe2b1e33d} 755 gecko-crash-server-pipe.755 org.mozilla.machname.1692610788 tab
diegocaro         8542   0.0  0.1 33775336  12800   ??  S    12:13AM   0:00.10 /System/Library/Frameworks/CoreServices.framework/Frameworks/Metadata.framework/Versions/A/Support/mdworker_shared -s mdworker -c MDSImporterWorker -m com.apple.mdworker.shared
diegocaro         8518   0.0  0.6 36239920  99168   ??  S    12:04AM   0:01.12 /Applications/Firefox.app/Contents/MacOS/plugin-container.app/Contents/MacOS/plugin-container -childID 127 -isForBrowser -prefsLen 34001 -prefMapSize 236340 -jsInitLen 246772 -sbStartup -sbAppPath /Applications/Firefox.app -sbLevel 3 -sbAllowAudio -parentBuildID 20230112150232 -appDir /Applications/Firefox.app/Contents/Resources/browser -profile /Users/diegocaro/Library/Application Support/Firefox/Profiles/hmig4z1v.default-release-1634876631779 {9e8234fe-5ce3-4b58-a0cd-eb4d5e3c8f97} 755 gecko-crash-server-pipe.755 org.mozilla.machname.288199663 tab
diegocaro         8512   0.0  1.4 36426308 235716   ??  Ss   12:03AM   0:10.01 /Users/diegocaro/miniconda3/envs/datascience/bin/python -m ipykernel_launcher -f /Users/diegocaro/Library/Jupyter/runtime/kernel-15f211b3-97b0-43d5-abd5-515a746dfa74.json
diegocaro         8507   0.0  0.3 36115544  46840   ??  S    12:03AM   0:00.15 /Applications/Firefox.app/Contents/MacOS/plugin-container.app/Contents/MacOS/plugin-container -childID 126 -isForBrowser -prefsLen 34001 -prefMapSize 236340 -jsInitLen 246772 -sbStartup -sbAppPath /Applications/Firefox.app -sbLevel 3 -sbAllowAudio -parentBuildID 20230112150232 -appDir /Applications/Firefox.app/Contents/Resources/browser -profile /Users/diegocaro/Library/Application Support/Firefox/Profiles/hmig4z1v.default-release-1634876631779 {0104ab27-169d-4e3f-bc01-8dbd13de3950} 755 gecko-crash-server-pipe.755 org.mozilla.machname.261038734 tab
diegocaro         8506   0.0  0.3 36117252  49352   ??  S    12:03AM   0:00.19 /Applications/Firefox.app/Contents/MacOS/plugin-container.app/Contents/MacOS/plugin-container -childID 125 -isForBrowser -prefsLen 34001 -prefMapSize 236340 -jsInitLen 246772 -sbStartup -sbAppPath /Applications/Firefox.app -sbLevel 3 -sbAllowAudio -sbAllowFileAccess -parentBuildID 20230112150232 -appDir /Applications/Firefox.app/Contents/Resources/browser -profile /Users/diegocaro/Library/Application Support/Firefox/Profiles/hmig4z1v.default-release-1634876631779 {dcbe2dc8-54b3-41f4-aa12-249e56b60115} 755 gecko-crash-server-pipe.755 org.mozilla.machname.501867502 tab
diegocaro         8501   0.0  0.6 34258004  97508 s000  S+   12:03AM   0:02.63 /Users/diegocaro/miniconda3/envs/datascience/bin/python3.9 /Users/diegocaro/miniconda3/envs/datascience/bin/jupyter-notebook
diegocaro         6538   0.0  0.3 36135000  46844   ??  S    11:46PM   0:00.17 /Applications/Firefox.app/Contents/MacOS/plugin-container.app/Contents/MacOS/plugin-container -childID 124 -isForBrowser -prefsLen 34001 -prefMapSize 236340 -jsInitLen 246772 -sbStartup -sbAppPath /Applications/Firefox.app -sbLevel 3 -sbAllowAudio -parentBuildID 20230112150232 -appDir /Applications/Firefox.app/Contents/Resources/browser -profile /Users/diegocaro/Library/Application Support/Firefox/Profiles/hmig4z1v.default-release-1634876631779 {9b930ad7-456d-43b6-9c79-a544d211dd99} 755 gecko-crash-server-pipe.755 org.mozilla.machname.1525105359 tab
diegocaro         6536   0.0  0.8 36216624 133836   ??  S    11:46PM   0:15.51 /Applications/Firefox.app/Contents/MacOS/plugin-container.app/Contents/MacOS/plugin-container -childID 122 -isForBrowser -prefsLen 34001 -prefMapSize 236340 -jsInitLen 246772 -sbStartup -sbAppPath /Applications/Firefox.app -sbLevel 3 -sbAllowAudio -parentBuildID 20230112150232 -appDir /Applications/Firefox.app/Contents/Resources/browser -profile /Users/diegocaro/Library/Application Support/Firefox/Profiles/hmig4z1v.default-release-1634876631779 {89cb725c-bfaf-4a5d-90b0-9aa8701abb46} 755 gecko-crash-server-pipe.755 org.mozilla.machname.1300068392 tab
diegocaro         6532   0.0  0.3 36146080  56296   ??  S    11:46PM   0:00.76 /Applications/Firefox.app/Contents/MacOS/plugin-container.app/Contents/MacOS/plugin-container -childID 118 -isForBrowser -prefsLen 34001 -prefMapSize 236340 -jsInitLen 246772 -sbStartup -sbAppPath /Applications/Firefox.app -sbLevel 3 -sbAllowAudio -parentBuildID 20230112150232 -appDir /Applications/Firefox.app/Contents/Resources/browser -profile /Users/diegocaro/Library/Application Support/Firefox/Profiles/hmig4z1v.default-release-1634876631779 {97e0619c-adf8-437c-89bb-f279d86cd5d8} 755 gecko-crash-server-pipe.755 org.mozilla.machname.2091914555 tab
%%%	2023-01-25 00:17:26-0300	istats
--- CPU Stats ---
CPU temp:               38.88°C     

--- Fan Stats ---
Total fans in system:   2           
Fan 0 speed:            1838 RPM    
Fan 1 speed:            1705 RPM    

--- Battery Stats ---
Battery health:         Good        
Cycle count:            182           18.2%
Max cycles:             1000        
Current charge:         4029 mAh      52%
Maximum charge:         7841 mAh      89.2%
Design capacity:        8790 mAh    
Battery temp:           32.5°C      

For more stats run `istats extra` and follow the instructions.
%%%	2023-01-25 00:17:27-0300	processes
USER               PID  %CPU %MEM      VSZ    RSS   TT  STAT STARTED      TIME COMMAND
diegocaro         1074  27.7  1.2 34842608 199212   ??  S     8:10PM   2:08.92 /Applications/iTerm.app/Contents/MacOS/iTerm2
_windowserver      173  12.1  0.9 37237952 153804   ??  Ss    8:58AM  16:44.41 /System/Library/PrivateFrameworks/SkyLight.framework/Resources/WindowServer -daemon
diegocaro          506  10.2  3.8 74826132 642856   ??  S     8:58AM   3:30.70 /Applications/Dropbox.app/Contents/MacOS/Dropbox
diegocaro          755   6.9  5.3 46819192 886116   ??  S     8:59AM  24:00.15 /Applications/Firefox.app/Contents/MacOS/firefox -foreground
diegocaro         8557   3.7  0.1 33745644  14024   ??  S    12:16AM   0:00.14 /System/Library/Frameworks/CoreServices.framework/Frameworks/Metadata.framework/Versions/A/Support/mdworker_shared -s mdworker -c MDSImporterWorker -m com.apple.mdworker.shared
diegocaro          629   3.2  0.8 72332304 138824   ??  S     8:58AM   0:38.03 /Applications/Dropbox.app/Contents/Frameworks/Dropbox Helper (Renderer).app/Contents/MacOS/Dropbox Helper (Renderer) --type=renderer --field-trial-handle=1718379636,13630346193156412841,415101620583637821,131072 --disable-features=CookiesWithoutSameSiteMustBeSecure,SameSiteByDefaultCookies,SpareRendererForSitePerProcess --lang=en-US --standard-schemes=dbx-local --secure-schemes=dbx-local --bypasscsp-schemes --cors-schemes --fetch-schemes --service-worker-schemes --streaming-schemes --app-path=/Applications/Dropbox.app/Contents/Resources/app.asar --enable-sandbox --num-raster-threads=4 --enable-zero-copy --enable-gpu-memory-buffer-compositor-resources --enable-main-frame-before-activation --renderer-client-id=4 --no-v8-untrusted-code-mitigations --shared-files --seatbelt-client=74
root               341   2.5  1.1 38236000 179320   ??  Ss    8:58AM  28:42.79 /System/Library/Frameworks/CoreServices.framework/Frameworks/Metadata.framework/Versions/A/Support/mds_stores
diegocaro          607   1.8  0.3 68090648  46496   ??  S     8:58AM   0:20.40 /Applications/Dropbox.app/Contents/Frameworks/Dropbox Helper (GPU).app/Contents/MacOS/Dropbox Helper (GPU) --type=gpu-process --field-trial-handle=1718379636,13630346193156412841,415101620583637821,131072 --disable-features=CookiesWithoutSameSiteMustBeSecure,SameSiteByDefaultCookies,SpareRendererForSitePerProcess --crashpad-annotations=product_name:desktop_client,buildid:main,buildno:Dropbox-mac-165.4.4300,platform:mac,platform_version:12.6.2 --gpu-preferences=SAAAAAAAAAAgAAAAAAAAAAAAAAAAAAAAAABgAAAAAAAoAAAAAAAAAAAAAAAAAAAAAAAAAAAAAADYAwAAAAAAANgDAAAAAAAASAEAACgAAABAAQAAAAAAAEgBAAAAAAAAUAEAAAAAAABYAQAAAAAAAGABAAAAAAAAaAEAAAAAAABwAQAAAAAAAHgBAAAAAAAAgAEAAAAAAACIAQAAAAAAAJABAAAAAAAAmAEAAAAAAACgAQAAAAAAAKgBAAAAAAAAsAEAAAAAAAC4AQAAAAAAAMABAAAAAAAAyAEAAAAAAADQAQAAAAAAANgBAAAAAAAA4AEAAAAAAADoAQAAAAAAAPABAAAAAAAA+AEAAAAAAAAAAgAAAAAAAAgCAAAAAAAAEAIAAAAAAAAYAgAAAAAAACACAAAAAAAAKAIAAAAAAAAwAgAAAAAAADgCAAAAAAAAQAIAAAAAAABIAgAAAAAAAFACAAAAAAAAWAIAAAAAAABgAgAAAAAAAGgCAAAAAAAAcAIAAAAAAAB4AgAAAAAAABAAAAAAAAAAAAAAAAAAAAAQAAAAAAAAAAAAAAAGAAAAEAAAAAAAAAAAAAAABwAAABAAAAAAAAAAAAAAAAgAAAAQAAAAAAAAAAAAAAAKAAAAEAAAAAAAAAAAAAAACwAAABAAAAAAAAAAAAAAAA0AAAAQAAAAAAAAAAAAAAAOAAAAEAAAAAAAAAABAAAAAAAAABAAAAAAAAAAAQAAAAYAAAAQAAAAAAAAAAEAAAAHAAAAEAAAAAAAAAABAAAACAAAABAAAAAAAAAAAQAAAAoAAAAQAAAAAAAAAAEAAAALAAAAEAAAAAAAAAABAAAADQAAABAAAAAAAAAAAQAAAA4AAAAQAAAAAAAAAAQAAAAAAAAAEAAAAAAAAAAEAAAABgAAABAAAAAAAAAABAAAAAcAAAAQAAAAAAAAAAQAAAAIAAAAEAAAAAAAAAAEAAAACgAAABAAAAAAAAAABAAAAAsAAAAQAAAAAAAAAAQAAAANAAAAEAAAAAAAAAAEAAAADgAAABAAAAAAAAAABwAAAAAAAAAQAAAAAAAAAAcAAAAGAAAAEAAAAAAAAAAHAAAABwAAABAAAAAAAAAABwAAAAgAAAAQAAAAAAAAAAcAAAAKAAAAEAAAAAAAAAAHAAAACwAAABAAAAAAAAAABwAAAA0AAAAQAAAAAAAAAAcAAAAOAAAAEAAAAAAAAAAKAAAAAAAAABAAAAAAAAAACgAAAAYAAAAQAAAAAAAAAAoAAAAHAAAAEAAAAAAAAAAKAAAACAAAABAAAAAAAAAACgAAAAoAAAAQAAAAAAAAAAoAAAALAAAAEAAAAAAAAAAKAAAADQAAABAAAAAAAAAACgAAAA4AAAAIAAAAAAAAAAgAAAAAAAAA --shared-files --seatbelt-client=60
diegocaro          459   1.7  0.1 33840948  19480   ??  S     8:58AM   0:08.01 /System/Library/PrivateFrameworks/CoreDuetContext.framework/Resources/ContextStoreAgent
root               181   1.4  0.1 33837720  19196   ??  Ss    8:58AM   0:09.45 /System/Library/PrivateFrameworks/CoreDuetContext.framework/Resources/contextstored
_driverkit         354   1.4  0.0 34176724   3128   ??  Ss    8:58AM   1:17.62 /System/Library/DriverExtensions/com.apple.AppleUserHIDDrivers.dext/com.apple.AppleUserHIDDrivers com.apple.driverkit.AppleUserHIDDrivers 0x10000065c com.apple.AppleUserHIDDrivers
diegocaro          419   1.1  0.9 34608812 148308   ??  S     8:58AM   0:24.65 /System/Library/CoreServices/Finder.app/Contents/MacOS/Finder
diegocaro          956   0.9  0.9 35005616 149500   ??  S     7:42PM   2:04.50 /System/Applications/Messages.app/Contents/MacOS/Messages
diegocaro          578   0.7  0.1 33843572  19128   ??  S     8:58AM   0:25.11 /System/Library/CoreServices/UniversalControl.app/Contents/MacOS/UniversalControl
diegocaro         8518   0.4  0.6 36239920  99176   ??  S    12:04AM   0:01.12 /Applications/Firefox.app/Contents/MacOS/plugin-container.app/Contents/MacOS/plugin-container -childID 127 -isForBrowser -prefsLen 34001 -prefMapSize 236340 -jsInitLen 246772 -sbStartup -sbAppPath /Applications/Firefox.app -sbLevel 3 -sbAllowAudio -parentBuildID 20230112150232 -appDir /Applications/Firefox.app/Contents/Resources/browser -profile /Users/diegocaro/Library/Application Support/Firefox/Profiles/hmig4z1v.default-release-1634876631779 {9e8234fe-5ce3-4b58-a0cd-eb4d5e3c8f97} 755 gecko-crash-server-pipe.755 org.mozilla.machname.288199663 tab
diegocaro          582   0.4  0.1 34169208  24164   ??  Ss    8:58AM   0:03.78 /System/Library/Input Methods/EmojiFunctionRowIM.app/Contents/PlugIns/EmojiFunctionRowIM_Extension.appex/Contents/MacOS/EmojiFunctionRowIM_Extension -AppleLanguages ("en-CL", "es-CL")
root               144   0.3  0.1 33832264  10852   ??  Ss    8:58AM   0:05.17 /System/Library/CoreServices/launchservicesd
root               199   0.2  0.1 33841732  11632   ??  Ss    8:58AM   0:10.09 /usr/libexec/runningboardd
diegocaro          403   0.2  0.0 33698532   4272   ??  S     8:58AM   0:05.47 /usr/sbin/distnoted agent
root                 1   0.1  0.1 34227704  19112   ??  Ss    8:58AM   0:21.81 /sbin/launchd
diegocaro         5936   0.1  3.2 36842428 544536   ??  S    11:33PM   3:16.77 /Applications/Firefox.app/Contents/MacOS/plugin-container.app/Contents/MacOS/plugin-container -childID 110 -isForBrowser -prefsLen 34001 -prefMapSize 236340 -jsInitLen 246772 -sbStartup -sbAppPath /Applications/Firefox.app -sbLevel 3 -sbAllowAudio -parentBuildID 20230112150232 -appDir /Applications/Firefox.app/Contents/Resources/browser -profile /Users/diegocaro/Library/Application Support/Firefox/Profiles/hmig4z1v.default-release-1634876631779 {d2c8aae2-9792-4af8-89d9-5178fd30059d} 755 gecko-crash-server-pipe.755 org.mozilla.machname.1812531228 tab
root               165   0.1  0.0 33799256   2884   ??  Ss    8:58AM   0:05.26 /usr/sbin/notifyd
root               164   0.1  0.1 33911564  19592   ??  Ss    8:58AM   0:15.61 /usr/sbin/bluetoothd
diegocaro          796   0.1  0.5 36147968  88600   ??  S     8:59AM   0:06.10 /Applications/Firefox.app/Contents/MacOS/plugin-container.app/Contents/MacOS/plugin-container -childID 3 -isForBrowser -prefsLen 28751 -prefMapSize 236340 -jsInitLen 246772 -sbStartup -sbAppPath /Applications/Firefox.app -sbLevel 3 -sbAllowAudio -parentBuildID 20230112150232 -appDir /Applications/Firefox.app/Contents/Resources/browser -profile /Users/diegocaro/Library/Application Support/Firefox/Profiles/hmig4z1v.default-release-1634876631779 {5d75ff29-479c-4d20-ae78-d04d55f0a3c0} 755 gecko-crash-server-pipe.755 org.mozilla.machname.265296665 tab
diegocaro          424   0.1  0.1 33839584  16552   ??  S     8:58AM   0:05.88 /usr/libexec/trustd --agent
diegocaro          814   0.1  0.1 34326772  19956   ??  S     8:59AM   0:01.00 /System/Library/CoreServices/NowPlayingTouchUI.app/Contents/MacOS/NowPlayingTouchUI
diegocaro          404   0.1  0.0 33800832   5336   ??  S     8:58AM   0:04.51 /usr/sbin/cfprefsd agent
diegocaro         1233   0.1  0.9 36205588 156312   ??  S    10:00PM   0:12.19 /Applications/Firefox.app/Contents/MacOS/plugin-container.app/Contents/MacOS/plugin-container -childID 74 -isForBrowser -prefsLen 33944 -prefMapSize 236340 -jsInitLen 246772 -sbStartup -sbAppPath /Applications/Firefox.app -sbLevel 3 -sbAllowAudio -parentBuildID 20230112150232 -appDir /Applications/Firefox.app/Contents/Resources/browser -profile /Users/diegocaro/Library/Application Support/Firefox/Profiles/hmig4z1v.default-release-1634876631779 {014b64a9-ec35-4e8e-b4d1-eb3b8fe26311} 755 gecko-crash-server-pipe.755 org.mozilla.machname.1364926033 tab
root               368   0.1  0.1 33904828  23868   ??  Ss    8:58AM   0:18.67 /usr/libexec/TouchBarServer
diegocaro          429   0.1  0.1 34380096  20456   ??  S     8:58AM   0:20.84 /System/Library/PrivateFrameworks/UniversalAccess.framework/Versions/A/Resources/AXVisualSupportAgent.app/Contents/MacOS/AXVisualSupportAgent launchd -s
root               104   0.1  0.2 33922764  38900   ??  Ss    8:58AM   0:09.24 /usr/libexec/logd
root               130   0.1  0.3 34051036  47620   ??  Ss    8:58AM   0:53.60 /System/Library/Frameworks/CoreServices.framework/Frameworks/Metadata.framework/Support/mds
diegocaro         1742   0.0  0.0 34162004   3868   ??  Ss   10:45PM   0:00.01 /Applications/Dropbox.app/Contents/XPCServices/DropboxNotificationService.xpc/Contents/MacOS/DropboxNotificationService
diegocaro         1739   0.0  0.1 34139668  21608   ??  Ss   10:45PM   0:00.29 /System/Library/PrivateFrameworks/UIFoundation.framework/Versions/A/XPCServices/nsattributedstringagent.xpc/Contents/MacOS/nsattributedstringagent
diegocaro         1736   0.0  0.1 33816464  16680   ??  Ss   10:44PM   0:00.09 /System/Library/Frameworks/QuickLookThumbnailing.framework/Versions/A/PlugIns/ThumbnailExtension_macOS.appex/Contents/MacOS/ThumbnailExtension_macOS -AppleLanguages ("en-CL", "es-CL")
diegocaro         1735   0.0  0.1 33840860  13356   ??  Ss   10:44PM   0:00.21 /System/Library/Frameworks/QuickLook.framework/Versions/A/XPCServices/QuickLookSatellite.xpc/Contents/MacOS/QuickLookSatellite
root              1734   0.0  0.0 33711688   5864   ??  Ss   10:44PM   0:00.03 /System/Library/Frameworks/AudioToolbox.framework/XPCServices/com.apple.audio.SandboxHelper.xpc/Contents/MacOS/com.apple.audio.SandboxHelper
diegocaro         1321   0.0  0.0 33746284   3956   ??  S    10:41PM   0:00.01 /System/Library/CoreServices/AirPort Base Station Agent.app/Contents/MacOS/AirPort Base Station Agent --launchd
diegocaro         1311   0.0  0.5 36167560  79996   ??  S    10:21PM   0:01.15 /Applications/Firefox.app/Contents/MacOS/plugin-container.app/Contents/MacOS/plugin-container -childID 94 -isForBrowser -prefsLen 33944 -prefMapSize 236340 -jsInitLen 246772 -sbStartup -sbAppPath /Applications/Firefox.app -sbLevel 3 -sbAllowAudio -parentBuildID 20230112150232 -appDir /Applications/Firefox.app/Contents/Resources/browser -profile /Users/diegocaro/Library/Application Support/Firefox/Profiles/hmig4z1v.default-release-1634876631779 {7aeda657-5397-4fd4-b311-2bbb77c39f46} 755 gecko-crash-server-pipe.755 org.mozilla.machname.261741111 tab
diegocaro         1310   0.0  0.5 36157356  78572   ??  S    10:21PM   0:00.84 /Applications/Firefox.app/Contents/MacOS/plugin-container.app/Contents/MacOS/plugin-container -childID 93 -isForBrowser -prefsLen 33944 -prefMapSize 236340 -jsInitLen 246772 -sbStartup -sbAppPath /Applications/Firefox.app -sbLevel 3 -sbAllowAudio -parentBuildID 20230112150232 -appDir /Applications/Firefox.app/Contents/Resources/browser -profile /Users/diegocaro/Library/Application Support/Firefox/Profiles/hmig4z1v.default-release-1634876631779 {e7f7cb05-7dfb-4f4a-8795-fafdf6646ee5} 755 gecko-crash-server-pipe.755 org.mozilla.machname.237303178 tab
diegocaro         1309   0.0  0.5 36166504  80516   ??  S    10:21PM   0:01.41 /Applications/Firefox.app/Contents/MacOS/plugin-container.app/Contents/MacOS/plugin-container -childID 92 -isForBrowser -prefsLen 33944 -prefMapSize 236340 -jsInitLen 246772 -sbStartup -sbAppPath /Applications/Firefox.app -sbLevel 3 -sbAllowAudio -parentBuildID 20230112150232 -appDir /Applications/Firefox.app/Contents/Resources/browser -profile /Users/diegocaro/Library/Application Support/Firefox/Profiles/hmig4z1v.default-release-1634876631779 {979175d7-1c4e-4594-ae45-6f83e7e0d151} 755 gecko-crash-server-pipe.755 org.mozilla.machname.1922426415 tab
diegocaro         1307   0.0  0.6 36193804 108564   ??  S    10:20PM   0:05.01 /Applications/Firefox.app/Contents/MacOS/plugin-container.app/Contents/MacOS/plugin-container -childID 91 -isForBrowser -prefsLen 33944 -prefMapSize 236340 -jsInitLen 246772 -sbStartup -sbAppPath /Applications/Firefox.app -sbLevel 3 -sbAllowAudio -parentBuildID 20230112150232 -appDir /Applications/Firefox.app/Contents/Resources/browser -profile /Users/diegocaro/Library/Application Support/Firefox/Profiles/hmig4z1v.default-release-1634876631779 {fa65e161-803f-4324-8ed3-9c28a77958df} 755 gecko-crash-server-pipe.755 org.mozilla.machname.1806578718 tab
diegocaro         1273   0.0  0.3 36126512  48024   ??  S    10:11PM   0:00.49 /Applications/Firefox.app/Contents/MacOS/plugin-container.app/Contents/MacOS/plugin-container -childID 78 -isForBrowser -prefsLen 33944 -prefMapSize 236340 -jsInitLen 246772 -sbStartup -sbAppPath /Applications/Firefox.app -sbLevel 3 -sbAllowAudio -parentBuildID 20230112150232 -appDir /Applications/Firefox.app/Contents/Resources/browser -profile /Users/diegocaro/Library/Application Support/Firefox/Profiles/hmig4z1v.default-release-1634876631779 {b5585649-c885-4885-97cb-61d6e9825c9b} 755 gecko-crash-server-pipe.755 org.mozilla.machname.801594719 tab
diegocaro         1272   0.0  0.3 36125356  46644   ??  S    10:11PM   0:00.50 /Applications/Firefox.app/Contents/MacOS/plugin-container.app/Contents/MacOS/plugin-container -childID 77 -isForBrowser -prefsLen 33944 -prefMapSize 236340 -jsInitLen 246772 -sbStartup -sbAppPath /Applications/Firefox.app -sbLevel 3 -sbAllowAudio -parentBuildID 20230112150232 -appDir /Applications/Firefox.app/Contents/Resources/browser -profile /Users/diegocaro/Library/Application Support/Firefox/Profiles/hmig4z1v.default-release-1634876631779 {46253ba0-ec5e-4c1a-afa3-3a15f37e49ba} 755 gecko-crash-server-pipe.755 org.mozilla.machname.1459907656 tab
diegocaro         1271   0.0  0.3 36148328  49576   ??  S    10:10PM   0:00.67 /Applications/Firefox.app/Contents/MacOS/plugin-container.app/Contents/MacOS/plugin-container -childID 76 -isForBrowser -prefsLen 33944 -prefMapSize 236340 -jsInitLen 246772 -sbStartup -sbAppPath /Applications/Firefox.app -sbLevel 3 -sbAllowAudio -parentBuildID 20230112150232 -appDir /Applications/Firefox.app/Contents/Resources/browser -profile /Users/diegocaro/Library/Application Support/Firefox/Profiles/hmig4z1v.default-release-1634876631779 {2898aac8-7085-42b3-961b-5446ab513e2a} 755 gecko-crash-server-pipe.755 org.mozilla.machname.1809899886 tab
diegocaro         1265   0.0  0.3 36127564  52020   ??  S    10:07PM   0:00.98 /Applications/Firefox.app/Contents/MacOS/plugin-container.app/Contents/MacOS/plugin-container -childID 75 -isForBrowser -prefsLen 33944 -prefMapSize 236340 -jsInitLen 246772 -sbStartup -sbAppPath /Applications/Firefox.app -sbLevel 3 -sbAllowAudio -parentBuildID 20230112150232 -appDir /Applications/Firefox.app/Contents/Resources/browser -profile /Users/diegocaro/Library/Application Support/Firefox/Profiles/hmig4z1v.default-release-1634876631779 {2da1b15c-ff33-4d56-9d68-b36d412622d9} 755 gecko-crash-server-pipe.755 org.mozilla.machname.919307282 tab
root              1168   0.0  0.0 33820744   4260   ??  Ss    9:35PM   0:00.03 /System/Library/CoreServices/osanalyticshelper server-init
root              1104   0.0  0.0 33646636   2520   ??  Ss    8:10PM   0:00.06 /usr/libexec/taskgated
diegocaro         1094   0.0  0.0 34219084   3308   ??  Ss    8:10PM   0:00.62 /Applications/iTerm.app/Contents/XPCServices/pidinfo.xpc/Contents/MacOS/pidinfo
diegocaro         1080   0.0  0.0 34206680   6736 s000  S     8:10PM   0:03.02 -zsh
root              1079   0.0  0.0 34161736   4924 s000  Ss    8:10PM   0:00.02 login -fp diegocaro
diegocaro         1078   0.0  0.0 34134320   2104   ??  S     8:10PM   0:00.01 /Users/diegocaro/Library/Application Support/iTerm2/iTermServer-3.4.18 /Users/diegocaro/Library/Application Support/iTerm2/iterm2-daemon-1.socket
diegocaro         1077   0.0  0.1 33976544  21156   ??  Ss    8:10PM   0:00.32 /System/Library/CoreServices/Dock.app/Contents/XPCServices/DockHelper.xpc/Contents/MacOS/DockHelper
diegocaro         1013   0.0  0.0 33756500   2004   ??  Ss    7:57PM   0:00.01 /System/Library/Frameworks/NetFS.framework/Versions/A/XPCServices/PlugInLibraryService.xpc/Contents/MacOS/PlugInLibraryService
diegocaro         1007   0.0  0.0 33768816   3860   ??  S     7:57PM   0:00.03 /System/Library/Frameworks/ColorSync.framework/Support/colorsync.useragent
diegocaro          994   0.0  0.1 33756164  11100   ??  S     7:54PM   0:00.04 /System/Library/CoreServices/EscrowSecurityAlert.app/Contents/MacOS/EscrowSecurityAlert
diegocaro          966   0.0  0.1 33827120   9496   ??  S     7:43PM   0:00.15 /System/Library/PrivateFrameworks/SafariSafeBrowsing.framework/com.apple.Safari.SafeBrowsing.Service
diegocaro          965   0.0  0.1 33806192  10972   ??  S     7:43PM   0:00.07 /System/Library/PrivateFrameworks/NewsDaemon.framework/newsd
diegocaro          964   0.0  0.2 34043084  38096   ??  Ss    7:43PM   0:00.27 /System/iOSSupport/System/Library/Frameworks/WebKit.framework/Versions/A/XPCServices/com.apple.WebKit.Networking.xpc/Contents/MacOS/com.apple.WebKit.Networking
diegocaro          963   0.0  0.0 33748552   5976   ??  Ss    7:43PM   0:00.03 /System/Library/Frameworks/AudioToolbox.framework/XPCServices/com.apple.audio.SandboxHelper.xpc/Contents/MacOS/com.apple.audio.SandboxHelper
diegocaro          962   0.0  0.0 33748264   2564   ??  S     7:43PM   0:00.03 /System/Library/Frameworks/MediaAccessibility.framework/Versions/A/XPCServices/com.apple.accessibility.mediaaccessibilityd.xpc/Contents/MacOS/com.apple.accessibility.mediaaccessibilityd
diegocaro          959   0.0  0.0 33716500   2336   ??  S     7:43PM   0:00.01 /System/Library/PrivateFrameworks/ToneLibrary.framework/Versions/A/XPCServices/com.apple.tonelibraryd.xpc/Contents/MacOS/com.apple.tonelibraryd
diegocaro          958   0.0  0.1 33817316   9192   ??  S     7:42PM   0:00.09 /usr/libexec/keyboardservicesd
diegocaro          957   0.0  0.9 34345384 150148   ??  S     7:42PM   0:05.97 /System/Library/Services/AppleSpell.service/Contents/MacOS/AppleSpell
root               946   0.0  0.0 33796208   4288   ??  Ss    7:42PM   0:00.04 /usr/libexec/ASPCarryLog
diegocaro          905   0.0  0.0 33783048   3904   ??  S    11:29AM   0:00.03 /usr/libexec/USBAgent
diegocaro          896   0.0  0.1 33834076  18176   ??  S     9:27AM   0:00.31 /System/Library/Frameworks/ApplicationServices.framework/Frameworks/SpeechSynthesis.framework/Resources/com.apple.speech.speechsynthesisd
diegocaro          888   0.0  0.0 33719100   3124   ??  S     9:24AM   0:00.03 /System/Library/PrivateFrameworks/DeviceCheckInternal.framework/devicecheckd
_fpsd              864   0.0  0.0 33734872   3568   ??  Ss    9:12AM   0:00.03 /System/Library/PrivateFrameworks/CoreFP.framework/Versions/A/fairplayd
root               863   0.0  0.0 33829724   5224   ??  Ss    9:12AM   0:00.43 /Library/Apple/System/Library/CoreServices/XProtect.app/Contents/XPCServices/XProtectPluginService.xpc/Contents/MacOS/XProtectPluginService
root               862   0.0  0.0 34199448   3328   ??  Ss    9:12AM   0:00.02 /Library/Apple/System/Library/CoreServices/XProtect.app/Contents/MacOS/XProtect
_fpsd              851   0.0  0.0 33722812   2296   ??  Ss    9:03AM   0:00.16 /System/Library/PrivateFrameworks/CoreLSKD.framework/Versions/A/lskdd
diegocaro          844   0.0  0.1 33863936  19228   ??  S     9:03AM   0:00.21 /Library/Apple/System/Library/CoreServices/SafariSupport.bundle/Contents/MacOS/PasswordBreachAgent
root               843   0.0  0.0 34253376   3944   ??  Ss    9:03AM   0:00.03 /usr/libexec/memoryanalyticsd -xlatS
diegocaro          841   0.0  0.0 33800020   6244   ??  S     9:03AM   0:00.08 /System/Library/Frameworks/CoreServices.framework/Frameworks/Metadata.framework/Versions/A/Support/mdworker -s mdworker-sizing -c MDSSizingWorker -m com.apple.mdworker.sizing
root               833   0.0  0.0 33766784   4104   ??  Ss    9:01AM   0:00.03 /usr/libexec/tzd
diegocaro          832   0.0  0.1 34231352  12728   ??  Ss    9:01AM   0:00.32 /System/Library/Frameworks/Metal.framework/Versions/A/XPCServices/MTLCompilerService.xpc/Contents/MacOS/MTLCompilerService
diegocaro          831   0.0  0.0 33813720   4572   ??  S     9:01AM   0:00.06 /usr/libexec/proactiveeventtrackerd
diegocaro          829   0.0  0.3 34153164  48588   ??  S     9:00AM   0:00.26 /Library/Apple/System/Library/CoreServices/SafariSupport.bundle/Contents/MacOS/SafariBookmarksSyncAgent
diegocaro          828   0.0  0.1 34163240  19732   ??  S     9:00AM   0:00.71 /System/Library/Frameworks/CoreSpotlight.framework/CoreSpotlightService
root               813   0.0  0.0 33829588   8140   ??  Ss    8:59AM   0:01.08 /System/Library/Frameworks/AudioToolbox.framework/XPCServices/CAReportingService.xpc/Contents/MacOS/CAReportingService
diegocaro          812   0.0  0.2 33939184  25800   ??  S     8:59AM   0:42.38 /Applications/Firefox.app/Contents/MacOS/plugin-container.app/Contents/MacOS/plugin-container -parentBuildID 20230112150232 -sandboxingKind 0 -prefsLen 33893 -prefMapSize 236340 -sbStartup -sbAppPath /Applications/Firefox.app -appDir /Applications/Firefox.app/Contents/Resources/browser -profile /Users/diegocaro/Library/Application Support/Firefox/Profiles/hmig4z1v.default-release-1634876631779 {0152290d-3c93-41bf-bd64-1359dd56ac20} 755 gecko-crash-server-pipe.755 org.mozilla.machname.858823192 utility
diegocaro          811   0.0  0.1 34303832  17012   ??  S     8:59AM   0:00.42 /System/Library/CoreServices/OSDUIHelper.app/Contents/MacOS/OSDUIHelper
diegocaro          808   0.0  0.2 34287124  27480   ??  Ss    8:59AM   1:51.35 /System/Library/Frameworks/VideoToolbox.framework/Versions/A/XPCServices/VTDecoderXPCService.xpc/Contents/MacOS/VTDecoderXPCService
diegocaro          807   0.0  0.2 33897356  25916   ??  S     8:59AM   0:00.43 /Applications/Firefox.app/Contents/MacOS/plugin-container.app/Contents/MacOS/plugin-container -parentBuildID 20230112150232 -sandboxingKind 1 -prefsLen 33893 -prefMapSize 236340 -sbStartup -sbAppPath /Applications/Firefox.app -appDir /Applications/Firefox.app/Contents/Resources/browser -profile /Users/diegocaro/Library/Application Support/Firefox/Profiles/hmig4z1v.default-release-1634876631779 {71783741-0995-4b62-aa38-45c04970a4f6} 755 gecko-crash-server-pipe.755 org.mozilla.machname.1789736032 utility
diegocaro          806   0.0  0.2 34023564  27712   ??  S     8:59AM   1:58.64 /Applications/Firefox.app/Contents/MacOS/plugin-container.app/Contents/MacOS/plugin-container -parentBuildID 20230112150232 -prefsLen 33893 -prefMapSize 236340 -sbStartup -sbAppPath /Applications/Firefox.app -appDir /Applications/Firefox.app/Contents/Resources/browser -profile /Users/diegocaro/Library/Application Support/Firefox/Profiles/hmig4z1v.default-release-1634876631779 {f4b97abd-66d2-4eba-a628-b9137a3bc3fc} 755 gecko-crash-server-pipe.755 org.mozilla.machname.540005905 rdd
diegocaro          803   0.0  0.0 34240868   8160   ??  Ss    8:59AM   0:00.06 /System/Library/Frameworks/VideoToolbox.framework/Versions/A/XPCServices/VTDecoderXPCService.xpc/Contents/MacOS/VTDecoderXPCService
diegocaro          801   0.0  0.1 33833796  13952   ??  S     8:59AM   0:00.83 cloudphotod
diegocaro          800   0.0  0.0 33828860   6172   ??  S     8:59AM   0:00.20 /System/Library/PrivateFrameworks/Synapse.framework/Support/contentlinkingd
diegocaro          799   0.0  0.9 36268996 144084   ??  S     8:59AM   0:09.71 /Applications/Firefox.app/Contents/MacOS/plugin-container.app/Contents/MacOS/plugin-container -childID 6 -isForBrowser -prefsLen 33350 -prefMapSize 236340 -jsInitLen 246772 -sbStartup -sbAppPath /Applications/Firefox.app -sbLevel 3 -sbAllowAudio -parentBuildID 20230112150232 -appDir /Applications/Firefox.app/Contents/Resources/browser -profile /Users/diegocaro/Library/Application Support/Firefox/Profiles/hmig4z1v.default-release-1634876631779 {240a855e-5bb4-4e4a-9062-ce41395deada} 755 gecko-crash-server-pipe.755 org.mozilla.machname.408523045 tab
diegocaro          797   0.0  3.7 37072660 613936   ??  S     8:59AM  10:48.90 /Applications/Firefox.app/Contents/MacOS/plugin-container.app/Contents/MacOS/plugin-container -childID 4 -isForBrowser -prefsLen 33350 -prefMapSize 236340 -jsInitLen 246772 -sbStartup -sbAppPath /Applications/Firefox.app -sbLevel 3 -sbAllowAudio -parentBuildID 20230112150232 -appDir /Applications/Firefox.app/Contents/Resources/browser -profile /Users/diegocaro/Library/Application Support/Firefox/Profiles/hmig4z1v.default-release-1634876631779 {24497b60-6d38-4377-a7d5-90cd69b5ea2c} 755 gecko-crash-server-pipe.755 org.mozilla.machname.285144083 tab
diegocaro          792   0.0  0.4 36137276  64132   ??  S     8:59AM   0:01.48 /Applications/Firefox.app/Contents/MacOS/plugin-container.app/Contents/MacOS/plugin-container -childID 1 -isForBrowser -prefsLen 27892 -prefMapSize 236340 -jsInitLen 246772 -sbStartup -sbAppPath /Applications/Firefox.app -sbLevel 3 -sbAllowAudio -parentBuildID 20230112150232 -appDir /Applications/Firefox.app/Contents/Resources/browser -profile /Users/diegocaro/Library/Application Support/Firefox/Profiles/hmig4z1v.default-release-1634876631779 {eb4a04e3-a791-40e2-af7b-40a5fe684f1b} 755 gecko-crash-server-pipe.755 org.mozilla.machname.504752305 tab
diegocaro          769   0.0  0.2 33876472  25960   ??  S     8:59AM   0:00.21 /Applications/Firefox.app/Contents/MacOS/plugin-container.app/Contents/MacOS/plugin-container -parentBuildID 20230112150232 -prefsLen 27676 -prefMapSize 236340 -sbStartup -sbAppPath /Applications/Firefox.app -appDir /Applications/Firefox.app/Contents/Resources/browser -profile /Users/diegocaro/Library/Application Support/Firefox/Profiles/hmig4z1v.default-release-1634876631779 {69afc10c-7764-408c-9a54-5330f65fcd8c} 755 gecko-crash-server-pipe.755 org.mozilla.machname.337414588 socket
diegocaro          768   0.0  0.1 33830296  16636   ??  S     8:59AM   0:00.22 /System/Library/PrivateFrameworks/PhotoAnalysis.framework/Versions/A/Support/photoanalysisd
diegocaro          767   0.0  0.3 33916380  44100   ??  S     8:59AM   0:00.53 /System/Library/PrivateFrameworks/MediaAnalysis.framework/Versions/A/mediaanalysisd
_spotlight         764   0.0  0.0 33832176   6916   ??  S     8:59AM   0:00.18 /usr/libexec/trustd --agent
_spotlight         763   0.0  0.1 33840160  19116   ??  SN    8:59AM   0:01.41 /System/Library/Frameworks/CoreServices.framework/Frameworks/Metadata.framework/Versions/A/Support/mdbulkimport -s mdworker-bundle -c MDSImporterBundleFinder -m com.apple.metadata.mdbulkimport
diegocaro          762   0.0  0.0 33830616   5112   ??  S     8:59AM   0:00.10 /System/Library/CoreServices/ScopedBookmarkAgent
diegocaro          761   0.0  0.1 33829296   9520   ??  S     8:59AM   0:00.12 /System/Library/PrivateFrameworks/SocialLayer.framework/sociallayerd.app/Contents/MacOS/sociallayerd
root               759   0.0  0.0 33800896   5960   ??  Ss    8:59AM   0:00.08 /usr/libexec/dprivacyd
diegocaro          758   0.0  0.1 33976940  13896   ??  S     8:59AM   0:00.08 /System/Library/PrivateFrameworks/CoreSuggestions.framework/Versions/A/Support/reversetemplated
diegocaro          757   0.0  0.1 33830300   9504   ??  S     8:59AM   0:00.12 /System/Library/PrivateFrameworks/CoreRecents.framework/Versions/A/Support/recentsd
root               756   0.0  0.0 33758516   1864   ??  Ss    8:59AM   0:00.01 /usr/libexec/online-authd
diegocaro          712   0.0  0.1 34294316  14124   ??  Ss    8:58AM   0:00.49 /Applications/Dropbox.app/Contents/XPCServices/DropboxActivityProvider.xpc/Contents/MacOS/DropboxActivityProvider
diegocaro          710   0.0  0.1 33841904  14028   ??  S     8:58AM   0:01.03 /usr/libexec/transparencyd
diegocaro          706   0.0  0.0 33783644   7852   ??  Ss    8:58AM   0:00.10 /System/Library/PrivateFrameworks/MessagesBlastDoorSupport.framework/Versions/A/XPCServices/MessagesBlastDoorService.xpc/Contents/MacOS/MessagesBlastDoorService
diegocaro          704   0.0  0.2 33876276  28652   ??  S     8:58AM   0:09.92 /usr/libexec/searchpartyuseragent
diegocaro          701   0.0  0.0 33790440   6216   ??  Ss    8:58AM   0:00.12 /System/Library/PrivateFrameworks/IDSBlastDoorSupport.framework/Versions/A/XPCServices/IDSBlastDoorService.xpc/Contents/MacOS/IDSBlastDoorService
root               695   0.0  0.0 33757540   3828   ??  Ss    8:58AM   0:00.02 /System/Library/PrivateFrameworks/SystemAdministration.framework/XPCServices/writeconfig.xpc/Contents/MacOS/writeconfig
diegocaro          693   0.0  0.1 34323528  20024   ??  S     8:58AM   0:00.30 /System/Library/Frameworks/LocalAuthentication.framework/Support/coreautha.bundle/Contents/MacOS/coreautha
diegocaro          691   0.0  0.1 33744124  12328   ??  S     8:58AM   0:00.33 /usr/libexec/promotedcontentd
root               690   0.0  0.0 34256564   5752   ??  S     8:58AM   0:01.03 /Library/DropboxHelperTools/Dropbox_u501/dbkextd
_nsurlsessiond     689   0.0  0.0 34249548   7140   ??  Ss    8:58AM   0:00.15 /System/Library/PrivateFrameworks/StreamingZip.framework/Versions/A/XPCServices/com.apple.StreamingUnzipService.xpc/Contents/MacOS/com.apple.StreamingUnzipService
root               688   0.0  0.0 33754960   4100   ??  Ss    8:58AM   0:00.03 /System/Library/PrivateFrameworks/AppStoreDaemon.framework/Versions/A/XPCServices/com.apple.AppStoreDaemon.StorePrivilegedTaskService.xpc/Contents/MacOS/com.apple.AppStoreDaemon.StorePrivilegedTaskService
_installcoordinationd   687   0.0  0.0 33744268   4504   ??  Ss    8:58AM   0:00.04 /System/Library/PrivateFrameworks/InstallCoordination.framework/Support/installcoordinationd
root               686   0.0  0.1 33801088  12732   ??  Ss    8:58AM   0:04.37 /System/Library/PrivateFrameworks/XprotectFramework.framework/Versions/A/XPCServices/XprotectService.xpc/Contents/MacOS/XprotectService
diegocaro          684   0.0  0.3 38370652  45352   ??  Ss    8:58AM   0:00.21 /Applications/Safari.app/Contents/PlugIns/CacheDeleteExtension.appex/Contents/MacOS/CacheDeleteExtension -AppleLanguages ("en-CL", "es-CL")
diegocaro          683   0.0  0.1 33829404  11840   ??  Ss    8:58AM   0:00.03 /System/Applications/Music.app/Contents/PlugIns/MusicCacheExtension.appex/Contents/MacOS/MusicCacheExtension -AppleLanguages ("en-CL", "es-CL")
diegocaro          682   0.0  0.1 33829404  11928   ??  Ss    8:58AM   0:00.04 /System/Applications/TV.app/Contents/PlugIns/TVCacheExtension.appex/Contents/MacOS/TVCacheExtension -AppleLanguages ("en-CL", "es-CL")
root               680   0.0  0.0 33765664   4136   ??  Ss    8:58AM   0:00.02 /System/Library/PrivateFrameworks/PackageKit.framework/Resources/installd
diegocaro          679   0.0  0.0 33793092   8160   ??  S     8:58AM   0:00.08 /System/Library/PrivateFrameworks/CommerceKit.framework/Versions/A/Resources/storedownloadd
root               678   0.0  0.0 33758496   4148   ??  Ss    8:58AM   0:00.02 /System/Library/PrivateFrameworks/PackageKit.framework/Resources/system_installd
diegocaro          677   0.0  0.2 33887200  40400   ??  S     8:58AM   0:02.30 /System/Library/PrivateFrameworks/AppStoreDaemon.framework/Support/appstoreagent
diegocaro          676   0.0  0.0 33829176   4568   ??  S     8:58AM   0:00.02 /System/Library/PrivateFrameworks/GeoServices.framework/geodMachServiceBridge
root               675   0.0  0.0 33829948   4320   ??  Ss    8:58AM   0:00.05 /usr/libexec/aned
diegocaro          674   0.0  0.0 33783540   7200   ??  S     8:58AM   0:00.06 /usr/libexec/replayd
_assetcache        673   0.0  0.1 33832856   8792   ??  Ss    8:58AM   0:00.13 /System/Library/PrivateFrameworks/AssetCacheServices.framework/Versions/A/XPCServices/AssetCacheLocatorService.xpc/Contents/MacOS/AssetCacheLocatorService -d
root               672   0.0  0.0 33790212   2608   ??  Ss    8:58AM   0:00.02 /System/Library/PrivateFrameworks/CacheDelete.framework/deleted_helper
diegocaro          670   0.0  0.0 33757556   3508   ??  S     8:58AM   0:00.01 /System/Library/Frameworks/CoreServices.framework/Frameworks/Metadata.framework/Versions/A/Support/mdwrite
diegocaro          668   0.0  0.1 33840072  17216   ??  S     8:58AM   0:00.89 /System/Library/PrivateFrameworks/CacheDelete.framework/deleted
root               663   0.0  0.0 33748244   1656   ??  Ss    8:58AM   0:00.01 /usr/libexec/smd
diegocaro          640   0.0  0.1 33840568  22728   ??  SN    8:58AM   0:02.88 /System/Library/Frameworks/CoreServices.framework/Frameworks/Metadata.framework/Versions/A/Support/mdbulkimport -s mdworker-bundle -c MDSImporterBundleFinder -m com.apple.metadata.mdbulkimport
diegocaro          639   0.0  0.1 33949960  19180   ??  S     8:58AM   0:00.97 /System/Library/PrivateFrameworks/SoftwareUpdate.framework/Resources/SoftwareUpdateNotificationManager.app/Contents/MacOS/SoftwareUpdateNotificationManager
diegocaro          638   0.0  0.3 33834524  42904   ??  S     8:58AM   0:00.17 /System/Library/PrivateFrameworks/AvatarPersistence.framework/Support/avatarsd
_applepay          637   0.0  0.0 33697508   1244   ??  S     8:58AM   0:00.31 /usr/sbin/distnoted agent
diegocaro          636   0.0  0.2 34282332  39324   ??  S     8:58AM   0:00.24 /System/Library/CoreServices/UIKitSystem.app/Contents/MacOS/UIKitSystem system_app_start
diegocaro          634   0.0  0.7 72293036 124176   ??  S     8:58AM   0:00.84 /Applications/Dropbox.app/Contents/Frameworks/Dropbox Helper (Renderer).app/Contents/MacOS/Dropbox Helper (Renderer) --type=renderer --field-trial-handle=1718379636,13630346193156412841,415101620583637821,131072 --disable-features=CookiesWithoutSameSiteMustBeSecure,SameSiteByDefaultCookies,SpareRendererForSitePerProcess --lang=en-US --standard-schemes=dbx-local --secure-schemes=dbx-local --bypasscsp-schemes --cors-schemes --fetch-schemes --service-worker-schemes --streaming-schemes --app-path=/Applications/Dropbox.app/Contents/Resources/app.asar --enable-sandbox --num-raster-threads=4 --enable-zero-copy --enable-gpu-memory-buffer-compositor-resources --enable-main-frame-before-activation --renderer-client-id=5 --no-v8-untrusted-code-mitigations --shared-files --seatbelt-client=80
diegocaro          633   0.0  0.0 33829008   4972   ??  S     8:58AM   0:00.04 /usr/sbin/BTLEServerAgent
_applepay          632   0.0  0.0 33828916   5560   ??  Ss    8:58AM   0:00.07 /usr/libexec/seld
diegocaro          628   0.0  0.1 33842264  20448   ??  S     8:58AM   0:00.47 /System/Library/PrivateFrameworks/PassKitCore.framework/passd
diegocaro          624   0.0  0.2 33884324  26744   ??  S     8:58AM   0:00.94 /usr/libexec/studentd
diegocaro          616   0.0  0.1 67990608  24760   ??  S     8:58AM   0:00.11 /Applications/Dropbox.app/Contents/Frameworks/Dropbox Helper.app/Contents/MacOS/Dropbox Helper --type=utility --utility-sub-type=network.mojom.NetworkService --field-trial-handle=1718379636,13630346193156412841,415101620583637821,131072 --disable-features=CookiesWithoutSameSiteMustBeSecure,SameSiteByDefaultCookies,SpareRendererForSitePerProcess --lang=en-US --service-sandbox-type=network --standard-schemes=dbx-local --secure-schemes=dbx-local --bypasscsp-schemes --cors-schemes --fetch-schemes --service-worker-schemes --streaming-schemes --shared-files --seatbelt-client=70
diegocaro          614   0.0  0.1 34256604  18868   ??  Ss    8:58AM   0:00.11 /System/Library/Frameworks/VideoToolbox.framework/Versions/A/XPCServices/VTEncoderXPCService.xpc/Contents/MacOS/VTEncoderXPCService
diegocaro          613   0.0  0.1 34252064  12176   ??  Ss    8:58AM   0:00.11 /System/Library/Frameworks/VideoToolbox.framework/Versions/A/XPCServices/VTDecoderXPCService.xpc/Contents/MacOS/VTDecoderXPCService
diegocaro          612   0.0  0.1 33833508  10020   ??  S     8:58AM   0:00.24 /System/Library/Frameworks/ClassKit.framework/Versions/A/progressd
root               610   0.0  0.0 33783160   2136   ??  Ss    8:58AM   0:00.03 /System/Library/Frameworks/OpenGL.framework/Versions/A/Libraries/CVMServer
root               609   0.0  0.0 33767720   3612   ??  Ss    8:58AM   0:00.07 /System/Library/PrivateFrameworks/CoreSymbolication.framework/coresymbolicationd
diegocaro          606   0.0  0.0 33748068   3628   ??  S     8:58AM   0:00.02 /usr/libexec/spindump_agent
root               605   0.0  0.1 33826376  17324   ??  Ss    8:58AM   0:01.26 /usr/sbin/spindump
diegocaro          604   0.0  0.2 33932704  38464   ??  S     8:58AM   0:04.76 /System/Library/PrivateFrameworks/PhotoLibraryServices.framework/Versions/A/Support/photolibraryd
diegocaro          603   0.0  0.5 34303360  79592   ??  S     8:58AM   0:04.65 /System/Library/PrivateFrameworks/CoreSuggestions.framework/Versions/A/Support/suggestd
_driverkit         602   0.0  0.0 34124804    764   ??  Ss    8:58AM   0:00.01 /System/Library/DriverExtensions/IOUserBluetoothSerialDriver.dext/IOUserBluetoothSerialDriver com.apple.IOUserBluetoothSerialDriver 0x100000905 com.apple.IOUserBluetoothSerialDriver
root               601   0.0  0.0 33825560   4428   ??  Ss    8:58AM   0:00.04 /System/Library/PrivateFrameworks/AssetCacheServicesExtensions.framework/XPCServices/AssetCacheTetheratorService.xpc/Contents/MacOS/AssetCacheTetheratorService
_assetcache        600   0.0  0.0 33697508   1236   ??  S     8:58AM   0:00.31 /usr/sbin/distnoted agent
_assetcache        599   0.0  0.0 33831508   6740   ??  Ss    8:58AM   0:00.06 /usr/libexec/AssetCache/AssetCache
diegocaro          598   0.0  0.1 33831848   9124   ??  S     8:58AM   0:00.17 /System/Library/PrivateFrameworks/AssetCacheServices.framework/Versions/A/XPCServices/AssetCacheLocatorService.xpc/Contents/MacOS/AssetCacheLocatorService -a
diegocaro          597   0.0  0.1 33845276  17440   ??  S     8:58AM   0:01.38 /usr/libexec/swcd
_reportmemoryexception   596   0.0  0.0 33697508   1244   ??  S     8:58AM   0:00.34 /usr/sbin/distnoted agent
diegocaro          593   0.0  0.0 34188996   5000   ??  S     8:58AM   0:00.03 /usr/libexec/SidecarRelay
diegocaro          592   0.0  0.0 33775076   3876   ??  S     8:58AM   0:00.02 /System/Library/CoreServices/ReportCrash agent
root               589   0.0  0.0 33756940   2584   ??  Ss    8:58AM   0:00.01 /System/Library/CoreServices/CrashReporterSupportHelper server-init
diegocaro          588   0.0  0.0 33796868   7236   ??  S     8:58AM   0:00.03 /System/Library/PrivateFrameworks/CommunicationsFilter.framework/CMFSyncAgent
diegocaro          587   0.0  0.0 33791012   5472   ??  S     8:58AM   0:00.02 /System/Library/PrivateFrameworks/CoreFollowUp.framework/Versions/A/Support/followupd
diegocaro          586   0.0  0.0 33831264   4800   ??  Ss    8:58AM   0:00.02 /System/Library/PrivateFrameworks/Categories.framework/Versions/A/XPCServices/CategoriesService.xpc/Contents/MacOS/CategoriesService
diegocaro          585   0.0  0.1 33997828  11280   ??  S     8:58AM   0:00.12 /System/Library/PrivateFrameworks/ContextKit.framework/Versions/A/XPCServices/ContextService.xpc/Contents/MacOS/ContextService
diegocaro          584   0.0  0.0 33755976   3660   ??  S     8:58AM   0:00.02 /System/Library/PrivateFrameworks/CharacterPicker.framework/Versions/A/XPCServices/com.apple.CharacterPicker.FileService.xpc/Contents/MacOS/com.apple.CharacterPicker.FileService
diegocaro          583   0.0  0.1 33800012  16244   ??  S     8:58AM   0:01.45 /usr/libexec/findmydevice-user-agent
root               581   0.0  0.0 33829980   6168   ??  Ss    8:58AM   0:00.31 /System/Library/PrivateFrameworks/AmbientDisplay.framework/Versions/A/XPCServices/com.apple.AmbientDisplayAgent.xpc/Contents/MacOS/com.apple.AmbientDisplayAgent
root               580   0.0  0.1 33838624  11976   ??  Ss    8:58AM   0:01.99 /usr/libexec/rtcreportingd
diegocaro          579   0.0  0.1 33831000  11776   ??  S     8:58AM   0:00.64 /usr/libexec/biomesyncd
diegocaro          577   0.0  0.1 33846660  14860   ??  S     8:58AM   0:00.52 /usr/libexec/adprivacyd
diegocaro          576   0.0  0.0 33821084   4224   ??  S     8:58AM   0:00.02 /System/Library/PrivateFrameworks/NewDeviceOutreach.framework/ndoagent
diegocaro          574   0.0  0.0 33829296   8008   ??  S     8:58AM   0:00.10 /usr/libexec/diagnosticextensionsd
diegocaro          573   0.0  0.1 33943128  14812   ??  S     8:58AM   0:00.24 /System/Library/CoreServices/CoreLocationAgent.app/Contents/MacOS/CoreLocationAgent
root               572   0.0  0.0 33829596   7828   ??  Ss    8:58AM   0:00.39 /usr/libexec/wifivelocityd
diegocaro          571   0.0  0.0 33798988   3924   ??  S     8:58AM   0:00.12 /usr/libexec/WiFiVelocityAgent
root               570   0.0  0.0 33820044   8228   ??  Ss    8:58AM   0:00.03 /System/Library/PrivateFrameworks/SiriInference.framework/Support/siriinferenced
diegocaro          569   0.0  0.1 33830616  11220   ??  S     8:58AM   0:00.09 /usr/libexec/siriknowledged
diegocaro          568   0.0  0.0 33798904   3412   ??  S     8:58AM   0:00.11 /System/Library/PrivateFrameworks/MediaRemote.framework/Support/mediaremoteagent
diegocaro          567   0.0  0.1 33830324   9412   ??  Ss    8:58AM   0:00.22 /System/Library/PrivateFrameworks/CoreEmbeddedSpeechRecognition.framework/Versions/A/XPCServices/com.apple.siri.embeddedspeech.xpc/Contents/MacOS/com.apple.siri.embeddedspeech
diegocaro          566   0.0  0.1 33834096  13740   ??  S     8:58AM   0:00.30 /System/Library/PrivateFrameworks/iCloudNotification.framework/iCloudNotificationAgent
root               564   0.0  0.0 33829736   7108   ??  Ss    8:58AM   0:00.95 /usr/sbin/WirelessRadioManagerd
diegocaro          562   0.0  0.1 33873180  17784   ??  Ss    8:58AM   0:00.25 /System/Library/CoreServices/ControlStrip.app/Contents/XPCServices/com.apple.DFRSystemExtra.InputMenu.xpc/Contents/MacOS/com.apple.DFRSystemExtra.InputMenu
diegocaro          549   0.0  0.1 33838932  10072   ??  S     8:58AM   0:00.24 /usr/libexec/neagent
diegocaro          548   0.0  0.1 33944144  17320   ??  S     8:58AM   0:00.75 /System/Library/CoreServices/WiFiAgent.app/Contents/MacOS/WiFiAgent
diegocaro          546   0.0  0.1 33846532  24268   ??  S     8:58AM   0:01.25 /System/Library/PrivateFrameworks/AssistantServices.framework/Versions/A/Support/assistantd
diegocaro          545   0.0  0.0 33773828   2576   ??  Ss    8:58AM   0:00.01 /System/Library/PrivateFrameworks/login.framework/Versions/A/XPCServices/LoginUserService.xpc/Contents/MacOS/LoginUserService
diegocaro          544   0.0  0.1 34369576  15292   ??  S     8:58AM   0:00.21 /System/Library/CoreServices/CoreServicesUIAgent.app/Contents/MacOS/CoreServicesUIAgent
diegocaro          543   0.0  0.1 33838308  15500   ??  S     8:58AM   0:00.38 /usr/libexec/fmfd
diegocaro          542   0.0  0.1 33835856  10048   ??  Ss    8:58AM   0:00.09 /System/Library/PrivateFrameworks/TelephonyUtilities.framework/XPCServices/com.apple.FaceTime.FTConversationService.xpc/Contents/MacOS/com.apple.FaceTime.FTConversationService
diegocaro          541   0.0  0.1 33836352  14796   ??  S     8:58AM   0:00.40 /System/Library/PrivateFrameworks/StatusKit.framework/StatusKitAgent
diegocaro          540   0.0  0.0 33829880   4960   ??  Ss    8:58AM   0:00.13 /System/Library/Frameworks/AudioToolbox.framework/XPCServices/CarbonComponentScannerXPC.xpc/Contents/MacOS/CarbonComponentScannerXPC
diegocaro          539   0.0  0.1 34472000  22420   ??  S     8:58AM   0:00.11 /Applications/Dropbox.app/Contents/MacOS/Dropbox -type:exit-monitor -method:collectupload -python-version:3.8.12 -process-type:main -session-token:c53ad796-1c21-4950-b771-e90f147f0d78 -target-handle:506 -target-shutdown-event:4 -target-restart-event:6 -target-command-line:/Applications/Dropbox.app/Contents/MacOS/Dropbox
diegocaro          537   0.0  0.1 33836300  13732   ??  S     8:58AM   0:00.35 /System/Library/PrivateFrameworks/FamilyCircle.framework/Versions/A/Resources/familycircled
diegocaro          535   0.0  0.0 33791304   4764   ??  S     8:58AM   0:00.07 /System/Library/Frameworks/AudioToolbox.framework/AudioComponentRegistrar
diegocaro          534   0.0  0.1 34461560  19300   ??  S     8:58AM   0:00.08 /Applications/Dropbox.app/Contents/MacOS/Dropbox -type:crashpad-handler --no-upload-gzip --no-rate-limit --capture-python --no-identify-client-via-url --database=/Users/diegocaro/.dropbox/Crashpad --metrics-dir=0 --url=https://d.dropbox.com/report_crashpad_minidump --https-pin=0x23,0xf2,0xed,0xff,0x3e,0xde,0x90,0x25,0x9a,0x9e,0x30,0xf4,0xa,0xf8,0xf9,0x12,0xa5,0xe5,0xb3,0x69,0x4e,0x69,0x38,0x44,0x3,0x41,0xf6,0x6,0xe,0x1,0x4f,0xfa --https-pin=0xaf,0xf9,0x88,0x90,0x6d,0xde,0x12,0x95,0x5d,0x9b,0xeb,0xbf,0x92,0x8f,0xdc,0xc3,0x1c,0xce,0x32,0x8d,0x5b,0x93,0x84,0xf2,0x1c,0x89,0x41,0xca,0x26,0xe2,0x3,0x91 --https-pin=0x5a,0x88,0x96,0x47,0x22,0xe,0x54,0xd6,0xbd,0x8a,0x16,0x81,0x72,0x24,0x52,0xb,0xb5,0xc7,0x8e,0x58,0x98,0x4b,0xd5,0x70,0x50,0x63,0x88,0xb9,0xde,0xf,0x7,0x5f --https-pin=0xfe,0xa2,0xb7,0xd6,0x45,0xfb,0xa7,0x3d,0x75,0x3c,0x1e,0xc9,0xa7,0x87,0xc,0x40,0xe1,0xf7,0xb0,0xc5,0x61,0xe9,0x27,0xb9,0x85,0xbf,0x71,0x18,0x66,0xe3,0x6f,0x22 --https-pin=0x76,0xee,0x85,0x90,0x37,0x4c,0x71,0x54,0x37,0xbb,0xca,0x6b,0xba,0x60,0x28,0xea,0xdd,0xe2,0xdc,0x6d,0xbb,0xb8,0xc3,0xf6,0x10,0xe8,0x51,0xf1,0x1d,0x1a,0xb7,0xf5 --https-pin=0x6d,0xbf,0xae,0x0,0xd3,0x7b,0x9c,0xd7,0x3f,0x8f,0xb4,0x7d,0xe6,0x59,0x17,0xaf,0x0,0xe0,0xdd,0xdf,0x42,0xdb,0xce,0xac,0x20,0xc1,0x7c,0x2,0x75,0xee,0x20,0x95 --https-pin=0x1e,0xa3,0xc5,0xe4,0x3e,0xd6,0x6c,0x2d,0xa2,0x98,0x3a,0x42,0xa4,0xa7,0x9b,0x1e,0x90,0x67,0x86,0xce,0x9f,0x1b,0x58,0x62,0x14,0x19,0xa0,0x4,0x63,0xa8,0x7d,0x38 --https-pin=0x87,0xaf,0x34,0xd6,0x6f,0xb3,0xf2,0xfd,0xf3,0x6e,0x9,0x11,0x1e,0x9a,0xba,0x2f,0x6f,0x44,0xb2,0x7,0xf3,0x86,0x3f,0x3d,0xb,0x54,0xb2,0x50,0x23,0x90,0x9a,0xa5 --https-pin=0xbc,0xfb,0x44,0xaa,0xb9,0xad,0x2,0x10,0x15,0x70,0x6b,0x41,0x21,0xea,0x76,0x1c,0x81,0xc9,0xe8,0x89,0x67,0x59,0xf,0x6f,0x94,0xae,0x74,0x4d,0xc8,0x8b,0x78,0xfb --https-pin=0xab,0x98,0x49,0x52,0x76,0xad,0xf1,0xec,0xaf,0xf2,0x8f,0x35,0xc5,0x30,0x48,0x78,0x1e,0x5c,0x17,0x18,0xda,0xb9,0xc8,0xe6,0x7a,0x50,0x4f,0x4f,0x6a,0x51,0x32,0x8f --https-pin=0x49,0x5,0x46,0x66,0x23,0xab,0x41,0x78,0xbe,0x92,0xac,0x5c,0xbd,0x65,0x84,0xf7,0xa1,0xe1,0x7f,0x27,0x65,0x2d,0x5a,0x85,0xaf,0x89,0x50,0x4e,0xa2,0x39,0xaa,0xaa --https-pin=0x56,0x32,0xd9,0x7b,0xfa,0x77,0x5b,0xf3,0xc9,0x9d,0xde,0xa5,0x2f,0xc2,0x55,0x34,0x10,0x86,0x40,0x16,0x72,0x9c,0x52,0xdd,0x65,0x24,0xc8,0xa9,0xc3,0xb4,0x48,0x9f --https-pin=0x2a,0x8f,0x2d,0x8a,0xf0,0xeb,0x12,0x38,0x98,0xf7,0x4c,0x86,0x6a,0xc3,0xfa,0x66,0x90,0x54,0xe2,0x3c,0x17,0xbc,0x7a,0x95,0xbd,0x2,0x34,0x19,0x2d,0xc6,0x35,0xd0 --https-pin=0x32,0xb6,0x4b,0x66,0x72,0x7a,0x20,0x63,0xe4,0x6,0x6f,0x3b,0x95,0x8c,0xb0,0xaa,0xee,0x57,0x6a,0x5e,0xce,0xfd,0x95,0x33,0x99,0xbb,0x88,0x74,0x73,0x1d,0x95,0x87 --https-pin=0xf5,0x3c,0x22,0x5,0x98,0x17,0xdd,0x96,0xf4,0x0,0x65,0x16,0x39,0xd2,0xf8,0x57,0xe2,0x10,0x70,0xa5,0x9a,0xbe,0xd9,0x7,0x94,0x0,0xd9,0xf6,0x95,0x50,0x69,0x0 --https-pin=0x67,0xdc,0x4f,0x32,0xfa,0x10,0xe7,0xd0,0x1a,0x79,0xa0,0x73,0xaa,0xc,0x9e,0x2,0x12,0xec,0x2f,0xfc,0x3d,0x77,0x9e,0xa,0xa7,0xf9,0xc0,0xf0,0xe1,0xc2,0xc8,0x93 --https-pin=0x19,0x6,0xc6,0x12,0x4d,0xbb,0x43,0x85,0x78,0xd0,0xe,0x6,0x6d,0x50,0x54,0xc6,0xc3,0x7f,0xf,0xa6,0x2,0x8c,0x5,0x54,0x5e,0x9,0x94,0xed,0xda,0xec,0x86,0x29 --https-pin=0x1d,0x75,0xd0,0x83,0x1b,0x9e,0x8,0x85,0x39,0x4d,0x32,0xc7,0xa1,0xbf,0xdb,0x3d,0xbc,0x1c,0x28,0xe2,0xb0,0xe8,0x39,0x1f,0xb1,0x35,0x98,0x1d,0xbc,0x5b,0xa9,0x36 --annotation=host_int_account1_boot=13263226289 --annotation=machine_id=c97b1ce1-12c0-5c2a-93d1-9714a6892394 --annotation=platform=mac --annotation=platform_version=12.6.2 --handshake-fd=4
diegocaro          532   0.0  0.2 34408372  40460   ??  S     8:58AM   0:04.30 /System/Library/CoreServices/ControlStrip.app/Contents/MacOS/ControlStrip
diegocaro          531   0.0  0.0 33829472   5668   ??  S     8:58AM   0:00.06 /System/Library/CoreServices/APFSUserAgent
diegocaro          530   0.0  0.3 33966848  43324   ??  S     8:58AM   0:03.88 /System/Library/PrivateFrameworks/IMDPersistence.framework/XPCServices/IMDPersistenceAgent.xpc/Contents/MacOS/IMDPersistenceAgent
diegocaro          529   0.0  0.1 33836164  13744   ??  S     8:58AM   0:00.28 /System/Library/PrivateFrameworks/CallHistory.framework/Support/CallHistoryPluginHelper
diegocaro          528   0.0  0.1 33881356  18952   ??  S     8:58AM   0:00.29 /System/Library/CoreServices/TextInputSwitcher.app/Contents/MacOS/TextInputSwitcher
diegocaro          527   0.0  0.1 34020612  22328   ??  Ss    8:58AM   0:00.54 /Applications/Dropbox.app/Contents/PlugIns/garcon.appex/Contents/MacOS/garcon -AppleLanguages ("en-CL", "es-CL")
diegocaro          524   0.0  0.1 33845448  23056   ??  S     8:58AM   0:01.20 /System/Library/Frameworks/CoreTelephony.framework/Support/CommCenter -L
diegocaro          522   0.0  0.1 33833692  15240   ??  S     8:58AM   0:00.62 /System/Library/PrivateFrameworks/AppleMediaServices.framework/Resources/amsaccountsd
diegocaro          520   0.0  0.1 34395788  20924   ??  S     8:58AM   0:00.82 /System/Library/CoreServices/TextInputMenuAgent.app/Contents/MacOS/TextInputMenuAgent
diegocaro          519   0.0  0.0 33830380   7976   ??  S     8:58AM   0:00.48 /System/Library/CoreServices/diagnostics_agent
diegocaro          518   0.0  0.1 33831504  19192   ??  S     8:58AM   0:00.58 /System/Library/CoreServices/cloudpaird
diegocaro          516   0.0  0.1 33842052  22584   ??  S     8:58AM   0:01.45 /System/Library/PrivateFrameworks/IMCore.framework/imagent.app/Contents/MacOS/imagent
diegocaro          515   0.0  0.1 34293792  13656   ??  S     8:58AM   0:00.19 /System/Library/CoreServices/AirPlayUIAgent.app/Contents/MacOS/AirPlayUIAgent --launchd
diegocaro          513   0.0  0.1 33833996  13116   ??  S     8:58AM   0:00.45 /System/Library/PrivateFrameworks/AskPermission.framework/Versions/A/Resources/askpermissiond
diegocaro          512   0.0  0.0 33829572   7868   ??  S     8:58AM   0:00.34 /System/Library/Image Capture/Support/icdd
diegocaro          509   0.0  0.1 33838228  24868   ??  S     8:58AM   0:01.09 /usr/libexec/routined LAUNCHED_BY_LAUNCHD
diegocaro          508   0.0  0.1 33840356  13200   ??  S     8:58AM   0:00.55 /System/Library/PrivateFrameworks/CoreSpeech.framework/corespeechd
root               507   0.0  0.0 33836976   7016   ??  Ss    8:58AM   0:00.19 /usr/sbin/systemsoundserverd
diegocaro          505   0.0  0.1 34288728  16640   ??  S     8:58AM   0:00.19 /usr/libexec/avconferenced
diegocaro          504   0.0  0.2 33842812  29372   ??  S     8:58AM   0:01.37 /System/Library/PrivateFrameworks/TelephonyUtilities.framework/callservicesd
diegocaro          503   0.0  0.1 33829956   8484   ??  S     8:58AM   0:00.20 /System/Library/Frameworks/LocalAuthentication.framework/Support/coreauthd
diegocaro          502   0.0  0.1 33837828  24672   ??  Ss    8:58AM   0:01.40 /System/Library/PrivateFrameworks/CalendarNotification.framework/Versions/A/XPCServices/CalNCService.xpc/Contents/MacOS/CalNCService
diegocaro          501   0.0  0.1 33842888  20676   ??  S     8:58AM   0:07.00 /usr/libexec/networkserviceproxy
diegocaro          500   0.0  0.2 34320212  39692   ??  Ss    8:58AM   0:00.87 /System/Library/CoreServices/Dock.app/Contents/XPCServices/com.apple.dock.extra.xpc/Contents/MacOS/com.apple.dock.extra
diegocaro          499   0.0  0.2 36563316  32572   ??  S     8:58AM   0:01.12 /System/Library/Frameworks/CoreServices.framework/Frameworks/Metadata.framework/Versions/A/Support/corespotlightd
diegocaro          497   0.0  0.0 33817904   5980   ??  S     8:58AM   0:00.02 /System/Library/CoreServices/Menu Extras/SafeEjectGPUExtra.menu/Contents/XPCServices/SafeEjectGPUService.xpc/Contents/MacOS/SafeEjectGPUService
diegocaro          496   0.0  0.0 34162980   3476   ??  S     8:58AM   0:00.01 SafeEjectGPUAgent
diegocaro          495   0.0  0.1 33858228  13396   ??  Ss    8:58AM   0:00.78 /System/Library/Input Methods/PressAndHold.app/Contents/PlugIns/PAH_Extension.appex/Contents/MacOS/PAH_Extension -AppleLanguages ("en-CL", "es-CL")
diegocaro          494   0.0  0.1 33831204   9656   ??  S     8:58AM   0:00.11 /System/Library/Frameworks/InputMethodKit.framework/Resources/imklaunchagent
diegocaro          493   0.0  0.0 33799904   8084   ??  S     8:58AM   0:00.07 /System/Library/Frameworks/Security.framework/Versions/A/Resources/CloudKeychainProxy.bundle/Contents/MacOS/CloudKeychainProxy
diegocaro          492   0.0  0.1 33830068   9972   ??  S     8:58AM   0:00.10 /System/Library/PrivateFrameworks/ProtectedCloudStorage.framework/Helpers/ProtectedCloudKeySyncing
diegocaro          491   0.0  0.0 33798904   6228   ??  S     8:58AM   0:00.09 /System/Library/PrivateFrameworks/CoreCDP.framework/Versions/A/Resources/cdpd
diegocaro          489   0.0  0.1 33867408  18408   ??  S     8:58AM   0:00.26 /System/Library/CoreServices/Keychain Circle Notification.app/Contents/MacOS/Keychain Circle Notification
diegocaro          488   0.0  0.1 33836544  15812   ??  S     8:58AM   0:00.31 /System/Library/PrivateFrameworks/ScreenTimeCore.framework/Versions/A/ScreenTimeAgent
diegocaro          487   0.0  0.1 33839020  11952   ??  Ss    8:58AM   0:00.91 /System/Library/PrivateFrameworks/CloudDocsDaemon.framework/XPCServices/ContainerMetadataExtractor.xpc/Contents/MacOS/ContainerMetadataExtractor
diegocaro          486   0.0  0.1 33950864  17348   ??  S     8:58AM   0:00.51 /System/Library/PreferencePanes/Displays.prefPane/Contents/Resources/MirrorDisplays.app/Contents/MacOS/MirrorDisplays
diegocaro          485   0.0  0.1 33842664  16952   ??  S     8:58AM   0:01.02 /System/Library/PrivateFrameworks/GeoServices.framework/Versions/A/XPCServices/com.apple.geod.xpc/Contents/MacOS/com.apple.geod
_ctkd              484   0.0  0.0 33791384   2788   ??  Ss    8:58AM   0:00.04 /System/Library/Frameworks/CryptoTokenKit.framework/ctkd -s
diegocaro          483   0.0  0.1 33829560  10896   ??  S     8:58AM   0:00.69 /System/Library/Frameworks/Contacts.framework/Support/contactsd
diegocaro          482   0.0  0.1 33835968  18080   ??  S     8:58AM   0:00.60 /System/Library/PrivateFrameworks/CommerceKit.framework/Versions/A/Resources/commerce
diegocaro          481   0.0  0.1 33829968   9024   ??  S     8:58AM   0:00.96 /usr/libexec/triald
diegocaro          480   0.0  0.0 33829780   4968   ??  S     8:58AM   0:00.10 /System/Library/CoreServices/pbs
diegocaro          478   0.0  0.1 34364176  16360   ??  S     8:58AM   0:00.32 /System/Library/Frameworks/QuickLookThumbnailing.framework/Support/com.apple.quicklook.ThumbnailsAgent
diegocaro          476   0.0  0.1 33836988  17564   ??  S     8:58AM   0:00.48 /System/Library/PrivateFrameworks/CoreParsec.framework/parsecd
diegocaro          475   0.0  0.0 33829592   5892   ??  S     8:58AM   0:00.22 /System/Library/Frameworks/CryptoTokenKit.framework/ctkd -tw
diegocaro          474   0.0  0.2 33844996  31588   ??  S     8:58AM   0:06.37 /usr/libexec/sharingd
diegocaro          473   0.0  0.0 33790860   3868   ??  S     8:58AM   0:00.05 /System/Library/Frameworks/CryptoTokenKit.framework/ctkahp.bundle/Contents/MacOS/ctkahp
diegocaro          472   0.0  0.2 34441696  35104   ??  S     8:58AM   0:00.90 /System/Library/CoreServices/Spotlight.app/Contents/MacOS/Spotlight
root               471   0.0  0.0 33799020   3448   ??  Ss    8:58AM   0:00.05 /System/Library/Frameworks/CryptoTokenKit.framework/ctkahp.bundle/Contents/MacOS/ctkahp -d
diegocaro          470   0.0  0.0 33830412   7204   ??  S     8:58AM   0:01.13 /System/Library/PrivateFrameworks/UserActivity.framework/Agents/useractivityd
diegocaro          467   0.0  0.0 33799432   3352   ??  S     8:58AM   0:00.12 /System/Library/PrivateFrameworks/BiomeStreams.framework/Support/BiomeAgent
diegocaro          466   0.0  0.1 33926612  19284   ??  S     8:58AM   0:00.72 /System/Library/CoreServices/iconservicesagent
diegocaro          465   0.0  0.1 33854840  16592   ??  S     8:58AM   0:03.80 /usr/libexec/nsurlsessiond
diegocaro          464   0.0  0.2 33855192  27504   ??  S     8:58AM   0:01.75 /System/Library/PrivateFrameworks/SyncedDefaults.framework/Support/syncdefaultsd
diegocaro          462   0.0  0.1 33846212  13384   ??  S     8:58AM   0:00.36 /System/Library/PrivateFrameworks/FileProvider.framework/Support/fileproviderd
diegocaro          461   0.0  0.1 33837888   8944   ??  S     8:58AM   0:00.08 /System/Library/PrivateFrameworks/AMPDevices.framework/Versions/A/Support/AMPDeviceDiscoveryAgent --launchd
root               458   0.0  0.0 33800588   4364   ??  Ss    8:58AM   0:00.03 automountd
diegocaro          457   0.0  0.0 33799528   3468   ??  S     8:58AM   0:01.38 /System/Library/Frameworks/ApplicationServices.framework/Versions/A/Frameworks/HIServices.framework/Versions/A/XPCServices/com.apple.hiservices-xpcservice.xpc/Contents/MacOS/com.apple.hiservices-xpcservice
diegocaro          456   0.0  0.2 34429152  37548   ??  S     8:58AM   0:01.46 /System/Library/CoreServices/NotificationCenter.app/Contents/MacOS/NotificationCenter
diegocaro          455   0.0  0.1 33847792  24732   ??  S     8:58AM   0:01.00 /System/Library/PrivateFrameworks/DoNotDisturbServer.framework/Support/donotdisturbd
diegocaro          454   0.0  0.1 33840724  11432   ??  S     8:58AM   0:01.06 /System/Library/CoreServices/sharedfilelistd
diegocaro          453   0.0  0.0 33830096   7772   ??  S     8:58AM   0:00.08 /System/Library/PrivateFrameworks/UsageTracking.framework/Versions/A/UsageTrackingAgent
diegocaro          452   0.0  0.2 34101420  33676   ??  S     8:58AM   0:02.26 /System/Library/PrivateFrameworks/AppleMediaServicesUI.framework/amsengagementd
diegocaro          450   0.0  0.1 33835056  10128   ??  S     8:58AM   0:00.30 /usr/libexec/dmd
diegocaro          449   0.0  0.2 33843344  36108   ??  S     8:58AM   0:01.98 /System/Library/PrivateFrameworks/HomeKitDaemon.framework/Support/homed
diegocaro          448   0.0  0.3 33860788  52612   ??  S     8:58AM   0:07.70 /System/Library/PrivateFrameworks/CalendarAgent.framework/Executables/CalendarAgent
diegocaro          447   0.0  0.1 33829524  19804   ??  S     8:58AM   0:01.01 /usr/libexec/containermanagerd --runmode=agent --bundle-container-mode=global --bundle-container-owner=_appinstalld --system-container-mode=none
diegocaro          446   0.0  0.1 33841696  17884   ??  S     8:58AM   0:00.76 /usr/sbin/usernoted
diegocaro          445   0.0  0.1 33852816   8824   ??  S     8:58AM   0:00.80 /System/Library/Frameworks/ApplicationServices.framework/Versions/A/Frameworks/ATS.framework/Versions/A/Support/fontworker
diegocaro          444   0.0  0.1 33842336  22852   ??  S     8:58AM   0:03.14 /System/Library/PrivateFrameworks/CloudDocsDaemon.framework/Versions/A/Support/bird
diegocaro          443   0.0  0.1 33844296  17564   ??  S     8:58AM   0:00.66 /System/Library/PrivateFrameworks/VoiceShortcuts.framework/Versions/A/Support/siriactionsd
root               442   0.0  0.0 33809692   8092   ??  Ss    8:58AM   0:00.11 /usr/sbin/filecoordinationd
diegocaro          441   0.0  0.2 33863676  29668   ??  S     8:58AM   0:03.11 /System/Library/PrivateFrameworks/IDS.framework/identityservicesd.app/Contents/MacOS/identityservicesd
diegocaro          440   0.0  0.1 34371748  18904   ??  S     8:58AM   0:00.26 /System/Library/PrivateFrameworks/AppSSO.framework/Support/AppSSOAgent.app/Contents/MacOS/AppSSOAgent
diegocaro          439   0.0  0.2 33854872  29316   ??  S     8:58AM   0:07.92 /System/Library/PrivateFrameworks/CloudKitDaemon.framework/Support/cloudd
diegocaro          438   0.0  0.0 33830324   7948   ??  S     8:58AM   0:00.26 /usr/libexec/secinitd
diegocaro          437   0.0  0.1 33839268  15512   ??  S     8:58AM   0:01.19 /usr/libexec/pkd
diegocaro          436   0.0  0.1 34273500  14596   ??  Ss    8:58AM   0:00.32 /System/Library/Frameworks/QuickLookUI.framework/Versions/A/XPCServices/QuickLookUIService.xpc/Contents/MacOS/QuickLookUIService
diegocaro          435   0.0  0.1 33837192  13780   ??  S     8:58AM   0:00.55 /System/Library/PrivateFrameworks/AuthKit.framework/Versions/A/Support/akd
diegocaro          434   0.0  0.1 33831012  13840   ??  S     8:58AM   0:01.35 /System/Library/Frameworks/ApplicationServices.framework/Frameworks/ATS.framework/Support/fontd
diegocaro          433   0.0  0.1 33830116  17872   ??  S     8:58AM   0:01.58 /usr/libexec/rapportd
diegocaro          432   0.0  0.1 33831092  10020   ??  S     8:58AM   0:03.19 /System/Library/PrivateFrameworks/ViewBridge.framework/Versions/A/XPCServices/ViewBridgeAuxiliary.xpc/Contents/MacOS/ViewBridgeAuxiliary
diegocaro          431   0.0  0.0 33801468   5568   ??  S     8:58AM   0:00.39 /usr/libexec/pboard
diegocaro          430   0.0  0.0 33830540   8240   ??  S     8:58AM   0:00.08 /System/Library/CoreServices/backgroundtaskmanagementagent
diegocaro          428   0.0  0.1 33840944  23628   ??  S     8:58AM   0:01.98 /System/Library/Frameworks/Security.framework/Versions/A/XPCServices/TrustedPeersHelper.xpc/Contents/MacOS/TrustedPeersHelper
diegocaro          427   0.0  0.3 33998808  42104   ??  S     8:58AM   0:04.09 /System/Library/Frameworks/Accounts.framework/Versions/A/Support/accountsd
diegocaro          426   0.0  0.0 33799428   2260   ??  S     8:58AM   0:00.01 /System/Library/Frameworks/CoreServices.framework/Versions/A/Frameworks/CarbonCore.framework/Versions/A/XPCServices/csnameddatad.xpc/Contents/MacOS/csnameddatad
diegocaro          425   0.0  0.1 33877888  17868   ??  S     8:58AM   0:00.40 /System/Library/CoreServices/PowerChime.app/Contents/MacOS/PowerChime
diegocaro          423   0.0  0.3 33856116  45760   ??  S     8:58AM   0:10.74 /usr/libexec/secd
diegocaro          420   0.0  0.2 33880500  30880   ??  S     8:58AM   0:00.69 /System/Library/PrivateFrameworks/iTunesCloud.framework/Support/itunescloudd
diegocaro          418   0.0  0.1 33840344  11448   ??  S     8:58AM   0:01.63 /System/Library/PrivateFrameworks/TCC.framework/Support/tccd
diegocaro          417   0.0  0.2 34392624  27852   ??  S     8:58AM   0:00.61 /System/Library/CoreServices/SystemUIServer.app/Contents/MacOS/SystemUIServer
diegocaro          416   0.0  0.3 34451788  53732   ??  S     8:58AM   0:05.38 /System/Library/CoreServices/ControlCenter.app/Contents/MacOS/ControlCenter
diegocaro          415   0.0  0.4 34344812  66436   ??  S     8:58AM   0:05.34 /System/Library/CoreServices/Dock.app/Contents/MacOS/Dock
diegocaro          414   0.0  0.1 33867784  14984   ??  S     8:58AM   0:00.24 /System/Library/CoreServices/talagent
diegocaro          413   0.0  0.1 33839456  13172   ??  S     8:58AM   0:01.28 /usr/libexec/lsd
diegocaro          412   0.0  0.2 33843096  33012   ??  S     8:58AM   0:01.78 /usr/libexec/knowledge-agent
diegocaro          411   0.0  0.1 34273268  12512   ??  S     8:58AM   0:00.74 /usr/sbin/universalaccessd launchd -s
diegocaro          410   0.0  0.1 33842856  13664   ??  S     8:58AM   0:00.48 /System/Library/PrivateFrameworks/CloudServices.framework/Helpers/com.apple.sbd
_gamecontrollerd   408   0.0  0.0 33829324   7064   ??  Ss    8:58AM   0:01.00 /usr/libexec/gamecontrollerd
diegocaro          407   0.0  0.1 33832244  15984   ??  S     8:58AM   0:01.58 /usr/libexec/UserEventAgent (Aqua)
_netbios           406   0.0  0.0 33799800   4788   ??  SNs   8:58AM   0:00.14 /usr/sbin/netbiosd
root               405   0.0  0.0 33754456   1948   ??  Ss    8:58AM   0:00.02 /usr/libexec/securityd_service
root               401   0.0  0.1 33829844   8592   ??  Ss    8:58AM   0:00.12 /System/Library/Frameworks/LocalAuthentication.framework/Support/coreauthd
_appleevents       397   0.0  0.0 33697508   1236   ??  S     8:58AM   0:00.36 /usr/sbin/distnoted agent
root               395   0.0  0.0 33759664   5072   ??  Ss    8:58AM   0:00.04 /System/Library/Frameworks/GSS.framework/Helpers/GSSCred
root               392   0.0  0.0 33764648   2732   ??  Ss    8:58AM   0:00.02 /System/Library/PrivateFrameworks/AccountPolicy.framework/XPCServices/com.apple.AccountPolicyHelper.xpc/Contents/MacOS/com.apple.AccountPolicyHelper
_captiveagent      391   0.0  0.0 33800168   3792   ??  Ss    8:58AM   0:00.06 /usr/libexec/captiveagent
_fpsd              390   0.0  0.0 33801300   4164   ??  Ss    8:58AM   0:00.28 /System/Library/PrivateFrameworks/CoreADI.framework/adid
root               388   0.0  0.0 33763100   4860   ??  Ss    8:58AM   0:00.04 /usr/libexec/bootinstalld
root               387   0.0  0.0 33831036   4716   ??  S     8:58AM   0:00.17 /usr/sbin/systemstats --logger-helper /private/var/db/systemstats
root               386   0.0  0.1 33830356   8844   ??  S     8:58AM   0:02.14 /System/Library/PrivateFrameworks/ViewBridge.framework/Versions/A/XPCServices/ViewBridgeAuxiliary.xpc/Contents/MacOS/ViewBridgeAuxiliary
root               385   0.0  0.0 33833656   6488   ??  Ss    8:58AM   0:00.10 /usr/libexec/symptomsd-diag
root               384   0.0  0.0 33758176   2276   ??  Ss    8:58AM   0:01.25 /usr/libexec/sysmond
root               383   0.0  0.1 33833344  10468   ??  Ss    8:58AM   0:00.21 /System/Library/PrivateFrameworks/AuthKit.framework/Versions/A/Support/akd
_appleevents       372   0.0  0.0 33829988   6300   ??  Ss    8:58AM   0:00.14 /System/Library/CoreServices/appleeventsd --server
root               371   0.0  0.0 33798908   3380   ??  Ss    8:58AM   0:00.03 /usr/libexec/colorsyncd
root               370   0.0  0.0 33799212   4368   ??  Ss    8:58AM   0:00.05 /usr/libexec/colorsync.displayservices
_applepay          367   0.0  0.0 33826664   7480   ??  Ss    8:58AM   0:00.20 /usr/libexec/nfcd
root               366   0.0  0.0 33828984   3828   ??  Ss    8:58AM   0:00.04 /usr/libexec/biokitaggdd
root               365   0.0  0.0 33754064   2760   ??  Ss    8:58AM   0:00.01 /usr/sbin/BlueTool -R
root               364   0.0  0.0 33788760   4124   ??  Ss    8:58AM   0:00.04 /usr/libexec/secinitd
_windowserver      363   0.0  0.0 33697508   1236   ??  S     8:58AM   0:00.37 /usr/sbin/distnoted agent
_hidd              361   0.0  0.0 33790728   2536   ??  Ss    8:58AM   0:00.12 /usr/libexec/hidd
root               359   0.0  0.0 33702680   2976   ??  Ss    8:58AM   0:00.02 /usr/libexec/thermald
root               356   0.0  0.0 33786096   7264   ??  Ss    8:58AM   0:00.05 /usr/libexec/wifip2pd
root               355   0.0  0.1 33831764  17636   ??  Ss    8:58AM   0:01.16 /usr/libexec/wifianalyticsd
_spotlight         352   0.0  0.0 33697508   1236   ??  S     8:58AM   0:00.39 /usr/sbin/distnoted agent
_fud               349   0.0  0.0 33697508   1244   ??  S     8:58AM   0:00.42 /usr/sbin/distnoted agent
root               343   0.0  0.0 33727944   5652   ??  Ss    8:58AM   0:00.01 /System/Library/PrivateFrameworks/WiFiPolicy.framework/XPCServices/WiFiCloudAssetsXPCService.xpc/Contents/MacOS/WiFiCloudAssetsXPCService
root               340   0.0  0.0 33829696   6148   ??  Ss    8:58AM   0:01.54 /System/Library/CoreServices/backupd.bundle/Contents/Resources/backupd-helper -launchd
root               335   0.0  0.1 33830332   9144   ??  Ss    8:58AM   0:00.41 /usr/libexec/biometrickitd --launchd
root               334   0.0  0.0 33795304   4192   ??  Ss    8:58AM   0:00.17 /usr/libexec/mobileactivationd
root               333   0.0  0.0 33838916   5956   ??  Ss    8:58AM   0:00.20 /System/Library/CoreServices/SubmitDiagInfo server-init
root               332   0.0  0.0 33800396   5792   ??  Ss    8:58AM   0:00.02 /System/Library/CoreServices/Software Update.app/Contents/Resources/suhelperd
_softwareupdate    331   0.0  0.0 33750340   1916   ??  Ss    8:58AM   0:00.01 /System/Library/PrivateFrameworks/BridgeOSSoftwareUpdate.framework/Support/bosUpdateProxy
root               330   0.0  0.0 33784336   3120   ??  Ss    8:58AM   0:00.12 /System/Library/PrivateFrameworks/CoreKDL.framework/Support/corekdld
_nsurlsessiond     329   0.0  0.0 33697508   1236   ??  S     8:58AM   0:00.44 /usr/sbin/distnoted agent
root               328   0.0  0.1 33853084  12808   ??  Ss    8:58AM   0:00.36 /usr/libexec/searchpartyd
_coreaudiod        326   0.0  0.0 33729796   1972   ??  Ss    8:58AM   0:00.01 /System/Library/Frameworks/CoreAudio.framework/Versions/A/XPCServices/com.apple.audio.DriverHelper.xpc/Contents/MacOS/com.apple.audio.DriverHelper
_cmiodalassistants   325   0.0  0.0 33831068   6280   ??  Ss    8:58AM   0:01.08 /System/Library/Frameworks/CoreMediaIO.framework/Versions/A/Resources/UVCAssistant.systemextension/Contents/MacOS/UVCAssistant
_coreaudiod        324   0.0  0.0 33738312   5996   ??  Ss    8:58AM   0:00.03 /System/Library/Frameworks/AudioToolbox.framework/XPCServices/com.apple.audio.SandboxHelper.xpc/Contents/MacOS/com.apple.audio.SandboxHelper
_locationd         323   0.0  0.0 33821332   4588   ??  S     8:58AM   0:00.04 /usr/libexec/containermanagerd --runmode=agent --bundle-container-mode=global --bundle-container-owner=_appinstalld --system-container-mode=none
root               322   0.0  0.0 33783104   4328   ??  Ss    8:58AM   0:00.04 /System/Library/Frameworks/AudioToolbox.framework/AudioComponentRegistrar -daemon
_locationd         321   0.0  0.0 33832376   7512   ??  S     8:58AM   0:00.12 /usr/libexec/trustd --agent
_locationd         320   0.0  0.0 33750292   1540   ??  S     8:58AM   0:00.01 /usr/sbin/cfprefsd agent
_softwareupdate    319   0.0  0.0 33697508   1252   ??  S     8:58AM   0:00.44 /usr/sbin/distnoted agent
root               318   0.0  0.0 33814032   4968   ??  Ss    8:58AM   0:00.07 /System/Library/PrivateFrameworks/MobileSoftwareUpdate.framework/Versions/A/XPCServices/com.apple.MobileSoftwareUpdate.CleanupPreparePathService.xpc/Contents/MacOS/com.apple.MobileSoftwareUpdate.CleanupPreparePathService
_locationd         317   0.0  0.0 33813352   4068   ??  S     8:58AM   0:00.04 /usr/libexec/secinitd
_locationd         316   0.0  0.0 33697508   1308   ??  S     8:58AM   0:00.53 /usr/sbin/distnoted agent
_locationd         315   0.0  0.1 33838664  14620   ??  S     8:58AM   0:00.46 /System/Library/PrivateFrameworks/GeoServices.framework/Versions/A/XPCServices/com.apple.geod.xpc/Contents/MacOS/com.apple.geod
_coreaudiod        314   0.0  0.0 33830596   5040   ??  Ss    8:58AM   0:00.76 Core Audio Driver (MSTeamsAudioDevice.driver)
root               312   0.0  0.0 33829508   5212   ??  Ss    8:58AM   0:00.08 /usr/libexec/containermanagerd --runmode=agent --bundle-container-mode=global --bundle-container-owner=_appinstalld --system-container-mode=none
root               291   0.0  0.0 33737988   1892   ??  S     8:58AM   0:00.01 /System/Library/Frameworks/CoreServices.framework/Versions/A/Frameworks/CarbonCore.framework/Versions/A/XPCServices/csnameddatad.xpc/Contents/MacOS/csnameddatad
root               290   0.0  0.0 33790716   3380   ??  Ss    8:58AM   0:00.04 /System/Library/PrivateFrameworks/SystemStatusServer.framework/Support/systemstatusd
_coreaudiod        288   0.0  0.0 33697508   1236   ??  S     8:58AM   0:00.43 /usr/sbin/distnoted agent
root               285   0.0  0.0 33799432   3924   ??  Ss    8:58AM   0:00.29 /System/Library/Frameworks/Security.framework/Versions/A/XPCServices/com.apple.CodeSigningHelper.xpc/Contents/MacOS/com.apple.CodeSigningHelper
root               284   0.0  0.0 33830356   6768   ??  Ss    8:58AM   0:05.23 /usr/libexec/ApplicationFirewall/socketfilterfw
root               283   0.0  0.0 33830372   5504   ??  Ss    8:58AM   0:00.06 /System/Library/PrivateFrameworks/WirelessDiagnostics.framework/Support/awdd
_cmiodalassistants   279   0.0  0.0 33831172   5164   ??  Ss    8:58AM   0:00.09 /System/Library/Frameworks/CoreMediaIO.framework/Resources/VDC.plugin/Contents/Resources/VDCAssistant
_softwareupdate    278   0.0  0.4 34098564  71244   ??  Ss    8:58AM   0:07.94 /System/Library/CoreServices/Software Update.app/Contents/Resources/softwareupdated
root               277   0.0  0.0 33828628   4284   ??  Ss    8:58AM   0:00.14 /usr/libexec/usbd
root               276   0.0  0.1 33841688  21968   ??  Ss    8:58AM   0:12.30 /usr/libexec/airportd
root               275   0.0  0.0 33792664   5772   ??  Ss    8:58AM   0:00.10 /System/Library/CoreServices/backupd.bundle/Contents/Resources/backupd
root               274   0.0  0.1 33804924   8484   ??  Ss    8:58AM   0:00.23 /usr/libexec/diskmanagementd
root               273   0.0  0.0 33798972   3752   ??  Ss    8:58AM   0:00.09 /usr/libexec/apfsd
root               272   0.0  0.1 33839480  15312   ??  Ss    8:58AM   0:01.35 /usr/libexec/lsd runAsRoot
_nsurlsessiond     271   0.0  0.1 33841768  13388   ??  Ss    8:58AM   0:01.55 /usr/libexec/nsurlsessiond --privileged
root               264   0.0  0.0 33765148   3064   ??  Ss    8:58AM   0:00.02 /System/Library/CryptoTokenKit/com.apple.ifdreader.slotd/Contents/MacOS/com.apple.ifdreader
root               259   0.0  0.0 33740696   1752   ??  Ss    8:58AM   0:00.02 /usr/libexec/multiversed
root               253   0.0  0.0 33821668   5864   ??  Ss    8:58AM   0:00.72 /usr/sbin/mDNSResponderHelper
root               251   0.0  0.0 33757524   1976   ??  Ss    8:58AM   0:00.01 /System/Library/Frameworks/NetFS.framework/Versions/A/XPCServices/PlugInLibraryService.xpc/Contents/MacOS/PlugInLibraryService
root               246   0.0  0.0 33829904   4712   ??  Ss    8:58AM   0:00.05 /System/Library/Frameworks/SystemExtensions.framework/Versions/A/Helpers/sysextd
_cmiodalassistants   240   0.0  0.0 33697508   1244   ??  S     8:58AM   0:00.43 /usr/sbin/distnoted agent
_mdnsresponder     235   0.0  0.1 33843500  14840   ??  Ss    8:58AM   0:09.57 /usr/sbin/mDNSResponder
root               223   0.0  0.2 33839136  27672   ??  Ss    8:58AM   0:10.78 /usr/libexec/mobileassetd
root               215   0.0  0.1 33832572  14136   ??  Ss    8:58AM   0:00.32 /usr/libexec/findmydeviced
root               210   0.0  0.0 33758184   2004   ??  Ss    8:58AM   0:00.17 /usr/libexec/logd_helper
_networkd          207   0.0  0.1 33844584  13652   ??  Ss    8:58AM   0:03.64 /usr/libexec/symptomsd
root               206   0.0  0.1 33829356   9180   ??  Ss    8:58AM   0:00.57 /usr/libexec/nehelper
_coreaudiod        204   0.0  0.2 33861988  35280   ??  Ss    8:58AM   3:38.76 /usr/sbin/coreaudiod
root               197   0.0  0.0 33697508   1340   ??  S     8:58AM   0:00.52 /usr/sbin/distnoted agent
root              8651   0.0  0.0 34123348   1180 s001  R+   12:17AM   0:00.00 ps aux
root               187   0.0  0.0 33831116   7844   ??  Ss    8:58AM   0:00.36 /System/Library/Frameworks/Security.framework/Versions/A/XPCServices/authd.xpc/Contents/MacOS/authd
root               184   0.0  0.0 33812736   5672   ??  Ss    8:58AM   0:00.29 /System/Library/CoreServices/coreservicesd
root               182   0.0  0.1 33832112  19364   ??  Ss    8:58AM   0:00.64 /usr/libexec/PowerUIAgent
_trustd            180   0.0  0.1 33835412  14512   ??  Ss    8:58AM   0:07.63 /usr/libexec/trustd
diegocaro          179   0.0  0.3 34462660  52664   ??  Ss    8:58AM   0:03.72 /System/Library/CoreServices/loginwindow.app/Contents/MacOS/loginwindow console
_analyticsd        178   0.0  0.1 33838348  19092   ??  Ss    8:58AM   0:02.53 /System/Library/PrivateFrameworks/CoreAnalytics.framework/Support/analyticsd
root               175   0.0  0.0 33773560   1176   ??  Ss    8:58AM   0:00.02 aslmanager
root               174   0.0  0.1 33840316  13004   ??  Ss    8:58AM   0:03.05 /System/Library/PrivateFrameworks/TCC.framework/Support/tccd system
root               172   0.0  0.0 33799632   5556   ??  Ss    8:58AM   0:04.31 /usr/sbin/cfprefsd daemon
root               170   0.0  0.0 33829804   6308   ??  Ss    8:58AM   0:00.53 /usr/libexec/amfid
root               169   0.0  0.0 33798988   3544   ??  Ss    8:58AM   0:00.05 /System/Library/Frameworks/CoreMediaIO.framework/Versions/A/Resources/com.apple.cmio.registerassistantservice
root               168   0.0  0.1 33830852   8916   ??  Ss    8:58AM   0:01.28 /usr/libexec/AirPlayXPCHelper
root               167   0.0  0.1 33829876   9640   ??  Ss    8:58AM   0:01.29 /usr/libexec/corebrightnessd --launchd
root               166   0.0  0.0 33831492   7936   ??  Ss    8:58AM   0:00.27 /usr/libexec/sandboxd
root               162   0.0  0.0 33750292   1672   ??  Ss    8:58AM   0:00.01 /usr/sbin/KernelEventAgent
root               161   0.0  0.0 33830472   5216   ??  Ss    8:58AM   0:00.09 /System/Library/PrivateFrameworks/GenerationalStorage.framework/Versions/A/Support/revisiond
root               160   0.0  0.0 33798968   4388   ??  Ss    8:58AM   0:00.07 /System/Library/CoreServices/logind
root               158   0.0  0.1 33842980  23072   ??  Ss    8:58AM   0:13.98 /usr/libexec/PerfPowerServices
root               157   0.0  0.0 33766820   2696   ??  Ss    8:58AM   0:00.05 /System/Library/PrivateFrameworks/AppleCredentialManager.framework/AppleCredentialManagerDaemon
_distnote          156   0.0  0.0 33697508   1900   ??  Ss    8:58AM   0:03.72 /usr/sbin/distnoted daemon
root               154   0.0  0.1 33835600  13500   ??  Ss    8:58AM   0:06.07 /usr/libexec/dasd
_displaypolicyd    153   0.0  0.0 33769340   4960   ??  Ss    8:58AM   0:00.12 /usr/libexec/displaypolicyd -k 1
root               152   0.0  0.0 33749384   2336   ??  Ss    8:58AM   0:00.01 autofsd
_locationd         150   0.0  0.1 33845660  19628   ??  Ss    8:58AM   0:02.13 /usr/libexec/locationd
root               148   0.0  0.0 33741524   1608   ??  Ss    8:58AM   0:00.01 auditd -l
root               147   0.0  0.0 33831404   7740   ??  Ss    8:58AM   0:01.14 /usr/sbin/securityd -i
_usbmuxd           146   0.0  0.0 33835420   5880   ??  Ss    8:58AM   0:00.16 /System/Library/PrivateFrameworks/MobileDevice.framework/Versions/A/Resources/usbmuxd -launchd
_timed             145   0.0  0.0 33829524   4600   ??  Ss    8:58AM   0:00.43 /usr/libexec/timed
root               143   0.0  0.0 34843276   4588   ??  Ss    8:58AM   0:00.04 /Library/PrivilegedHelperTools/com.docker.vmnetd
root               142   0.0  0.1 33847196  14140   ??  Ss    8:58AM   0:02.21 /System/Library/PrivateFrameworks/ApplePushService.framework/apsd
root               141   0.0  0.1 33859420  11852   ??  Ss    8:58AM   0:08.02 /usr/libexec/opendirectoryd
root               140   0.0  0.0 33739536   2052   ??  Ss    8:58AM   0:00.03 /usr/libexec/thermalmonitord
root               137   0.0  0.0 33800052   1592   ??  Ss    8:58AM   0:00.59 /usr/sbin/syslogd
root               136   0.0  0.2 33842356  27512   ??  Ss    8:58AM   0:02.40 /usr/libexec/coreduetd
root               133   0.0  0.0 33828708   4696   ??  Ss    8:58AM   0:01.18 /usr/libexec/diskarbitrationd
root               132   0.0  0.1 33835928  19356   ??  Ss    8:58AM   0:01.54 /usr/libexec/kernelmanagerd
_iconservices      131   0.0  0.0 33829688   4388   ??  Ss    8:58AM   0:00.05 /System/Library/CoreServices/iconservicesd
root               126   0.0  0.0 33791300   3488   ??  Ss    8:58AM   0:00.64 /usr/libexec/watchdogd
_softwareupdate    123   0.0  0.0 33830444   6552   ??  Ss    8:58AM   0:00.12 /System/Library/PrivateFrameworks/MobileSoftwareUpdate.framework/Support/softwareupdated
root               122   0.0  0.0 33799536   4444   ??  Ss    8:58AM   0:00.20 /usr/libexec/keybagd -t 15
root               120   0.0  0.0 33842440   4628   ??  Ss    8:58AM   0:02.03 /usr/libexec/remoted
root               116   0.0  0.1 33831596   9180   ??  Ss    8:58AM   0:16.39 /System/Library/CoreServices/powerd.bundle/powerd
root               115   0.0  0.0 33741608   1752   ??  Ss    8:58AM   0:00.01 endpointsecurityd
root               114   0.0  0.1 33834436  10212   ??  Ss    8:58AM   0:01.96 /usr/libexec/configd
root               112   0.0  0.1 33843524  18376   ??  Ss    8:58AM   0:08.80 /usr/sbin/systemstats --daemon
root               110   0.0  0.1 33833048  17340   ??  Ss    8:58AM   0:01.87 /System/Library/PrivateFrameworks/MediaRemote.framework/Support/mediaremoted
root               109   0.0  0.0 33806148   6960   ??  Ss    8:58AM   0:16.66 /System/Library/Frameworks/CoreServices.framework/Versions/A/Frameworks/FSEvents.framework/Versions/A/Support/fseventsd
root               108   0.0  0.0 33725424   2400   ??  Ss    8:58AM   0:00.41 /System/Library/PrivateFrameworks/Uninstall.framework/Resources/uninstalld
root               105   0.0  0.1 33832072  12736   ??  Ss    8:58AM   0:02.53 /usr/libexec/UserEventAgent (System)
root               192   0.0  0.2 33850492  35092   ??  Ss    8:58AM   0:05.60 /usr/libexec/syspolicyd
diegocaro         8644   0.0  0.0 34124420   1388 s001  S+   12:17AM   0:00.01 bash 02_processes.sh
diegocaro         8548   0.0  0.2 36087096  36012   ??  S    12:16AM   0:00.10 /Applications/Firefox.app/Contents/MacOS/plugin-container.app/Contents/MacOS/plugin-container -childID 130 -isForBrowser -prefsLen 34001 -prefMapSize 236340 -jsInitLen 246772 -sbStartup -sbAppPath /Applications/Firefox.app -sbLevel 3 -sbAllowAudio -parentBuildID 20230112150232 -appDir /Applications/Firefox.app/Contents/Resources/browser -profile /Users/diegocaro/Library/Application Support/Firefox/Profiles/hmig4z1v.default-release-1634876631779 {96312b99-aa70-404f-a865-d423a00a4eb6} 755 gecko-crash-server-pipe.755 org.mozilla.machname.1588965062 tab
diegocaro         8546   0.0  0.1 33752812  12608   ??  S    12:14AM   0:00.14 /System/Library/Frameworks/CoreServices.framework/Frameworks/Metadata.framework/Versions/A/Support/mdworker_shared -s mdworker -c MDSImporterWorker -m com.apple.mdworker.shared
diegocaro         8545   0.0  0.2 36107308  36292   ??  S    12:14AM   0:00.10 /Applications/Firefox.app/Contents/MacOS/plugin-container.app/Contents/MacOS/plugin-container -childID 129 -isForBrowser -prefsLen 34001 -prefMapSize 236340 -jsInitLen 246772 -sbStartup -sbAppPath /Applications/Firefox.app -sbLevel 3 -sbAllowAudio -parentBuildID 20230112150232 -appDir /Applications/Firefox.app/Contents/Resources/browser -profile /Users/diegocaro/Library/Application Support/Firefox/Profiles/hmig4z1v.default-release-1634876631779 {ab88a7ae-cabe-478c-9319-edc6aaa410e3} 755 gecko-crash-server-pipe.755 org.mozilla.machname.1256927236 tab
diegocaro         8544   0.0  0.2 36086828  36252   ??  S    12:14AM   0:00.10 /Applications/Firefox.app/Contents/MacOS/plugin-container.app/Contents/MacOS/plugin-container -childID 128 -isForBrowser -prefsLen 34001 -prefMapSize 236340 -jsInitLen 246772 -sbStartup -sbAppPath /Applications/Firefox.app -sbLevel 3 -sbAllowAudio -parentBuildID 20230112150232 -appDir /Applications/Firefox.app/Contents/Resources/browser -profile /Users/diegocaro/Library/Application Support/Firefox/Profiles/hmig4z1v.default-release-1634876631779 {9373bdf8-7b43-42cb-bad5-1dfbe2b1e33d} 755 gecko-crash-server-pipe.755 org.mozilla.machname.1692610788 tab
diegocaro         8542   0.0  0.1 33775336  12800   ??  S    12:13AM   0:00.10 /System/Library/Frameworks/CoreServices.framework/Frameworks/Metadata.framework/Versions/A/Support/mdworker_shared -s mdworker -c MDSImporterWorker -m com.apple.mdworker.shared
diegocaro         8512   0.0  1.4 36426308 235716   ??  Ss   12:03AM   0:10.01 /Users/diegocaro/miniconda3/envs/datascience/bin/python -m ipykernel_launcher -f /Users/diegocaro/Library/Jupyter/runtime/kernel-15f211b3-97b0-43d5-abd5-515a746dfa74.json
diegocaro         8507   0.0  0.3 36115544  46840   ??  S    12:03AM   0:00.15 /Applications/Firefox.app/Contents/MacOS/plugin-container.app/Contents/MacOS/plugin-container -childID 126 -isForBrowser -prefsLen 34001 -prefMapSize 236340 -jsInitLen 246772 -sbStartup -sbAppPath /Applications/Firefox.app -sbLevel 3 -sbAllowAudio -parentBuildID 20230112150232 -appDir /Applications/Firefox.app/Contents/Resources/browser -profile /Users/diegocaro/Library/Application Support/Firefox/Profiles/hmig4z1v.default-release-1634876631779 {0104ab27-169d-4e3f-bc01-8dbd13de3950} 755 gecko-crash-server-pipe.755 org.mozilla.machname.261038734 tab
diegocaro         8506   0.0  0.3 36117252  49352   ??  S    12:03AM   0:00.19 /Applications/Firefox.app/Contents/MacOS/plugin-container.app/Contents/MacOS/plugin-container -childID 125 -isForBrowser -prefsLen 34001 -prefMapSize 236340 -jsInitLen 246772 -sbStartup -sbAppPath /Applications/Firefox.app -sbLevel 3 -sbAllowAudio -sbAllowFileAccess -parentBuildID 20230112150232 -appDir /Applications/Firefox.app/Contents/Resources/browser -profile /Users/diegocaro/Library/Application Support/Firefox/Profiles/hmig4z1v.default-release-1634876631779 {dcbe2dc8-54b3-41f4-aa12-249e56b60115} 755 gecko-crash-server-pipe.755 org.mozilla.machname.501867502 tab
diegocaro         8501   0.0  0.6 34258004  97508 s000  S+   12:03AM   0:02.63 /Users/diegocaro/miniconda3/envs/datascience/bin/python3.9 /Users/diegocaro/miniconda3/envs/datascience/bin/jupyter-notebook
diegocaro         6538   0.0  0.3 36135000  46844   ??  S    11:46PM   0:00.17 /Applications/Firefox.app/Contents/MacOS/plugin-container.app/Contents/MacOS/plugin-container -childID 124 -isForBrowser -prefsLen 34001 -prefMapSize 236340 -jsInitLen 246772 -sbStartup -sbAppPath /Applications/Firefox.app -sbLevel 3 -sbAllowAudio -parentBuildID 20230112150232 -appDir /Applications/Firefox.app/Contents/Resources/browser -profile /Users/diegocaro/Library/Application Support/Firefox/Profiles/hmig4z1v.default-release-1634876631779 {9b930ad7-456d-43b6-9c79-a544d211dd99} 755 gecko-crash-server-pipe.755 org.mozilla.machname.1525105359 tab
diegocaro         6536   0.0  0.8 36216624 133836   ??  S    11:46PM   0:15.51 /Applications/Firefox.app/Contents/MacOS/plugin-container.app/Contents/MacOS/plugin-container -childID 122 -isForBrowser -prefsLen 34001 -prefMapSize 236340 -jsInitLen 246772 -sbStartup -sbAppPath /Applications/Firefox.app -sbLevel 3 -sbAllowAudio -parentBuildID 20230112150232 -appDir /Applications/Firefox.app/Contents/Resources/browser -profile /Users/diegocaro/Library/Application Support/Firefox/Profiles/hmig4z1v.default-release-1634876631779 {89cb725c-bfaf-4a5d-90b0-9aa8701abb46} 755 gecko-crash-server-pipe.755 org.mozilla.machname.1300068392 tab
diegocaro         6532   0.0  0.3 36146080  56296   ??  S    11:46PM   0:00.76 /Applications/Firefox.app/Contents/MacOS/plugin-container.app/Contents/MacOS/plugin-container -childID 118 -isForBrowser -prefsLen 34001 -prefMapSize 236340 -jsInitLen 246772 -sbStartup -sbAppPath /Applications/Firefox.app -sbLevel 3 -sbAllowAudio -parentBuildID 20230112150232 -appDir /Applications/Firefox.app/Contents/Resources/browser -profile /Users/diegocaro/Library/Application Support/Firefox/Profiles/hmig4z1v.default-release-1634876631779 {97e0619c-adf8-437c-89bb-f279d86cd5d8} 755 gecko-crash-server-pipe.755 org.mozilla.machname.2091914555 tab
diegocaro         6531   0.0  0.3 36120432  50436   ??  S    11:46PM   0:00.76 /Applications/Firefox.app/Contents/MacOS/plugin-container.app/Contents/MacOS/plugin-container -childID 117 -isForBrowser -prefsLen 34001 -prefMapSize 236340 -jsInitLen 246772 -sbStartup -sbAppPath /Applications/Firefox.app -sbLevel 3 -sbAllowAudio -parentBuildID 20230112150232 -appDir /Applications/Firefox.app/Contents/Resources/browser -profile /Users/diegocaro/Library/Application Support/Firefox/Profiles/hmig4z1v.default-release-1634876631779 {400f2812-798f-47f0-96b1-0c23d51292da} 755 gecko-crash-server-pipe.755 org.mozilla.machname.1818706583 tab
diegocaro         6530   0.0  0.3 36133680  51724   ??  S    11:46PM   0:00.60 /Applications/Firefox.app/Contents/MacOS/plugin-container.app/Contents/MacOS/plugin-container -childID 116 -isForBrowser -prefsLen 34001 -prefMapSize 236340 -jsInitLen 246772 -sbStartup -sbAppPath /Applications/Firefox.app -sbLevel 3 -sbAllowAudio -parentBuildID 20230112150232 -appDir /Applications/Firefox.app/Contents/Resources/browser -profile /Users/diegocaro/Library/Application Support/Firefox/Profiles/hmig4z1v.default-release-1634876631779 {3bcc5751-6034-4fee-9d0f-42849664cfe8} 755 gecko-crash-server-pipe.755 org.mozilla.machname.406918883 tab
diegocaro         6528   0.0  0.1 34243404   8480   ??  Ss   11:46PM   0:00.07 /System/Library/Frameworks/VideoToolbox.framework/Versions/A/XPCServices/VTDecoderXPCService.xpc/Contents/MacOS/VTDecoderXPCService
diegocaro         6527   0.0  0.4 36144032  71400   ??  S    11:46PM   0:01.03 /Applications/Firefox.app/Contents/MacOS/plugin-container.app/Contents/MacOS/plugin-container -childID 115 -isForBrowser -prefsLen 34001 -prefMapSize 236340 -jsInitLen 246772 -sbStartup -sbAppPath /Applications/Firefox.app -sbLevel 3 -sbAllowAudio -parentBuildID 20230112150232 -appDir /Applications/Firefox.app/Contents/Resources/browser -profile /Users/diegocaro/Library/Application Support/Firefox/Profiles/hmig4z1v.default-release-1634876631779 {9106d9e0-cd69-48d6-862a-f92880f14437} 755 gecko-crash-server-pipe.755 org.mozilla.machname.1745224177 tab
diegocaro         6526   0.0  0.1 34233164   8516   ??  Ss   11:46PM   0:00.06 /System/Library/Frameworks/VideoToolbox.framework/Versions/A/XPCServices/VTDecoderXPCService.xpc/Contents/MacOS/VTDecoderXPCService
diegocaro         6525   0.0  0.4 36139908  63728   ??  S    11:46PM   0:00.97 /Applications/Firefox.app/Contents/MacOS/plugin-container.app/Contents/MacOS/plugin-container -childID 114 -isForBrowser -prefsLen 34001 -prefMapSize 236340 -jsInitLen 246772 -sbStartup -sbAppPath /Applications/Firefox.app -sbLevel 3 -sbAllowAudio -parentBuildID 20230112150232 -appDir /Applications/Firefox.app/Contents/Resources/browser -profile /Users/diegocaro/Library/Application Support/Firefox/Profiles/hmig4z1v.default-release-1634876631779 {57688a01-1acd-4e42-a1bf-7a89707635ec} 755 gecko-crash-server-pipe.755 org.mozilla.machname.725749711 tab
diegocaro         6514   0.0  0.9 36329264 152900   ??  S    11:44PM   0:02.21 /Applications/Firefox.app/Contents/MacOS/plugin-container.app/Contents/MacOS/plugin-container -childID 113 -isForBrowser -prefsLen 34001 -prefMapSize 236340 -jsInitLen 246772 -sbStartup -sbAppPath /Applications/Firefox.app -sbLevel 3 -sbAllowAudio -parentBuildID 20230112150232 -appDir /Applications/Firefox.app/Contents/Resources/browser -profile /Users/diegocaro/Library/Application Support/Firefox/Profiles/hmig4z1v.default-release-1634876631779 {853a9dd1-e60a-4a0c-9b4f-f1202440cff8} 755 gecko-crash-server-pipe.755 org.mozilla.machname.64721737 tab
diegocaro         5937   0.0  0.3 36144012  50400   ??  S    11:33PM   0:00.62 /Applications/Firefox.app/Contents/MacOS/plugin-container.app/Contents/MacOS/plugin-container -childID 111 -isForBrowser -prefsLen 34001 -prefMapSize 236340 -jsInitLen 246772 -sbStartup -sbAppPath /Applications/Firefox.app -sbLevel 3 -sbAllowAudio -parentBuildID 20230112150232 -appDir /Applications/Firefox.app/Contents/Resources/browser -profile /Users/diegocaro/Library/Application Support/Firefox/Profiles/hmig4z1v.default-release-1634876631779 {d8c33977-94fd-4a2d-9954-7f54732f536e} 755 gecko-crash-server-pipe.755 org.mozilla.machname.449807488 tab
diegocaro         4107   0.0  0.9 36218560 148836   ??  S    11:21PM   0:04.35 /Applications/Firefox.app/Contents/MacOS/plugin-container.app/Contents/MacOS/plugin-container -childID 109 -isForBrowser -prefsLen 34001 -prefMapSize 236340 -jsInitLen 246772 -sbStartup -sbAppPath /Applications/Firefox.app -sbLevel 3 -sbAllowAudio -parentBuildID 20230112150232 -appDir /Applications/Firefox.app/Contents/Resources/browser -profile /Users/diegocaro/Library/Application Support/Firefox/Profiles/hmig4z1v.default-release-1634876631779 {403b550c-4a61-466e-b5ec-dfb73b94b3a6} 755 gecko-crash-server-pipe.755 org.mozilla.machname.828004271 tab
diegocaro         4106   0.0  0.1 34242380   8424   ??  Ss   11:21PM   0:00.06 /System/Library/Frameworks/VideoToolbox.framework/Versions/A/XPCServices/VTDecoderXPCService.xpc/Contents/MacOS/VTDecoderXPCService
diegocaro         2877   0.0  0.7 36186124 119816   ??  S    11:09PM   0:02.33 /Applications/Firefox.app/Contents/MacOS/plugin-container.app/Contents/MacOS/plugin-container -childID 108 -isForBrowser -prefsLen 34001 -prefMapSize 236340 -jsInitLen 246772 -sbStartup -sbAppPath /Applications/Firefox.app -sbLevel 3 -sbAllowAudio -parentBuildID 20230112150232 -appDir /Applications/Firefox.app/Contents/Resources/browser -profile /Users/diegocaro/Library/Application Support/Firefox/Profiles/hmig4z1v.default-release-1634876631779 {89fcd245-2e2b-4625-af7a-9fd25cf5f5a6} 755 gecko-crash-server-pipe.755 org.mozilla.machname.887953098 tab
diegocaro         2259   0.0  1.2 36309680 200308   ??  S    10:54PM   0:09.88 /Applications/Firefox.app/Contents/MacOS/plugin-container.app/Contents/MacOS/plugin-container -childID 106 -isForBrowser -prefsLen 33944 -prefMapSize 236340 -jsInitLen 246772 -sbStartup -sbAppPath /Applications/Firefox.app -sbLevel 3 -sbAllowAudio -parentBuildID 20230112150232 -appDir /Applications/Firefox.app/Contents/Resources/browser -profile /Users/diegocaro/Library/Application Support/Firefox/Profiles/hmig4z1v.default-release-1634876631779 {618a7e4b-901b-43f7-96eb-ab7890e4f58b} 755 gecko-crash-server-pipe.755 org.mozilla.machname.914188595 tab
diegocaro         2258   0.0  0.7 36196144 117456   ??  S    10:54PM   0:01.24 /Applications/Firefox.app/Contents/MacOS/plugin-container.app/Contents/MacOS/plugin-container -childID 105 -isForBrowser -prefsLen 33944 -prefMapSize 236340 -jsInitLen 246772 -sbStartup -sbAppPath /Applications/Firefox.app -sbLevel 3 -sbAllowAudio -parentBuildID 20230112150232 -appDir /Applications/Firefox.app/Contents/Resources/browser -profile /Users/diegocaro/Library/Application Support/Firefox/Profiles/hmig4z1v.default-release-1634876631779 {6337ea35-3b00-4347-9763-d9345167d7d1} 755 gecko-crash-server-pipe.755 org.mozilla.machname.175101380 tab
diegocaro         2256   0.0  1.2 36325152 197920   ??  S    10:54PM   0:10.60 /Applications/Firefox.app/Contents/MacOS/plugin-container.app/Contents/MacOS/plugin-container -childID 103 -isForBrowser -prefsLen 33944 -prefMapSize 236340 -jsInitLen 246772 -sbStartup -sbAppPath /Applications/Firefox.app -sbLevel 3 -sbAllowAudio -parentBuildID 20230112150232 -appDir /Applications/Firefox.app/Contents/Resources/browser -profile /Users/diegocaro/Library/Application Support/Firefox/Profiles/hmig4z1v.default-release-1634876631779 {1a4bc1de-db4b-4902-a2b5-849d7c7ab244} 755 gecko-crash-server-pipe.755 org.mozilla.machname.1311510405 tab
diegocaro         2143   0.0  0.5 36155164  81140   ??  S    10:52PM   0:03.54 /Applications/Firefox.app/Contents/MacOS/plugin-container.app/Contents/MacOS/plugin-container -childID 102 -isForBrowser -prefsLen 33944 -prefMapSize 236340 -jsInitLen 246772 -sbStartup -sbAppPath /Applications/Firefox.app -sbLevel 3 -sbAllowAudio -parentBuildID 20230112150232 -appDir /Applications/Firefox.app/Contents/Resources/browser -profile /Users/diegocaro/Library/Application Support/Firefox/Profiles/hmig4z1v.default-release-1634876631779 {1ccc5f57-d42d-42fd-90b0-8efa768b2591} 755 gecko-crash-server-pipe.755 org.mozilla.machname.1172306451 tab
diegocaro         2046   0.0  0.0 34181196   5012 s001  S    10:49PM   0:01.39 -zsh
root              2045   0.0  0.0 34160712   4936 s001  Ss   10:49PM   0:00.01 login -fp diegocaro
diegocaro         1986   0.0  0.6 34627468  99068   ??  S    10:46PM   0:46.46 /Applications/TextMate.app/Contents/MacOS/TextMate -disableNewDocumentAtStartup 1
%%%	2023-01-25 00:17:27-0300	istats
--- CPU Stats ---
CPU temp:               38.81°C     

--- Fan Stats ---
Total fans in system:   2           
Fan 0 speed:            1825 RPM    
Fan 1 speed:            1698 RPM    

--- Battery Stats ---
Battery health:         Good        
Cycle count:            182           18.2%
Max cycles:             1000        
Current charge:         4029 mAh      52%
Maximum charge:         7841 mAh      89.2%
Design capacity:        8790 mAh    
Battery temp:           32.5°C      

For more stats run `istats extra` and follow the instructions.
%%%	2023-01-25 00:17:29-0300	processes
USER               PID  %CPU %MEM      VSZ    RSS   TT  STAT STARTED      TIME COMMAND
diegocaro          755  17.2  5.2 46821356 870620   ??  S     8:59AM  24:00.38 /Applications/Firefox.app/Contents/MacOS/firefox -foreground
_windowserver      173  15.4  0.9 37187372 153800   ??  Ss    8:58AM  16:44.61 /System/Library/PrivateFrameworks/SkyLight.framework/Resources/WindowServer -daemon
diegocaro         5936   3.9  3.3 36858424 553976   ??  S    11:33PM   3:16.83 /Applications/Firefox.app/Contents/MacOS/plugin-container.app/Contents/MacOS/plugin-container -childID 110 -isForBrowser -prefsLen 34001 -prefMapSize 236340 -jsInitLen 246772 -sbStartup -sbAppPath /Applications/Firefox.app -sbLevel 3 -sbAllowAudio -parentBuildID 20230112150232 -appDir /Applications/Firefox.app/Contents/Resources/browser -profile /Users/diegocaro/Library/Application Support/Firefox/Profiles/hmig4z1v.default-release-1634876631779 {d2c8aae2-9792-4af8-89d9-5178fd30059d} 755 gecko-crash-server-pipe.755 org.mozilla.machname.1812531228 tab
diegocaro          506   3.8  3.8 74826132 642856   ??  S     8:58AM   3:30.75 /Applications/Dropbox.app/Contents/MacOS/Dropbox
diegocaro         1074   2.9  1.2 34842608 199220   ??  S     8:10PM   2:08.94 /Applications/iTerm.app/Contents/MacOS/iTerm2
_driverkit         354   2.3  0.0 34176724   3128   ??  Ss    8:58AM   1:17.65 /System/Library/DriverExtensions/com.apple.AppleUserHIDDrivers.dext/com.apple.AppleUserHIDDrivers com.apple.driverkit.AppleUserHIDDrivers 0x10000065c com.apple.AppleUserHIDDrivers
diegocaro          578   1.6  0.1 33843572  19128   ??  S     8:58AM   0:25.13 /System/Library/CoreServices/UniversalControl.app/Contents/MacOS/UniversalControl
diegocaro          629   1.1  0.8 72332304 138028   ??  S     8:58AM   0:38.04 /Applications/Dropbox.app/Contents/Frameworks/Dropbox Helper (Renderer).app/Contents/MacOS/Dropbox Helper (Renderer) --type=renderer --field-trial-handle=1718379636,13630346193156412841,415101620583637821,131072 --disable-features=CookiesWithoutSameSiteMustBeSecure,SameSiteByDefaultCookies,SpareRendererForSitePerProcess --lang=en-US --standard-schemes=dbx-local --secure-schemes=dbx-local --bypasscsp-schemes --cors-schemes --fetch-schemes --service-worker-schemes --streaming-schemes --app-path=/Applications/Dropbox.app/Contents/Resources/app.asar --enable-sandbox --num-raster-threads=4 --enable-zero-copy --enable-gpu-memory-buffer-compositor-resources --enable-main-frame-before-activation --renderer-client-id=4 --no-v8-untrusted-code-mitigations --shared-files --seatbelt-client=74
diegocaro          956   0.9  0.9 35005616 149500   ??  S     7:42PM   2:04.51 /System/Applications/Messages.app/Contents/MacOS/Messages
diegocaro         6536   0.8  0.8 36217096 134308   ??  S    11:46PM   0:15.52 /Applications/Firefox.app/Contents/MacOS/plugin-container.app/Contents/MacOS/plugin-container -childID 122 -isForBrowser -prefsLen 34001 -prefMapSize 236340 -jsInitLen 246772 -sbStartup -sbAppPath /Applications/Firefox.app -sbLevel 3 -sbAllowAudio -parentBuildID 20230112150232 -appDir /Applications/Firefox.app/Contents/Resources/browser -profile /Users/diegocaro/Library/Application Support/Firefox/Profiles/hmig4z1v.default-release-1634876631779 {89cb725c-bfaf-4a5d-90b0-9aa8701abb46} 755 gecko-crash-server-pipe.755 org.mozilla.machname.1300068392 tab
root               368   0.3  0.1 33904828  23868   ??  Ss    8:58AM   0:18.68 /usr/libexec/TouchBarServer
diegocaro         2877   0.3  0.7 36190416 122388   ??  S    11:09PM   0:02.34 /Applications/Firefox.app/Contents/MacOS/plugin-container.app/Contents/MacOS/plugin-container -childID 108 -isForBrowser -prefsLen 34001 -prefMapSize 236340 -jsInitLen 246772 -sbStartup -sbAppPath /Applications/Firefox.app -sbLevel 3 -sbAllowAudio -parentBuildID 20230112150232 -appDir /Applications/Firefox.app/Contents/Resources/browser -profile /Users/diegocaro/Library/Application Support/Firefox/Profiles/hmig4z1v.default-release-1634876631779 {89fcd245-2e2b-4625-af7a-9fd25cf5f5a6} 755 gecko-crash-server-pipe.755 org.mozilla.machname.887953098 tab
diegocaro         8518   0.3  0.6 36239920  99192   ??  S    12:04AM   0:01.14 /Applications/Firefox.app/Contents/MacOS/plugin-container.app/Contents/MacOS/plugin-container -childID 127 -isForBrowser -prefsLen 34001 -prefMapSize 236340 -jsInitLen 246772 -sbStartup -sbAppPath /Applications/Firefox.app -sbLevel 3 -sbAllowAudio -parentBuildID 20230112150232 -appDir /Applications/Firefox.app/Contents/Resources/browser -profile /Users/diegocaro/Library/Application Support/Firefox/Profiles/hmig4z1v.default-release-1634876631779 {9e8234fe-5ce3-4b58-a0cd-eb4d5e3c8f97} 755 gecko-crash-server-pipe.755 org.mozilla.machname.288199663 tab
diegocaro          607   0.2  0.3 68090648  45696   ??  S     8:58AM   0:20.41 /Applications/Dropbox.app/Contents/Frameworks/Dropbox Helper (GPU).app/Contents/MacOS/Dropbox Helper (GPU) --type=gpu-process --field-trial-handle=1718379636,13630346193156412841,415101620583637821,131072 --disable-features=CookiesWithoutSameSiteMustBeSecure,SameSiteByDefaultCookies,SpareRendererForSitePerProcess --crashpad-annotations=product_name:desktop_client,buildid:main,buildno:Dropbox-mac-165.4.4300,platform:mac,platform_version:12.6.2 --gpu-preferences=SAAAAAAAAAAgAAAAAAAAAAAAAAAAAAAAAABgAAAAAAAoAAAAAAAAAAAAAAAAAAAAAAAAAAAAAADYAwAAAAAAANgDAAAAAAAASAEAACgAAABAAQAAAAAAAEgBAAAAAAAAUAEAAAAAAABYAQAAAAAAAGABAAAAAAAAaAEAAAAAAABwAQAAAAAAAHgBAAAAAAAAgAEAAAAAAACIAQAAAAAAAJABAAAAAAAAmAEAAAAAAACgAQAAAAAAAKgBAAAAAAAAsAEAAAAAAAC4AQAAAAAAAMABAAAAAAAAyAEAAAAAAADQAQAAAAAAANgBAAAAAAAA4AEAAAAAAADoAQAAAAAAAPABAAAAAAAA+AEAAAAAAAAAAgAAAAAAAAgCAAAAAAAAEAIAAAAAAAAYAgAAAAAAACACAAAAAAAAKAIAAAAAAAAwAgAAAAAAADgCAAAAAAAAQAIAAAAAAABIAgAAAAAAAFACAAAAAAAAWAIAAAAAAABgAgAAAAAAAGgCAAAAAAAAcAIAAAAAAAB4AgAAAAAAABAAAAAAAAAAAAAAAAAAAAAQAAAAAAAAAAAAAAAGAAAAEAAAAAAAAAAAAAAABwAAABAAAAAAAAAAAAAAAAgAAAAQAAAAAAAAAAAAAAAKAAAAEAAAAAAAAAAAAAAACwAAABAAAAAAAAAAAAAAAA0AAAAQAAAAAAAAAAAAAAAOAAAAEAAAAAAAAAABAAAAAAAAABAAAAAAAAAAAQAAAAYAAAAQAAAAAAAAAAEAAAAHAAAAEAAAAAAAAAABAAAACAAAABAAAAAAAAAAAQAAAAoAAAAQAAAAAAAAAAEAAAALAAAAEAAAAAAAAAABAAAADQAAABAAAAAAAAAAAQAAAA4AAAAQAAAAAAAAAAQAAAAAAAAAEAAAAAAAAAAEAAAABgAAABAAAAAAAAAABAAAAAcAAAAQAAAAAAAAAAQAAAAIAAAAEAAAAAAAAAAEAAAACgAAABAAAAAAAAAABAAAAAsAAAAQAAAAAAAAAAQAAAANAAAAEAAAAAAAAAAEAAAADgAAABAAAAAAAAAABwAAAAAAAAAQAAAAAAAAAAcAAAAGAAAAEAAAAAAAAAAHAAAABwAAABAAAAAAAAAABwAAAAgAAAAQAAAAAAAAAAcAAAAKAAAAEAAAAAAAAAAHAAAACwAAABAAAAAAAAAABwAAAA0AAAAQAAAAAAAAAAcAAAAOAAAAEAAAAAAAAAAKAAAAAAAAABAAAAAAAAAACgAAAAYAAAAQAAAAAAAAAAoAAAAHAAAAEAAAAAAAAAAKAAAACAAAABAAAAAAAAAACgAAAAoAAAAQAAAAAAAAAAoAAAALAAAAEAAAAAAAAAAKAAAADQAAABAAAAAAAAAACgAAAA4AAAAIAAAAAAAAAAgAAAAAAAAA --shared-files --seatbelt-client=60
diegocaro          799   0.2  0.9 36269388 144480   ??  S     8:59AM   0:09.71 /Applications/Firefox.app/Contents/MacOS/plugin-container.app/Contents/MacOS/plugin-container -childID 6 -isForBrowser -prefsLen 33350 -prefMapSize 236340 -jsInitLen 246772 -sbStartup -sbAppPath /Applications/Firefox.app -sbLevel 3 -sbAllowAudio -parentBuildID 20230112150232 -appDir /Applications/Firefox.app/Contents/Resources/browser -profile /Users/diegocaro/Library/Application Support/Firefox/Profiles/hmig4z1v.default-release-1634876631779 {240a855e-5bb4-4e4a-9062-ce41395deada} 755 gecko-crash-server-pipe.755 org.mozilla.machname.408523045 tab
root               165   0.2  0.0 33799256   2884   ??  Ss    8:58AM   0:05.26 /usr/sbin/notifyd
diegocaro         6514   0.2  0.9 36329264 152928   ??  S    11:44PM   0:02.22 /Applications/Firefox.app/Contents/MacOS/plugin-container.app/Contents/MacOS/plugin-container -childID 113 -isForBrowser -prefsLen 34001 -prefMapSize 236340 -jsInitLen 246772 -sbStartup -sbAppPath /Applications/Firefox.app -sbLevel 3 -sbAllowAudio -parentBuildID 20230112150232 -appDir /Applications/Firefox.app/Contents/Resources/browser -profile /Users/diegocaro/Library/Application Support/Firefox/Profiles/hmig4z1v.default-release-1634876631779 {853a9dd1-e60a-4a0c-9b4f-f1202440cff8} 755 gecko-crash-server-pipe.755 org.mozilla.machname.64721737 tab
diegocaro         2256   0.1  1.2 36325152 197928   ??  S    10:54PM   0:10.61 /Applications/Firefox.app/Contents/MacOS/plugin-container.app/Contents/MacOS/plugin-container -childID 103 -isForBrowser -prefsLen 33944 -prefMapSize 236340 -jsInitLen 246772 -sbStartup -sbAppPath /Applications/Firefox.app -sbLevel 3 -sbAllowAudio -parentBuildID 20230112150232 -appDir /Applications/Firefox.app/Contents/Resources/browser -profile /Users/diegocaro/Library/Application Support/Firefox/Profiles/hmig4z1v.default-release-1634876631779 {1a4bc1de-db4b-4902-a2b5-849d7c7ab244} 755 gecko-crash-server-pipe.755 org.mozilla.machname.1311510405 tab
root               116   0.1  0.1 33831596   9180   ??  Ss    8:58AM   0:16.40 /System/Library/CoreServices/powerd.bundle/powerd
diegocaro         4107   0.1  0.9 36219112 149380   ??  S    11:21PM   0:04.36 /Applications/Firefox.app/Contents/MacOS/plugin-container.app/Contents/MacOS/plugin-container -childID 109 -isForBrowser -prefsLen 34001 -prefMapSize 236340 -jsInitLen 246772 -sbStartup -sbAppPath /Applications/Firefox.app -sbLevel 3 -sbAllowAudio -parentBuildID 20230112150232 -appDir /Applications/Firefox.app/Contents/Resources/browser -profile /Users/diegocaro/Library/Application Support/Firefox/Profiles/hmig4z1v.default-release-1634876631779 {403b550c-4a61-466e-b5ec-dfb73b94b3a6} 755 gecko-crash-server-pipe.755 org.mozilla.machname.828004271 tab
root               341   0.1  1.1 38236000 179344   ??  Ss    8:58AM  28:42.79 /System/Library/Frameworks/CoreServices.framework/Frameworks/Metadata.framework/Versions/A/Support/mds_stores
diegocaro         6527   0.1  0.4 36144032  71428   ??  S    11:46PM   0:01.03 /Applications/Firefox.app/Contents/MacOS/plugin-container.app/Contents/MacOS/plugin-container -childID 115 -isForBrowser -prefsLen 34001 -prefMapSize 236340 -jsInitLen 246772 -sbStartup -sbAppPath /Applications/Firefox.app -sbLevel 3 -sbAllowAudio -parentBuildID 20230112150232 -appDir /Applications/Firefox.app/Contents/Resources/browser -profile /Users/diegocaro/Library/Application Support/Firefox/Profiles/hmig4z1v.default-release-1634876631779 {9106d9e0-cd69-48d6-862a-f92880f14437} 755 gecko-crash-server-pipe.755 org.mozilla.machname.1745224177 tab
diegocaro         6525   0.1  0.4 36139908  63756   ??  S    11:46PM   0:00.98 /Applications/Firefox.app/Contents/MacOS/plugin-container.app/Contents/MacOS/plugin-container -childID 114 -isForBrowser -prefsLen 34001 -prefMapSize 236340 -jsInitLen 246772 -sbStartup -sbAppPath /Applications/Firefox.app -sbLevel 3 -sbAllowAudio -parentBuildID 20230112150232 -appDir /Applications/Firefox.app/Contents/Resources/browser -profile /Users/diegocaro/Library/Application Support/Firefox/Profiles/hmig4z1v.default-release-1634876631779 {57688a01-1acd-4e42-a1bf-7a89707635ec} 755 gecko-crash-server-pipe.755 org.mozilla.machname.725749711 tab
diegocaro         2046   0.0  0.0 34181196   5012 s001  S    10:49PM   0:01.39 -zsh
root              2045   0.0  0.0 34160712   4936 s001  Ss   10:49PM   0:00.01 login -fp diegocaro
diegocaro         1986   0.0  0.6 34627468  99068   ??  S    10:46PM   0:46.46 /Applications/TextMate.app/Contents/MacOS/TextMate -disableNewDocumentAtStartup 1
diegocaro         1742   0.0  0.0 34162004   3868   ??  Ss   10:45PM   0:00.01 /Applications/Dropbox.app/Contents/XPCServices/DropboxNotificationService.xpc/Contents/MacOS/DropboxNotificationService
diegocaro         1739   0.0  0.1 34139668  21608   ??  Ss   10:45PM   0:00.29 /System/Library/PrivateFrameworks/UIFoundation.framework/Versions/A/XPCServices/nsattributedstringagent.xpc/Contents/MacOS/nsattributedstringagent
diegocaro         1736   0.0  0.1 33816464  16680   ??  Ss   10:44PM   0:00.09 /System/Library/Frameworks/QuickLookThumbnailing.framework/Versions/A/PlugIns/ThumbnailExtension_macOS.appex/Contents/MacOS/ThumbnailExtension_macOS -AppleLanguages ("en-CL", "es-CL")
diegocaro         1735   0.0  0.1 33840860  13356   ??  Ss   10:44PM   0:00.21 /System/Library/Frameworks/QuickLook.framework/Versions/A/XPCServices/QuickLookSatellite.xpc/Contents/MacOS/QuickLookSatellite
root              1734   0.0  0.0 33711688   5864   ??  Ss   10:44PM   0:00.03 /System/Library/Frameworks/AudioToolbox.framework/XPCServices/com.apple.audio.SandboxHelper.xpc/Contents/MacOS/com.apple.audio.SandboxHelper
diegocaro         1321   0.0  0.0 33746284   3956   ??  S    10:41PM   0:00.01 /System/Library/CoreServices/AirPort Base Station Agent.app/Contents/MacOS/AirPort Base Station Agent --launchd
diegocaro         1311   0.0  0.5 36167560  79996   ??  S    10:21PM   0:01.15 /Applications/Firefox.app/Contents/MacOS/plugin-container.app/Contents/MacOS/plugin-container -childID 94 -isForBrowser -prefsLen 33944 -prefMapSize 236340 -jsInitLen 246772 -sbStartup -sbAppPath /Applications/Firefox.app -sbLevel 3 -sbAllowAudio -parentBuildID 20230112150232 -appDir /Applications/Firefox.app/Contents/Resources/browser -profile /Users/diegocaro/Library/Application Support/Firefox/Profiles/hmig4z1v.default-release-1634876631779 {7aeda657-5397-4fd4-b311-2bbb77c39f46} 755 gecko-crash-server-pipe.755 org.mozilla.machname.261741111 tab
diegocaro         1310   0.0  0.5 36157356  78572   ??  S    10:21PM   0:00.84 /Applications/Firefox.app/Contents/MacOS/plugin-container.app/Contents/MacOS/plugin-container -childID 93 -isForBrowser -prefsLen 33944 -prefMapSize 236340 -jsInitLen 246772 -sbStartup -sbAppPath /Applications/Firefox.app -sbLevel 3 -sbAllowAudio -parentBuildID 20230112150232 -appDir /Applications/Firefox.app/Contents/Resources/browser -profile /Users/diegocaro/Library/Application Support/Firefox/Profiles/hmig4z1v.default-release-1634876631779 {e7f7cb05-7dfb-4f4a-8795-fafdf6646ee5} 755 gecko-crash-server-pipe.755 org.mozilla.machname.237303178 tab
diegocaro         1309   0.0  0.5 36166504  80516   ??  S    10:21PM   0:01.41 /Applications/Firefox.app/Contents/MacOS/plugin-container.app/Contents/MacOS/plugin-container -childID 92 -isForBrowser -prefsLen 33944 -prefMapSize 236340 -jsInitLen 246772 -sbStartup -sbAppPath /Applications/Firefox.app -sbLevel 3 -sbAllowAudio -parentBuildID 20230112150232 -appDir /Applications/Firefox.app/Contents/Resources/browser -profile /Users/diegocaro/Library/Application Support/Firefox/Profiles/hmig4z1v.default-release-1634876631779 {979175d7-1c4e-4594-ae45-6f83e7e0d151} 755 gecko-crash-server-pipe.755 org.mozilla.machname.1922426415 tab
diegocaro         1307   0.0  0.6 36193804 108564   ??  S    10:20PM   0:05.01 /Applications/Firefox.app/Contents/MacOS/plugin-container.app/Contents/MacOS/plugin-container -childID 91 -isForBrowser -prefsLen 33944 -prefMapSize 236340 -jsInitLen 246772 -sbStartup -sbAppPath /Applications/Firefox.app -sbLevel 3 -sbAllowAudio -parentBuildID 20230112150232 -appDir /Applications/Firefox.app/Contents/Resources/browser -profile /Users/diegocaro/Library/Application Support/Firefox/Profiles/hmig4z1v.default-release-1634876631779 {fa65e161-803f-4324-8ed3-9c28a77958df} 755 gecko-crash-server-pipe.755 org.mozilla.machname.1806578718 tab
diegocaro         1273   0.0  0.3 36126512  48024   ??  S    10:11PM   0:00.49 /Applications/Firefox.app/Contents/MacOS/plugin-container.app/Contents/MacOS/plugin-container -childID 78 -isForBrowser -prefsLen 33944 -prefMapSize 236340 -jsInitLen 246772 -sbStartup -sbAppPath /Applications/Firefox.app -sbLevel 3 -sbAllowAudio -parentBuildID 20230112150232 -appDir /Applications/Firefox.app/Contents/Resources/browser -profile /Users/diegocaro/Library/Application Support/Firefox/Profiles/hmig4z1v.default-release-1634876631779 {b5585649-c885-4885-97cb-61d6e9825c9b} 755 gecko-crash-server-pipe.755 org.mozilla.machname.801594719 tab
diegocaro         1272   0.0  0.3 36125356  46644   ??  S    10:11PM   0:00.50 /Applications/Firefox.app/Contents/MacOS/plugin-container.app/Contents/MacOS/plugin-container -childID 77 -isForBrowser -prefsLen 33944 -prefMapSize 236340 -jsInitLen 246772 -sbStartup -sbAppPath /Applications/Firefox.app -sbLevel 3 -sbAllowAudio -parentBuildID 20230112150232 -appDir /Applications/Firefox.app/Contents/Resources/browser -profile /Users/diegocaro/Library/Application Support/Firefox/Profiles/hmig4z1v.default-release-1634876631779 {46253ba0-ec5e-4c1a-afa3-3a15f37e49ba} 755 gecko-crash-server-pipe.755 org.mozilla.machname.1459907656 tab
diegocaro         1271   0.0  0.3 36148328  49576   ??  S    10:10PM   0:00.67 /Applications/Firefox.app/Contents/MacOS/plugin-container.app/Contents/MacOS/plugin-container -childID 76 -isForBrowser -prefsLen 33944 -prefMapSize 236340 -jsInitLen 246772 -sbStartup -sbAppPath /Applications/Firefox.app -sbLevel 3 -sbAllowAudio -parentBuildID 20230112150232 -appDir /Applications/Firefox.app/Contents/Resources/browser -profile /Users/diegocaro/Library/Application Support/Firefox/Profiles/hmig4z1v.default-release-1634876631779 {2898aac8-7085-42b3-961b-5446ab513e2a} 755 gecko-crash-server-pipe.755 org.mozilla.machname.1809899886 tab
diegocaro         1265   0.0  0.3 36127564  52032   ??  S    10:07PM   0:00.98 /Applications/Firefox.app/Contents/MacOS/plugin-container.app/Contents/MacOS/plugin-container -childID 75 -isForBrowser -prefsLen 33944 -prefMapSize 236340 -jsInitLen 246772 -sbStartup -sbAppPath /Applications/Firefox.app -sbLevel 3 -sbAllowAudio -parentBuildID 20230112150232 -appDir /Applications/Firefox.app/Contents/Resources/browser -profile /Users/diegocaro/Library/Application Support/Firefox/Profiles/hmig4z1v.default-release-1634876631779 {2da1b15c-ff33-4d56-9d68-b36d412622d9} 755 gecko-crash-server-pipe.755 org.mozilla.machname.919307282 tab
diegocaro         1233   0.0  0.9 36205588 156312   ??  S    10:00PM   0:12.19 /Applications/Firefox.app/Contents/MacOS/plugin-container.app/Contents/MacOS/plugin-container -childID 74 -isForBrowser -prefsLen 33944 -prefMapSize 236340 -jsInitLen 246772 -sbStartup -sbAppPath /Applications/Firefox.app -sbLevel 3 -sbAllowAudio -parentBuildID 20230112150232 -appDir /Applications/Firefox.app/Contents/Resources/browser -profile /Users/diegocaro/Library/Application Support/Firefox/Profiles/hmig4z1v.default-release-1634876631779 {014b64a9-ec35-4e8e-b4d1-eb3b8fe26311} 755 gecko-crash-server-pipe.755 org.mozilla.machname.1364926033 tab
root              1168   0.0  0.0 33820744   4260   ??  Ss    9:35PM   0:00.03 /System/Library/CoreServices/osanalyticshelper server-init
root              1104   0.0  0.0 33646636   2520   ??  Ss    8:10PM   0:00.06 /usr/libexec/taskgated
diegocaro         1094   0.0  0.0 34219084   3308   ??  Ss    8:10PM   0:00.62 /Applications/iTerm.app/Contents/XPCServices/pidinfo.xpc/Contents/MacOS/pidinfo
diegocaro         1080   0.0  0.0 34206680   6736 s000  S     8:10PM   0:03.02 -zsh
root              1079   0.0  0.0 34161736   4924 s000  Ss    8:10PM   0:00.02 login -fp diegocaro
diegocaro         1078   0.0  0.0 34134320   2104   ??  S     8:10PM   0:00.01 /Users/diegocaro/Library/Application Support/iTerm2/iTermServer-3.4.18 /Users/diegocaro/Library/Application Support/iTerm2/iterm2-daemon-1.socket
diegocaro         1077   0.0  0.1 33976544  21156   ??  Ss    8:10PM   0:00.32 /System/Library/CoreServices/Dock.app/Contents/XPCServices/DockHelper.xpc/Contents/MacOS/DockHelper
diegocaro         1013   0.0  0.0 33756500   2004   ??  Ss    7:57PM   0:00.01 /System/Library/Frameworks/NetFS.framework/Versions/A/XPCServices/PlugInLibraryService.xpc/Contents/MacOS/PlugInLibraryService
diegocaro         1007   0.0  0.0 33768816   3860   ??  S     7:57PM   0:00.03 /System/Library/Frameworks/ColorSync.framework/Support/colorsync.useragent
diegocaro          994   0.0  0.1 33756164  11100   ??  S     7:54PM   0:00.04 /System/Library/CoreServices/EscrowSecurityAlert.app/Contents/MacOS/EscrowSecurityAlert
diegocaro          966   0.0  0.1 33827120   9496   ??  S     7:43PM   0:00.15 /System/Library/PrivateFrameworks/SafariSafeBrowsing.framework/com.apple.Safari.SafeBrowsing.Service
diegocaro          965   0.0  0.1 33806192  10972   ??  S     7:43PM   0:00.07 /System/Library/PrivateFrameworks/NewsDaemon.framework/newsd
diegocaro          964   0.0  0.2 34043084  38096   ??  Ss    7:43PM   0:00.27 /System/iOSSupport/System/Library/Frameworks/WebKit.framework/Versions/A/XPCServices/com.apple.WebKit.Networking.xpc/Contents/MacOS/com.apple.WebKit.Networking
diegocaro          963   0.0  0.0 33748552   5976   ??  Ss    7:43PM   0:00.03 /System/Library/Frameworks/AudioToolbox.framework/XPCServices/com.apple.audio.SandboxHelper.xpc/Contents/MacOS/com.apple.audio.SandboxHelper
diegocaro          962   0.0  0.0 33748264   2564   ??  S     7:43PM   0:00.03 /System/Library/Frameworks/MediaAccessibility.framework/Versions/A/XPCServices/com.apple.accessibility.mediaaccessibilityd.xpc/Contents/MacOS/com.apple.accessibility.mediaaccessibilityd
diegocaro          959   0.0  0.0 33716500   2336   ??  S     7:43PM   0:00.01 /System/Library/PrivateFrameworks/ToneLibrary.framework/Versions/A/XPCServices/com.apple.tonelibraryd.xpc/Contents/MacOS/com.apple.tonelibraryd
diegocaro          958   0.0  0.1 33817316   9192   ??  S     7:42PM   0:00.09 /usr/libexec/keyboardservicesd
diegocaro          957   0.0  0.9 34345384 150148   ??  S     7:42PM   0:05.97 /System/Library/Services/AppleSpell.service/Contents/MacOS/AppleSpell
root               946   0.0  0.0 33796208   4288   ??  Ss    7:42PM   0:00.04 /usr/libexec/ASPCarryLog
diegocaro          905   0.0  0.0 33783048   3904   ??  S    11:29AM   0:00.03 /usr/libexec/USBAgent
diegocaro          896   0.0  0.1 33834076  18176   ??  S     9:27AM   0:00.31 /System/Library/Frameworks/ApplicationServices.framework/Frameworks/SpeechSynthesis.framework/Resources/com.apple.speech.speechsynthesisd
diegocaro          888   0.0  0.0 33719100   3124   ??  S     9:24AM   0:00.03 /System/Library/PrivateFrameworks/DeviceCheckInternal.framework/devicecheckd
_fpsd              864   0.0  0.0 33734872   3568   ??  Ss    9:12AM   0:00.03 /System/Library/PrivateFrameworks/CoreFP.framework/Versions/A/fairplayd
root               863   0.0  0.0 33829724   5224   ??  Ss    9:12AM   0:00.43 /Library/Apple/System/Library/CoreServices/XProtect.app/Contents/XPCServices/XProtectPluginService.xpc/Contents/MacOS/XProtectPluginService
root               862   0.0  0.0 34199448   3328   ??  Ss    9:12AM   0:00.02 /Library/Apple/System/Library/CoreServices/XProtect.app/Contents/MacOS/XProtect
_fpsd              851   0.0  0.0 33722812   2296   ??  Ss    9:03AM   0:00.16 /System/Library/PrivateFrameworks/CoreLSKD.framework/Versions/A/lskdd
diegocaro          844   0.0  0.1 33863936  19228   ??  S     9:03AM   0:00.21 /Library/Apple/System/Library/CoreServices/SafariSupport.bundle/Contents/MacOS/PasswordBreachAgent
root               843   0.0  0.0 34253376   3944   ??  Ss    9:03AM   0:00.03 /usr/libexec/memoryanalyticsd -xlatS
diegocaro          841   0.0  0.0 33800020   6244   ??  S     9:03AM   0:00.08 /System/Library/Frameworks/CoreServices.framework/Frameworks/Metadata.framework/Versions/A/Support/mdworker -s mdworker-sizing -c MDSSizingWorker -m com.apple.mdworker.sizing
root               833   0.0  0.0 33766784   4104   ??  Ss    9:01AM   0:00.03 /usr/libexec/tzd
diegocaro          832   0.0  0.1 34231352  12728   ??  Ss    9:01AM   0:00.32 /System/Library/Frameworks/Metal.framework/Versions/A/XPCServices/MTLCompilerService.xpc/Contents/MacOS/MTLCompilerService
diegocaro          831   0.0  0.0 33813720   4572   ??  S     9:01AM   0:00.06 /usr/libexec/proactiveeventtrackerd
diegocaro          829   0.0  0.3 34153164  48588   ??  S     9:00AM   0:00.26 /Library/Apple/System/Library/CoreServices/SafariSupport.bundle/Contents/MacOS/SafariBookmarksSyncAgent
diegocaro          828   0.0  0.1 34163240  19732   ??  S     9:00AM   0:00.71 /System/Library/Frameworks/CoreSpotlight.framework/CoreSpotlightService
diegocaro          814   0.0  0.1 34326772  19956   ??  S     8:59AM   0:01.00 /System/Library/CoreServices/NowPlayingTouchUI.app/Contents/MacOS/NowPlayingTouchUI
root               813   0.0  0.0 33829588   8140   ??  Ss    8:59AM   0:01.08 /System/Library/Frameworks/AudioToolbox.framework/XPCServices/CAReportingService.xpc/Contents/MacOS/CAReportingService
diegocaro          812   0.0  0.2 33939184  25800   ??  S     8:59AM   0:42.38 /Applications/Firefox.app/Contents/MacOS/plugin-container.app/Contents/MacOS/plugin-container -parentBuildID 20230112150232 -sandboxingKind 0 -prefsLen 33893 -prefMapSize 236340 -sbStartup -sbAppPath /Applications/Firefox.app -appDir /Applications/Firefox.app/Contents/Resources/browser -profile /Users/diegocaro/Library/Application Support/Firefox/Profiles/hmig4z1v.default-release-1634876631779 {0152290d-3c93-41bf-bd64-1359dd56ac20} 755 gecko-crash-server-pipe.755 org.mozilla.machname.858823192 utility
diegocaro          811   0.0  0.1 34303832  17012   ??  S     8:59AM   0:00.42 /System/Library/CoreServices/OSDUIHelper.app/Contents/MacOS/OSDUIHelper
diegocaro          808   0.0  0.2 34287124  27480   ??  Ss    8:59AM   1:51.35 /System/Library/Frameworks/VideoToolbox.framework/Versions/A/XPCServices/VTDecoderXPCService.xpc/Contents/MacOS/VTDecoderXPCService
diegocaro          807   0.0  0.2 33897356  25916   ??  S     8:59AM   0:00.43 /Applications/Firefox.app/Contents/MacOS/plugin-container.app/Contents/MacOS/plugin-container -parentBuildID 20230112150232 -sandboxingKind 1 -prefsLen 33893 -prefMapSize 236340 -sbStartup -sbAppPath /Applications/Firefox.app -appDir /Applications/Firefox.app/Contents/Resources/browser -profile /Users/diegocaro/Library/Application Support/Firefox/Profiles/hmig4z1v.default-release-1634876631779 {71783741-0995-4b62-aa38-45c04970a4f6} 755 gecko-crash-server-pipe.755 org.mozilla.machname.1789736032 utility
diegocaro          806   0.0  0.2 34023564  27712   ??  S     8:59AM   1:58.64 /Applications/Firefox.app/Contents/MacOS/plugin-container.app/Contents/MacOS/plugin-container -parentBuildID 20230112150232 -prefsLen 33893 -prefMapSize 236340 -sbStartup -sbAppPath /Applications/Firefox.app -appDir /Applications/Firefox.app/Contents/Resources/browser -profile /Users/diegocaro/Library/Application Support/Firefox/Profiles/hmig4z1v.default-release-1634876631779 {f4b97abd-66d2-4eba-a628-b9137a3bc3fc} 755 gecko-crash-server-pipe.755 org.mozilla.machname.540005905 rdd
diegocaro          803   0.0  0.0 34240868   8160   ??  Ss    8:59AM   0:00.06 /System/Library/Frameworks/VideoToolbox.framework/Versions/A/XPCServices/VTDecoderXPCService.xpc/Contents/MacOS/VTDecoderXPCService
diegocaro          801   0.0  0.1 33833796  13952   ??  S     8:59AM   0:00.83 cloudphotod
diegocaro          800   0.0  0.0 33828860   6172   ??  S     8:59AM   0:00.20 /System/Library/PrivateFrameworks/Synapse.framework/Support/contentlinkingd
diegocaro          797   0.0  3.7 37072660 613936   ??  S     8:59AM  10:48.90 /Applications/Firefox.app/Contents/MacOS/plugin-container.app/Contents/MacOS/plugin-container -childID 4 -isForBrowser -prefsLen 33350 -prefMapSize 236340 -jsInitLen 246772 -sbStartup -sbAppPath /Applications/Firefox.app -sbLevel 3 -sbAllowAudio -parentBuildID 20230112150232 -appDir /Applications/Firefox.app/Contents/Resources/browser -profile /Users/diegocaro/Library/Application Support/Firefox/Profiles/hmig4z1v.default-release-1634876631779 {24497b60-6d38-4377-a7d5-90cd69b5ea2c} 755 gecko-crash-server-pipe.755 org.mozilla.machname.285144083 tab
diegocaro          796   0.0  0.5 36147968  88600   ??  S     8:59AM   0:06.10 /Applications/Firefox.app/Contents/MacOS/plugin-container.app/Contents/MacOS/plugin-container -childID 3 -isForBrowser -prefsLen 28751 -prefMapSize 236340 -jsInitLen 246772 -sbStartup -sbAppPath /Applications/Firefox.app -sbLevel 3 -sbAllowAudio -parentBuildID 20230112150232 -appDir /Applications/Firefox.app/Contents/Resources/browser -profile /Users/diegocaro/Library/Application Support/Firefox/Profiles/hmig4z1v.default-release-1634876631779 {5d75ff29-479c-4d20-ae78-d04d55f0a3c0} 755 gecko-crash-server-pipe.755 org.mozilla.machname.265296665 tab
diegocaro          792   0.0  0.4 36137276  64132   ??  S     8:59AM   0:01.48 /Applications/Firefox.app/Contents/MacOS/plugin-container.app/Contents/MacOS/plugin-container -childID 1 -isForBrowser -prefsLen 27892 -prefMapSize 236340 -jsInitLen 246772 -sbStartup -sbAppPath /Applications/Firefox.app -sbLevel 3 -sbAllowAudio -parentBuildID 20230112150232 -appDir /Applications/Firefox.app/Contents/Resources/browser -profile /Users/diegocaro/Library/Application Support/Firefox/Profiles/hmig4z1v.default-release-1634876631779 {eb4a04e3-a791-40e2-af7b-40a5fe684f1b} 755 gecko-crash-server-pipe.755 org.mozilla.machname.504752305 tab
diegocaro          769   0.0  0.2 33876472  25960   ??  S     8:59AM   0:00.21 /Applications/Firefox.app/Contents/MacOS/plugin-container.app/Contents/MacOS/plugin-container -parentBuildID 20230112150232 -prefsLen 27676 -prefMapSize 236340 -sbStartup -sbAppPath /Applications/Firefox.app -appDir /Applications/Firefox.app/Contents/Resources/browser -profile /Users/diegocaro/Library/Application Support/Firefox/Profiles/hmig4z1v.default-release-1634876631779 {69afc10c-7764-408c-9a54-5330f65fcd8c} 755 gecko-crash-server-pipe.755 org.mozilla.machname.337414588 socket
diegocaro          768   0.0  0.1 33830296  16636   ??  S     8:59AM   0:00.22 /System/Library/PrivateFrameworks/PhotoAnalysis.framework/Versions/A/Support/photoanalysisd
diegocaro          767   0.0  0.3 33916380  44100   ??  S     8:59AM   0:00.53 /System/Library/PrivateFrameworks/MediaAnalysis.framework/Versions/A/mediaanalysisd
_spotlight         764   0.0  0.0 33832176   6916   ??  S     8:59AM   0:00.18 /usr/libexec/trustd --agent
_spotlight         763   0.0  0.1 33840160  19116   ??  SN    8:59AM   0:01.41 /System/Library/Frameworks/CoreServices.framework/Frameworks/Metadata.framework/Versions/A/Support/mdbulkimport -s mdworker-bundle -c MDSImporterBundleFinder -m com.apple.metadata.mdbulkimport
diegocaro          762   0.0  0.0 33830616   5112   ??  S     8:59AM   0:00.10 /System/Library/CoreServices/ScopedBookmarkAgent
diegocaro          761   0.0  0.1 33829296   9520   ??  S     8:59AM   0:00.12 /System/Library/PrivateFrameworks/SocialLayer.framework/sociallayerd.app/Contents/MacOS/sociallayerd
root               759   0.0  0.0 33800896   5960   ??  Ss    8:59AM   0:00.08 /usr/libexec/dprivacyd
diegocaro          758   0.0  0.1 33976940  13896   ??  S     8:59AM   0:00.08 /System/Library/PrivateFrameworks/CoreSuggestions.framework/Versions/A/Support/reversetemplated
diegocaro          757   0.0  0.1 33830300   9504   ??  S     8:59AM   0:00.12 /System/Library/PrivateFrameworks/CoreRecents.framework/Versions/A/Support/recentsd
root               756   0.0  0.0 33758516   1864   ??  Ss    8:59AM   0:00.01 /usr/libexec/online-authd
diegocaro          712   0.0  0.1 34294316  14124   ??  Ss    8:58AM   0:00.49 /Applications/Dropbox.app/Contents/XPCServices/DropboxActivityProvider.xpc/Contents/MacOS/DropboxActivityProvider
diegocaro          710   0.0  0.1 33841904  14028   ??  S     8:58AM   0:01.03 /usr/libexec/transparencyd
diegocaro          706   0.0  0.0 33783644   7852   ??  Ss    8:58AM   0:00.10 /System/Library/PrivateFrameworks/MessagesBlastDoorSupport.framework/Versions/A/XPCServices/MessagesBlastDoorService.xpc/Contents/MacOS/MessagesBlastDoorService
diegocaro          704   0.0  0.2 33876276  28652   ??  S     8:58AM   0:09.92 /usr/libexec/searchpartyuseragent
diegocaro          701   0.0  0.0 33790440   6216   ??  Ss    8:58AM   0:00.12 /System/Library/PrivateFrameworks/IDSBlastDoorSupport.framework/Versions/A/XPCServices/IDSBlastDoorService.xpc/Contents/MacOS/IDSBlastDoorService
root               695   0.0  0.0 33757540   3828   ??  Ss    8:58AM   0:00.02 /System/Library/PrivateFrameworks/SystemAdministration.framework/XPCServices/writeconfig.xpc/Contents/MacOS/writeconfig
diegocaro          693   0.0  0.1 34323528  20024   ??  S     8:58AM   0:00.30 /System/Library/Frameworks/LocalAuthentication.framework/Support/coreautha.bundle/Contents/MacOS/coreautha
diegocaro          691   0.0  0.1 33744124  12328   ??  S     8:58AM   0:00.33 /usr/libexec/promotedcontentd
root               690   0.0  0.0 34256564   5752   ??  S     8:58AM   0:01.03 /Library/DropboxHelperTools/Dropbox_u501/dbkextd
_nsurlsessiond     689   0.0  0.0 34249548   7140   ??  Ss    8:58AM   0:00.15 /System/Library/PrivateFrameworks/StreamingZip.framework/Versions/A/XPCServices/com.apple.StreamingUnzipService.xpc/Contents/MacOS/com.apple.StreamingUnzipService
root               688   0.0  0.0 33754960   4100   ??  Ss    8:58AM   0:00.03 /System/Library/PrivateFrameworks/AppStoreDaemon.framework/Versions/A/XPCServices/com.apple.AppStoreDaemon.StorePrivilegedTaskService.xpc/Contents/MacOS/com.apple.AppStoreDaemon.StorePrivilegedTaskService
_installcoordinationd   687   0.0  0.0 33744268   4504   ??  Ss    8:58AM   0:00.04 /System/Library/PrivateFrameworks/InstallCoordination.framework/Support/installcoordinationd
root               686   0.0  0.1 33801088  12732   ??  Ss    8:58AM   0:04.37 /System/Library/PrivateFrameworks/XprotectFramework.framework/Versions/A/XPCServices/XprotectService.xpc/Contents/MacOS/XprotectService
diegocaro          684   0.0  0.3 38370652  45352   ??  Ss    8:58AM   0:00.21 /Applications/Safari.app/Contents/PlugIns/CacheDeleteExtension.appex/Contents/MacOS/CacheDeleteExtension -AppleLanguages ("en-CL", "es-CL")
diegocaro          683   0.0  0.1 33829404  11840   ??  Ss    8:58AM   0:00.03 /System/Applications/Music.app/Contents/PlugIns/MusicCacheExtension.appex/Contents/MacOS/MusicCacheExtension -AppleLanguages ("en-CL", "es-CL")
diegocaro          682   0.0  0.1 33829404  11928   ??  Ss    8:58AM   0:00.04 /System/Applications/TV.app/Contents/PlugIns/TVCacheExtension.appex/Contents/MacOS/TVCacheExtension -AppleLanguages ("en-CL", "es-CL")
root               680   0.0  0.0 33765664   4136   ??  Ss    8:58AM   0:00.02 /System/Library/PrivateFrameworks/PackageKit.framework/Resources/installd
diegocaro          679   0.0  0.0 33793092   8160   ??  S     8:58AM   0:00.08 /System/Library/PrivateFrameworks/CommerceKit.framework/Versions/A/Resources/storedownloadd
root               678   0.0  0.0 33758496   4148   ??  Ss    8:58AM   0:00.02 /System/Library/PrivateFrameworks/PackageKit.framework/Resources/system_installd
diegocaro          677   0.0  0.2 33887200  40400   ??  S     8:58AM   0:02.30 /System/Library/PrivateFrameworks/AppStoreDaemon.framework/Support/appstoreagent
diegocaro          676   0.0  0.0 33829176   4568   ??  S     8:58AM   0:00.02 /System/Library/PrivateFrameworks/GeoServices.framework/geodMachServiceBridge
root               675   0.0  0.0 33829948   4320   ??  Ss    8:58AM   0:00.05 /usr/libexec/aned
diegocaro          674   0.0  0.0 33783540   7200   ??  S     8:58AM   0:00.06 /usr/libexec/replayd
_assetcache        673   0.0  0.1 33832856   8792   ??  Ss    8:58AM   0:00.13 /System/Library/PrivateFrameworks/AssetCacheServices.framework/Versions/A/XPCServices/AssetCacheLocatorService.xpc/Contents/MacOS/AssetCacheLocatorService -d
root               672   0.0  0.0 33790212   2608   ??  Ss    8:58AM   0:00.02 /System/Library/PrivateFrameworks/CacheDelete.framework/deleted_helper
diegocaro          670   0.0  0.0 33757556   3508   ??  S     8:58AM   0:00.01 /System/Library/Frameworks/CoreServices.framework/Frameworks/Metadata.framework/Versions/A/Support/mdwrite
diegocaro          668   0.0  0.1 33840072  17216   ??  S     8:58AM   0:00.89 /System/Library/PrivateFrameworks/CacheDelete.framework/deleted
root               663   0.0  0.0 33748244   1656   ??  Ss    8:58AM   0:00.01 /usr/libexec/smd
diegocaro          640   0.0  0.1 33840568  22728   ??  SN    8:58AM   0:02.88 /System/Library/Frameworks/CoreServices.framework/Frameworks/Metadata.framework/Versions/A/Support/mdbulkimport -s mdworker-bundle -c MDSImporterBundleFinder -m com.apple.metadata.mdbulkimport
diegocaro          639   0.0  0.1 33949960  19180   ??  S     8:58AM   0:00.97 /System/Library/PrivateFrameworks/SoftwareUpdate.framework/Resources/SoftwareUpdateNotificationManager.app/Contents/MacOS/SoftwareUpdateNotificationManager
diegocaro          638   0.0  0.3 33834524  42904   ??  S     8:58AM   0:00.17 /System/Library/PrivateFrameworks/AvatarPersistence.framework/Support/avatarsd
_applepay          637   0.0  0.0 33697508   1244   ??  S     8:58AM   0:00.31 /usr/sbin/distnoted agent
diegocaro          636   0.0  0.2 34282332  39324   ??  S     8:58AM   0:00.24 /System/Library/CoreServices/UIKitSystem.app/Contents/MacOS/UIKitSystem system_app_start
diegocaro          634   0.0  0.7 72293036 124176   ??  S     8:58AM   0:00.84 /Applications/Dropbox.app/Contents/Frameworks/Dropbox Helper (Renderer).app/Contents/MacOS/Dropbox Helper (Renderer) --type=renderer --field-trial-handle=1718379636,13630346193156412841,415101620583637821,131072 --disable-features=CookiesWithoutSameSiteMustBeSecure,SameSiteByDefaultCookies,SpareRendererForSitePerProcess --lang=en-US --standard-schemes=dbx-local --secure-schemes=dbx-local --bypasscsp-schemes --cors-schemes --fetch-schemes --service-worker-schemes --streaming-schemes --app-path=/Applications/Dropbox.app/Contents/Resources/app.asar --enable-sandbox --num-raster-threads=4 --enable-zero-copy --enable-gpu-memory-buffer-compositor-resources --enable-main-frame-before-activation --renderer-client-id=5 --no-v8-untrusted-code-mitigations --shared-files --seatbelt-client=80
diegocaro          633   0.0  0.0 33829008   4972   ??  S     8:58AM   0:00.04 /usr/sbin/BTLEServerAgent
_applepay          632   0.0  0.0 33828916   5560   ??  Ss    8:58AM   0:00.07 /usr/libexec/seld
diegocaro          628   0.0  0.1 33842264  20448   ??  S     8:58AM   0:00.47 /System/Library/PrivateFrameworks/PassKitCore.framework/passd
diegocaro          624   0.0  0.2 33884324  26744   ??  S     8:58AM   0:00.94 /usr/libexec/studentd
diegocaro          616   0.0  0.1 67990608  24760   ??  S     8:58AM   0:00.11 /Applications/Dropbox.app/Contents/Frameworks/Dropbox Helper.app/Contents/MacOS/Dropbox Helper --type=utility --utility-sub-type=network.mojom.NetworkService --field-trial-handle=1718379636,13630346193156412841,415101620583637821,131072 --disable-features=CookiesWithoutSameSiteMustBeSecure,SameSiteByDefaultCookies,SpareRendererForSitePerProcess --lang=en-US --service-sandbox-type=network --standard-schemes=dbx-local --secure-schemes=dbx-local --bypasscsp-schemes --cors-schemes --fetch-schemes --service-worker-schemes --streaming-schemes --shared-files --seatbelt-client=70
diegocaro          614   0.0  0.1 34256604  18868   ??  Ss    8:58AM   0:00.11 /System/Library/Frameworks/VideoToolbox.framework/Versions/A/XPCServices/VTEncoderXPCService.xpc/Contents/MacOS/VTEncoderXPCService
diegocaro          613   0.0  0.1 34252064  12176   ??  Ss    8:58AM   0:00.11 /System/Library/Frameworks/VideoToolbox.framework/Versions/A/XPCServices/VTDecoderXPCService.xpc/Contents/MacOS/VTDecoderXPCService
diegocaro          612   0.0  0.1 33833508  10020   ??  S     8:58AM   0:00.24 /System/Library/Frameworks/ClassKit.framework/Versions/A/progressd
root               610   0.0  0.0 33783160   2136   ??  Ss    8:58AM   0:00.03 /System/Library/Frameworks/OpenGL.framework/Versions/A/Libraries/CVMServer
root               609   0.0  0.0 33767720   3612   ??  Ss    8:58AM   0:00.07 /System/Library/PrivateFrameworks/CoreSymbolication.framework/coresymbolicationd
diegocaro          606   0.0  0.0 33748068   3628   ??  S     8:58AM   0:00.02 /usr/libexec/spindump_agent
root               605   0.0  0.1 33826376  17324   ??  Ss    8:58AM   0:01.26 /usr/sbin/spindump
diegocaro          604   0.0  0.2 33932704  38464   ??  S     8:58AM   0:04.76 /System/Library/PrivateFrameworks/PhotoLibraryServices.framework/Versions/A/Support/photolibraryd
diegocaro          603   0.0  0.5 34303360  79592   ??  S     8:58AM   0:04.65 /System/Library/PrivateFrameworks/CoreSuggestions.framework/Versions/A/Support/suggestd
_driverkit         602   0.0  0.0 34124804    764   ??  Ss    8:58AM   0:00.01 /System/Library/DriverExtensions/IOUserBluetoothSerialDriver.dext/IOUserBluetoothSerialDriver com.apple.IOUserBluetoothSerialDriver 0x100000905 com.apple.IOUserBluetoothSerialDriver
root               601   0.0  0.0 33825560   4428   ??  Ss    8:58AM   0:00.04 /System/Library/PrivateFrameworks/AssetCacheServicesExtensions.framework/XPCServices/AssetCacheTetheratorService.xpc/Contents/MacOS/AssetCacheTetheratorService
_assetcache        600   0.0  0.0 33697508   1236   ??  S     8:58AM   0:00.31 /usr/sbin/distnoted agent
_assetcache        599   0.0  0.0 33831508   6740   ??  Ss    8:58AM   0:00.06 /usr/libexec/AssetCache/AssetCache
diegocaro          598   0.0  0.1 33831848   9124   ??  S     8:58AM   0:00.17 /System/Library/PrivateFrameworks/AssetCacheServices.framework/Versions/A/XPCServices/AssetCacheLocatorService.xpc/Contents/MacOS/AssetCacheLocatorService -a
diegocaro          597   0.0  0.1 33845276  17440   ??  S     8:58AM   0:01.38 /usr/libexec/swcd
_reportmemoryexception   596   0.0  0.0 33697508   1244   ??  S     8:58AM   0:00.34 /usr/sbin/distnoted agent
diegocaro          593   0.0  0.0 34188996   5000   ??  S     8:58AM   0:00.03 /usr/libexec/SidecarRelay
diegocaro          592   0.0  0.0 33775076   3876   ??  S     8:58AM   0:00.02 /System/Library/CoreServices/ReportCrash agent
root               589   0.0  0.0 33756940   2584   ??  Ss    8:58AM   0:00.01 /System/Library/CoreServices/CrashReporterSupportHelper server-init
diegocaro          588   0.0  0.0 33796868   7236   ??  S     8:58AM   0:00.03 /System/Library/PrivateFrameworks/CommunicationsFilter.framework/CMFSyncAgent
diegocaro          587   0.0  0.0 33791012   5472   ??  S     8:58AM   0:00.02 /System/Library/PrivateFrameworks/CoreFollowUp.framework/Versions/A/Support/followupd
diegocaro          586   0.0  0.0 33831264   4800   ??  Ss    8:58AM   0:00.02 /System/Library/PrivateFrameworks/Categories.framework/Versions/A/XPCServices/CategoriesService.xpc/Contents/MacOS/CategoriesService
diegocaro          585   0.0  0.1 33997828  11280   ??  S     8:58AM   0:00.12 /System/Library/PrivateFrameworks/ContextKit.framework/Versions/A/XPCServices/ContextService.xpc/Contents/MacOS/ContextService
diegocaro          584   0.0  0.0 33755976   3660   ??  S     8:58AM   0:00.02 /System/Library/PrivateFrameworks/CharacterPicker.framework/Versions/A/XPCServices/com.apple.CharacterPicker.FileService.xpc/Contents/MacOS/com.apple.CharacterPicker.FileService
diegocaro          583   0.0  0.1 33800012  16244   ??  S     8:58AM   0:01.45 /usr/libexec/findmydevice-user-agent
diegocaro          582   0.0  0.1 34169208  24164   ??  Ss    8:58AM   0:03.78 /System/Library/Input Methods/EmojiFunctionRowIM.app/Contents/PlugIns/EmojiFunctionRowIM_Extension.appex/Contents/MacOS/EmojiFunctionRowIM_Extension -AppleLanguages ("en-CL", "es-CL")
root               581   0.0  0.0 33829980   6168   ??  Ss    8:58AM   0:00.31 /System/Library/PrivateFrameworks/AmbientDisplay.framework/Versions/A/XPCServices/com.apple.AmbientDisplayAgent.xpc/Contents/MacOS/com.apple.AmbientDisplayAgent
root               580   0.0  0.1 33838624  11976   ??  Ss    8:58AM   0:01.99 /usr/libexec/rtcreportingd
diegocaro          579   0.0  0.1 33831000  11776   ??  S     8:58AM   0:00.64 /usr/libexec/biomesyncd
diegocaro          577   0.0  0.1 33846660  14860   ??  S     8:58AM   0:00.52 /usr/libexec/adprivacyd
diegocaro          576   0.0  0.0 33821084   4224   ??  S     8:58AM   0:00.02 /System/Library/PrivateFrameworks/NewDeviceOutreach.framework/ndoagent
diegocaro          574   0.0  0.0 33829296   8008   ??  S     8:58AM   0:00.10 /usr/libexec/diagnosticextensionsd
diegocaro          573   0.0  0.1 33943128  14812   ??  S     8:58AM   0:00.24 /System/Library/CoreServices/CoreLocationAgent.app/Contents/MacOS/CoreLocationAgent
root               572   0.0  0.0 33829596   7828   ??  Ss    8:58AM   0:00.39 /usr/libexec/wifivelocityd
diegocaro          571   0.0  0.0 33798988   3924   ??  S     8:58AM   0:00.12 /usr/libexec/WiFiVelocityAgent
root               570   0.0  0.0 33820044   8228   ??  Ss    8:58AM   0:00.03 /System/Library/PrivateFrameworks/SiriInference.framework/Support/siriinferenced
diegocaro          569   0.0  0.1 33830616  11220   ??  S     8:58AM   0:00.09 /usr/libexec/siriknowledged
diegocaro          568   0.0  0.0 33798904   3412   ??  S     8:58AM   0:00.11 /System/Library/PrivateFrameworks/MediaRemote.framework/Support/mediaremoteagent
diegocaro          567   0.0  0.1 33830324   9412   ??  Ss    8:58AM   0:00.22 /System/Library/PrivateFrameworks/CoreEmbeddedSpeechRecognition.framework/Versions/A/XPCServices/com.apple.siri.embeddedspeech.xpc/Contents/MacOS/com.apple.siri.embeddedspeech
diegocaro          566   0.0  0.1 33834096  13740   ??  S     8:58AM   0:00.30 /System/Library/PrivateFrameworks/iCloudNotification.framework/iCloudNotificationAgent
root               564   0.0  0.0 33829736   7108   ??  Ss    8:58AM   0:00.95 /usr/sbin/WirelessRadioManagerd
diegocaro          562   0.0  0.1 33873180  17784   ??  Ss    8:58AM   0:00.25 /System/Library/CoreServices/ControlStrip.app/Contents/XPCServices/com.apple.DFRSystemExtra.InputMenu.xpc/Contents/MacOS/com.apple.DFRSystemExtra.InputMenu
diegocaro          549   0.0  0.1 33838932  10072   ??  S     8:58AM   0:00.24 /usr/libexec/neagent
diegocaro          548   0.0  0.1 33944144  17320   ??  S     8:58AM   0:00.75 /System/Library/CoreServices/WiFiAgent.app/Contents/MacOS/WiFiAgent
diegocaro          546   0.0  0.1 33846532  24268   ??  S     8:58AM   0:01.25 /System/Library/PrivateFrameworks/AssistantServices.framework/Versions/A/Support/assistantd
diegocaro          545   0.0  0.0 33773828   2576   ??  Ss    8:58AM   0:00.01 /System/Library/PrivateFrameworks/login.framework/Versions/A/XPCServices/LoginUserService.xpc/Contents/MacOS/LoginUserService
diegocaro          544   0.0  0.1 34369576  15292   ??  S     8:58AM   0:00.21 /System/Library/CoreServices/CoreServicesUIAgent.app/Contents/MacOS/CoreServicesUIAgent
diegocaro          543   0.0  0.1 33838308  15500   ??  S     8:58AM   0:00.38 /usr/libexec/fmfd
diegocaro          542   0.0  0.1 33835856  10048   ??  Ss    8:58AM   0:00.09 /System/Library/PrivateFrameworks/TelephonyUtilities.framework/XPCServices/com.apple.FaceTime.FTConversationService.xpc/Contents/MacOS/com.apple.FaceTime.FTConversationService
diegocaro          541   0.0  0.1 33836352  14796   ??  S     8:58AM   0:00.40 /System/Library/PrivateFrameworks/StatusKit.framework/StatusKitAgent
diegocaro          540   0.0  0.0 33829880   4960   ??  Ss    8:58AM   0:00.13 /System/Library/Frameworks/AudioToolbox.framework/XPCServices/CarbonComponentScannerXPC.xpc/Contents/MacOS/CarbonComponentScannerXPC
diegocaro          539   0.0  0.1 34472000  22420   ??  S     8:58AM   0:00.11 /Applications/Dropbox.app/Contents/MacOS/Dropbox -type:exit-monitor -method:collectupload -python-version:3.8.12 -process-type:main -session-token:c53ad796-1c21-4950-b771-e90f147f0d78 -target-handle:506 -target-shutdown-event:4 -target-restart-event:6 -target-command-line:/Applications/Dropbox.app/Contents/MacOS/Dropbox
diegocaro          537   0.0  0.1 33836300  13732   ??  S     8:58AM   0:00.35 /System/Library/PrivateFrameworks/FamilyCircle.framework/Versions/A/Resources/familycircled
diegocaro          535   0.0  0.0 33791304   4764   ??  S     8:58AM   0:00.07 /System/Library/Frameworks/AudioToolbox.framework/AudioComponentRegistrar
diegocaro          534   0.0  0.1 34461560  19300   ??  S     8:58AM   0:00.08 /Applications/Dropbox.app/Contents/MacOS/Dropbox -type:crashpad-handler --no-upload-gzip --no-rate-limit --capture-python --no-identify-client-via-url --database=/Users/diegocaro/.dropbox/Crashpad --metrics-dir=0 --url=https://d.dropbox.com/report_crashpad_minidump --https-pin=0x23,0xf2,0xed,0xff,0x3e,0xde,0x90,0x25,0x9a,0x9e,0x30,0xf4,0xa,0xf8,0xf9,0x12,0xa5,0xe5,0xb3,0x69,0x4e,0x69,0x38,0x44,0x3,0x41,0xf6,0x6,0xe,0x1,0x4f,0xfa --https-pin=0xaf,0xf9,0x88,0x90,0x6d,0xde,0x12,0x95,0x5d,0x9b,0xeb,0xbf,0x92,0x8f,0xdc,0xc3,0x1c,0xce,0x32,0x8d,0x5b,0x93,0x84,0xf2,0x1c,0x89,0x41,0xca,0x26,0xe2,0x3,0x91 --https-pin=0x5a,0x88,0x96,0x47,0x22,0xe,0x54,0xd6,0xbd,0x8a,0x16,0x81,0x72,0x24,0x52,0xb,0xb5,0xc7,0x8e,0x58,0x98,0x4b,0xd5,0x70,0x50,0x63,0x88,0xb9,0xde,0xf,0x7,0x5f --https-pin=0xfe,0xa2,0xb7,0xd6,0x45,0xfb,0xa7,0x3d,0x75,0x3c,0x1e,0xc9,0xa7,0x87,0xc,0x40,0xe1,0xf7,0xb0,0xc5,0x61,0xe9,0x27,0xb9,0x85,0xbf,0x71,0x18,0x66,0xe3,0x6f,0x22 --https-pin=0x76,0xee,0x85,0x90,0x37,0x4c,0x71,0x54,0x37,0xbb,0xca,0x6b,0xba,0x60,0x28,0xea,0xdd,0xe2,0xdc,0x6d,0xbb,0xb8,0xc3,0xf6,0x10,0xe8,0x51,0xf1,0x1d,0x1a,0xb7,0xf5 --https-pin=0x6d,0xbf,0xae,0x0,0xd3,0x7b,0x9c,0xd7,0x3f,0x8f,0xb4,0x7d,0xe6,0x59,0x17,0xaf,0x0,0xe0,0xdd,0xdf,0x42,0xdb,0xce,0xac,0x20,0xc1,0x7c,0x2,0x75,0xee,0x20,0x95 --https-pin=0x1e,0xa3,0xc5,0xe4,0x3e,0xd6,0x6c,0x2d,0xa2,0x98,0x3a,0x42,0xa4,0xa7,0x9b,0x1e,0x90,0x67,0x86,0xce,0x9f,0x1b,0x58,0x62,0x14,0x19,0xa0,0x4,0x63,0xa8,0x7d,0x38 --https-pin=0x87,0xaf,0x34,0xd6,0x6f,0xb3,0xf2,0xfd,0xf3,0x6e,0x9,0x11,0x1e,0x9a,0xba,0x2f,0x6f,0x44,0xb2,0x7,0xf3,0x86,0x3f,0x3d,0xb,0x54,0xb2,0x50,0x23,0x90,0x9a,0xa5 --https-pin=0xbc,0xfb,0x44,0xaa,0xb9,0xad,0x2,0x10,0x15,0x70,0x6b,0x41,0x21,0xea,0x76,0x1c,0x81,0xc9,0xe8,0x89,0x67,0x59,0xf,0x6f,0x94,0xae,0x74,0x4d,0xc8,0x8b,0x78,0xfb --https-pin=0xab,0x98,0x49,0x52,0x76,0xad,0xf1,0xec,0xaf,0xf2,0x8f,0x35,0xc5,0x30,0x48,0x78,0x1e,0x5c,0x17,0x18,0xda,0xb9,0xc8,0xe6,0x7a,0x50,0x4f,0x4f,0x6a,0x51,0x32,0x8f --https-pin=0x49,0x5,0x46,0x66,0x23,0xab,0x41,0x78,0xbe,0x92,0xac,0x5c,0xbd,0x65,0x84,0xf7,0xa1,0xe1,0x7f,0x27,0x65,0x2d,0x5a,0x85,0xaf,0x89,0x50,0x4e,0xa2,0x39,0xaa,0xaa --https-pin=0x56,0x32,0xd9,0x7b,0xfa,0x77,0x5b,0xf3,0xc9,0x9d,0xde,0xa5,0x2f,0xc2,0x55,0x34,0x10,0x86,0x40,0x16,0x72,0x9c,0x52,0xdd,0x65,0x24,0xc8,0xa9,0xc3,0xb4,0x48,0x9f --https-pin=0x2a,0x8f,0x2d,0x8a,0xf0,0xeb,0x12,0x38,0x98,0xf7,0x4c,0x86,0x6a,0xc3,0xfa,0x66,0x90,0x54,0xe2,0x3c,0x17,0xbc,0x7a,0x95,0xbd,0x2,0x34,0x19,0x2d,0xc6,0x35,0xd0 --https-pin=0x32,0xb6,0x4b,0x66,0x72,0x7a,0x20,0x63,0xe4,0x6,0x6f,0x3b,0x95,0x8c,0xb0,0xaa,0xee,0x57,0x6a,0x5e,0xce,0xfd,0x95,0x33,0x99,0xbb,0x88,0x74,0x73,0x1d,0x95,0x87 --https-pin=0xf5,0x3c,0x22,0x5,0x98,0x17,0xdd,0x96,0xf4,0x0,0x65,0x16,0x39,0xd2,0xf8,0x57,0xe2,0x10,0x70,0xa5,0x9a,0xbe,0xd9,0x7,0x94,0x0,0xd9,0xf6,0x95,0x50,0x69,0x0 --https-pin=0x67,0xdc,0x4f,0x32,0xfa,0x10,0xe7,0xd0,0x1a,0x79,0xa0,0x73,0xaa,0xc,0x9e,0x2,0x12,0xec,0x2f,0xfc,0x3d,0x77,0x9e,0xa,0xa7,0xf9,0xc0,0xf0,0xe1,0xc2,0xc8,0x93 --https-pin=0x19,0x6,0xc6,0x12,0x4d,0xbb,0x43,0x85,0x78,0xd0,0xe,0x6,0x6d,0x50,0x54,0xc6,0xc3,0x7f,0xf,0xa6,0x2,0x8c,0x5,0x54,0x5e,0x9,0x94,0xed,0xda,0xec,0x86,0x29 --https-pin=0x1d,0x75,0xd0,0x83,0x1b,0x9e,0x8,0x85,0x39,0x4d,0x32,0xc7,0xa1,0xbf,0xdb,0x3d,0xbc,0x1c,0x28,0xe2,0xb0,0xe8,0x39,0x1f,0xb1,0x35,0x98,0x1d,0xbc,0x5b,0xa9,0x36 --annotation=host_int_account1_boot=13263226289 --annotation=machine_id=c97b1ce1-12c0-5c2a-93d1-9714a6892394 --annotation=platform=mac --annotation=platform_version=12.6.2 --handshake-fd=4
diegocaro          532   0.0  0.2 34408372  40460   ??  S     8:58AM   0:04.30 /System/Library/CoreServices/ControlStrip.app/Contents/MacOS/ControlStrip
diegocaro          531   0.0  0.0 33829472   5668   ??  S     8:58AM   0:00.06 /System/Library/CoreServices/APFSUserAgent
diegocaro          530   0.0  0.3 33966848  43324   ??  S     8:58AM   0:03.88 /System/Library/PrivateFrameworks/IMDPersistence.framework/XPCServices/IMDPersistenceAgent.xpc/Contents/MacOS/IMDPersistenceAgent
diegocaro          529   0.0  0.1 33836164  13744   ??  S     8:58AM   0:00.28 /System/Library/PrivateFrameworks/CallHistory.framework/Support/CallHistoryPluginHelper
diegocaro          528   0.0  0.1 33881356  18952   ??  S     8:58AM   0:00.29 /System/Library/CoreServices/TextInputSwitcher.app/Contents/MacOS/TextInputSwitcher
diegocaro          527   0.0  0.1 34020612  22328   ??  Ss    8:58AM   0:00.54 /Applications/Dropbox.app/Contents/PlugIns/garcon.appex/Contents/MacOS/garcon -AppleLanguages ("en-CL", "es-CL")
diegocaro          524   0.0  0.1 33845448  23056   ??  S     8:58AM   0:01.20 /System/Library/Frameworks/CoreTelephony.framework/Support/CommCenter -L
diegocaro          522   0.0  0.1 33833692  15240   ??  S     8:58AM   0:00.62 /System/Library/PrivateFrameworks/AppleMediaServices.framework/Resources/amsaccountsd
diegocaro          520   0.0  0.1 34395788  20924   ??  S     8:58AM   0:00.82 /System/Library/CoreServices/TextInputMenuAgent.app/Contents/MacOS/TextInputMenuAgent
diegocaro          519   0.0  0.0 33830380   7976   ??  S     8:58AM   0:00.48 /System/Library/CoreServices/diagnostics_agent
diegocaro          518   0.0  0.1 33831504  19192   ??  S     8:58AM   0:00.58 /System/Library/CoreServices/cloudpaird
diegocaro          516   0.0  0.1 33842052  22584   ??  S     8:58AM   0:01.45 /System/Library/PrivateFrameworks/IMCore.framework/imagent.app/Contents/MacOS/imagent
diegocaro          515   0.0  0.1 34293792  13656   ??  S     8:58AM   0:00.19 /System/Library/CoreServices/AirPlayUIAgent.app/Contents/MacOS/AirPlayUIAgent --launchd
diegocaro          513   0.0  0.1 33833996  13116   ??  S     8:58AM   0:00.45 /System/Library/PrivateFrameworks/AskPermission.framework/Versions/A/Resources/askpermissiond
diegocaro          512   0.0  0.0 33829572   7868   ??  S     8:58AM   0:00.34 /System/Library/Image Capture/Support/icdd
diegocaro          509   0.0  0.1 33838228  24868   ??  S     8:58AM   0:01.09 /usr/libexec/routined LAUNCHED_BY_LAUNCHD
diegocaro          508   0.0  0.1 33840356  13200   ??  S     8:58AM   0:00.55 /System/Library/PrivateFrameworks/CoreSpeech.framework/corespeechd
root               507   0.0  0.0 33836976   7016   ??  Ss    8:58AM   0:00.19 /usr/sbin/systemsoundserverd
diegocaro          505   0.0  0.1 34288728  16640   ??  S     8:58AM   0:00.19 /usr/libexec/avconferenced
diegocaro          504   0.0  0.2 33842812  29372   ??  S     8:58AM   0:01.37 /System/Library/PrivateFrameworks/TelephonyUtilities.framework/callservicesd
diegocaro          503   0.0  0.1 33829956   8484   ??  S     8:58AM   0:00.20 /System/Library/Frameworks/LocalAuthentication.framework/Support/coreauthd
diegocaro          502   0.0  0.1 33837828  24672   ??  Ss    8:58AM   0:01.40 /System/Library/PrivateFrameworks/CalendarNotification.framework/Versions/A/XPCServices/CalNCService.xpc/Contents/MacOS/CalNCService
diegocaro          501   0.0  0.1 33842888  20676   ??  S     8:58AM   0:07.00 /usr/libexec/networkserviceproxy
diegocaro          500   0.0  0.2 34320212  39692   ??  Ss    8:58AM   0:00.87 /System/Library/CoreServices/Dock.app/Contents/XPCServices/com.apple.dock.extra.xpc/Contents/MacOS/com.apple.dock.extra
diegocaro          499   0.0  0.2 36563316  32572   ??  S     8:58AM   0:01.12 /System/Library/Frameworks/CoreServices.framework/Frameworks/Metadata.framework/Versions/A/Support/corespotlightd
diegocaro          497   0.0  0.0 33817904   5980   ??  S     8:58AM   0:00.02 /System/Library/CoreServices/Menu Extras/SafeEjectGPUExtra.menu/Contents/XPCServices/SafeEjectGPUService.xpc/Contents/MacOS/SafeEjectGPUService
diegocaro          496   0.0  0.0 34162980   3476   ??  S     8:58AM   0:00.01 SafeEjectGPUAgent
diegocaro          495   0.0  0.1 33858228  13396   ??  Ss    8:58AM   0:00.78 /System/Library/Input Methods/PressAndHold.app/Contents/PlugIns/PAH_Extension.appex/Contents/MacOS/PAH_Extension -AppleLanguages ("en-CL", "es-CL")
diegocaro          494   0.0  0.1 33831204   9656   ??  S     8:58AM   0:00.11 /System/Library/Frameworks/InputMethodKit.framework/Resources/imklaunchagent
diegocaro          493   0.0  0.0 33799904   8084   ??  S     8:58AM   0:00.07 /System/Library/Frameworks/Security.framework/Versions/A/Resources/CloudKeychainProxy.bundle/Contents/MacOS/CloudKeychainProxy
diegocaro          492   0.0  0.1 33830068   9972   ??  S     8:58AM   0:00.10 /System/Library/PrivateFrameworks/ProtectedCloudStorage.framework/Helpers/ProtectedCloudKeySyncing
diegocaro          491   0.0  0.0 33798904   6228   ??  S     8:58AM   0:00.09 /System/Library/PrivateFrameworks/CoreCDP.framework/Versions/A/Resources/cdpd
diegocaro          489   0.0  0.1 33867408  18408   ??  S     8:58AM   0:00.26 /System/Library/CoreServices/Keychain Circle Notification.app/Contents/MacOS/Keychain Circle Notification
diegocaro          488   0.0  0.1 33836544  15812   ??  S     8:58AM   0:00.31 /System/Library/PrivateFrameworks/ScreenTimeCore.framework/Versions/A/ScreenTimeAgent
diegocaro          487   0.0  0.1 33839020  11952   ??  Ss    8:58AM   0:00.91 /System/Library/PrivateFrameworks/CloudDocsDaemon.framework/XPCServices/ContainerMetadataExtractor.xpc/Contents/MacOS/ContainerMetadataExtractor
diegocaro          486   0.0  0.1 33950864  17348   ??  S     8:58AM   0:00.51 /System/Library/PreferencePanes/Displays.prefPane/Contents/Resources/MirrorDisplays.app/Contents/MacOS/MirrorDisplays
diegocaro          485   0.0  0.1 33842664  16952   ??  S     8:58AM   0:01.02 /System/Library/PrivateFrameworks/GeoServices.framework/Versions/A/XPCServices/com.apple.geod.xpc/Contents/MacOS/com.apple.geod
_ctkd              484   0.0  0.0 33791384   2788   ??  Ss    8:58AM   0:00.04 /System/Library/Frameworks/CryptoTokenKit.framework/ctkd -s
diegocaro          483   0.0  0.1 33829560  10896   ??  S     8:58AM   0:00.69 /System/Library/Frameworks/Contacts.framework/Support/contactsd
diegocaro          482   0.0  0.1 33835968  18080   ??  S     8:58AM   0:00.60 /System/Library/PrivateFrameworks/CommerceKit.framework/Versions/A/Resources/commerce
diegocaro          481   0.0  0.1 33829968   9024   ??  S     8:58AM   0:00.96 /usr/libexec/triald
diegocaro          480   0.0  0.0 33829780   4968   ??  S     8:58AM   0:00.10 /System/Library/CoreServices/pbs
diegocaro          478   0.0  0.1 34364176  16360   ??  S     8:58AM   0:00.32 /System/Library/Frameworks/QuickLookThumbnailing.framework/Support/com.apple.quicklook.ThumbnailsAgent
diegocaro          476   0.0  0.1 33836988  17564   ??  S     8:58AM   0:00.48 /System/Library/PrivateFrameworks/CoreParsec.framework/parsecd
diegocaro          475   0.0  0.0 33829592   5892   ??  S     8:58AM   0:00.22 /System/Library/Frameworks/CryptoTokenKit.framework/ctkd -tw
diegocaro          474   0.0  0.2 33844996  31588   ??  S     8:58AM   0:06.37 /usr/libexec/sharingd
diegocaro          473   0.0  0.0 33790860   3868   ??  S     8:58AM   0:00.05 /System/Library/Frameworks/CryptoTokenKit.framework/ctkahp.bundle/Contents/MacOS/ctkahp
diegocaro          472   0.0  0.2 34441696  35104   ??  S     8:58AM   0:00.90 /System/Library/CoreServices/Spotlight.app/Contents/MacOS/Spotlight
root               471   0.0  0.0 33799020   3448   ??  Ss    8:58AM   0:00.05 /System/Library/Frameworks/CryptoTokenKit.framework/ctkahp.bundle/Contents/MacOS/ctkahp -d
diegocaro          470   0.0  0.0 33830412   7204   ??  S     8:58AM   0:01.13 /System/Library/PrivateFrameworks/UserActivity.framework/Agents/useractivityd
diegocaro          467   0.0  0.0 33799432   3352   ??  S     8:58AM   0:00.12 /System/Library/PrivateFrameworks/BiomeStreams.framework/Support/BiomeAgent
diegocaro          466   0.0  0.1 33926612  19284   ??  S     8:58AM   0:00.72 /System/Library/CoreServices/iconservicesagent
diegocaro          465   0.0  0.1 33854840  16596   ??  S     8:58AM   0:03.80 /usr/libexec/nsurlsessiond
diegocaro          464   0.0  0.2 33855192  27504   ??  S     8:58AM   0:01.75 /System/Library/PrivateFrameworks/SyncedDefaults.framework/Support/syncdefaultsd
diegocaro          462   0.0  0.1 33846212  13384   ??  S     8:58AM   0:00.36 /System/Library/PrivateFrameworks/FileProvider.framework/Support/fileproviderd
diegocaro          461   0.0  0.1 33837888   8944   ??  S     8:58AM   0:00.08 /System/Library/PrivateFrameworks/AMPDevices.framework/Versions/A/Support/AMPDeviceDiscoveryAgent --launchd
diegocaro          459   0.0  0.1 33840948  19480   ??  S     8:58AM   0:08.01 /System/Library/PrivateFrameworks/CoreDuetContext.framework/Resources/ContextStoreAgent
root               458   0.0  0.0 33800588   4364   ??  Ss    8:58AM   0:00.03 automountd
diegocaro          457   0.0  0.0 33799528   3468   ??  S     8:58AM   0:01.38 /System/Library/Frameworks/ApplicationServices.framework/Versions/A/Frameworks/HIServices.framework/Versions/A/XPCServices/com.apple.hiservices-xpcservice.xpc/Contents/MacOS/com.apple.hiservices-xpcservice
diegocaro          456   0.0  0.2 34429152  37548   ??  S     8:58AM   0:01.46 /System/Library/CoreServices/NotificationCenter.app/Contents/MacOS/NotificationCenter
diegocaro          455   0.0  0.1 33847792  24732   ??  S     8:58AM   0:01.00 /System/Library/PrivateFrameworks/DoNotDisturbServer.framework/Support/donotdisturbd
diegocaro          454   0.0  0.1 33840724  11432   ??  S     8:58AM   0:01.06 /System/Library/CoreServices/sharedfilelistd
diegocaro          453   0.0  0.0 33830096   7772   ??  S     8:58AM   0:00.08 /System/Library/PrivateFrameworks/UsageTracking.framework/Versions/A/UsageTrackingAgent
diegocaro          452   0.0  0.2 34101420  33676   ??  S     8:58AM   0:02.26 /System/Library/PrivateFrameworks/AppleMediaServicesUI.framework/amsengagementd
diegocaro          450   0.0  0.1 33835056  10128   ??  S     8:58AM   0:00.30 /usr/libexec/dmd
diegocaro          449   0.0  0.2 33843344  36108   ??  S     8:58AM   0:01.98 /System/Library/PrivateFrameworks/HomeKitDaemon.framework/Support/homed
diegocaro          448   0.0  0.3 33860788  52612   ??  S     8:58AM   0:07.70 /System/Library/PrivateFrameworks/CalendarAgent.framework/Executables/CalendarAgent
diegocaro          447   0.0  0.1 33829524  19804   ??  S     8:58AM   0:01.01 /usr/libexec/containermanagerd --runmode=agent --bundle-container-mode=global --bundle-container-owner=_appinstalld --system-container-mode=none
diegocaro          446   0.0  0.1 33841696  17884   ??  S     8:58AM   0:00.76 /usr/sbin/usernoted
diegocaro          445   0.0  0.1 33852816   8824   ??  S     8:58AM   0:00.80 /System/Library/Frameworks/ApplicationServices.framework/Versions/A/Frameworks/ATS.framework/Versions/A/Support/fontworker
diegocaro          444   0.0  0.1 33842336  22852   ??  S     8:58AM   0:03.14 /System/Library/PrivateFrameworks/CloudDocsDaemon.framework/Versions/A/Support/bird
diegocaro          443   0.0  0.1 33844296  17564   ??  S     8:58AM   0:00.66 /System/Library/PrivateFrameworks/VoiceShortcuts.framework/Versions/A/Support/siriactionsd
root               442   0.0  0.0 33809692   8092   ??  Ss    8:58AM   0:00.11 /usr/sbin/filecoordinationd
diegocaro          441   0.0  0.2 33863676  29668   ??  S     8:58AM   0:03.11 /System/Library/PrivateFrameworks/IDS.framework/identityservicesd.app/Contents/MacOS/identityservicesd
diegocaro          440   0.0  0.1 34371748  18904   ??  S     8:58AM   0:00.26 /System/Library/PrivateFrameworks/AppSSO.framework/Support/AppSSOAgent.app/Contents/MacOS/AppSSOAgent
diegocaro          439   0.0  0.2 33854872  29316   ??  S     8:58AM   0:07.92 /System/Library/PrivateFrameworks/CloudKitDaemon.framework/Support/cloudd
diegocaro          438   0.0  0.0 33830324   7948   ??  S     8:58AM   0:00.26 /usr/libexec/secinitd
diegocaro          437   0.0  0.1 33839268  15512   ??  S     8:58AM   0:01.19 /usr/libexec/pkd
diegocaro          436   0.0  0.1 34273500  14596   ??  Ss    8:58AM   0:00.32 /System/Library/Frameworks/QuickLookUI.framework/Versions/A/XPCServices/QuickLookUIService.xpc/Contents/MacOS/QuickLookUIService
diegocaro          435   0.0  0.1 33837192  13780   ??  S     8:58AM   0:00.55 /System/Library/PrivateFrameworks/AuthKit.framework/Versions/A/Support/akd
diegocaro          434   0.0  0.1 33831012  13840   ??  S     8:58AM   0:01.35 /System/Library/Frameworks/ApplicationServices.framework/Frameworks/ATS.framework/Support/fontd
diegocaro          433   0.0  0.1 33830116  17872   ??  S     8:58AM   0:01.58 /usr/libexec/rapportd
diegocaro          432   0.0  0.1 33831092  10020   ??  S     8:58AM   0:03.19 /System/Library/PrivateFrameworks/ViewBridge.framework/Versions/A/XPCServices/ViewBridgeAuxiliary.xpc/Contents/MacOS/ViewBridgeAuxiliary
diegocaro          431   0.0  0.0 33801468   5568   ??  S     8:58AM   0:00.39 /usr/libexec/pboard
diegocaro          430   0.0  0.0 33830540   8240   ??  S     8:58AM   0:00.08 /System/Library/CoreServices/backgroundtaskmanagementagent
diegocaro          429   0.0  0.1 34380096  20456   ??  S     8:58AM   0:20.84 /System/Library/PrivateFrameworks/UniversalAccess.framework/Versions/A/Resources/AXVisualSupportAgent.app/Contents/MacOS/AXVisualSupportAgent launchd -s
diegocaro          428   0.0  0.1 33840944  23628   ??  S     8:58AM   0:01.98 /System/Library/Frameworks/Security.framework/Versions/A/XPCServices/TrustedPeersHelper.xpc/Contents/MacOS/TrustedPeersHelper
diegocaro          427   0.0  0.3 33998808  42104   ??  S     8:58AM   0:04.09 /System/Library/Frameworks/Accounts.framework/Versions/A/Support/accountsd
diegocaro          426   0.0  0.0 33799428   2260   ??  S     8:58AM   0:00.01 /System/Library/Frameworks/CoreServices.framework/Versions/A/Frameworks/CarbonCore.framework/Versions/A/XPCServices/csnameddatad.xpc/Contents/MacOS/csnameddatad
diegocaro          425   0.0  0.1 33877888  17868   ??  S     8:58AM   0:00.40 /System/Library/CoreServices/PowerChime.app/Contents/MacOS/PowerChime
diegocaro          424   0.0  0.1 33839584  16552   ??  S     8:58AM   0:05.88 /usr/libexec/trustd --agent
diegocaro          423   0.0  0.3 33856116  45760   ??  S     8:58AM   0:10.74 /usr/libexec/secd
diegocaro          420   0.0  0.2 33880500  30880   ??  S     8:58AM   0:00.69 /System/Library/PrivateFrameworks/iTunesCloud.framework/Support/itunescloudd
diegocaro          419   0.0  0.9 34608812 148308   ??  S     8:58AM   0:24.65 /System/Library/CoreServices/Finder.app/Contents/MacOS/Finder
diegocaro          418   0.0  0.1 33840344  11448   ??  S     8:58AM   0:01.63 /System/Library/PrivateFrameworks/TCC.framework/Support/tccd
diegocaro          417   0.0  0.2 34392624  27852   ??  S     8:58AM   0:00.61 /System/Library/CoreServices/SystemUIServer.app/Contents/MacOS/SystemUIServer
diegocaro          416   0.0  0.3 34451788  53732   ??  S     8:58AM   0:05.38 /System/Library/CoreServices/ControlCenter.app/Contents/MacOS/ControlCenter
diegocaro          415   0.0  0.4 34344812  66436   ??  S     8:58AM   0:05.34 /System/Library/CoreServices/Dock.app/Contents/MacOS/Dock
diegocaro          414   0.0  0.1 33867784  14984   ??  S     8:58AM   0:00.24 /System/Library/CoreServices/talagent
diegocaro          413   0.0  0.1 33839456  13172   ??  S     8:58AM   0:01.28 /usr/libexec/lsd
diegocaro          412   0.0  0.2 33843096  33012   ??  S     8:58AM   0:01.78 /usr/libexec/knowledge-agent
diegocaro          411   0.0  0.1 34273268  12512   ??  S     8:58AM   0:00.74 /usr/sbin/universalaccessd launchd -s
diegocaro          410   0.0  0.1 33842856  13664   ??  S     8:58AM   0:00.48 /System/Library/PrivateFrameworks/CloudServices.framework/Helpers/com.apple.sbd
_gamecontrollerd   408   0.0  0.0 33829324   7064   ??  Ss    8:58AM   0:01.00 /usr/libexec/gamecontrollerd
diegocaro          407   0.0  0.1 33832244  15984   ??  S     8:58AM   0:01.58 /usr/libexec/UserEventAgent (Aqua)
_netbios           406   0.0  0.0 33799800   4788   ??  SNs   8:58AM   0:00.14 /usr/sbin/netbiosd
root               405   0.0  0.0 33754456   1948   ??  Ss    8:58AM   0:00.02 /usr/libexec/securityd_service
diegocaro          404   0.0  0.0 33800832   5336   ??  S     8:58AM   0:04.51 /usr/sbin/cfprefsd agent
diegocaro          403   0.0  0.0 33698532   4272   ??  S     8:58AM   0:05.47 /usr/sbin/distnoted agent
root               401   0.0  0.1 33829844   8592   ??  Ss    8:58AM   0:00.12 /System/Library/Frameworks/LocalAuthentication.framework/Support/coreauthd
_appleevents       397   0.0  0.0 33697508   1236   ??  S     8:58AM   0:00.36 /usr/sbin/distnoted agent
root               395   0.0  0.0 33759664   5072   ??  Ss    8:58AM   0:00.04 /System/Library/Frameworks/GSS.framework/Helpers/GSSCred
root               392   0.0  0.0 33764648   2732   ??  Ss    8:58AM   0:00.02 /System/Library/PrivateFrameworks/AccountPolicy.framework/XPCServices/com.apple.AccountPolicyHelper.xpc/Contents/MacOS/com.apple.AccountPolicyHelper
_captiveagent      391   0.0  0.0 33800168   3792   ??  Ss    8:58AM   0:00.06 /usr/libexec/captiveagent
_fpsd              390   0.0  0.0 33801300   4164   ??  Ss    8:58AM   0:00.28 /System/Library/PrivateFrameworks/CoreADI.framework/adid
root               388   0.0  0.0 33763100   4860   ??  Ss    8:58AM   0:00.04 /usr/libexec/bootinstalld
root               387   0.0  0.0 33831036   4716   ??  S     8:58AM   0:00.17 /usr/sbin/systemstats --logger-helper /private/var/db/systemstats
root               386   0.0  0.1 33830356   8844   ??  S     8:58AM   0:02.14 /System/Library/PrivateFrameworks/ViewBridge.framework/Versions/A/XPCServices/ViewBridgeAuxiliary.xpc/Contents/MacOS/ViewBridgeAuxiliary
root               385   0.0  0.0 33833656   6488   ??  Ss    8:58AM   0:00.10 /usr/libexec/symptomsd-diag
root               384   0.0  0.0 33758176   2276   ??  Ss    8:58AM   0:01.25 /usr/libexec/sysmond
root               383   0.0  0.1 33833344  10468   ??  Ss    8:58AM   0:00.21 /System/Library/PrivateFrameworks/AuthKit.framework/Versions/A/Support/akd
_appleevents       372   0.0  0.0 33829988   6300   ??  Ss    8:58AM   0:00.14 /System/Library/CoreServices/appleeventsd --server
root               371   0.0  0.0 33798908   3380   ??  Ss    8:58AM   0:00.03 /usr/libexec/colorsyncd
root               370   0.0  0.0 33799212   4368   ??  Ss    8:58AM   0:00.05 /usr/libexec/colorsync.displayservices
_applepay          367   0.0  0.0 33826664   7480   ??  Ss    8:58AM   0:00.20 /usr/libexec/nfcd
root               366   0.0  0.0 33828984   3828   ??  Ss    8:58AM   0:00.04 /usr/libexec/biokitaggdd
root               365   0.0  0.0 33754064   2760   ??  Ss    8:58AM   0:00.01 /usr/sbin/BlueTool -R
root               364   0.0  0.0 33788760   4124   ??  Ss    8:58AM   0:00.04 /usr/libexec/secinitd
_windowserver      363   0.0  0.0 33697508   1236   ??  S     8:58AM   0:00.37 /usr/sbin/distnoted agent
_hidd              361   0.0  0.0 33790728   2536   ??  Ss    8:58AM   0:00.12 /usr/libexec/hidd
root               359   0.0  0.0 33702680   2976   ??  Ss    8:58AM   0:00.02 /usr/libexec/thermald
root               356   0.0  0.0 33786096   7264   ??  Ss    8:58AM   0:00.05 /usr/libexec/wifip2pd
root               355   0.0  0.1 33831764  17636   ??  Ss    8:58AM   0:01.16 /usr/libexec/wifianalyticsd
_spotlight         352   0.0  0.0 33697508   1236   ??  S     8:58AM   0:00.39 /usr/sbin/distnoted agent
_fud               349   0.0  0.0 33697508   1244   ??  S     8:58AM   0:00.42 /usr/sbin/distnoted agent
root               343   0.0  0.0 33727944   5652   ??  Ss    8:58AM   0:00.01 /System/Library/PrivateFrameworks/WiFiPolicy.framework/XPCServices/WiFiCloudAssetsXPCService.xpc/Contents/MacOS/WiFiCloudAssetsXPCService
root               340   0.0  0.0 33829696   6148   ??  Ss    8:58AM   0:01.54 /System/Library/CoreServices/backupd.bundle/Contents/Resources/backupd-helper -launchd
root               335   0.0  0.1 33830332   9144   ??  Ss    8:58AM   0:00.41 /usr/libexec/biometrickitd --launchd
root               334   0.0  0.0 33795304   4192   ??  Ss    8:58AM   0:00.17 /usr/libexec/mobileactivationd
root               333   0.0  0.0 33838916   5956   ??  Ss    8:58AM   0:00.20 /System/Library/CoreServices/SubmitDiagInfo server-init
root               332   0.0  0.0 33800396   5792   ??  Ss    8:58AM   0:00.02 /System/Library/CoreServices/Software Update.app/Contents/Resources/suhelperd
_softwareupdate    331   0.0  0.0 33750340   1916   ??  Ss    8:58AM   0:00.01 /System/Library/PrivateFrameworks/BridgeOSSoftwareUpdate.framework/Support/bosUpdateProxy
root               330   0.0  0.0 33784336   3120   ??  Ss    8:58AM   0:00.12 /System/Library/PrivateFrameworks/CoreKDL.framework/Support/corekdld
_nsurlsessiond     329   0.0  0.0 33697508   1236   ??  S     8:58AM   0:00.44 /usr/sbin/distnoted agent
root               328   0.0  0.1 33853084  12808   ??  Ss    8:58AM   0:00.36 /usr/libexec/searchpartyd
_coreaudiod        326   0.0  0.0 33729796   1972   ??  Ss    8:58AM   0:00.01 /System/Library/Frameworks/CoreAudio.framework/Versions/A/XPCServices/com.apple.audio.DriverHelper.xpc/Contents/MacOS/com.apple.audio.DriverHelper
_cmiodalassistants   325   0.0  0.0 33831068   6280   ??  Ss    8:58AM   0:01.08 /System/Library/Frameworks/CoreMediaIO.framework/Versions/A/Resources/UVCAssistant.systemextension/Contents/MacOS/UVCAssistant
_coreaudiod        324   0.0  0.0 33738312   5996   ??  Ss    8:58AM   0:00.03 /System/Library/Frameworks/AudioToolbox.framework/XPCServices/com.apple.audio.SandboxHelper.xpc/Contents/MacOS/com.apple.audio.SandboxHelper
_locationd         323   0.0  0.0 33821332   4588   ??  S     8:58AM   0:00.04 /usr/libexec/containermanagerd --runmode=agent --bundle-container-mode=global --bundle-container-owner=_appinstalld --system-container-mode=none
root               322   0.0  0.0 33783104   4328   ??  Ss    8:58AM   0:00.04 /System/Library/Frameworks/AudioToolbox.framework/AudioComponentRegistrar -daemon
_locationd         321   0.0  0.0 33832376   7512   ??  S     8:58AM   0:00.12 /usr/libexec/trustd --agent
_locationd         320   0.0  0.0 33750292   1540   ??  S     8:58AM   0:00.01 /usr/sbin/cfprefsd agent
_softwareupdate    319   0.0  0.0 33697508   1252   ??  S     8:58AM   0:00.44 /usr/sbin/distnoted agent
root               318   0.0  0.0 33814032   4968   ??  Ss    8:58AM   0:00.07 /System/Library/PrivateFrameworks/MobileSoftwareUpdate.framework/Versions/A/XPCServices/com.apple.MobileSoftwareUpdate.CleanupPreparePathService.xpc/Contents/MacOS/com.apple.MobileSoftwareUpdate.CleanupPreparePathService
_locationd         317   0.0  0.0 33813352   4068   ??  S     8:58AM   0:00.04 /usr/libexec/secinitd
_locationd         316   0.0  0.0 33697508   1308   ??  S     8:58AM   0:00.53 /usr/sbin/distnoted agent
_locationd         315   0.0  0.1 33838664  14620   ??  S     8:58AM   0:00.46 /System/Library/PrivateFrameworks/GeoServices.framework/Versions/A/XPCServices/com.apple.geod.xpc/Contents/MacOS/com.apple.geod
_coreaudiod        314   0.0  0.0 33830596   5040   ??  Ss    8:58AM   0:00.76 Core Audio Driver (MSTeamsAudioDevice.driver)
root               312   0.0  0.0 33829508   5212   ??  Ss    8:58AM   0:00.08 /usr/libexec/containermanagerd --runmode=agent --bundle-container-mode=global --bundle-container-owner=_appinstalld --system-container-mode=none
root               291   0.0  0.0 33737988   1892   ??  S     8:58AM   0:00.01 /System/Library/Frameworks/CoreServices.framework/Versions/A/Frameworks/CarbonCore.framework/Versions/A/XPCServices/csnameddatad.xpc/Contents/MacOS/csnameddatad
root               290   0.0  0.0 33790716   3380   ??  Ss    8:58AM   0:00.04 /System/Library/PrivateFrameworks/SystemStatusServer.framework/Support/systemstatusd
_coreaudiod        288   0.0  0.0 33697508   1236   ??  S     8:58AM   0:00.43 /usr/sbin/distnoted agent
root               285   0.0  0.0 33799432   3924   ??  Ss    8:58AM   0:00.29 /System/Library/Frameworks/Security.framework/Versions/A/XPCServices/com.apple.CodeSigningHelper.xpc/Contents/MacOS/com.apple.CodeSigningHelper
root               284   0.0  0.0 33830356   6768   ??  Ss    8:58AM   0:05.23 /usr/libexec/ApplicationFirewall/socketfilterfw
root               283   0.0  0.0 33830372   5504   ??  Ss    8:58AM   0:00.06 /System/Library/PrivateFrameworks/WirelessDiagnostics.framework/Support/awdd
_cmiodalassistants   279   0.0  0.0 33831172   5164   ??  Ss    8:58AM   0:00.09 /System/Library/Frameworks/CoreMediaIO.framework/Resources/VDC.plugin/Contents/Resources/VDCAssistant
_softwareupdate    278   0.0  0.4 34098564  71244   ??  Ss    8:58AM   0:07.94 /System/Library/CoreServices/Software Update.app/Contents/Resources/softwareupdated
root               277   0.0  0.0 33828628   4284   ??  Ss    8:58AM   0:00.14 /usr/libexec/usbd
root               276   0.0  0.1 33843784  21984   ??  Ss    8:58AM   0:12.31 /usr/libexec/airportd
root               275   0.0  0.0 33792664   5772   ??  Ss    8:58AM   0:00.10 /System/Library/CoreServices/backupd.bundle/Contents/Resources/backupd
root               274   0.0  0.1 33804924   8484   ??  Ss    8:58AM   0:00.23 /usr/libexec/diskmanagementd
root               273   0.0  0.0 33798972   3752   ??  Ss    8:58AM   0:00.09 /usr/libexec/apfsd
root               272   0.0  0.1 33839480  15312   ??  Ss    8:58AM   0:01.35 /usr/libexec/lsd runAsRoot
_nsurlsessiond     271   0.0  0.1 33840720  13364   ??  Ss    8:58AM   0:01.55 /usr/libexec/nsurlsessiond --privileged
root               264   0.0  0.0 33765148   3064   ??  Ss    8:58AM   0:00.02 /System/Library/CryptoTokenKit/com.apple.ifdreader.slotd/Contents/MacOS/com.apple.ifdreader
root               259   0.0  0.0 33740696   1752   ??  Ss    8:58AM   0:00.02 /usr/libexec/multiversed
root               253   0.0  0.0 33821668   5864   ??  Ss    8:58AM   0:00.72 /usr/sbin/mDNSResponderHelper
root               251   0.0  0.0 33757524   1976   ??  Ss    8:58AM   0:00.01 /System/Library/Frameworks/NetFS.framework/Versions/A/XPCServices/PlugInLibraryService.xpc/Contents/MacOS/PlugInLibraryService
root               246   0.0  0.0 33829904   4712   ??  Ss    8:58AM   0:00.05 /System/Library/Frameworks/SystemExtensions.framework/Versions/A/Helpers/sysextd
_cmiodalassistants   240   0.0  0.0 33697508   1244   ??  S     8:58AM   0:00.43 /usr/sbin/distnoted agent
_mdnsresponder     235   0.0  0.1 33843500  14840   ??  Ss    8:58AM   0:09.57 /usr/sbin/mDNSResponder
root               223   0.0  0.2 33839136  27672   ??  Ss    8:58AM   0:10.78 /usr/libexec/mobileassetd
root               215   0.0  0.1 33832572  14136   ??  Ss    8:58AM   0:00.32 /usr/libexec/findmydeviced
root               210   0.0  0.0 33758184   2004   ??  Ss    8:58AM   0:00.17 /usr/libexec/logd_helper
_networkd          207   0.0  0.1 33844584  13652   ??  Ss    8:58AM   0:03.64 /usr/libexec/symptomsd
root               206   0.0  0.1 33829356   9180   ??  Ss    8:58AM   0:00.57 /usr/libexec/nehelper
_coreaudiod        204   0.0  0.2 33861988  35280   ??  Ss    8:58AM   3:38.76 /usr/sbin/coreaudiod
root               199   0.0  0.1 33841732  11656   ??  Ss    8:58AM   0:10.10 /usr/libexec/runningboardd
root               197   0.0  0.0 33697508   1340   ??  S     8:58AM   0:00.52 /usr/sbin/distnoted agent
root               192   0.0  0.2 33850492  35092   ??  Ss    8:58AM   0:05.60 /usr/libexec/syspolicyd
root               187   0.0  0.0 33831116   7844   ??  Ss    8:58AM   0:00.36 /System/Library/Frameworks/Security.framework/Versions/A/XPCServices/authd.xpc/Contents/MacOS/authd
root               184   0.0  0.0 33812736   5672   ??  Ss    8:58AM   0:00.29 /System/Library/CoreServices/coreservicesd
root               182   0.0  0.1 33832112  19364   ??  Ss    8:58AM   0:00.64 /usr/libexec/PowerUIAgent
root               181   0.0  0.1 33837720  19196   ??  Ss    8:58AM   0:09.45 /System/Library/PrivateFrameworks/CoreDuetContext.framework/Resources/contextstored
_trustd            180   0.0  0.1 33835412  14512   ??  Ss    8:58AM   0:07.63 /usr/libexec/trustd
diegocaro          179   0.0  0.3 34462660  52664   ??  Ss    8:58AM   0:03.72 /System/Library/CoreServices/loginwindow.app/Contents/MacOS/loginwindow console
_analyticsd        178   0.0  0.1 33838348  19092   ??  Ss    8:58AM   0:02.53 /System/Library/PrivateFrameworks/CoreAnalytics.framework/Support/analyticsd
root               175   0.0  0.0 33773560   1176   ??  Ss    8:58AM   0:00.02 aslmanager
root               174   0.0  0.1 33840316  13004   ??  Ss    8:58AM   0:03.05 /System/Library/PrivateFrameworks/TCC.framework/Support/tccd system
root               172   0.0  0.0 33799632   5556   ??  Ss    8:58AM   0:04.31 /usr/sbin/cfprefsd daemon
root               170   0.0  0.0 33829804   6308   ??  Ss    8:58AM   0:00.53 /usr/libexec/amfid
root               169   0.0  0.0 33798988   3544   ??  Ss    8:58AM   0:00.05 /System/Library/Frameworks/CoreMediaIO.framework/Versions/A/Resources/com.apple.cmio.registerassistantservice
root               168   0.0  0.1 33830852   8916   ??  Ss    8:58AM   0:01.28 /usr/libexec/AirPlayXPCHelper
root               167   0.0  0.1 33829876   9640   ??  Ss    8:58AM   0:01.29 /usr/libexec/corebrightnessd --launchd
root               166   0.0  0.0 33831492   7936   ??  Ss    8:58AM   0:00.27 /usr/libexec/sandboxd
root               164   0.0  0.1 33911564  19592   ??  Ss    8:58AM   0:15.61 /usr/sbin/bluetoothd
root               162   0.0  0.0 33750292   1672   ??  Ss    8:58AM   0:00.01 /usr/sbin/KernelEventAgent
root               161   0.0  0.0 33830472   5216   ??  Ss    8:58AM   0:00.09 /System/Library/PrivateFrameworks/GenerationalStorage.framework/Versions/A/Support/revisiond
root               160   0.0  0.0 33798968   4388   ??  Ss    8:58AM   0:00.07 /System/Library/CoreServices/logind
root               158   0.0  0.1 33842980  23072   ??  Ss    8:58AM   0:13.98 /usr/libexec/PerfPowerServices
root               157   0.0  0.0 33766820   2696   ??  Ss    8:58AM   0:00.05 /System/Library/PrivateFrameworks/AppleCredentialManager.framework/AppleCredentialManagerDaemon
_distnote          156   0.0  0.0 33697508   1900   ??  Ss    8:58AM   0:03.72 /usr/sbin/distnoted daemon
root               154   0.0  0.1 33835600  13500   ??  Ss    8:58AM   0:06.07 /usr/libexec/dasd
_displaypolicyd    153   0.0  0.0 33769340   4960   ??  Ss    8:58AM   0:00.12 /usr/libexec/displaypolicyd -k 1
root               152   0.0  0.0 33749384   2336   ??  Ss    8:58AM   0:00.01 autofsd
_locationd         150   0.0  0.1 33845660  19628   ??  Ss    8:58AM   0:02.13 /usr/libexec/locationd
root               148   0.0  0.0 33741524   1608   ??  Ss    8:58AM   0:00.01 auditd -l
root               147   0.0  0.0 33831404   7740   ??  Ss    8:58AM   0:01.14 /usr/sbin/securityd -i
_usbmuxd           146   0.0  0.0 33835420   5880   ??  Ss    8:58AM   0:00.16 /System/Library/PrivateFrameworks/MobileDevice.framework/Versions/A/Resources/usbmuxd -launchd
_timed             145   0.0  0.0 33829524   4600   ??  Ss    8:58AM   0:00.43 /usr/libexec/timed
root               144   0.0  0.1 33832264  10852   ??  Ss    8:58AM   0:05.17 /System/Library/CoreServices/launchservicesd
root               143   0.0  0.0 34843276   4588   ??  Ss    8:58AM   0:00.04 /Library/PrivilegedHelperTools/com.docker.vmnetd
root               142   0.0  0.1 33847196  14140   ??  Ss    8:58AM   0:02.21 /System/Library/PrivateFrameworks/ApplePushService.framework/apsd
root               141   0.0  0.1 33859420  11852   ??  Ss    8:58AM   0:08.02 /usr/libexec/opendirectoryd
root               140   0.0  0.0 33739536   2052   ??  Ss    8:58AM   0:00.03 /usr/libexec/thermalmonitord
root               137   0.0  0.0 33800052   1592   ??  Ss    8:58AM   0:00.59 /usr/sbin/syslogd
root               136   0.0  0.2 33842356  27512   ??  Ss    8:58AM   0:02.40 /usr/libexec/coreduetd
root               133   0.0  0.0 33828708   4696   ??  Ss    8:58AM   0:01.18 /usr/libexec/diskarbitrationd
root               132   0.0  0.1 33835928  19356   ??  Ss    8:58AM   0:01.54 /usr/libexec/kernelmanagerd
_iconservices      131   0.0  0.0 33829688   4388   ??  Ss    8:58AM   0:00.05 /System/Library/CoreServices/iconservicesd
root               130   0.0  0.3 34051036  47660   ??  Ss    8:58AM   0:53.60 /System/Library/Frameworks/CoreServices.framework/Frameworks/Metadata.framework/Support/mds
root               126   0.0  0.0 33791300   3488   ??  Ss    8:58AM   0:00.64 /usr/libexec/watchdogd
_softwareupdate    123   0.0  0.0 33830444   6552   ??  Ss    8:58AM   0:00.12 /System/Library/PrivateFrameworks/MobileSoftwareUpdate.framework/Support/softwareupdated
root               122   0.0  0.0 33799536   4444   ??  Ss    8:58AM   0:00.20 /usr/libexec/keybagd -t 15
root               120   0.0  0.0 33842440   4628   ??  Ss    8:58AM   0:02.03 /usr/libexec/remoted
root               115   0.0  0.0 33741608   1752   ??  Ss    8:58AM   0:00.01 endpointsecurityd
root               114   0.0  0.1 33834436  10212   ??  Ss    8:58AM   0:01.96 /usr/libexec/configd
root               112   0.0  0.1 33843524  18376   ??  Ss    8:58AM   0:08.80 /usr/sbin/systemstats --daemon
root               110   0.0  0.1 33833048  17340   ??  Ss    8:58AM   0:01.87 /System/Library/PrivateFrameworks/MediaRemote.framework/Support/mediaremoted
root               109   0.0  0.0 33806148   6960   ??  Ss    8:58AM   0:16.66 /System/Library/Frameworks/CoreServices.framework/Versions/A/Frameworks/FSEvents.framework/Versions/A/Support/fseventsd
root               108   0.0  0.0 33724900   2392   ??  Ss    8:58AM   0:00.41 /System/Library/PrivateFrameworks/Uninstall.framework/Resources/uninstalld
root               105   0.0  0.1 33832072  12736   ??  Ss    8:58AM   0:02.53 /usr/libexec/UserEventAgent (System)
root               104   0.0  0.2 33917132  38632   ??  Ss    8:58AM   0:09.24 /usr/libexec/logd
root              8656   0.0  0.0 34123348   1180 s001  R+   12:17AM   0:00.00 ps aux
root                 1   0.0  0.1 34227704  19112   ??  Ss    8:58AM   0:21.81 /sbin/launchd
diegocaro         8644   0.0  0.0 34124420   1408 s001  S+   12:17AM   0:00.01 bash 02_processes.sh
diegocaro         8557   0.0  0.1 33745644  14024   ??  S    12:16AM   0:00.14 /System/Library/Frameworks/CoreServices.framework/Frameworks/Metadata.framework/Versions/A/Support/mdworker_shared -s mdworker -c MDSImporterWorker -m com.apple.mdworker.shared
diegocaro         8548   0.0  0.2 36087096  36012   ??  S    12:16AM   0:00.10 /Applications/Firefox.app/Contents/MacOS/plugin-container.app/Contents/MacOS/plugin-container -childID 130 -isForBrowser -prefsLen 34001 -prefMapSize 236340 -jsInitLen 246772 -sbStartup -sbAppPath /Applications/Firefox.app -sbLevel 3 -sbAllowAudio -parentBuildID 20230112150232 -appDir /Applications/Firefox.app/Contents/Resources/browser -profile /Users/diegocaro/Library/Application Support/Firefox/Profiles/hmig4z1v.default-release-1634876631779 {96312b99-aa70-404f-a865-d423a00a4eb6} 755 gecko-crash-server-pipe.755 org.mozilla.machname.1588965062 tab
diegocaro         8546   0.0  0.1 33752812  12608   ??  S    12:14AM   0:00.14 /System/Library/Frameworks/CoreServices.framework/Frameworks/Metadata.framework/Versions/A/Support/mdworker_shared -s mdworker -c MDSImporterWorker -m com.apple.mdworker.shared
diegocaro         8545   0.0  0.2 36107308  36292   ??  S    12:14AM   0:00.10 /Applications/Firefox.app/Contents/MacOS/plugin-container.app/Contents/MacOS/plugin-container -childID 129 -isForBrowser -prefsLen 34001 -prefMapSize 236340 -jsInitLen 246772 -sbStartup -sbAppPath /Applications/Firefox.app -sbLevel 3 -sbAllowAudio -parentBuildID 20230112150232 -appDir /Applications/Firefox.app/Contents/Resources/browser -profile /Users/diegocaro/Library/Application Support/Firefox/Profiles/hmig4z1v.default-release-1634876631779 {ab88a7ae-cabe-478c-9319-edc6aaa410e3} 755 gecko-crash-server-pipe.755 org.mozilla.machname.1256927236 tab
diegocaro         8544   0.0  0.2 36086828  36252   ??  S    12:14AM   0:00.10 /Applications/Firefox.app/Contents/MacOS/plugin-container.app/Contents/MacOS/plugin-container -childID 128 -isForBrowser -prefsLen 34001 -prefMapSize 236340 -jsInitLen 246772 -sbStartup -sbAppPath /Applications/Firefox.app -sbLevel 3 -sbAllowAudio -parentBuildID 20230112150232 -appDir /Applications/Firefox.app/Contents/Resources/browser -profile /Users/diegocaro/Library/Application Support/Firefox/Profiles/hmig4z1v.default-release-1634876631779 {9373bdf8-7b43-42cb-bad5-1dfbe2b1e33d} 755 gecko-crash-server-pipe.755 org.mozilla.machname.1692610788 tab
diegocaro         8542   0.0  0.1 33775336  12800   ??  S    12:13AM   0:00.10 /System/Library/Frameworks/CoreServices.framework/Frameworks/Metadata.framework/Versions/A/Support/mdworker_shared -s mdworker -c MDSImporterWorker -m com.apple.mdworker.shared
diegocaro         8512   0.0  1.4 36426308 235716   ??  Ss   12:03AM   0:10.01 /Users/diegocaro/miniconda3/envs/datascience/bin/python -m ipykernel_launcher -f /Users/diegocaro/Library/Jupyter/runtime/kernel-15f211b3-97b0-43d5-abd5-515a746dfa74.json
diegocaro         8507   0.0  0.3 36115544  46872   ??  S    12:03AM   0:00.15 /Applications/Firefox.app/Contents/MacOS/plugin-container.app/Contents/MacOS/plugin-container -childID 126 -isForBrowser -prefsLen 34001 -prefMapSize 236340 -jsInitLen 246772 -sbStartup -sbAppPath /Applications/Firefox.app -sbLevel 3 -sbAllowAudio -parentBuildID 20230112150232 -appDir /Applications/Firefox.app/Contents/Resources/browser -profile /Users/diegocaro/Library/Application Support/Firefox/Profiles/hmig4z1v.default-release-1634876631779 {0104ab27-169d-4e3f-bc01-8dbd13de3950} 755 gecko-crash-server-pipe.755 org.mozilla.machname.261038734 tab
diegocaro         8506   0.0  0.3 36117252  49352   ??  S    12:03AM   0:00.19 /Applications/Firefox.app/Contents/MacOS/plugin-container.app/Contents/MacOS/plugin-container -childID 125 -isForBrowser -prefsLen 34001 -prefMapSize 236340 -jsInitLen 246772 -sbStartup -sbAppPath /Applications/Firefox.app -sbLevel 3 -sbAllowAudio -sbAllowFileAccess -parentBuildID 20230112150232 -appDir /Applications/Firefox.app/Contents/Resources/browser -profile /Users/diegocaro/Library/Application Support/Firefox/Profiles/hmig4z1v.default-release-1634876631779 {dcbe2dc8-54b3-41f4-aa12-249e56b60115} 755 gecko-crash-server-pipe.755 org.mozilla.machname.501867502 tab
diegocaro         8501   0.0  0.6 34258004  97508 s000  S+   12:03AM   0:02.63 /Users/diegocaro/miniconda3/envs/datascience/bin/python3.9 /Users/diegocaro/miniconda3/envs/datascience/bin/jupyter-notebook
diegocaro         6538   0.0  0.3 36135000  46876   ??  S    11:46PM   0:00.17 /Applications/Firefox.app/Contents/MacOS/plugin-container.app/Contents/MacOS/plugin-container -childID 124 -isForBrowser -prefsLen 34001 -prefMapSize 236340 -jsInitLen 246772 -sbStartup -sbAppPath /Applications/Firefox.app -sbLevel 3 -sbAllowAudio -parentBuildID 20230112150232 -appDir /Applications/Firefox.app/Contents/Resources/browser -profile /Users/diegocaro/Library/Application Support/Firefox/Profiles/hmig4z1v.default-release-1634876631779 {9b930ad7-456d-43b6-9c79-a544d211dd99} 755 gecko-crash-server-pipe.755 org.mozilla.machname.1525105359 tab
diegocaro         6532   0.0  0.3 36146080  56324   ??  S    11:46PM   0:00.76 /Applications/Firefox.app/Contents/MacOS/plugin-container.app/Contents/MacOS/plugin-container -childID 118 -isForBrowser -prefsLen 34001 -prefMapSize 236340 -jsInitLen 246772 -sbStartup -sbAppPath /Applications/Firefox.app -sbLevel 3 -sbAllowAudio -parentBuildID 20230112150232 -appDir /Applications/Firefox.app/Contents/Resources/browser -profile /Users/diegocaro/Library/Application Support/Firefox/Profiles/hmig4z1v.default-release-1634876631779 {97e0619c-adf8-437c-89bb-f279d86cd5d8} 755 gecko-crash-server-pipe.755 org.mozilla.machname.2091914555 tab
diegocaro         6531   0.0  0.3 36120432  50468   ??  S    11:46PM   0:00.76 /Applications/Firefox.app/Contents/MacOS/plugin-container.app/Contents/MacOS/plugin-container -childID 117 -isForBrowser -prefsLen 34001 -prefMapSize 236340 -jsInitLen 246772 -sbStartup -sbAppPath /Applications/Firefox.app -sbLevel 3 -sbAllowAudio -parentBuildID 20230112150232 -appDir /Applications/Firefox.app/Contents/Resources/browser -profile /Users/diegocaro/Library/Application Support/Firefox/Profiles/hmig4z1v.default-release-1634876631779 {400f2812-798f-47f0-96b1-0c23d51292da} 755 gecko-crash-server-pipe.755 org.mozilla.machname.1818706583 tab
diegocaro         6530   0.0  0.3 36133680  51752   ??  S    11:46PM   0:00.61 /Applications/Firefox.app/Contents/MacOS/plugin-container.app/Contents/MacOS/plugin-container -childID 116 -isForBrowser -prefsLen 34001 -prefMapSize 236340 -jsInitLen 246772 -sbStartup -sbAppPath /Applications/Firefox.app -sbLevel 3 -sbAllowAudio -parentBuildID 20230112150232 -appDir /Applications/Firefox.app/Contents/Resources/browser -profile /Users/diegocaro/Library/Application Support/Firefox/Profiles/hmig4z1v.default-release-1634876631779 {3bcc5751-6034-4fee-9d0f-42849664cfe8} 755 gecko-crash-server-pipe.755 org.mozilla.machname.406918883 tab
diegocaro         6528   0.0  0.1 34243404   8480   ??  Ss   11:46PM   0:00.07 /System/Library/Frameworks/VideoToolbox.framework/Versions/A/XPCServices/VTDecoderXPCService.xpc/Contents/MacOS/VTDecoderXPCService
diegocaro         6526   0.0  0.1 34233164   8516   ??  Ss   11:46PM   0:00.06 /System/Library/Frameworks/VideoToolbox.framework/Versions/A/XPCServices/VTDecoderXPCService.xpc/Contents/MacOS/VTDecoderXPCService
diegocaro         5937   0.0  0.3 36144012  50436   ??  S    11:33PM   0:00.62 /Applications/Firefox.app/Contents/MacOS/plugin-container.app/Contents/MacOS/plugin-container -childID 111 -isForBrowser -prefsLen 34001 -prefMapSize 236340 -jsInitLen 246772 -sbStartup -sbAppPath /Applications/Firefox.app -sbLevel 3 -sbAllowAudio -parentBuildID 20230112150232 -appDir /Applications/Firefox.app/Contents/Resources/browser -profile /Users/diegocaro/Library/Application Support/Firefox/Profiles/hmig4z1v.default-release-1634876631779 {d8c33977-94fd-4a2d-9954-7f54732f536e} 755 gecko-crash-server-pipe.755 org.mozilla.machname.449807488 tab
diegocaro         4106   0.0  0.1 34242380   8424   ??  Ss   11:21PM   0:00.06 /System/Library/Frameworks/VideoToolbox.framework/Versions/A/XPCServices/VTDecoderXPCService.xpc/Contents/MacOS/VTDecoderXPCService
diegocaro         2259   0.0  1.2 36309680 200308   ??  S    10:54PM   0:09.88 /Applications/Firefox.app/Contents/MacOS/plugin-container.app/Contents/MacOS/plugin-container -childID 106 -isForBrowser -prefsLen 33944 -prefMapSize 236340 -jsInitLen 246772 -sbStartup -sbAppPath /Applications/Firefox.app -sbLevel 3 -sbAllowAudio -parentBuildID 20230112150232 -appDir /Applications/Firefox.app/Contents/Resources/browser -profile /Users/diegocaro/Library/Application Support/Firefox/Profiles/hmig4z1v.default-release-1634876631779 {618a7e4b-901b-43f7-96eb-ab7890e4f58b} 755 gecko-crash-server-pipe.755 org.mozilla.machname.914188595 tab
diegocaro         2258   0.0  0.7 36196144 117456   ??  S    10:54PM   0:01.24 /Applications/Firefox.app/Contents/MacOS/plugin-container.app/Contents/MacOS/plugin-container -childID 105 -isForBrowser -prefsLen 33944 -prefMapSize 236340 -jsInitLen 246772 -sbStartup -sbAppPath /Applications/Firefox.app -sbLevel 3 -sbAllowAudio -parentBuildID 20230112150232 -appDir /Applications/Firefox.app/Contents/Resources/browser -profile /Users/diegocaro/Library/Application Support/Firefox/Profiles/hmig4z1v.default-release-1634876631779 {6337ea35-3b00-4347-9763-d9345167d7d1} 755 gecko-crash-server-pipe.755 org.mozilla.machname.175101380 tab
diegocaro         2143   0.0  0.5 36155164  81140   ??  S    10:52PM   0:03.54 /Applications/Firefox.app/Contents/MacOS/plugin-container.app/Contents/MacOS/plugin-container -childID 102 -isForBrowser -prefsLen 33944 -prefMapSize 236340 -jsInitLen 246772 -sbStartup -sbAppPath /Applications/Firefox.app -sbLevel 3 -sbAllowAudio -parentBuildID 20230112150232 -appDir /Applications/Firefox.app/Contents/Resources/browser -profile /Users/diegocaro/Library/Application Support/Firefox/Profiles/hmig4z1v.default-release-1634876631779 {1ccc5f57-d42d-42fd-90b0-8efa768b2591} 755 gecko-crash-server-pipe.755 org.mozilla.machname.1172306451 tab
%%%	2023-01-25 00:17:29-0300	istats
--- CPU Stats ---
CPU temp:               40.31°C     

--- Fan Stats ---
Total fans in system:   2           
Fan 0 speed:            1849 RPM    
Fan 1 speed:            1696 RPM    

--- Battery Stats ---
Battery health:         Good        
Cycle count:            182           18.2%
Max cycles:             1000        
Current charge:         4029 mAh      52%
Maximum charge:         7841 mAh      89.2%
Design capacity:        8790 mAh    
Battery temp:           32.5°C      

For more stats run `istats extra` and follow the instructions.
%%%	2023-01-25 00:17:30-0300	processes
USER               PID  %CPU %MEM      VSZ    RSS   TT  STAT STARTED      TIME COMMAND
diegocaro          755  28.4  5.2 46820472 869036   ??  S     8:59AM  24:00.66 /Applications/Firefox.app/Contents/MacOS/firefox -foreground
_windowserver      173  24.7  0.9 37201356 153780   ??  Ss    8:58AM  16:44.85 /System/Library/PrivateFrameworks/SkyLight.framework/Resources/WindowServer -daemon
diegocaro          607   6.5  0.3 68089596  45688   ??  S     8:58AM   0:20.46 /Applications/Dropbox.app/Contents/Frameworks/Dropbox Helper (GPU).app/Contents/MacOS/Dropbox Helper (GPU) --type=gpu-process --field-trial-handle=1718379636,13630346193156412841,415101620583637821,131072 --disable-features=CookiesWithoutSameSiteMustBeSecure,SameSiteByDefaultCookies,SpareRendererForSitePerProcess --crashpad-annotations=product_name:desktop_client,buildid:main,buildno:Dropbox-mac-165.4.4300,platform:mac,platform_version:12.6.2 --gpu-preferences=SAAAAAAAAAAgAAAAAAAAAAAAAAAAAAAAAABgAAAAAAAoAAAAAAAAAAAAAAAAAAAAAAAAAAAAAADYAwAAAAAAANgDAAAAAAAASAEAACgAAABAAQAAAAAAAEgBAAAAAAAAUAEAAAAAAABYAQAAAAAAAGABAAAAAAAAaAEAAAAAAABwAQAAAAAAAHgBAAAAAAAAgAEAAAAAAACIAQAAAAAAAJABAAAAAAAAmAEAAAAAAACgAQAAAAAAAKgBAAAAAAAAsAEAAAAAAAC4AQAAAAAAAMABAAAAAAAAyAEAAAAAAADQAQAAAAAAANgBAAAAAAAA4AEAAAAAAADoAQAAAAAAAPABAAAAAAAA+AEAAAAAAAAAAgAAAAAAAAgCAAAAAAAAEAIAAAAAAAAYAgAAAAAAACACAAAAAAAAKAIAAAAAAAAwAgAAAAAAADgCAAAAAAAAQAIAAAAAAABIAgAAAAAAAFACAAAAAAAAWAIAAAAAAABgAgAAAAAAAGgCAAAAAAAAcAIAAAAAAAB4AgAAAAAAABAAAAAAAAAAAAAAAAAAAAAQAAAAAAAAAAAAAAAGAAAAEAAAAAAAAAAAAAAABwAAABAAAAAAAAAAAAAAAAgAAAAQAAAAAAAAAAAAAAAKAAAAEAAAAAAAAAAAAAAACwAAABAAAAAAAAAAAAAAAA0AAAAQAAAAAAAAAAAAAAAOAAAAEAAAAAAAAAABAAAAAAAAABAAAAAAAAAAAQAAAAYAAAAQAAAAAAAAAAEAAAAHAAAAEAAAAAAAAAABAAAACAAAABAAAAAAAAAAAQAAAAoAAAAQAAAAAAAAAAEAAAALAAAAEAAAAAAAAAABAAAADQAAABAAAAAAAAAAAQAAAA4AAAAQAAAAAAAAAAQAAAAAAAAAEAAAAAAAAAAEAAAABgAAABAAAAAAAAAABAAAAAcAAAAQAAAAAAAAAAQAAAAIAAAAEAAAAAAAAAAEAAAACgAAABAAAAAAAAAABAAAAAsAAAAQAAAAAAAAAAQAAAANAAAAEAAAAAAAAAAEAAAADgAAABAAAAAAAAAABwAAAAAAAAAQAAAAAAAAAAcAAAAGAAAAEAAAAAAAAAAHAAAABwAAABAAAAAAAAAABwAAAAgAAAAQAAAAAAAAAAcAAAAKAAAAEAAAAAAAAAAHAAAACwAAABAAAAAAAAAABwAAAA0AAAAQAAAAAAAAAAcAAAAOAAAAEAAAAAAAAAAKAAAAAAAAABAAAAAAAAAACgAAAAYAAAAQAAAAAAAAAAoAAAAHAAAAEAAAAAAAAAAKAAAACAAAABAAAAAAAAAACgAAAAoAAAAQAAAAAAAAAAoAAAALAAAAEAAAAAAAAAAKAAAADQAAABAAAAAAAAAACgAAAA4AAAAIAAAAAAAAAAgAAAAAAAAA --shared-files --seatbelt-client=60
diegocaro         6536   6.1  0.8 36216652 133876   ??  S    11:46PM   0:15.57 /Applications/Firefox.app/Contents/MacOS/plugin-container.app/Contents/MacOS/plugin-container -childID 122 -isForBrowser -prefsLen 34001 -prefMapSize 236340 -jsInitLen 246772 -sbStartup -sbAppPath /Applications/Firefox.app -sbLevel 3 -sbAllowAudio -parentBuildID 20230112150232 -appDir /Applications/Firefox.app/Contents/Resources/browser -profile /Users/diegocaro/Library/Application Support/Firefox/Profiles/hmig4z1v.default-release-1634876631779 {89cb725c-bfaf-4a5d-90b0-9aa8701abb46} 755 gecko-crash-server-pipe.755 org.mozilla.machname.1300068392 tab
diegocaro          629   5.2  0.8 72332304 140160   ??  S     8:58AM   0:38.10 /Applications/Dropbox.app/Contents/Frameworks/Dropbox Helper (Renderer).app/Contents/MacOS/Dropbox Helper (Renderer) --type=renderer --field-trial-handle=1718379636,13630346193156412841,415101620583637821,131072 --disable-features=CookiesWithoutSameSiteMustBeSecure,SameSiteByDefaultCookies,SpareRendererForSitePerProcess --lang=en-US --standard-schemes=dbx-local --secure-schemes=dbx-local --bypasscsp-schemes --cors-schemes --fetch-schemes --service-worker-schemes --streaming-schemes --app-path=/Applications/Dropbox.app/Contents/Resources/app.asar --enable-sandbox --num-raster-threads=4 --enable-zero-copy --enable-gpu-memory-buffer-compositor-resources --enable-main-frame-before-activation --renderer-client-id=4 --no-v8-untrusted-code-mitigations --shared-files --seatbelt-client=74
diegocaro          506   4.9  3.8 74826148 642876   ??  S     8:58AM   3:30.90 /Applications/Dropbox.app/Contents/MacOS/Dropbox
_driverkit         354   1.6  0.0 34176724   3128   ??  Ss    8:58AM   1:17.67 /System/Library/DriverExtensions/com.apple.AppleUserHIDDrivers.dext/com.apple.AppleUserHIDDrivers com.apple.driverkit.AppleUserHIDDrivers 0x10000065c com.apple.AppleUserHIDDrivers
diegocaro         5936   0.8  3.3 36858424 553976   ??  S    11:33PM   3:16.83 /Applications/Firefox.app/Contents/MacOS/plugin-container.app/Contents/MacOS/plugin-container -childID 110 -isForBrowser -prefsLen 34001 -prefMapSize 236340 -jsInitLen 246772 -sbStartup -sbAppPath /Applications/Firefox.app -sbLevel 3 -sbAllowAudio -parentBuildID 20230112150232 -appDir /Applications/Firefox.app/Contents/Resources/browser -profile /Users/diegocaro/Library/Application Support/Firefox/Profiles/hmig4z1v.default-release-1634876631779 {d2c8aae2-9792-4af8-89d9-5178fd30059d} 755 gecko-crash-server-pipe.755 org.mozilla.machname.1812531228 tab
diegocaro          956   0.7  0.9 35005616 149500   ??  S     7:42PM   2:04.52 /System/Applications/Messages.app/Contents/MacOS/Messages
diegocaro          429   0.4  0.1 34380096  20456   ??  S     8:58AM   0:20.85 /System/Library/PrivateFrameworks/UniversalAccess.framework/Versions/A/Resources/AXVisualSupportAgent.app/Contents/MacOS/AXVisualSupportAgent launchd -s
root               368   0.3  0.1 33904828  23868   ??  Ss    8:58AM   0:18.68 /usr/libexec/TouchBarServer
diegocaro          578   0.1  0.1 33843572  19128   ??  S     8:58AM   0:25.14 /System/Library/CoreServices/UniversalControl.app/Contents/MacOS/UniversalControl
diegocaro         1074   0.1  1.2 34842608 199220   ??  S     8:10PM   2:08.95 /Applications/iTerm.app/Contents/MacOS/iTerm2
root               165   0.1  0.0 33799256   2884   ??  Ss    8:58AM   0:05.26 /usr/sbin/notifyd
diegocaro         6532   0.0  0.3 36146080  56324   ??  S    11:46PM   0:00.76 /Applications/Firefox.app/Contents/MacOS/plugin-container.app/Contents/MacOS/plugin-container -childID 118 -isForBrowser -prefsLen 34001 -prefMapSize 236340 -jsInitLen 246772 -sbStartup -sbAppPath /Applications/Firefox.app -sbLevel 3 -sbAllowAudio -parentBuildID 20230112150232 -appDir /Applications/Firefox.app/Contents/Resources/browser -profile /Users/diegocaro/Library/Application Support/Firefox/Profiles/hmig4z1v.default-release-1634876631779 {97e0619c-adf8-437c-89bb-f279d86cd5d8} 755 gecko-crash-server-pipe.755 org.mozilla.machname.2091914555 tab
diegocaro         6531   0.0  0.3 36120432  50468   ??  S    11:46PM   0:00.76 /Applications/Firefox.app/Contents/MacOS/plugin-container.app/Contents/MacOS/plugin-container -childID 117 -isForBrowser -prefsLen 34001 -prefMapSize 236340 -jsInitLen 246772 -sbStartup -sbAppPath /Applications/Firefox.app -sbLevel 3 -sbAllowAudio -parentBuildID 20230112150232 -appDir /Applications/Firefox.app/Contents/Resources/browser -profile /Users/diegocaro/Library/Application Support/Firefox/Profiles/hmig4z1v.default-release-1634876631779 {400f2812-798f-47f0-96b1-0c23d51292da} 755 gecko-crash-server-pipe.755 org.mozilla.machname.1818706583 tab
diegocaro         6530   0.0  0.3 36133680  51752   ??  S    11:46PM   0:00.61 /Applications/Firefox.app/Contents/MacOS/plugin-container.app/Contents/MacOS/plugin-container -childID 116 -isForBrowser -prefsLen 34001 -prefMapSize 236340 -jsInitLen 246772 -sbStartup -sbAppPath /Applications/Firefox.app -sbLevel 3 -sbAllowAudio -parentBuildID 20230112150232 -appDir /Applications/Firefox.app/Contents/Resources/browser -profile /Users/diegocaro/Library/Application Support/Firefox/Profiles/hmig4z1v.default-release-1634876631779 {3bcc5751-6034-4fee-9d0f-42849664cfe8} 755 gecko-crash-server-pipe.755 org.mozilla.machname.406918883 tab
diegocaro         6528   0.0  0.1 34243404   8480   ??  Ss   11:46PM   0:00.07 /System/Library/Frameworks/VideoToolbox.framework/Versions/A/XPCServices/VTDecoderXPCService.xpc/Contents/MacOS/VTDecoderXPCService
diegocaro         6527   0.0  0.4 36144032  71428   ??  S    11:46PM   0:01.03 /Applications/Firefox.app/Contents/MacOS/plugin-container.app/Contents/MacOS/plugin-container -childID 115 -isForBrowser -prefsLen 34001 -prefMapSize 236340 -jsInitLen 246772 -sbStartup -sbAppPath /Applications/Firefox.app -sbLevel 3 -sbAllowAudio -parentBuildID 20230112150232 -appDir /Applications/Firefox.app/Contents/Resources/browser -profile /Users/diegocaro/Library/Application Support/Firefox/Profiles/hmig4z1v.default-release-1634876631779 {9106d9e0-cd69-48d6-862a-f92880f14437} 755 gecko-crash-server-pipe.755 org.mozilla.machname.1745224177 tab
diegocaro         6526   0.0  0.1 34233164   8516   ??  Ss   11:46PM   0:00.06 /System/Library/Frameworks/VideoToolbox.framework/Versions/A/XPCServices/VTDecoderXPCService.xpc/Contents/MacOS/VTDecoderXPCService
diegocaro         6525   0.0  0.4 36139908  63756   ??  S    11:46PM   0:00.98 /Applications/Firefox.app/Contents/MacOS/plugin-container.app/Contents/MacOS/plugin-container -childID 114 -isForBrowser -prefsLen 34001 -prefMapSize 236340 -jsInitLen 246772 -sbStartup -sbAppPath /Applications/Firefox.app -sbLevel 3 -sbAllowAudio -parentBuildID 20230112150232 -appDir /Applications/Firefox.app/Contents/Resources/browser -profile /Users/diegocaro/Library/Application Support/Firefox/Profiles/hmig4z1v.default-release-1634876631779 {57688a01-1acd-4e42-a1bf-7a89707635ec} 755 gecko-crash-server-pipe.755 org.mozilla.machname.725749711 tab
diegocaro         6514   0.0  0.9 36329264 152928   ??  S    11:44PM   0:02.22 /Applications/Firefox.app/Contents/MacOS/plugin-container.app/Contents/MacOS/plugin-container -childID 113 -isForBrowser -prefsLen 34001 -prefMapSize 236340 -jsInitLen 246772 -sbStartup -sbAppPath /Applications/Firefox.app -sbLevel 3 -sbAllowAudio -parentBuildID 20230112150232 -appDir /Applications/Firefox.app/Contents/Resources/browser -profile /Users/diegocaro/Library/Application Support/Firefox/Profiles/hmig4z1v.default-release-1634876631779 {853a9dd1-e60a-4a0c-9b4f-f1202440cff8} 755 gecko-crash-server-pipe.755 org.mozilla.machname.64721737 tab
diegocaro         5937   0.0  0.3 36144012  50436   ??  S    11:33PM   0:00.63 /Applications/Firefox.app/Contents/MacOS/plugin-container.app/Contents/MacOS/plugin-container -childID 111 -isForBrowser -prefsLen 34001 -prefMapSize 236340 -jsInitLen 246772 -sbStartup -sbAppPath /Applications/Firefox.app -sbLevel 3 -sbAllowAudio -parentBuildID 20230112150232 -appDir /Applications/Firefox.app/Contents/Resources/browser -profile /Users/diegocaro/Library/Application Support/Firefox/Profiles/hmig4z1v.default-release-1634876631779 {d8c33977-94fd-4a2d-9954-7f54732f536e} 755 gecko-crash-server-pipe.755 org.mozilla.machname.449807488 tab
diegocaro         4107   0.0  0.9 36219112 149380   ??  S    11:21PM   0:04.36 /Applications/Firefox.app/Contents/MacOS/plugin-container.app/Contents/MacOS/plugin-container -childID 109 -isForBrowser -prefsLen 34001 -prefMapSize 236340 -jsInitLen 246772 -sbStartup -sbAppPath /Applications/Firefox.app -sbLevel 3 -sbAllowAudio -parentBuildID 20230112150232 -appDir /Applications/Firefox.app/Contents/Resources/browser -profile /Users/diegocaro/Library/Application Support/Firefox/Profiles/hmig4z1v.default-release-1634876631779 {403b550c-4a61-466e-b5ec-dfb73b94b3a6} 755 gecko-crash-server-pipe.755 org.mozilla.machname.828004271 tab
diegocaro         4106   0.0  0.1 34242380   8424   ??  Ss   11:21PM   0:00.06 /System/Library/Frameworks/VideoToolbox.framework/Versions/A/XPCServices/VTDecoderXPCService.xpc/Contents/MacOS/VTDecoderXPCService
diegocaro         2877   0.0  0.7 36190416 122388   ??  S    11:09PM   0:02.34 /Applications/Firefox.app/Contents/MacOS/plugin-container.app/Contents/MacOS/plugin-container -childID 108 -isForBrowser -prefsLen 34001 -prefMapSize 236340 -jsInitLen 246772 -sbStartup -sbAppPath /Applications/Firefox.app -sbLevel 3 -sbAllowAudio -parentBuildID 20230112150232 -appDir /Applications/Firefox.app/Contents/Resources/browser -profile /Users/diegocaro/Library/Application Support/Firefox/Profiles/hmig4z1v.default-release-1634876631779 {89fcd245-2e2b-4625-af7a-9fd25cf5f5a6} 755 gecko-crash-server-pipe.755 org.mozilla.machname.887953098 tab
diegocaro         2259   0.0  1.2 36309680 200312   ??  S    10:54PM   0:09.89 /Applications/Firefox.app/Contents/MacOS/plugin-container.app/Contents/MacOS/plugin-container -childID 106 -isForBrowser -prefsLen 33944 -prefMapSize 236340 -jsInitLen 246772 -sbStartup -sbAppPath /Applications/Firefox.app -sbLevel 3 -sbAllowAudio -parentBuildID 20230112150232 -appDir /Applications/Firefox.app/Contents/Resources/browser -profile /Users/diegocaro/Library/Application Support/Firefox/Profiles/hmig4z1v.default-release-1634876631779 {618a7e4b-901b-43f7-96eb-ab7890e4f58b} 755 gecko-crash-server-pipe.755 org.mozilla.machname.914188595 tab
diegocaro         2258   0.0  0.7 36196144 117456   ??  S    10:54PM   0:01.24 /Applications/Firefox.app/Contents/MacOS/plugin-container.app/Contents/MacOS/plugin-container -childID 105 -isForBrowser -prefsLen 33944 -prefMapSize 236340 -jsInitLen 246772 -sbStartup -sbAppPath /Applications/Firefox.app -sbLevel 3 -sbAllowAudio -parentBuildID 20230112150232 -appDir /Applications/Firefox.app/Contents/Resources/browser -profile /Users/diegocaro/Library/Application Support/Firefox/Profiles/hmig4z1v.default-release-1634876631779 {6337ea35-3b00-4347-9763-d9345167d7d1} 755 gecko-crash-server-pipe.755 org.mozilla.machname.175101380 tab
diegocaro         2256   0.0  1.2 36325152 197928   ??  S    10:54PM   0:10.61 /Applications/Firefox.app/Contents/MacOS/plugin-container.app/Contents/MacOS/plugin-container -childID 103 -isForBrowser -prefsLen 33944 -prefMapSize 236340 -jsInitLen 246772 -sbStartup -sbAppPath /Applications/Firefox.app -sbLevel 3 -sbAllowAudio -parentBuildID 20230112150232 -appDir /Applications/Firefox.app/Contents/Resources/browser -profile /Users/diegocaro/Library/Application Support/Firefox/Profiles/hmig4z1v.default-release-1634876631779 {1a4bc1de-db4b-4902-a2b5-849d7c7ab244} 755 gecko-crash-server-pipe.755 org.mozilla.machname.1311510405 tab
diegocaro         2143   0.0  0.5 36155164  81140   ??  S    10:52PM   0:03.54 /Applications/Firefox.app/Contents/MacOS/plugin-container.app/Contents/MacOS/plugin-container -childID 102 -isForBrowser -prefsLen 33944 -prefMapSize 236340 -jsInitLen 246772 -sbStartup -sbAppPath /Applications/Firefox.app -sbLevel 3 -sbAllowAudio -parentBuildID 20230112150232 -appDir /Applications/Firefox.app/Contents/Resources/browser -profile /Users/diegocaro/Library/Application Support/Firefox/Profiles/hmig4z1v.default-release-1634876631779 {1ccc5f57-d42d-42fd-90b0-8efa768b2591} 755 gecko-crash-server-pipe.755 org.mozilla.machname.1172306451 tab
diegocaro         2046   0.0  0.0 34181196   5012 s001  S    10:49PM   0:01.39 -zsh
root              2045   0.0  0.0 34160712   4936 s001  Ss   10:49PM   0:00.01 login -fp diegocaro
diegocaro         1986   0.0  0.6 34627468  99068   ??  S    10:46PM   0:46.46 /Applications/TextMate.app/Contents/MacOS/TextMate -disableNewDocumentAtStartup 1
diegocaro         1742   0.0  0.0 34162004   3868   ??  Ss   10:45PM   0:00.01 /Applications/Dropbox.app/Contents/XPCServices/DropboxNotificationService.xpc/Contents/MacOS/DropboxNotificationService
diegocaro         1739   0.0  0.1 34139668  21608   ??  Ss   10:45PM   0:00.29 /System/Library/PrivateFrameworks/UIFoundation.framework/Versions/A/XPCServices/nsattributedstringagent.xpc/Contents/MacOS/nsattributedstringagent
diegocaro         1736   0.0  0.1 33816464  16680   ??  Ss   10:44PM   0:00.09 /System/Library/Frameworks/QuickLookThumbnailing.framework/Versions/A/PlugIns/ThumbnailExtension_macOS.appex/Contents/MacOS/ThumbnailExtension_macOS -AppleLanguages ("en-CL", "es-CL")
diegocaro         1735   0.0  0.1 33840860  13356   ??  Ss   10:44PM   0:00.21 /System/Library/Frameworks/QuickLook.framework/Versions/A/XPCServices/QuickLookSatellite.xpc/Contents/MacOS/QuickLookSatellite
root              1734   0.0  0.0 33711688   5864   ??  Ss   10:44PM   0:00.03 /System/Library/Frameworks/AudioToolbox.framework/XPCServices/com.apple.audio.SandboxHelper.xpc/Contents/MacOS/com.apple.audio.SandboxHelper
diegocaro         1321   0.0  0.0 33746284   3956   ??  S    10:41PM   0:00.01 /System/Library/CoreServices/AirPort Base Station Agent.app/Contents/MacOS/AirPort Base Station Agent --launchd
diegocaro         1311   0.0  0.5 36167560  79996   ??  S    10:21PM   0:01.15 /Applications/Firefox.app/Contents/MacOS/plugin-container.app/Contents/MacOS/plugin-container -childID 94 -isForBrowser -prefsLen 33944 -prefMapSize 236340 -jsInitLen 246772 -sbStartup -sbAppPath /Applications/Firefox.app -sbLevel 3 -sbAllowAudio -parentBuildID 20230112150232 -appDir /Applications/Firefox.app/Contents/Resources/browser -profile /Users/diegocaro/Library/Application Support/Firefox/Profiles/hmig4z1v.default-release-1634876631779 {7aeda657-5397-4fd4-b311-2bbb77c39f46} 755 gecko-crash-server-pipe.755 org.mozilla.machname.261741111 tab
diegocaro         1310   0.0  0.5 36157356  78572   ??  S    10:21PM   0:00.84 /Applications/Firefox.app/Contents/MacOS/plugin-container.app/Contents/MacOS/plugin-container -childID 93 -isForBrowser -prefsLen 33944 -prefMapSize 236340 -jsInitLen 246772 -sbStartup -sbAppPath /Applications/Firefox.app -sbLevel 3 -sbAllowAudio -parentBuildID 20230112150232 -appDir /Applications/Firefox.app/Contents/Resources/browser -profile /Users/diegocaro/Library/Application Support/Firefox/Profiles/hmig4z1v.default-release-1634876631779 {e7f7cb05-7dfb-4f4a-8795-fafdf6646ee5} 755 gecko-crash-server-pipe.755 org.mozilla.machname.237303178 tab
diegocaro         1309   0.0  0.5 36166504  80516   ??  S    10:21PM   0:01.41 /Applications/Firefox.app/Contents/MacOS/plugin-container.app/Contents/MacOS/plugin-container -childID 92 -isForBrowser -prefsLen 33944 -prefMapSize 236340 -jsInitLen 246772 -sbStartup -sbAppPath /Applications/Firefox.app -sbLevel 3 -sbAllowAudio -parentBuildID 20230112150232 -appDir /Applications/Firefox.app/Contents/Resources/browser -profile /Users/diegocaro/Library/Application Support/Firefox/Profiles/hmig4z1v.default-release-1634876631779 {979175d7-1c4e-4594-ae45-6f83e7e0d151} 755 gecko-crash-server-pipe.755 org.mozilla.machname.1922426415 tab
diegocaro         1307   0.0  0.6 36193804 108564   ??  S    10:20PM   0:05.01 /Applications/Firefox.app/Contents/MacOS/plugin-container.app/Contents/MacOS/plugin-container -childID 91 -isForBrowser -prefsLen 33944 -prefMapSize 236340 -jsInitLen 246772 -sbStartup -sbAppPath /Applications/Firefox.app -sbLevel 3 -sbAllowAudio -parentBuildID 20230112150232 -appDir /Applications/Firefox.app/Contents/Resources/browser -profile /Users/diegocaro/Library/Application Support/Firefox/Profiles/hmig4z1v.default-release-1634876631779 {fa65e161-803f-4324-8ed3-9c28a77958df} 755 gecko-crash-server-pipe.755 org.mozilla.machname.1806578718 tab
diegocaro         1273   0.0  0.3 36126512  48024   ??  S    10:11PM   0:00.49 /Applications/Firefox.app/Contents/MacOS/plugin-container.app/Contents/MacOS/plugin-container -childID 78 -isForBrowser -prefsLen 33944 -prefMapSize 236340 -jsInitLen 246772 -sbStartup -sbAppPath /Applications/Firefox.app -sbLevel 3 -sbAllowAudio -parentBuildID 20230112150232 -appDir /Applications/Firefox.app/Contents/Resources/browser -profile /Users/diegocaro/Library/Application Support/Firefox/Profiles/hmig4z1v.default-release-1634876631779 {b5585649-c885-4885-97cb-61d6e9825c9b} 755 gecko-crash-server-pipe.755 org.mozilla.machname.801594719 tab
diegocaro         1272   0.0  0.3 36125356  46644   ??  S    10:11PM   0:00.50 /Applications/Firefox.app/Contents/MacOS/plugin-container.app/Contents/MacOS/plugin-container -childID 77 -isForBrowser -prefsLen 33944 -prefMapSize 236340 -jsInitLen 246772 -sbStartup -sbAppPath /Applications/Firefox.app -sbLevel 3 -sbAllowAudio -parentBuildID 20230112150232 -appDir /Applications/Firefox.app/Contents/Resources/browser -profile /Users/diegocaro/Library/Application Support/Firefox/Profiles/hmig4z1v.default-release-1634876631779 {46253ba0-ec5e-4c1a-afa3-3a15f37e49ba} 755 gecko-crash-server-pipe.755 org.mozilla.machname.1459907656 tab
diegocaro         1271   0.0  0.3 36148328  49576   ??  S    10:10PM   0:00.67 /Applications/Firefox.app/Contents/MacOS/plugin-container.app/Contents/MacOS/plugin-container -childID 76 -isForBrowser -prefsLen 33944 -prefMapSize 236340 -jsInitLen 246772 -sbStartup -sbAppPath /Applications/Firefox.app -sbLevel 3 -sbAllowAudio -parentBuildID 20230112150232 -appDir /Applications/Firefox.app/Contents/Resources/browser -profile /Users/diegocaro/Library/Application Support/Firefox/Profiles/hmig4z1v.default-release-1634876631779 {2898aac8-7085-42b3-961b-5446ab513e2a} 755 gecko-crash-server-pipe.755 org.mozilla.machname.1809899886 tab
diegocaro         1265   0.0  0.3 36127564  52032   ??  S    10:07PM   0:00.98 /Applications/Firefox.app/Contents/MacOS/plugin-container.app/Contents/MacOS/plugin-container -childID 75 -isForBrowser -prefsLen 33944 -prefMapSize 236340 -jsInitLen 246772 -sbStartup -sbAppPath /Applications/Firefox.app -sbLevel 3 -sbAllowAudio -parentBuildID 20230112150232 -appDir /Applications/Firefox.app/Contents/Resources/browser -profile /Users/diegocaro/Library/Application Support/Firefox/Profiles/hmig4z1v.default-release-1634876631779 {2da1b15c-ff33-4d56-9d68-b36d412622d9} 755 gecko-crash-server-pipe.755 org.mozilla.machname.919307282 tab
diegocaro         1233   0.0  0.9 36205588 156312   ??  S    10:00PM   0:12.19 /Applications/Firefox.app/Contents/MacOS/plugin-container.app/Contents/MacOS/plugin-container -childID 74 -isForBrowser -prefsLen 33944 -prefMapSize 236340 -jsInitLen 246772 -sbStartup -sbAppPath /Applications/Firefox.app -sbLevel 3 -sbAllowAudio -parentBuildID 20230112150232 -appDir /Applications/Firefox.app/Contents/Resources/browser -profile /Users/diegocaro/Library/Application Support/Firefox/Profiles/hmig4z1v.default-release-1634876631779 {014b64a9-ec35-4e8e-b4d1-eb3b8fe26311} 755 gecko-crash-server-pipe.755 org.mozilla.machname.1364926033 tab
root              1168   0.0  0.0 33820744   4260   ??  Ss    9:35PM   0:00.03 /System/Library/CoreServices/osanalyticshelper server-init
root              1104   0.0  0.0 33646636   2520   ??  Ss    8:10PM   0:00.06 /usr/libexec/taskgated
diegocaro         1094   0.0  0.0 34219084   3308   ??  Ss    8:10PM   0:00.62 /Applications/iTerm.app/Contents/XPCServices/pidinfo.xpc/Contents/MacOS/pidinfo
diegocaro         1080   0.0  0.0 34206680   6736 s000  S     8:10PM   0:03.02 -zsh
root              1079   0.0  0.0 34161736   4924 s000  Ss    8:10PM   0:00.02 login -fp diegocaro
diegocaro         1078   0.0  0.0 34134320   2104   ??  S     8:10PM   0:00.01 /Users/diegocaro/Library/Application Support/iTerm2/iTermServer-3.4.18 /Users/diegocaro/Library/Application Support/iTerm2/iterm2-daemon-1.socket
diegocaro         1077   0.0  0.1 33976544  21156   ??  Ss    8:10PM   0:00.32 /System/Library/CoreServices/Dock.app/Contents/XPCServices/DockHelper.xpc/Contents/MacOS/DockHelper
diegocaro         1013   0.0  0.0 33756500   2004   ??  Ss    7:57PM   0:00.01 /System/Library/Frameworks/NetFS.framework/Versions/A/XPCServices/PlugInLibraryService.xpc/Contents/MacOS/PlugInLibraryService
diegocaro         1007   0.0  0.0 33768816   3860   ??  S     7:57PM   0:00.03 /System/Library/Frameworks/ColorSync.framework/Support/colorsync.useragent
diegocaro          994   0.0  0.1 33756164  11100   ??  S     7:54PM   0:00.04 /System/Library/CoreServices/EscrowSecurityAlert.app/Contents/MacOS/EscrowSecurityAlert
diegocaro          966   0.0  0.1 33827120   9496   ??  S     7:43PM   0:00.15 /System/Library/PrivateFrameworks/SafariSafeBrowsing.framework/com.apple.Safari.SafeBrowsing.Service
diegocaro          965   0.0  0.1 33806192  10972   ??  S     7:43PM   0:00.07 /System/Library/PrivateFrameworks/NewsDaemon.framework/newsd
diegocaro          964   0.0  0.2 34043084  38096   ??  Ss    7:43PM   0:00.27 /System/iOSSupport/System/Library/Frameworks/WebKit.framework/Versions/A/XPCServices/com.apple.WebKit.Networking.xpc/Contents/MacOS/com.apple.WebKit.Networking
diegocaro          963   0.0  0.0 33748552   5976   ??  Ss    7:43PM   0:00.03 /System/Library/Frameworks/AudioToolbox.framework/XPCServices/com.apple.audio.SandboxHelper.xpc/Contents/MacOS/com.apple.audio.SandboxHelper
diegocaro          962   0.0  0.0 33748264   2564   ??  S     7:43PM   0:00.03 /System/Library/Frameworks/MediaAccessibility.framework/Versions/A/XPCServices/com.apple.accessibility.mediaaccessibilityd.xpc/Contents/MacOS/com.apple.accessibility.mediaaccessibilityd
diegocaro          959   0.0  0.0 33716500   2336   ??  S     7:43PM   0:00.01 /System/Library/PrivateFrameworks/ToneLibrary.framework/Versions/A/XPCServices/com.apple.tonelibraryd.xpc/Contents/MacOS/com.apple.tonelibraryd
diegocaro          958   0.0  0.1 33817316   9192   ??  S     7:42PM   0:00.09 /usr/libexec/keyboardservicesd
diegocaro          957   0.0  0.9 34345384 150148   ??  S     7:42PM   0:05.97 /System/Library/Services/AppleSpell.service/Contents/MacOS/AppleSpell
root               946   0.0  0.0 33796208   4288   ??  Ss    7:42PM   0:00.04 /usr/libexec/ASPCarryLog
diegocaro          905   0.0  0.0 33783048   3904   ??  S    11:29AM   0:00.03 /usr/libexec/USBAgent
diegocaro          896   0.0  0.1 33834076  18176   ??  S     9:27AM   0:00.31 /System/Library/Frameworks/ApplicationServices.framework/Frameworks/SpeechSynthesis.framework/Resources/com.apple.speech.speechsynthesisd
diegocaro          888   0.0  0.0 33719100   3124   ??  S     9:24AM   0:00.03 /System/Library/PrivateFrameworks/DeviceCheckInternal.framework/devicecheckd
_fpsd              864   0.0  0.0 33734872   3568   ??  Ss    9:12AM   0:00.03 /System/Library/PrivateFrameworks/CoreFP.framework/Versions/A/fairplayd
root               863   0.0  0.0 33829724   5224   ??  Ss    9:12AM   0:00.43 /Library/Apple/System/Library/CoreServices/XProtect.app/Contents/XPCServices/XProtectPluginService.xpc/Contents/MacOS/XProtectPluginService
root               862   0.0  0.0 34199448   3328   ??  Ss    9:12AM   0:00.02 /Library/Apple/System/Library/CoreServices/XProtect.app/Contents/MacOS/XProtect
_fpsd              851   0.0  0.0 33722812   2296   ??  Ss    9:03AM   0:00.16 /System/Library/PrivateFrameworks/CoreLSKD.framework/Versions/A/lskdd
diegocaro          844   0.0  0.1 33863936  19228   ??  S     9:03AM   0:00.21 /Library/Apple/System/Library/CoreServices/SafariSupport.bundle/Contents/MacOS/PasswordBreachAgent
root               843   0.0  0.0 34253376   3944   ??  Ss    9:03AM   0:00.03 /usr/libexec/memoryanalyticsd -xlatS
diegocaro          841   0.0  0.0 33800020   6244   ??  S     9:03AM   0:00.08 /System/Library/Frameworks/CoreServices.framework/Frameworks/Metadata.framework/Versions/A/Support/mdworker -s mdworker-sizing -c MDSSizingWorker -m com.apple.mdworker.sizing
root               833   0.0  0.0 33766784   4104   ??  Ss    9:01AM   0:00.03 /usr/libexec/tzd
diegocaro          832   0.0  0.1 34231352  12728   ??  Ss    9:01AM   0:00.32 /System/Library/Frameworks/Metal.framework/Versions/A/XPCServices/MTLCompilerService.xpc/Contents/MacOS/MTLCompilerService
diegocaro          831   0.0  0.0 33813720   4572   ??  S     9:01AM   0:00.06 /usr/libexec/proactiveeventtrackerd
diegocaro          829   0.0  0.3 34153164  48588   ??  S     9:00AM   0:00.26 /Library/Apple/System/Library/CoreServices/SafariSupport.bundle/Contents/MacOS/SafariBookmarksSyncAgent
diegocaro          828   0.0  0.1 34163240  19732   ??  S     9:00AM   0:00.71 /System/Library/Frameworks/CoreSpotlight.framework/CoreSpotlightService
diegocaro          814   0.0  0.1 34326772  19956   ??  S     8:59AM   0:01.00 /System/Library/CoreServices/NowPlayingTouchUI.app/Contents/MacOS/NowPlayingTouchUI
root               813   0.0  0.0 33829588   8140   ??  Ss    8:59AM   0:01.08 /System/Library/Frameworks/AudioToolbox.framework/XPCServices/CAReportingService.xpc/Contents/MacOS/CAReportingService
diegocaro          812   0.0  0.2 33939184  25800   ??  S     8:59AM   0:42.38 /Applications/Firefox.app/Contents/MacOS/plugin-container.app/Contents/MacOS/plugin-container -parentBuildID 20230112150232 -sandboxingKind 0 -prefsLen 33893 -prefMapSize 236340 -sbStartup -sbAppPath /Applications/Firefox.app -appDir /Applications/Firefox.app/Contents/Resources/browser -profile /Users/diegocaro/Library/Application Support/Firefox/Profiles/hmig4z1v.default-release-1634876631779 {0152290d-3c93-41bf-bd64-1359dd56ac20} 755 gecko-crash-server-pipe.755 org.mozilla.machname.858823192 utility
diegocaro          811   0.0  0.1 34303832  17012   ??  S     8:59AM   0:00.42 /System/Library/CoreServices/OSDUIHelper.app/Contents/MacOS/OSDUIHelper
diegocaro          808   0.0  0.2 34287124  27480   ??  Ss    8:59AM   1:51.35 /System/Library/Frameworks/VideoToolbox.framework/Versions/A/XPCServices/VTDecoderXPCService.xpc/Contents/MacOS/VTDecoderXPCService
diegocaro          807   0.0  0.2 33897356  25916   ??  S     8:59AM   0:00.43 /Applications/Firefox.app/Contents/MacOS/plugin-container.app/Contents/MacOS/plugin-container -parentBuildID 20230112150232 -sandboxingKind 1 -prefsLen 33893 -prefMapSize 236340 -sbStartup -sbAppPath /Applications/Firefox.app -appDir /Applications/Firefox.app/Contents/Resources/browser -profile /Users/diegocaro/Library/Application Support/Firefox/Profiles/hmig4z1v.default-release-1634876631779 {71783741-0995-4b62-aa38-45c04970a4f6} 755 gecko-crash-server-pipe.755 org.mozilla.machname.1789736032 utility
diegocaro          806   0.0  0.2 34023564  27712   ??  S     8:59AM   1:58.64 /Applications/Firefox.app/Contents/MacOS/plugin-container.app/Contents/MacOS/plugin-container -parentBuildID 20230112150232 -prefsLen 33893 -prefMapSize 236340 -sbStartup -sbAppPath /Applications/Firefox.app -appDir /Applications/Firefox.app/Contents/Resources/browser -profile /Users/diegocaro/Library/Application Support/Firefox/Profiles/hmig4z1v.default-release-1634876631779 {f4b97abd-66d2-4eba-a628-b9137a3bc3fc} 755 gecko-crash-server-pipe.755 org.mozilla.machname.540005905 rdd
diegocaro          803   0.0  0.0 34240868   8160   ??  Ss    8:59AM   0:00.06 /System/Library/Frameworks/VideoToolbox.framework/Versions/A/XPCServices/VTDecoderXPCService.xpc/Contents/MacOS/VTDecoderXPCService
diegocaro          801   0.0  0.1 33833796  13952   ??  S     8:59AM   0:00.83 cloudphotod
diegocaro          800   0.0  0.0 33828860   6172   ??  S     8:59AM   0:00.20 /System/Library/PrivateFrameworks/Synapse.framework/Support/contentlinkingd
diegocaro          799   0.0  0.9 36269388 144480   ??  S     8:59AM   0:09.71 /Applications/Firefox.app/Contents/MacOS/plugin-container.app/Contents/MacOS/plugin-container -childID 6 -isForBrowser -prefsLen 33350 -prefMapSize 236340 -jsInitLen 246772 -sbStartup -sbAppPath /Applications/Firefox.app -sbLevel 3 -sbAllowAudio -parentBuildID 20230112150232 -appDir /Applications/Firefox.app/Contents/Resources/browser -profile /Users/diegocaro/Library/Application Support/Firefox/Profiles/hmig4z1v.default-release-1634876631779 {240a855e-5bb4-4e4a-9062-ce41395deada} 755 gecko-crash-server-pipe.755 org.mozilla.machname.408523045 tab
diegocaro          797   0.0  3.7 37072660 613936   ??  S     8:59AM  10:48.90 /Applications/Firefox.app/Contents/MacOS/plugin-container.app/Contents/MacOS/plugin-container -childID 4 -isForBrowser -prefsLen 33350 -prefMapSize 236340 -jsInitLen 246772 -sbStartup -sbAppPath /Applications/Firefox.app -sbLevel 3 -sbAllowAudio -parentBuildID 20230112150232 -appDir /Applications/Firefox.app/Contents/Resources/browser -profile /Users/diegocaro/Library/Application Support/Firefox/Profiles/hmig4z1v.default-release-1634876631779 {24497b60-6d38-4377-a7d5-90cd69b5ea2c} 755 gecko-crash-server-pipe.755 org.mozilla.machname.285144083 tab
diegocaro          796   0.0  0.5 36147968  88600   ??  S     8:59AM   0:06.10 /Applications/Firefox.app/Contents/MacOS/plugin-container.app/Contents/MacOS/plugin-container -childID 3 -isForBrowser -prefsLen 28751 -prefMapSize 236340 -jsInitLen 246772 -sbStartup -sbAppPath /Applications/Firefox.app -sbLevel 3 -sbAllowAudio -parentBuildID 20230112150232 -appDir /Applications/Firefox.app/Contents/Resources/browser -profile /Users/diegocaro/Library/Application Support/Firefox/Profiles/hmig4z1v.default-release-1634876631779 {5d75ff29-479c-4d20-ae78-d04d55f0a3c0} 755 gecko-crash-server-pipe.755 org.mozilla.machname.265296665 tab
diegocaro          792   0.0  0.4 36137276  64132   ??  S     8:59AM   0:01.48 /Applications/Firefox.app/Contents/MacOS/plugin-container.app/Contents/MacOS/plugin-container -childID 1 -isForBrowser -prefsLen 27892 -prefMapSize 236340 -jsInitLen 246772 -sbStartup -sbAppPath /Applications/Firefox.app -sbLevel 3 -sbAllowAudio -parentBuildID 20230112150232 -appDir /Applications/Firefox.app/Contents/Resources/browser -profile /Users/diegocaro/Library/Application Support/Firefox/Profiles/hmig4z1v.default-release-1634876631779 {eb4a04e3-a791-40e2-af7b-40a5fe684f1b} 755 gecko-crash-server-pipe.755 org.mozilla.machname.504752305 tab
diegocaro          769   0.0  0.2 33876472  25960   ??  S     8:59AM   0:00.21 /Applications/Firefox.app/Contents/MacOS/plugin-container.app/Contents/MacOS/plugin-container -parentBuildID 20230112150232 -prefsLen 27676 -prefMapSize 236340 -sbStartup -sbAppPath /Applications/Firefox.app -appDir /Applications/Firefox.app/Contents/Resources/browser -profile /Users/diegocaro/Library/Application Support/Firefox/Profiles/hmig4z1v.default-release-1634876631779 {69afc10c-7764-408c-9a54-5330f65fcd8c} 755 gecko-crash-server-pipe.755 org.mozilla.machname.337414588 socket
diegocaro          768   0.0  0.1 33830296  16636   ??  S     8:59AM   0:00.22 /System/Library/PrivateFrameworks/PhotoAnalysis.framework/Versions/A/Support/photoanalysisd
diegocaro          767   0.0  0.3 33916380  44100   ??  S     8:59AM   0:00.53 /System/Library/PrivateFrameworks/MediaAnalysis.framework/Versions/A/mediaanalysisd
_spotlight         764   0.0  0.0 33832176   6916   ??  S     8:59AM   0:00.18 /usr/libexec/trustd --agent
_spotlight         763   0.0  0.1 33840160  19116   ??  SN    8:59AM   0:01.41 /System/Library/Frameworks/CoreServices.framework/Frameworks/Metadata.framework/Versions/A/Support/mdbulkimport -s mdworker-bundle -c MDSImporterBundleFinder -m com.apple.metadata.mdbulkimport
diegocaro          762   0.0  0.0 33830616   5112   ??  S     8:59AM   0:00.10 /System/Library/CoreServices/ScopedBookmarkAgent
diegocaro          761   0.0  0.1 33829296   9520   ??  S     8:59AM   0:00.12 /System/Library/PrivateFrameworks/SocialLayer.framework/sociallayerd.app/Contents/MacOS/sociallayerd
root               759   0.0  0.0 33800896   5960   ??  Ss    8:59AM   0:00.08 /usr/libexec/dprivacyd
diegocaro          758   0.0  0.1 33976940  13896   ??  S     8:59AM   0:00.08 /System/Library/PrivateFrameworks/CoreSuggestions.framework/Versions/A/Support/reversetemplated
diegocaro          757   0.0  0.1 33830300   9504   ??  S     8:59AM   0:00.12 /System/Library/PrivateFrameworks/CoreRecents.framework/Versions/A/Support/recentsd
root               756   0.0  0.0 33758516   1864   ??  Ss    8:59AM   0:00.01 /usr/libexec/online-authd
diegocaro          712   0.0  0.1 34294316  14124   ??  Ss    8:58AM   0:00.49 /Applications/Dropbox.app/Contents/XPCServices/DropboxActivityProvider.xpc/Contents/MacOS/DropboxActivityProvider
diegocaro          710   0.0  0.1 33841904  14028   ??  S     8:58AM   0:01.03 /usr/libexec/transparencyd
diegocaro          706   0.0  0.0 33783644   7852   ??  Ss    8:58AM   0:00.10 /System/Library/PrivateFrameworks/MessagesBlastDoorSupport.framework/Versions/A/XPCServices/MessagesBlastDoorService.xpc/Contents/MacOS/MessagesBlastDoorService
diegocaro          704   0.0  0.2 33876276  28652   ??  S     8:58AM   0:09.92 /usr/libexec/searchpartyuseragent
diegocaro          701   0.0  0.0 33790440   6216   ??  Ss    8:58AM   0:00.12 /System/Library/PrivateFrameworks/IDSBlastDoorSupport.framework/Versions/A/XPCServices/IDSBlastDoorService.xpc/Contents/MacOS/IDSBlastDoorService
root               695   0.0  0.0 33757540   3828   ??  Ss    8:58AM   0:00.02 /System/Library/PrivateFrameworks/SystemAdministration.framework/XPCServices/writeconfig.xpc/Contents/MacOS/writeconfig
diegocaro          693   0.0  0.1 34323528  20024   ??  S     8:58AM   0:00.30 /System/Library/Frameworks/LocalAuthentication.framework/Support/coreautha.bundle/Contents/MacOS/coreautha
diegocaro          691   0.0  0.1 33744124  12328   ??  S     8:58AM   0:00.33 /usr/libexec/promotedcontentd
root               690   0.0  0.0 34256564   5752   ??  S     8:58AM   0:01.03 /Library/DropboxHelperTools/Dropbox_u501/dbkextd
_nsurlsessiond     689   0.0  0.0 34249548   7140   ??  Ss    8:58AM   0:00.15 /System/Library/PrivateFrameworks/StreamingZip.framework/Versions/A/XPCServices/com.apple.StreamingUnzipService.xpc/Contents/MacOS/com.apple.StreamingUnzipService
root               688   0.0  0.0 33754960   4100   ??  Ss    8:58AM   0:00.03 /System/Library/PrivateFrameworks/AppStoreDaemon.framework/Versions/A/XPCServices/com.apple.AppStoreDaemon.StorePrivilegedTaskService.xpc/Contents/MacOS/com.apple.AppStoreDaemon.StorePrivilegedTaskService
_installcoordinationd   687   0.0  0.0 33744268   4504   ??  Ss    8:58AM   0:00.04 /System/Library/PrivateFrameworks/InstallCoordination.framework/Support/installcoordinationd
root               686   0.0  0.1 33801088  12732   ??  Ss    8:58AM   0:04.37 /System/Library/PrivateFrameworks/XprotectFramework.framework/Versions/A/XPCServices/XprotectService.xpc/Contents/MacOS/XprotectService
diegocaro          684   0.0  0.3 38370652  45352   ??  Ss    8:58AM   0:00.21 /Applications/Safari.app/Contents/PlugIns/CacheDeleteExtension.appex/Contents/MacOS/CacheDeleteExtension -AppleLanguages ("en-CL", "es-CL")
diegocaro          683   0.0  0.1 33829404  11840   ??  Ss    8:58AM   0:00.03 /System/Applications/Music.app/Contents/PlugIns/MusicCacheExtension.appex/Contents/MacOS/MusicCacheExtension -AppleLanguages ("en-CL", "es-CL")
diegocaro          682   0.0  0.1 33829404  11928   ??  Ss    8:58AM   0:00.04 /System/Applications/TV.app/Contents/PlugIns/TVCacheExtension.appex/Contents/MacOS/TVCacheExtension -AppleLanguages ("en-CL", "es-CL")
root               680   0.0  0.0 33765664   4136   ??  Ss    8:58AM   0:00.02 /System/Library/PrivateFrameworks/PackageKit.framework/Resources/installd
diegocaro          679   0.0  0.0 33793092   8160   ??  S     8:58AM   0:00.08 /System/Library/PrivateFrameworks/CommerceKit.framework/Versions/A/Resources/storedownloadd
root               678   0.0  0.0 33758496   4148   ??  Ss    8:58AM   0:00.02 /System/Library/PrivateFrameworks/PackageKit.framework/Resources/system_installd
diegocaro          677   0.0  0.2 33886676  40388   ??  S     8:58AM   0:02.30 /System/Library/PrivateFrameworks/AppStoreDaemon.framework/Support/appstoreagent
diegocaro          676   0.0  0.0 33829176   4568   ??  S     8:58AM   0:00.02 /System/Library/PrivateFrameworks/GeoServices.framework/geodMachServiceBridge
root               675   0.0  0.0 33829948   4320   ??  Ss    8:58AM   0:00.05 /usr/libexec/aned
diegocaro          674   0.0  0.0 33783540   7200   ??  S     8:58AM   0:00.06 /usr/libexec/replayd
_assetcache        673   0.0  0.1 33832856   8792   ??  Ss    8:58AM   0:00.13 /System/Library/PrivateFrameworks/AssetCacheServices.framework/Versions/A/XPCServices/AssetCacheLocatorService.xpc/Contents/MacOS/AssetCacheLocatorService -d
root               672   0.0  0.0 33790212   2608   ??  Ss    8:58AM   0:00.02 /System/Library/PrivateFrameworks/CacheDelete.framework/deleted_helper
diegocaro          670   0.0  0.0 33757556   3508   ??  S     8:58AM   0:00.01 /System/Library/Frameworks/CoreServices.framework/Frameworks/Metadata.framework/Versions/A/Support/mdwrite
diegocaro          668   0.0  0.1 33840072  17216   ??  S     8:58AM   0:00.89 /System/Library/PrivateFrameworks/CacheDelete.framework/deleted
root               663   0.0  0.0 33748244   1656   ??  Ss    8:58AM   0:00.01 /usr/libexec/smd
diegocaro          640   0.0  0.1 33840568  22728   ??  SN    8:58AM   0:02.88 /System/Library/Frameworks/CoreServices.framework/Frameworks/Metadata.framework/Versions/A/Support/mdbulkimport -s mdworker-bundle -c MDSImporterBundleFinder -m com.apple.metadata.mdbulkimport
diegocaro          639   0.0  0.1 33949960  19180   ??  S     8:58AM   0:00.97 /System/Library/PrivateFrameworks/SoftwareUpdate.framework/Resources/SoftwareUpdateNotificationManager.app/Contents/MacOS/SoftwareUpdateNotificationManager
diegocaro          638   0.0  0.3 33834524  42904   ??  S     8:58AM   0:00.17 /System/Library/PrivateFrameworks/AvatarPersistence.framework/Support/avatarsd
_applepay          637   0.0  0.0 33697508   1244   ??  S     8:58AM   0:00.31 /usr/sbin/distnoted agent
diegocaro          636   0.0  0.2 34282332  39324   ??  S     8:58AM   0:00.24 /System/Library/CoreServices/UIKitSystem.app/Contents/MacOS/UIKitSystem system_app_start
diegocaro          634   0.0  0.7 72293036 124176   ??  S     8:58AM   0:00.84 /Applications/Dropbox.app/Contents/Frameworks/Dropbox Helper (Renderer).app/Contents/MacOS/Dropbox Helper (Renderer) --type=renderer --field-trial-handle=1718379636,13630346193156412841,415101620583637821,131072 --disable-features=CookiesWithoutSameSiteMustBeSecure,SameSiteByDefaultCookies,SpareRendererForSitePerProcess --lang=en-US --standard-schemes=dbx-local --secure-schemes=dbx-local --bypasscsp-schemes --cors-schemes --fetch-schemes --service-worker-schemes --streaming-schemes --app-path=/Applications/Dropbox.app/Contents/Resources/app.asar --enable-sandbox --num-raster-threads=4 --enable-zero-copy --enable-gpu-memory-buffer-compositor-resources --enable-main-frame-before-activation --renderer-client-id=5 --no-v8-untrusted-code-mitigations --shared-files --seatbelt-client=80
diegocaro          633   0.0  0.0 33829008   4972   ??  S     8:58AM   0:00.04 /usr/sbin/BTLEServerAgent
_applepay          632   0.0  0.0 33828916   5560   ??  Ss    8:58AM   0:00.07 /usr/libexec/seld
diegocaro          628   0.0  0.1 33842264  20448   ??  S     8:58AM   0:00.47 /System/Library/PrivateFrameworks/PassKitCore.framework/passd
diegocaro          624   0.0  0.2 33884324  26744   ??  S     8:58AM   0:00.94 /usr/libexec/studentd
diegocaro          616   0.0  0.1 67990608  24760   ??  S     8:58AM   0:00.11 /Applications/Dropbox.app/Contents/Frameworks/Dropbox Helper.app/Contents/MacOS/Dropbox Helper --type=utility --utility-sub-type=network.mojom.NetworkService --field-trial-handle=1718379636,13630346193156412841,415101620583637821,131072 --disable-features=CookiesWithoutSameSiteMustBeSecure,SameSiteByDefaultCookies,SpareRendererForSitePerProcess --lang=en-US --service-sandbox-type=network --standard-schemes=dbx-local --secure-schemes=dbx-local --bypasscsp-schemes --cors-schemes --fetch-schemes --service-worker-schemes --streaming-schemes --shared-files --seatbelt-client=70
diegocaro          614   0.0  0.1 34256604  18868   ??  Ss    8:58AM   0:00.11 /System/Library/Frameworks/VideoToolbox.framework/Versions/A/XPCServices/VTEncoderXPCService.xpc/Contents/MacOS/VTEncoderXPCService
diegocaro          613   0.0  0.1 34252064  12176   ??  Ss    8:58AM   0:00.11 /System/Library/Frameworks/VideoToolbox.framework/Versions/A/XPCServices/VTDecoderXPCService.xpc/Contents/MacOS/VTDecoderXPCService
diegocaro          612   0.0  0.1 33833508  10020   ??  S     8:58AM   0:00.24 /System/Library/Frameworks/ClassKit.framework/Versions/A/progressd
root               610   0.0  0.0 33783160   2136   ??  Ss    8:58AM   0:00.03 /System/Library/Frameworks/OpenGL.framework/Versions/A/Libraries/CVMServer
root               609   0.0  0.0 33767720   3612   ??  Ss    8:58AM   0:00.07 /System/Library/PrivateFrameworks/CoreSymbolication.framework/coresymbolicationd
diegocaro          606   0.0  0.0 33748068   3628   ??  S     8:58AM   0:00.02 /usr/libexec/spindump_agent
root               605   0.0  0.1 33826376  17324   ??  Ss    8:58AM   0:01.26 /usr/sbin/spindump
diegocaro          604   0.0  0.2 33932704  38464   ??  S     8:58AM   0:04.76 /System/Library/PrivateFrameworks/PhotoLibraryServices.framework/Versions/A/Support/photolibraryd
diegocaro          603   0.0  0.5 34303360  79592   ??  S     8:58AM   0:04.65 /System/Library/PrivateFrameworks/CoreSuggestions.framework/Versions/A/Support/suggestd
_driverkit         602   0.0  0.0 34124804    764   ??  Ss    8:58AM   0:00.01 /System/Library/DriverExtensions/IOUserBluetoothSerialDriver.dext/IOUserBluetoothSerialDriver com.apple.IOUserBluetoothSerialDriver 0x100000905 com.apple.IOUserBluetoothSerialDriver
root               601   0.0  0.0 33825560   4428   ??  Ss    8:58AM   0:00.04 /System/Library/PrivateFrameworks/AssetCacheServicesExtensions.framework/XPCServices/AssetCacheTetheratorService.xpc/Contents/MacOS/AssetCacheTetheratorService
_assetcache        600   0.0  0.0 33697508   1236   ??  S     8:58AM   0:00.31 /usr/sbin/distnoted agent
_assetcache        599   0.0  0.0 33831508   6740   ??  Ss    8:58AM   0:00.06 /usr/libexec/AssetCache/AssetCache
diegocaro          598   0.0  0.1 33831848   9124   ??  S     8:58AM   0:00.17 /System/Library/PrivateFrameworks/AssetCacheServices.framework/Versions/A/XPCServices/AssetCacheLocatorService.xpc/Contents/MacOS/AssetCacheLocatorService -a
diegocaro          597   0.0  0.1 33845276  17440   ??  S     8:58AM   0:01.38 /usr/libexec/swcd
_reportmemoryexception   596   0.0  0.0 33697508   1244   ??  S     8:58AM   0:00.34 /usr/sbin/distnoted agent
diegocaro          593   0.0  0.0 34188996   5000   ??  S     8:58AM   0:00.03 /usr/libexec/SidecarRelay
diegocaro          592   0.0  0.0 33775076   3876   ??  S     8:58AM   0:00.02 /System/Library/CoreServices/ReportCrash agent
root               589   0.0  0.0 33756940   2584   ??  Ss    8:58AM   0:00.01 /System/Library/CoreServices/CrashReporterSupportHelper server-init
diegocaro          588   0.0  0.0 33796868   7236   ??  S     8:58AM   0:00.03 /System/Library/PrivateFrameworks/CommunicationsFilter.framework/CMFSyncAgent
diegocaro          587   0.0  0.0 33791012   5472   ??  S     8:58AM   0:00.02 /System/Library/PrivateFrameworks/CoreFollowUp.framework/Versions/A/Support/followupd
diegocaro          586   0.0  0.0 33831264   4800   ??  Ss    8:58AM   0:00.02 /System/Library/PrivateFrameworks/Categories.framework/Versions/A/XPCServices/CategoriesService.xpc/Contents/MacOS/CategoriesService
diegocaro          585   0.0  0.1 33997828  11280   ??  S     8:58AM   0:00.12 /System/Library/PrivateFrameworks/ContextKit.framework/Versions/A/XPCServices/ContextService.xpc/Contents/MacOS/ContextService
diegocaro          584   0.0  0.0 33755976   3660   ??  S     8:58AM   0:00.02 /System/Library/PrivateFrameworks/CharacterPicker.framework/Versions/A/XPCServices/com.apple.CharacterPicker.FileService.xpc/Contents/MacOS/com.apple.CharacterPicker.FileService
diegocaro          583   0.0  0.1 33800012  16244   ??  S     8:58AM   0:01.45 /usr/libexec/findmydevice-user-agent
diegocaro          582   0.0  0.1 34169208  24172   ??  Ss    8:58AM   0:03.79 /System/Library/Input Methods/EmojiFunctionRowIM.app/Contents/PlugIns/EmojiFunctionRowIM_Extension.appex/Contents/MacOS/EmojiFunctionRowIM_Extension -AppleLanguages ("en-CL", "es-CL")
root               581   0.0  0.0 33829980   6168   ??  Ss    8:58AM   0:00.31 /System/Library/PrivateFrameworks/AmbientDisplay.framework/Versions/A/XPCServices/com.apple.AmbientDisplayAgent.xpc/Contents/MacOS/com.apple.AmbientDisplayAgent
root               580   0.0  0.1 33838624  11976   ??  Ss    8:58AM   0:01.99 /usr/libexec/rtcreportingd
diegocaro          579   0.0  0.1 33831000  11776   ??  S     8:58AM   0:00.64 /usr/libexec/biomesyncd
diegocaro          577   0.0  0.1 33846660  14860   ??  S     8:58AM   0:00.52 /usr/libexec/adprivacyd
diegocaro          576   0.0  0.0 33821084   4224   ??  S     8:58AM   0:00.02 /System/Library/PrivateFrameworks/NewDeviceOutreach.framework/ndoagent
diegocaro          574   0.0  0.0 33829296   8008   ??  S     8:58AM   0:00.10 /usr/libexec/diagnosticextensionsd
diegocaro          573   0.0  0.1 33943128  14812   ??  S     8:58AM   0:00.24 /System/Library/CoreServices/CoreLocationAgent.app/Contents/MacOS/CoreLocationAgent
root               572   0.0  0.0 33829596   7828   ??  Ss    8:58AM   0:00.39 /usr/libexec/wifivelocityd
diegocaro          571   0.0  0.0 33798988   3924   ??  S     8:58AM   0:00.12 /usr/libexec/WiFiVelocityAgent
root               570   0.0  0.0 33820044   8228   ??  Ss    8:58AM   0:00.03 /System/Library/PrivateFrameworks/SiriInference.framework/Support/siriinferenced
diegocaro          569   0.0  0.1 33830616  11220   ??  S     8:58AM   0:00.09 /usr/libexec/siriknowledged
diegocaro          568   0.0  0.0 33798904   3412   ??  S     8:58AM   0:00.11 /System/Library/PrivateFrameworks/MediaRemote.framework/Support/mediaremoteagent
diegocaro          567   0.0  0.1 33830324   9412   ??  Ss    8:58AM   0:00.22 /System/Library/PrivateFrameworks/CoreEmbeddedSpeechRecognition.framework/Versions/A/XPCServices/com.apple.siri.embeddedspeech.xpc/Contents/MacOS/com.apple.siri.embeddedspeech
diegocaro          566   0.0  0.1 33834096  13740   ??  S     8:58AM   0:00.30 /System/Library/PrivateFrameworks/iCloudNotification.framework/iCloudNotificationAgent
root               564   0.0  0.0 33829736   7108   ??  Ss    8:58AM   0:00.95 /usr/sbin/WirelessRadioManagerd
diegocaro          562   0.0  0.1 33873180  17784   ??  Ss    8:58AM   0:00.25 /System/Library/CoreServices/ControlStrip.app/Contents/XPCServices/com.apple.DFRSystemExtra.InputMenu.xpc/Contents/MacOS/com.apple.DFRSystemExtra.InputMenu
diegocaro          549   0.0  0.1 33838932  10072   ??  S     8:58AM   0:00.24 /usr/libexec/neagent
diegocaro          548   0.0  0.1 33944144  17320   ??  S     8:58AM   0:00.75 /System/Library/CoreServices/WiFiAgent.app/Contents/MacOS/WiFiAgent
diegocaro          546   0.0  0.1 33846532  24268   ??  S     8:58AM   0:01.25 /System/Library/PrivateFrameworks/AssistantServices.framework/Versions/A/Support/assistantd
diegocaro          545   0.0  0.0 33773828   2576   ??  Ss    8:58AM   0:00.01 /System/Library/PrivateFrameworks/login.framework/Versions/A/XPCServices/LoginUserService.xpc/Contents/MacOS/LoginUserService
diegocaro          544   0.0  0.1 34369576  15292   ??  S     8:58AM   0:00.21 /System/Library/CoreServices/CoreServicesUIAgent.app/Contents/MacOS/CoreServicesUIAgent
diegocaro          543   0.0  0.1 33838308  15500   ??  S     8:58AM   0:00.38 /usr/libexec/fmfd
diegocaro          542   0.0  0.1 33835856  10048   ??  Ss    8:58AM   0:00.09 /System/Library/PrivateFrameworks/TelephonyUtilities.framework/XPCServices/com.apple.FaceTime.FTConversationService.xpc/Contents/MacOS/com.apple.FaceTime.FTConversationService
diegocaro          541   0.0  0.1 33836352  14796   ??  S     8:58AM   0:00.40 /System/Library/PrivateFrameworks/StatusKit.framework/StatusKitAgent
diegocaro          540   0.0  0.0 33829880   4960   ??  Ss    8:58AM   0:00.13 /System/Library/Frameworks/AudioToolbox.framework/XPCServices/CarbonComponentScannerXPC.xpc/Contents/MacOS/CarbonComponentScannerXPC
diegocaro          539   0.0  0.1 34472000  22420   ??  S     8:58AM   0:00.11 /Applications/Dropbox.app/Contents/MacOS/Dropbox -type:exit-monitor -method:collectupload -python-version:3.8.12 -process-type:main -session-token:c53ad796-1c21-4950-b771-e90f147f0d78 -target-handle:506 -target-shutdown-event:4 -target-restart-event:6 -target-command-line:/Applications/Dropbox.app/Contents/MacOS/Dropbox
diegocaro          537   0.0  0.1 33836300  13732   ??  S     8:58AM   0:00.35 /System/Library/PrivateFrameworks/FamilyCircle.framework/Versions/A/Resources/familycircled
diegocaro          535   0.0  0.0 33791304   4764   ??  S     8:58AM   0:00.07 /System/Library/Frameworks/AudioToolbox.framework/AudioComponentRegistrar
diegocaro          534   0.0  0.1 34461560  19300   ??  S     8:58AM   0:00.08 /Applications/Dropbox.app/Contents/MacOS/Dropbox -type:crashpad-handler --no-upload-gzip --no-rate-limit --capture-python --no-identify-client-via-url --database=/Users/diegocaro/.dropbox/Crashpad --metrics-dir=0 --url=https://d.dropbox.com/report_crashpad_minidump --https-pin=0x23,0xf2,0xed,0xff,0x3e,0xde,0x90,0x25,0x9a,0x9e,0x30,0xf4,0xa,0xf8,0xf9,0x12,0xa5,0xe5,0xb3,0x69,0x4e,0x69,0x38,0x44,0x3,0x41,0xf6,0x6,0xe,0x1,0x4f,0xfa --https-pin=0xaf,0xf9,0x88,0x90,0x6d,0xde,0x12,0x95,0x5d,0x9b,0xeb,0xbf,0x92,0x8f,0xdc,0xc3,0x1c,0xce,0x32,0x8d,0x5b,0x93,0x84,0xf2,0x1c,0x89,0x41,0xca,0x26,0xe2,0x3,0x91 --https-pin=0x5a,0x88,0x96,0x47,0x22,0xe,0x54,0xd6,0xbd,0x8a,0x16,0x81,0x72,0x24,0x52,0xb,0xb5,0xc7,0x8e,0x58,0x98,0x4b,0xd5,0x70,0x50,0x63,0x88,0xb9,0xde,0xf,0x7,0x5f --https-pin=0xfe,0xa2,0xb7,0xd6,0x45,0xfb,0xa7,0x3d,0x75,0x3c,0x1e,0xc9,0xa7,0x87,0xc,0x40,0xe1,0xf7,0xb0,0xc5,0x61,0xe9,0x27,0xb9,0x85,0xbf,0x71,0x18,0x66,0xe3,0x6f,0x22 --https-pin=0x76,0xee,0x85,0x90,0x37,0x4c,0x71,0x54,0x37,0xbb,0xca,0x6b,0xba,0x60,0x28,0xea,0xdd,0xe2,0xdc,0x6d,0xbb,0xb8,0xc3,0xf6,0x10,0xe8,0x51,0xf1,0x1d,0x1a,0xb7,0xf5 --https-pin=0x6d,0xbf,0xae,0x0,0xd3,0x7b,0x9c,0xd7,0x3f,0x8f,0xb4,0x7d,0xe6,0x59,0x17,0xaf,0x0,0xe0,0xdd,0xdf,0x42,0xdb,0xce,0xac,0x20,0xc1,0x7c,0x2,0x75,0xee,0x20,0x95 --https-pin=0x1e,0xa3,0xc5,0xe4,0x3e,0xd6,0x6c,0x2d,0xa2,0x98,0x3a,0x42,0xa4,0xa7,0x9b,0x1e,0x90,0x67,0x86,0xce,0x9f,0x1b,0x58,0x62,0x14,0x19,0xa0,0x4,0x63,0xa8,0x7d,0x38 --https-pin=0x87,0xaf,0x34,0xd6,0x6f,0xb3,0xf2,0xfd,0xf3,0x6e,0x9,0x11,0x1e,0x9a,0xba,0x2f,0x6f,0x44,0xb2,0x7,0xf3,0x86,0x3f,0x3d,0xb,0x54,0xb2,0x50,0x23,0x90,0x9a,0xa5 --https-pin=0xbc,0xfb,0x44,0xaa,0xb9,0xad,0x2,0x10,0x15,0x70,0x6b,0x41,0x21,0xea,0x76,0x1c,0x81,0xc9,0xe8,0x89,0x67,0x59,0xf,0x6f,0x94,0xae,0x74,0x4d,0xc8,0x8b,0x78,0xfb --https-pin=0xab,0x98,0x49,0x52,0x76,0xad,0xf1,0xec,0xaf,0xf2,0x8f,0x35,0xc5,0x30,0x48,0x78,0x1e,0x5c,0x17,0x18,0xda,0xb9,0xc8,0xe6,0x7a,0x50,0x4f,0x4f,0x6a,0x51,0x32,0x8f --https-pin=0x49,0x5,0x46,0x66,0x23,0xab,0x41,0x78,0xbe,0x92,0xac,0x5c,0xbd,0x65,0x84,0xf7,0xa1,0xe1,0x7f,0x27,0x65,0x2d,0x5a,0x85,0xaf,0x89,0x50,0x4e,0xa2,0x39,0xaa,0xaa --https-pin=0x56,0x32,0xd9,0x7b,0xfa,0x77,0x5b,0xf3,0xc9,0x9d,0xde,0xa5,0x2f,0xc2,0x55,0x34,0x10,0x86,0x40,0x16,0x72,0x9c,0x52,0xdd,0x65,0x24,0xc8,0xa9,0xc3,0xb4,0x48,0x9f --https-pin=0x2a,0x8f,0x2d,0x8a,0xf0,0xeb,0x12,0x38,0x98,0xf7,0x4c,0x86,0x6a,0xc3,0xfa,0x66,0x90,0x54,0xe2,0x3c,0x17,0xbc,0x7a,0x95,0xbd,0x2,0x34,0x19,0x2d,0xc6,0x35,0xd0 --https-pin=0x32,0xb6,0x4b,0x66,0x72,0x7a,0x20,0x63,0xe4,0x6,0x6f,0x3b,0x95,0x8c,0xb0,0xaa,0xee,0x57,0x6a,0x5e,0xce,0xfd,0x95,0x33,0x99,0xbb,0x88,0x74,0x73,0x1d,0x95,0x87 --https-pin=0xf5,0x3c,0x22,0x5,0x98,0x17,0xdd,0x96,0xf4,0x0,0x65,0x16,0x39,0xd2,0xf8,0x57,0xe2,0x10,0x70,0xa5,0x9a,0xbe,0xd9,0x7,0x94,0x0,0xd9,0xf6,0x95,0x50,0x69,0x0 --https-pin=0x67,0xdc,0x4f,0x32,0xfa,0x10,0xe7,0xd0,0x1a,0x79,0xa0,0x73,0xaa,0xc,0x9e,0x2,0x12,0xec,0x2f,0xfc,0x3d,0x77,0x9e,0xa,0xa7,0xf9,0xc0,0xf0,0xe1,0xc2,0xc8,0x93 --https-pin=0x19,0x6,0xc6,0x12,0x4d,0xbb,0x43,0x85,0x78,0xd0,0xe,0x6,0x6d,0x50,0x54,0xc6,0xc3,0x7f,0xf,0xa6,0x2,0x8c,0x5,0x54,0x5e,0x9,0x94,0xed,0xda,0xec,0x86,0x29 --https-pin=0x1d,0x75,0xd0,0x83,0x1b,0x9e,0x8,0x85,0x39,0x4d,0x32,0xc7,0xa1,0xbf,0xdb,0x3d,0xbc,0x1c,0x28,0xe2,0xb0,0xe8,0x39,0x1f,0xb1,0x35,0x98,0x1d,0xbc,0x5b,0xa9,0x36 --annotation=host_int_account1_boot=13263226289 --annotation=machine_id=c97b1ce1-12c0-5c2a-93d1-9714a6892394 --annotation=platform=mac --annotation=platform_version=12.6.2 --handshake-fd=4
diegocaro          532   0.0  0.2 34408372  40460   ??  S     8:58AM   0:04.30 /System/Library/CoreServices/ControlStrip.app/Contents/MacOS/ControlStrip
diegocaro          531   0.0  0.0 33829472   5668   ??  S     8:58AM   0:00.06 /System/Library/CoreServices/APFSUserAgent
diegocaro          530   0.0  0.3 33966848  43324   ??  S     8:58AM   0:03.88 /System/Library/PrivateFrameworks/IMDPersistence.framework/XPCServices/IMDPersistenceAgent.xpc/Contents/MacOS/IMDPersistenceAgent
diegocaro          529   0.0  0.1 33836164  13744   ??  S     8:58AM   0:00.28 /System/Library/PrivateFrameworks/CallHistory.framework/Support/CallHistoryPluginHelper
diegocaro          528   0.0  0.1 33881356  18952   ??  S     8:58AM   0:00.29 /System/Library/CoreServices/TextInputSwitcher.app/Contents/MacOS/TextInputSwitcher
diegocaro          527   0.0  0.1 34020612  22328   ??  Ss    8:58AM   0:00.54 /Applications/Dropbox.app/Contents/PlugIns/garcon.appex/Contents/MacOS/garcon -AppleLanguages ("en-CL", "es-CL")
diegocaro          524   0.0  0.1 33845448  23056   ??  S     8:58AM   0:01.20 /System/Library/Frameworks/CoreTelephony.framework/Support/CommCenter -L
diegocaro          522   0.0  0.1 33833692  15240   ??  S     8:58AM   0:00.62 /System/Library/PrivateFrameworks/AppleMediaServices.framework/Resources/amsaccountsd
diegocaro          520   0.0  0.1 34395788  20924   ??  S     8:58AM   0:00.82 /System/Library/CoreServices/TextInputMenuAgent.app/Contents/MacOS/TextInputMenuAgent
diegocaro          519   0.0  0.0 33830380   7976   ??  S     8:58AM   0:00.48 /System/Library/CoreServices/diagnostics_agent
diegocaro          518   0.0  0.1 33831504  19192   ??  S     8:58AM   0:00.58 /System/Library/CoreServices/cloudpaird
diegocaro          516   0.0  0.1 33842052  22584   ??  S     8:58AM   0:01.45 /System/Library/PrivateFrameworks/IMCore.framework/imagent.app/Contents/MacOS/imagent
diegocaro          515   0.0  0.1 34293792  13656   ??  S     8:58AM   0:00.19 /System/Library/CoreServices/AirPlayUIAgent.app/Contents/MacOS/AirPlayUIAgent --launchd
diegocaro          513   0.0  0.1 33833996  13116   ??  S     8:58AM   0:00.45 /System/Library/PrivateFrameworks/AskPermission.framework/Versions/A/Resources/askpermissiond
diegocaro          512   0.0  0.0 33829572   7868   ??  S     8:58AM   0:00.34 /System/Library/Image Capture/Support/icdd
diegocaro          509   0.0  0.1 33838228  24868   ??  S     8:58AM   0:01.09 /usr/libexec/routined LAUNCHED_BY_LAUNCHD
diegocaro          508   0.0  0.1 33840356  13200   ??  S     8:58AM   0:00.55 /System/Library/PrivateFrameworks/CoreSpeech.framework/corespeechd
root               507   0.0  0.0 33836976   7016   ??  Ss    8:58AM   0:00.19 /usr/sbin/systemsoundserverd
diegocaro          505   0.0  0.1 34288728  16640   ??  S     8:58AM   0:00.19 /usr/libexec/avconferenced
diegocaro          504   0.0  0.2 33842812  29372   ??  S     8:58AM   0:01.37 /System/Library/PrivateFrameworks/TelephonyUtilities.framework/callservicesd
diegocaro          503   0.0  0.1 33829956   8484   ??  S     8:58AM   0:00.20 /System/Library/Frameworks/LocalAuthentication.framework/Support/coreauthd
diegocaro          502   0.0  0.1 33837828  24672   ??  Ss    8:58AM   0:01.40 /System/Library/PrivateFrameworks/CalendarNotification.framework/Versions/A/XPCServices/CalNCService.xpc/Contents/MacOS/CalNCService
diegocaro          501   0.0  0.1 33842888  20676   ??  S     8:58AM   0:07.00 /usr/libexec/networkserviceproxy
diegocaro          500   0.0  0.2 34320212  39692   ??  Ss    8:58AM   0:00.87 /System/Library/CoreServices/Dock.app/Contents/XPCServices/com.apple.dock.extra.xpc/Contents/MacOS/com.apple.dock.extra
diegocaro          499   0.0  0.2 36563316  32572   ??  S     8:58AM   0:01.12 /System/Library/Frameworks/CoreServices.framework/Frameworks/Metadata.framework/Versions/A/Support/corespotlightd
diegocaro          497   0.0  0.0 33817904   5980   ??  S     8:58AM   0:00.02 /System/Library/CoreServices/Menu Extras/SafeEjectGPUExtra.menu/Contents/XPCServices/SafeEjectGPUService.xpc/Contents/MacOS/SafeEjectGPUService
diegocaro          496   0.0  0.0 34162980   3476   ??  S     8:58AM   0:00.01 SafeEjectGPUAgent
diegocaro          495   0.0  0.1 33858228  13408   ??  Ss    8:58AM   0:00.78 /System/Library/Input Methods/PressAndHold.app/Contents/PlugIns/PAH_Extension.appex/Contents/MacOS/PAH_Extension -AppleLanguages ("en-CL", "es-CL")
diegocaro          494   0.0  0.1 33831204   9656   ??  S     8:58AM   0:00.11 /System/Library/Frameworks/InputMethodKit.framework/Resources/imklaunchagent
diegocaro          493   0.0  0.0 33799904   8084   ??  S     8:58AM   0:00.07 /System/Library/Frameworks/Security.framework/Versions/A/Resources/CloudKeychainProxy.bundle/Contents/MacOS/CloudKeychainProxy
diegocaro          492   0.0  0.1 33830068   9972   ??  S     8:58AM   0:00.10 /System/Library/PrivateFrameworks/ProtectedCloudStorage.framework/Helpers/ProtectedCloudKeySyncing
diegocaro          491   0.0  0.0 33798904   6228   ??  S     8:58AM   0:00.09 /System/Library/PrivateFrameworks/CoreCDP.framework/Versions/A/Resources/cdpd
diegocaro          489   0.0  0.1 33867408  18408   ??  S     8:58AM   0:00.26 /System/Library/CoreServices/Keychain Circle Notification.app/Contents/MacOS/Keychain Circle Notification
diegocaro          488   0.0  0.1 33836544  15812   ??  S     8:58AM   0:00.31 /System/Library/PrivateFrameworks/ScreenTimeCore.framework/Versions/A/ScreenTimeAgent
diegocaro          487   0.0  0.1 33839020  11952   ??  Ss    8:58AM   0:00.91 /System/Library/PrivateFrameworks/CloudDocsDaemon.framework/XPCServices/ContainerMetadataExtractor.xpc/Contents/MacOS/ContainerMetadataExtractor
diegocaro          486   0.0  0.1 33950864  17348   ??  S     8:58AM   0:00.51 /System/Library/PreferencePanes/Displays.prefPane/Contents/Resources/MirrorDisplays.app/Contents/MacOS/MirrorDisplays
diegocaro          485   0.0  0.1 33842664  16952   ??  S     8:58AM   0:01.02 /System/Library/PrivateFrameworks/GeoServices.framework/Versions/A/XPCServices/com.apple.geod.xpc/Contents/MacOS/com.apple.geod
_ctkd              484   0.0  0.0 33791384   2788   ??  Ss    8:58AM   0:00.04 /System/Library/Frameworks/CryptoTokenKit.framework/ctkd -s
diegocaro          483   0.0  0.1 33829560  10896   ??  S     8:58AM   0:00.69 /System/Library/Frameworks/Contacts.framework/Support/contactsd
diegocaro          482   0.0  0.1 33835968  18080   ??  S     8:58AM   0:00.60 /System/Library/PrivateFrameworks/CommerceKit.framework/Versions/A/Resources/commerce
diegocaro          481   0.0  0.1 33829968   9024   ??  S     8:58AM   0:00.96 /usr/libexec/triald
diegocaro          480   0.0  0.0 33829780   4968   ??  S     8:58AM   0:00.10 /System/Library/CoreServices/pbs
diegocaro          478   0.0  0.1 34364176  16360   ??  S     8:58AM   0:00.32 /System/Library/Frameworks/QuickLookThumbnailing.framework/Support/com.apple.quicklook.ThumbnailsAgent
diegocaro          476   0.0  0.1 33836988  17564   ??  S     8:58AM   0:00.48 /System/Library/PrivateFrameworks/CoreParsec.framework/parsecd
diegocaro          475   0.0  0.0 33829592   5892   ??  S     8:58AM   0:00.22 /System/Library/Frameworks/CryptoTokenKit.framework/ctkd -tw
diegocaro          474   0.0  0.2 33844996  31588   ??  S     8:58AM   0:06.37 /usr/libexec/sharingd
diegocaro          473   0.0  0.0 33790860   3868   ??  S     8:58AM   0:00.05 /System/Library/Frameworks/CryptoTokenKit.framework/ctkahp.bundle/Contents/MacOS/ctkahp
diegocaro          472   0.0  0.2 34441696  35104   ??  S     8:58AM   0:00.90 /System/Library/CoreServices/Spotlight.app/Contents/MacOS/Spotlight
root               471   0.0  0.0 33799020   3448   ??  Ss    8:58AM   0:00.05 /System/Library/Frameworks/CryptoTokenKit.framework/ctkahp.bundle/Contents/MacOS/ctkahp -d
diegocaro          470   0.0  0.0 33830412   7224   ??  S     8:58AM   0:01.13 /System/Library/PrivateFrameworks/UserActivity.framework/Agents/useractivityd
diegocaro          467   0.0  0.0 33799432   3352   ??  S     8:58AM   0:00.12 /System/Library/PrivateFrameworks/BiomeStreams.framework/Support/BiomeAgent
diegocaro          466   0.0  0.1 33926612  19284   ??  S     8:58AM   0:00.72 /System/Library/CoreServices/iconservicesagent
diegocaro          465   0.0  0.1 33855888  16596   ??  S     8:58AM   0:03.80 /usr/libexec/nsurlsessiond
diegocaro          464   0.0  0.2 33855192  27504   ??  S     8:58AM   0:01.75 /System/Library/PrivateFrameworks/SyncedDefaults.framework/Support/syncdefaultsd
diegocaro          462   0.0  0.1 33846212  13384   ??  S     8:58AM   0:00.36 /System/Library/PrivateFrameworks/FileProvider.framework/Support/fileproviderd
diegocaro          461   0.0  0.1 33837888   8944   ??  S     8:58AM   0:00.08 /System/Library/PrivateFrameworks/AMPDevices.framework/Versions/A/Support/AMPDeviceDiscoveryAgent --launchd
diegocaro          459   0.0  0.1 33840948  19480   ??  S     8:58AM   0:08.01 /System/Library/PrivateFrameworks/CoreDuetContext.framework/Resources/ContextStoreAgent
root               458   0.0  0.0 33800588   4364   ??  Ss    8:58AM   0:00.03 automountd
diegocaro          457   0.0  0.0 33799528   3468   ??  S     8:58AM   0:01.38 /System/Library/Frameworks/ApplicationServices.framework/Versions/A/Frameworks/HIServices.framework/Versions/A/XPCServices/com.apple.hiservices-xpcservice.xpc/Contents/MacOS/com.apple.hiservices-xpcservice
diegocaro          456   0.0  0.2 34429152  37548   ??  S     8:58AM   0:01.46 /System/Library/CoreServices/NotificationCenter.app/Contents/MacOS/NotificationCenter
diegocaro          455   0.0  0.1 33847792  24732   ??  S     8:58AM   0:01.00 /System/Library/PrivateFrameworks/DoNotDisturbServer.framework/Support/donotdisturbd
diegocaro          454   0.0  0.1 33840724  11432   ??  S     8:58AM   0:01.06 /System/Library/CoreServices/sharedfilelistd
diegocaro          453   0.0  0.0 33830096   7772   ??  S     8:58AM   0:00.08 /System/Library/PrivateFrameworks/UsageTracking.framework/Versions/A/UsageTrackingAgent
diegocaro          452   0.0  0.2 34101420  33676   ??  S     8:58AM   0:02.26 /System/Library/PrivateFrameworks/AppleMediaServicesUI.framework/amsengagementd
diegocaro          450   0.0  0.1 33835056  10128   ??  S     8:58AM   0:00.30 /usr/libexec/dmd
diegocaro          449   0.0  0.2 33843344  36108   ??  S     8:58AM   0:01.98 /System/Library/PrivateFrameworks/HomeKitDaemon.framework/Support/homed
diegocaro          448   0.0  0.3 33860788  52612   ??  S     8:58AM   0:07.70 /System/Library/PrivateFrameworks/CalendarAgent.framework/Executables/CalendarAgent
diegocaro          447   0.0  0.1 33829524  19804   ??  S     8:58AM   0:01.01 /usr/libexec/containermanagerd --runmode=agent --bundle-container-mode=global --bundle-container-owner=_appinstalld --system-container-mode=none
diegocaro          446   0.0  0.1 33841696  17884   ??  S     8:58AM   0:00.76 /usr/sbin/usernoted
diegocaro          445   0.0  0.1 33852816   8824   ??  S     8:58AM   0:00.80 /System/Library/Frameworks/ApplicationServices.framework/Versions/A/Frameworks/ATS.framework/Versions/A/Support/fontworker
diegocaro          444   0.0  0.1 33842336  22852   ??  S     8:58AM   0:03.14 /System/Library/PrivateFrameworks/CloudDocsDaemon.framework/Versions/A/Support/bird
diegocaro          443   0.0  0.1 33844296  17564   ??  S     8:58AM   0:00.66 /System/Library/PrivateFrameworks/VoiceShortcuts.framework/Versions/A/Support/siriactionsd
root               442   0.0  0.0 33809692   8092   ??  Ss    8:58AM   0:00.11 /usr/sbin/filecoordinationd
diegocaro          441   0.0  0.2 33863676  29668   ??  S     8:58AM   0:03.11 /System/Library/PrivateFrameworks/IDS.framework/identityservicesd.app/Contents/MacOS/identityservicesd
diegocaro          440   0.0  0.1 34371748  18904   ??  S     8:58AM   0:00.26 /System/Library/PrivateFrameworks/AppSSO.framework/Support/AppSSOAgent.app/Contents/MacOS/AppSSOAgent
diegocaro          439   0.0  0.2 33854872  29316   ??  S     8:58AM   0:07.92 /System/Library/PrivateFrameworks/CloudKitDaemon.framework/Support/cloudd
diegocaro          438   0.0  0.0 33830324   7948   ??  S     8:58AM   0:00.26 /usr/libexec/secinitd
diegocaro          437   0.0  0.1 33839268  15512   ??  S     8:58AM   0:01.19 /usr/libexec/pkd
diegocaro          436   0.0  0.1 34273500  14596   ??  Ss    8:58AM   0:00.32 /System/Library/Frameworks/QuickLookUI.framework/Versions/A/XPCServices/QuickLookUIService.xpc/Contents/MacOS/QuickLookUIService
diegocaro          435   0.0  0.1 33837192  13780   ??  S     8:58AM   0:00.55 /System/Library/PrivateFrameworks/AuthKit.framework/Versions/A/Support/akd
diegocaro          434   0.0  0.1 33831012  13840   ??  S     8:58AM   0:01.35 /System/Library/Frameworks/ApplicationServices.framework/Frameworks/ATS.framework/Support/fontd
diegocaro          433   0.0  0.1 33830116  17872   ??  S     8:58AM   0:01.58 /usr/libexec/rapportd
diegocaro          432   0.0  0.1 33831092  10020   ??  S     8:58AM   0:03.19 /System/Library/PrivateFrameworks/ViewBridge.framework/Versions/A/XPCServices/ViewBridgeAuxiliary.xpc/Contents/MacOS/ViewBridgeAuxiliary
diegocaro          431   0.0  0.0 33801468   5568   ??  S     8:58AM   0:00.39 /usr/libexec/pboard
diegocaro          430   0.0  0.0 33830540   8240   ??  S     8:58AM   0:00.08 /System/Library/CoreServices/backgroundtaskmanagementagent
diegocaro          428   0.0  0.1 33840944  23628   ??  S     8:58AM   0:01.98 /System/Library/Frameworks/Security.framework/Versions/A/XPCServices/TrustedPeersHelper.xpc/Contents/MacOS/TrustedPeersHelper
diegocaro          427   0.0  0.3 33998808  42104   ??  S     8:58AM   0:04.09 /System/Library/Frameworks/Accounts.framework/Versions/A/Support/accountsd
diegocaro          426   0.0  0.0 33799428   2260   ??  S     8:58AM   0:00.01 /System/Library/Frameworks/CoreServices.framework/Versions/A/Frameworks/CarbonCore.framework/Versions/A/XPCServices/csnameddatad.xpc/Contents/MacOS/csnameddatad
diegocaro          425   0.0  0.1 33877888  17868   ??  S     8:58AM   0:00.40 /System/Library/CoreServices/PowerChime.app/Contents/MacOS/PowerChime
diegocaro          424   0.0  0.1 33839584  16552   ??  S     8:58AM   0:05.88 /usr/libexec/trustd --agent
diegocaro          423   0.0  0.3 33856116  45760   ??  S     8:58AM   0:10.74 /usr/libexec/secd
diegocaro          420   0.0  0.2 33880500  30880   ??  S     8:58AM   0:00.69 /System/Library/PrivateFrameworks/iTunesCloud.framework/Support/itunescloudd
diegocaro          419   0.0  0.9 34608812 148308   ??  S     8:58AM   0:24.65 /System/Library/CoreServices/Finder.app/Contents/MacOS/Finder
diegocaro          418   0.0  0.1 33840344  11448   ??  S     8:58AM   0:01.63 /System/Library/PrivateFrameworks/TCC.framework/Support/tccd
diegocaro          417   0.0  0.2 34392624  27852   ??  S     8:58AM   0:00.61 /System/Library/CoreServices/SystemUIServer.app/Contents/MacOS/SystemUIServer
diegocaro          416   0.0  0.3 34451788  53732   ??  S     8:58AM   0:05.38 /System/Library/CoreServices/ControlCenter.app/Contents/MacOS/ControlCenter
diegocaro          415   0.0  0.4 34344812  66436   ??  S     8:58AM   0:05.34 /System/Library/CoreServices/Dock.app/Contents/MacOS/Dock
diegocaro          414   0.0  0.1 33867784  14984   ??  S     8:58AM   0:00.24 /System/Library/CoreServices/talagent
diegocaro          413   0.0  0.1 33839456  13172   ??  S     8:58AM   0:01.28 /usr/libexec/lsd
diegocaro          412   0.0  0.2 33843096  33012   ??  S     8:58AM   0:01.78 /usr/libexec/knowledge-agent
diegocaro          411   0.0  0.1 34273268  12520   ??  S     8:58AM   0:00.74 /usr/sbin/universalaccessd launchd -s
diegocaro          410   0.0  0.1 33842856  13664   ??  S     8:58AM   0:00.48 /System/Library/PrivateFrameworks/CloudServices.framework/Helpers/com.apple.sbd
_gamecontrollerd   408   0.0  0.0 33829324   7064   ??  Ss    8:58AM   0:01.00 /usr/libexec/gamecontrollerd
diegocaro          407   0.0  0.1 33832244  15984   ??  S     8:58AM   0:01.58 /usr/libexec/UserEventAgent (Aqua)
_netbios           406   0.0  0.0 33799800   4788   ??  SNs   8:58AM   0:00.14 /usr/sbin/netbiosd
root               405   0.0  0.0 33754456   1948   ??  Ss    8:58AM   0:00.02 /usr/libexec/securityd_service
diegocaro          404   0.0  0.0 33800832   5336   ??  S     8:58AM   0:04.51 /usr/sbin/cfprefsd agent
diegocaro          403   0.0  0.0 33698532   4272   ??  S     8:58AM   0:05.47 /usr/sbin/distnoted agent
root               401   0.0  0.1 33829844   8592   ??  Ss    8:58AM   0:00.12 /System/Library/Frameworks/LocalAuthentication.framework/Support/coreauthd
_appleevents       397   0.0  0.0 33697508   1236   ??  S     8:58AM   0:00.36 /usr/sbin/distnoted agent
root               395   0.0  0.0 33759664   5072   ??  Ss    8:58AM   0:00.04 /System/Library/Frameworks/GSS.framework/Helpers/GSSCred
root               392   0.0  0.0 33764648   2732   ??  Ss    8:58AM   0:00.02 /System/Library/PrivateFrameworks/AccountPolicy.framework/XPCServices/com.apple.AccountPolicyHelper.xpc/Contents/MacOS/com.apple.AccountPolicyHelper
_captiveagent      391   0.0  0.0 33800168   3792   ??  Ss    8:58AM   0:00.06 /usr/libexec/captiveagent
_fpsd              390   0.0  0.0 33801300   4164   ??  Ss    8:58AM   0:00.28 /System/Library/PrivateFrameworks/CoreADI.framework/adid
root               388   0.0  0.0 33763100   4860   ??  Ss    8:58AM   0:00.04 /usr/libexec/bootinstalld
root               387   0.0  0.0 33831036   4716   ??  S     8:58AM   0:00.17 /usr/sbin/systemstats --logger-helper /private/var/db/systemstats
root               386   0.0  0.1 33830356   8844   ??  S     8:58AM   0:02.14 /System/Library/PrivateFrameworks/ViewBridge.framework/Versions/A/XPCServices/ViewBridgeAuxiliary.xpc/Contents/MacOS/ViewBridgeAuxiliary
root               385   0.0  0.0 33833656   6488   ??  Ss    8:58AM   0:00.10 /usr/libexec/symptomsd-diag
root               384   0.0  0.0 33758176   2276   ??  Ss    8:58AM   0:01.25 /usr/libexec/sysmond
root               383   0.0  0.1 33833344  10468   ??  Ss    8:58AM   0:00.21 /System/Library/PrivateFrameworks/AuthKit.framework/Versions/A/Support/akd
_appleevents       372   0.0  0.0 33829988   6300   ??  Ss    8:58AM   0:00.14 /System/Library/CoreServices/appleeventsd --server
root               371   0.0  0.0 33798908   3380   ??  Ss    8:58AM   0:00.03 /usr/libexec/colorsyncd
root               370   0.0  0.0 33799212   4368   ??  Ss    8:58AM   0:00.05 /usr/libexec/colorsync.displayservices
_applepay          367   0.0  0.0 33826664   7480   ??  Ss    8:58AM   0:00.20 /usr/libexec/nfcd
root               366   0.0  0.0 33828984   3828   ??  Ss    8:58AM   0:00.04 /usr/libexec/biokitaggdd
root               365   0.0  0.0 33754064   2760   ??  Ss    8:58AM   0:00.01 /usr/sbin/BlueTool -R
root               364   0.0  0.0 33788760   4124   ??  Ss    8:58AM   0:00.04 /usr/libexec/secinitd
_windowserver      363   0.0  0.0 33697508   1236   ??  S     8:58AM   0:00.37 /usr/sbin/distnoted agent
_hidd              361   0.0  0.0 33790728   2536   ??  Ss    8:58AM   0:00.12 /usr/libexec/hidd
root               359   0.0  0.0 33702680   2976   ??  Ss    8:58AM   0:00.02 /usr/libexec/thermald
root               356   0.0  0.0 33786096   7264   ??  Ss    8:58AM   0:00.05 /usr/libexec/wifip2pd
root               355   0.0  0.1 33831764  17636   ??  Ss    8:58AM   0:01.16 /usr/libexec/wifianalyticsd
_spotlight         352   0.0  0.0 33697508   1236   ??  S     8:58AM   0:00.39 /usr/sbin/distnoted agent
_fud               349   0.0  0.0 33697508   1244   ??  S     8:58AM   0:00.42 /usr/sbin/distnoted agent
root               343   0.0  0.0 33727944   5652   ??  Ss    8:58AM   0:00.01 /System/Library/PrivateFrameworks/WiFiPolicy.framework/XPCServices/WiFiCloudAssetsXPCService.xpc/Contents/MacOS/WiFiCloudAssetsXPCService
root               341   0.0  1.1 38236000 179352   ??  Ss    8:58AM  28:42.79 /System/Library/Frameworks/CoreServices.framework/Frameworks/Metadata.framework/Versions/A/Support/mds_stores
root               340   0.0  0.0 33829696   6148   ??  Ss    8:58AM   0:01.54 /System/Library/CoreServices/backupd.bundle/Contents/Resources/backupd-helper -launchd
root               335   0.0  0.1 33830332   9144   ??  Ss    8:58AM   0:00.41 /usr/libexec/biometrickitd --launchd
root               334   0.0  0.0 33795304   4192   ??  Ss    8:58AM   0:00.17 /usr/libexec/mobileactivationd
root               333   0.0  0.0 33838916   5956   ??  Ss    8:58AM   0:00.20 /System/Library/CoreServices/SubmitDiagInfo server-init
root               332   0.0  0.0 33800396   5792   ??  Ss    8:58AM   0:00.02 /System/Library/CoreServices/Software Update.app/Contents/Resources/suhelperd
_softwareupdate    331   0.0  0.0 33750340   1916   ??  Ss    8:58AM   0:00.01 /System/Library/PrivateFrameworks/BridgeOSSoftwareUpdate.framework/Support/bosUpdateProxy
root               330   0.0  0.0 33784336   3120   ??  Ss    8:58AM   0:00.12 /System/Library/PrivateFrameworks/CoreKDL.framework/Support/corekdld
_nsurlsessiond     329   0.0  0.0 33697508   1236   ??  S     8:58AM   0:00.44 /usr/sbin/distnoted agent
root               328   0.0  0.1 33853084  12808   ??  Ss    8:58AM   0:00.36 /usr/libexec/searchpartyd
_coreaudiod        326   0.0  0.0 33729796   1972   ??  Ss    8:58AM   0:00.01 /System/Library/Frameworks/CoreAudio.framework/Versions/A/XPCServices/com.apple.audio.DriverHelper.xpc/Contents/MacOS/com.apple.audio.DriverHelper
_cmiodalassistants   325   0.0  0.0 33831068   6280   ??  Ss    8:58AM   0:01.08 /System/Library/Frameworks/CoreMediaIO.framework/Versions/A/Resources/UVCAssistant.systemextension/Contents/MacOS/UVCAssistant
_coreaudiod        324   0.0  0.0 33738312   5996   ??  Ss    8:58AM   0:00.03 /System/Library/Frameworks/AudioToolbox.framework/XPCServices/com.apple.audio.SandboxHelper.xpc/Contents/MacOS/com.apple.audio.SandboxHelper
_locationd         323   0.0  0.0 33821332   4588   ??  S     8:58AM   0:00.04 /usr/libexec/containermanagerd --runmode=agent --bundle-container-mode=global --bundle-container-owner=_appinstalld --system-container-mode=none
root               322   0.0  0.0 33783104   4328   ??  Ss    8:58AM   0:00.04 /System/Library/Frameworks/AudioToolbox.framework/AudioComponentRegistrar -daemon
_locationd         321   0.0  0.0 33832376   7512   ??  S     8:58AM   0:00.12 /usr/libexec/trustd --agent
_locationd         320   0.0  0.0 33750292   1540   ??  S     8:58AM   0:00.01 /usr/sbin/cfprefsd agent
_softwareupdate    319   0.0  0.0 33697508   1252   ??  S     8:58AM   0:00.44 /usr/sbin/distnoted agent
root               318   0.0  0.0 33814032   4968   ??  Ss    8:58AM   0:00.07 /System/Library/PrivateFrameworks/MobileSoftwareUpdate.framework/Versions/A/XPCServices/com.apple.MobileSoftwareUpdate.CleanupPreparePathService.xpc/Contents/MacOS/com.apple.MobileSoftwareUpdate.CleanupPreparePathService
_locationd         317   0.0  0.0 33813352   4068   ??  S     8:58AM   0:00.04 /usr/libexec/secinitd
_locationd         316   0.0  0.0 33697508   1308   ??  S     8:58AM   0:00.53 /usr/sbin/distnoted agent
_locationd         315   0.0  0.1 33838664  14620   ??  S     8:58AM   0:00.46 /System/Library/PrivateFrameworks/GeoServices.framework/Versions/A/XPCServices/com.apple.geod.xpc/Contents/MacOS/com.apple.geod
_coreaudiod        314   0.0  0.0 33830596   5040   ??  Ss    8:58AM   0:00.76 Core Audio Driver (MSTeamsAudioDevice.driver)
root               312   0.0  0.0 33829508   5212   ??  Ss    8:58AM   0:00.08 /usr/libexec/containermanagerd --runmode=agent --bundle-container-mode=global --bundle-container-owner=_appinstalld --system-container-mode=none
root               291   0.0  0.0 33737988   1892   ??  S     8:58AM   0:00.01 /System/Library/Frameworks/CoreServices.framework/Versions/A/Frameworks/CarbonCore.framework/Versions/A/XPCServices/csnameddatad.xpc/Contents/MacOS/csnameddatad
root               290   0.0  0.0 33790716   3380   ??  Ss    8:58AM   0:00.04 /System/Library/PrivateFrameworks/SystemStatusServer.framework/Support/systemstatusd
_coreaudiod        288   0.0  0.0 33697508   1236   ??  S     8:58AM   0:00.43 /usr/sbin/distnoted agent
root               285   0.0  0.0 33799432   3924   ??  Ss    8:58AM   0:00.29 /System/Library/Frameworks/Security.framework/Versions/A/XPCServices/com.apple.CodeSigningHelper.xpc/Contents/MacOS/com.apple.CodeSigningHelper
root               284   0.0  0.0 33830356   6768   ??  Ss    8:58AM   0:05.23 /usr/libexec/ApplicationFirewall/socketfilterfw
root               283   0.0  0.0 33830372   5504   ??  Ss    8:58AM   0:00.06 /System/Library/PrivateFrameworks/WirelessDiagnostics.framework/Support/awdd
_cmiodalassistants   279   0.0  0.0 33831172   5164   ??  Ss    8:58AM   0:00.09 /System/Library/Frameworks/CoreMediaIO.framework/Resources/VDC.plugin/Contents/Resources/VDCAssistant
_softwareupdate    278   0.0  0.4 34098564  71244   ??  Ss    8:58AM   0:07.94 /System/Library/CoreServices/Software Update.app/Contents/Resources/softwareupdated
root               277   0.0  0.0 33828628   4284   ??  Ss    8:58AM   0:00.14 /usr/libexec/usbd
root               276   0.0  0.1 33843784  21984   ??  Ss    8:58AM   0:12.31 /usr/libexec/airportd
root               275   0.0  0.0 33792664   5772   ??  Ss    8:58AM   0:00.10 /System/Library/CoreServices/backupd.bundle/Contents/Resources/backupd
root               274   0.0  0.1 33804924   8484   ??  Ss    8:58AM   0:00.23 /usr/libexec/diskmanagementd
root               273   0.0  0.0 33798972   3752   ??  Ss    8:58AM   0:00.09 /usr/libexec/apfsd
root               272   0.0  0.1 33839480  15312   ??  Ss    8:58AM   0:01.35 /usr/libexec/lsd runAsRoot
_nsurlsessiond     271   0.0  0.1 33840720  13364   ??  Ss    8:58AM   0:01.55 /usr/libexec/nsurlsessiond --privileged
root               264   0.0  0.0 33765148   3064   ??  Ss    8:58AM   0:00.02 /System/Library/CryptoTokenKit/com.apple.ifdreader.slotd/Contents/MacOS/com.apple.ifdreader
root               259   0.0  0.0 33740696   1752   ??  Ss    8:58AM   0:00.02 /usr/libexec/multiversed
root               253   0.0  0.0 33821668   5864   ??  Ss    8:58AM   0:00.72 /usr/sbin/mDNSResponderHelper
root               251   0.0  0.0 33757524   1976   ??  Ss    8:58AM   0:00.01 /System/Library/Frameworks/NetFS.framework/Versions/A/XPCServices/PlugInLibraryService.xpc/Contents/MacOS/PlugInLibraryService
root               246   0.0  0.0 33829904   4712   ??  Ss    8:58AM   0:00.05 /System/Library/Frameworks/SystemExtensions.framework/Versions/A/Helpers/sysextd
_cmiodalassistants   240   0.0  0.0 33697508   1244   ??  S     8:58AM   0:00.43 /usr/sbin/distnoted agent
_mdnsresponder     235   0.0  0.1 33843500  14840   ??  Ss    8:58AM   0:09.57 /usr/sbin/mDNSResponder
root               223   0.0  0.2 33839136  27672   ??  Ss    8:58AM   0:10.78 /usr/libexec/mobileassetd
root               215   0.0  0.1 33832572  14136   ??  Ss    8:58AM   0:00.32 /usr/libexec/findmydeviced
root               210   0.0  0.0 33758184   2004   ??  Ss    8:58AM   0:00.17 /usr/libexec/logd_helper
_networkd          207   0.0  0.1 33844060  13628   ??  Ss    8:58AM   0:03.64 /usr/libexec/symptomsd
root               206   0.0  0.1 33829356   9180   ??  Ss    8:58AM   0:00.57 /usr/libexec/nehelper
_coreaudiod        204   0.0  0.2 33861988  35280   ??  Ss    8:58AM   3:38.76 /usr/sbin/coreaudiod
root               199   0.0  0.1 33841732  11656   ??  Ss    8:58AM   0:10.10 /usr/libexec/runningboardd
root               197   0.0  0.0 33697508   1340   ??  S     8:58AM   0:00.52 /usr/sbin/distnoted agent
root               192   0.0  0.2 33850492  35092   ??  Ss    8:58AM   0:05.60 /usr/libexec/syspolicyd
root               187   0.0  0.0 33831116   7844   ??  Ss    8:58AM   0:00.36 /System/Library/Frameworks/Security.framework/Versions/A/XPCServices/authd.xpc/Contents/MacOS/authd
root               184   0.0  0.0 33812736   5672   ??  Ss    8:58AM   0:00.29 /System/Library/CoreServices/coreservicesd
root               182   0.0  0.1 33832112  19364   ??  Ss    8:58AM   0:00.64 /usr/libexec/PowerUIAgent
root               181   0.0  0.1 33837720  19200   ??  Ss    8:58AM   0:09.45 /System/Library/PrivateFrameworks/CoreDuetContext.framework/Resources/contextstored
_trustd            180   0.0  0.1 33835412  14512   ??  Ss    8:58AM   0:07.63 /usr/libexec/trustd
diegocaro          179   0.0  0.3 34462660  52664   ??  Ss    8:58AM   0:03.72 /System/Library/CoreServices/loginwindow.app/Contents/MacOS/loginwindow console
_analyticsd        178   0.0  0.1 33838348  19092   ??  Ss    8:58AM   0:02.53 /System/Library/PrivateFrameworks/CoreAnalytics.framework/Support/analyticsd
root               175   0.0  0.0 33773560   1176   ??  Ss    8:58AM   0:00.02 aslmanager
root               174   0.0  0.1 33840316  13004   ??  Ss    8:58AM   0:03.05 /System/Library/PrivateFrameworks/TCC.framework/Support/tccd system
root               172   0.0  0.0 33799632   5556   ??  Ss    8:58AM   0:04.31 /usr/sbin/cfprefsd daemon
root               170   0.0  0.0 33829804   6308   ??  Ss    8:58AM   0:00.53 /usr/libexec/amfid
root               169   0.0  0.0 33798988   3544   ??  Ss    8:58AM   0:00.05 /System/Library/Frameworks/CoreMediaIO.framework/Versions/A/Resources/com.apple.cmio.registerassistantservice
root               168   0.0  0.1 33830852   8916   ??  Ss    8:58AM   0:01.28 /usr/libexec/AirPlayXPCHelper
root               167   0.0  0.1 33829876   9640   ??  Ss    8:58AM   0:01.29 /usr/libexec/corebrightnessd --launchd
root               166   0.0  0.0 33831492   7936   ??  Ss    8:58AM   0:00.27 /usr/libexec/sandboxd
root               164   0.0  0.1 33912088  19592   ??  Ss    8:58AM   0:15.61 /usr/sbin/bluetoothd
root               162   0.0  0.0 33750292   1672   ??  Ss    8:58AM   0:00.01 /usr/sbin/KernelEventAgent
root               161   0.0  0.0 33830472   5216   ??  Ss    8:58AM   0:00.09 /System/Library/PrivateFrameworks/GenerationalStorage.framework/Versions/A/Support/revisiond
root               160   0.0  0.0 33798968   4388   ??  Ss    8:58AM   0:00.07 /System/Library/CoreServices/logind
root               158   0.0  0.1 33842980  23072   ??  Ss    8:58AM   0:13.98 /usr/libexec/PerfPowerServices
root               157   0.0  0.0 33766820   2696   ??  Ss    8:58AM   0:00.05 /System/Library/PrivateFrameworks/AppleCredentialManager.framework/AppleCredentialManagerDaemon
_distnote          156   0.0  0.0 33697508   1900   ??  Ss    8:58AM   0:03.72 /usr/sbin/distnoted daemon
root               154   0.0  0.1 33835600  13504   ??  Ss    8:58AM   0:06.07 /usr/libexec/dasd
_displaypolicyd    153   0.0  0.0 33769340   4960   ??  Ss    8:58AM   0:00.12 /usr/libexec/displaypolicyd -k 1
root               152   0.0  0.0 33749384   2336   ??  Ss    8:58AM   0:00.01 autofsd
_locationd         150   0.0  0.1 33845660  19628   ??  Ss    8:58AM   0:02.13 /usr/libexec/locationd
root               148   0.0  0.0 33741524   1608   ??  Ss    8:58AM   0:00.01 auditd -l
root               147   0.0  0.0 33831404   7740   ??  Ss    8:58AM   0:01.14 /usr/sbin/securityd -i
_usbmuxd           146   0.0  0.0 33835420   5880   ??  Ss    8:58AM   0:00.16 /System/Library/PrivateFrameworks/MobileDevice.framework/Versions/A/Resources/usbmuxd -launchd
_timed             145   0.0  0.0 33829524   4600   ??  Ss    8:58AM   0:00.43 /usr/libexec/timed
root               144   0.0  0.1 33832264  10852   ??  Ss    8:58AM   0:05.17 /System/Library/CoreServices/launchservicesd
root               143   0.0  0.0 34843276   4588   ??  Ss    8:58AM   0:00.04 /Library/PrivilegedHelperTools/com.docker.vmnetd
root               142   0.0  0.1 33847196  14140   ??  Ss    8:58AM   0:02.21 /System/Library/PrivateFrameworks/ApplePushService.framework/apsd
root               141   0.0  0.1 33859420  11852   ??  Ss    8:58AM   0:08.02 /usr/libexec/opendirectoryd
root               140   0.0  0.0 33739536   2052   ??  Ss    8:58AM   0:00.03 /usr/libexec/thermalmonitord
root               137   0.0  0.0 33800052   1592   ??  Ss    8:58AM   0:00.59 /usr/sbin/syslogd
root               136   0.0  0.2 33842356  27512   ??  Ss    8:58AM   0:02.40 /usr/libexec/coreduetd
root               133   0.0  0.0 33828708   4696   ??  Ss    8:58AM   0:01.18 /usr/libexec/diskarbitrationd
root               132   0.0  0.1 33835928  19356   ??  Ss    8:58AM   0:01.54 /usr/libexec/kernelmanagerd
_iconservices      131   0.0  0.0 33829688   4388   ??  Ss    8:58AM   0:00.05 /System/Library/CoreServices/iconservicesd
root               130   0.0  0.3 34051036  47660   ??  Ss    8:58AM   0:53.60 /System/Library/Frameworks/CoreServices.framework/Frameworks/Metadata.framework/Support/mds
root               126   0.0  0.0 33791300   3488   ??  Ss    8:58AM   0:00.64 /usr/libexec/watchdogd
_softwareupdate    123   0.0  0.0 33830444   6552   ??  Ss    8:58AM   0:00.12 /System/Library/PrivateFrameworks/MobileSoftwareUpdate.framework/Support/softwareupdated
root               122   0.0  0.0 33799536   4444   ??  Ss    8:58AM   0:00.20 /usr/libexec/keybagd -t 15
root               120   0.0  0.0 33842440   4628   ??  Ss    8:58AM   0:02.03 /usr/libexec/remoted
root               116   0.0  0.1 33831596   9180   ??  Ss    8:58AM   0:16.40 /System/Library/CoreServices/powerd.bundle/powerd
root               115   0.0  0.0 33741608   1752   ??  Ss    8:58AM   0:00.01 endpointsecurityd
root               114   0.0  0.1 33834436  10212   ??  Ss    8:58AM   0:01.96 /usr/libexec/configd
root               112   0.0  0.1 33843524  18376   ??  Ss    8:58AM   0:08.80 /usr/sbin/systemstats --daemon
root               110   0.0  0.1 33833048  17340   ??  Ss    8:58AM   0:01.87 /System/Library/PrivateFrameworks/MediaRemote.framework/Support/mediaremoted
root               109   0.0  0.0 33806148   6960   ??  Ss    8:58AM   0:16.66 /System/Library/Frameworks/CoreServices.framework/Versions/A/Frameworks/FSEvents.framework/Versions/A/Support/fseventsd
root               108   0.0  0.0 33724900   2392   ??  Ss    8:58AM   0:00.41 /System/Library/PrivateFrameworks/Uninstall.framework/Resources/uninstalld
root               105   0.0  0.1 33832072  12736   ??  Ss    8:58AM   0:02.53 /usr/libexec/UserEventAgent (System)
root               104   0.0  0.2 33917644  38660   ??  Ss    8:58AM   0:09.24 /usr/libexec/logd
root              8661   0.0  0.0 34124372   1216 s001  R+   12:17AM   0:00.00 ps aux
root                 1   0.0  0.1 34227704  19112   ??  Ss    8:58AM   0:21.81 /sbin/launchd
diegocaro         8644   0.0  0.0 34124420   1408 s001  S+   12:17AM   0:00.01 bash 02_processes.sh
diegocaro         8557   0.0  0.1 33745644  14024   ??  S    12:16AM   0:00.14 /System/Library/Frameworks/CoreServices.framework/Frameworks/Metadata.framework/Versions/A/Support/mdworker_shared -s mdworker -c MDSImporterWorker -m com.apple.mdworker.shared
diegocaro         8548   0.0  0.2 36087096  36012   ??  S    12:16AM   0:00.10 /Applications/Firefox.app/Contents/MacOS/plugin-container.app/Contents/MacOS/plugin-container -childID 130 -isForBrowser -prefsLen 34001 -prefMapSize 236340 -jsInitLen 246772 -sbStartup -sbAppPath /Applications/Firefox.app -sbLevel 3 -sbAllowAudio -parentBuildID 20230112150232 -appDir /Applications/Firefox.app/Contents/Resources/browser -profile /Users/diegocaro/Library/Application Support/Firefox/Profiles/hmig4z1v.default-release-1634876631779 {96312b99-aa70-404f-a865-d423a00a4eb6} 755 gecko-crash-server-pipe.755 org.mozilla.machname.1588965062 tab
diegocaro         8546   0.0  0.1 33752812  12608   ??  S    12:14AM   0:00.14 /System/Library/Frameworks/CoreServices.framework/Frameworks/Metadata.framework/Versions/A/Support/mdworker_shared -s mdworker -c MDSImporterWorker -m com.apple.mdworker.shared
diegocaro         8545   0.0  0.2 36107308  36292   ??  S    12:14AM   0:00.10 /Applications/Firefox.app/Contents/MacOS/plugin-container.app/Contents/MacOS/plugin-container -childID 129 -isForBrowser -prefsLen 34001 -prefMapSize 236340 -jsInitLen 246772 -sbStartup -sbAppPath /Applications/Firefox.app -sbLevel 3 -sbAllowAudio -parentBuildID 20230112150232 -appDir /Applications/Firefox.app/Contents/Resources/browser -profile /Users/diegocaro/Library/Application Support/Firefox/Profiles/hmig4z1v.default-release-1634876631779 {ab88a7ae-cabe-478c-9319-edc6aaa410e3} 755 gecko-crash-server-pipe.755 org.mozilla.machname.1256927236 tab
diegocaro         8544   0.0  0.2 36086828  36252   ??  S    12:14AM   0:00.10 /Applications/Firefox.app/Contents/MacOS/plugin-container.app/Contents/MacOS/plugin-container -childID 128 -isForBrowser -prefsLen 34001 -prefMapSize 236340 -jsInitLen 246772 -sbStartup -sbAppPath /Applications/Firefox.app -sbLevel 3 -sbAllowAudio -parentBuildID 20230112150232 -appDir /Applications/Firefox.app/Contents/Resources/browser -profile /Users/diegocaro/Library/Application Support/Firefox/Profiles/hmig4z1v.default-release-1634876631779 {9373bdf8-7b43-42cb-bad5-1dfbe2b1e33d} 755 gecko-crash-server-pipe.755 org.mozilla.machname.1692610788 tab
diegocaro         8542   0.0  0.1 33775336  12800   ??  S    12:13AM   0:00.10 /System/Library/Frameworks/CoreServices.framework/Frameworks/Metadata.framework/Versions/A/Support/mdworker_shared -s mdworker -c MDSImporterWorker -m com.apple.mdworker.shared
diegocaro         8518   0.0  0.6 36237856  97144   ??  S    12:04AM   0:01.15 /Applications/Firefox.app/Contents/MacOS/plugin-container.app/Contents/MacOS/plugin-container -childID 127 -isForBrowser -prefsLen 34001 -prefMapSize 236340 -jsInitLen 246772 -sbStartup -sbAppPath /Applications/Firefox.app -sbLevel 3 -sbAllowAudio -parentBuildID 20230112150232 -appDir /Applications/Firefox.app/Contents/Resources/browser -profile /Users/diegocaro/Library/Application Support/Firefox/Profiles/hmig4z1v.default-release-1634876631779 {9e8234fe-5ce3-4b58-a0cd-eb4d5e3c8f97} 755 gecko-crash-server-pipe.755 org.mozilla.machname.288199663 tab
diegocaro         8512   0.0  1.4 36426308 235716   ??  Ss   12:03AM   0:10.01 /Users/diegocaro/miniconda3/envs/datascience/bin/python -m ipykernel_launcher -f /Users/diegocaro/Library/Jupyter/runtime/kernel-15f211b3-97b0-43d5-abd5-515a746dfa74.json
diegocaro         8507   0.0  0.3 36115544  46872   ??  S    12:03AM   0:00.15 /Applications/Firefox.app/Contents/MacOS/plugin-container.app/Contents/MacOS/plugin-container -childID 126 -isForBrowser -prefsLen 34001 -prefMapSize 236340 -jsInitLen 246772 -sbStartup -sbAppPath /Applications/Firefox.app -sbLevel 3 -sbAllowAudio -parentBuildID 20230112150232 -appDir /Applications/Firefox.app/Contents/Resources/browser -profile /Users/diegocaro/Library/Application Support/Firefox/Profiles/hmig4z1v.default-release-1634876631779 {0104ab27-169d-4e3f-bc01-8dbd13de3950} 755 gecko-crash-server-pipe.755 org.mozilla.machname.261038734 tab
diegocaro         8506   0.0  0.3 36117252  49352   ??  S    12:03AM   0:00.19 /Applications/Firefox.app/Contents/MacOS/plugin-container.app/Contents/MacOS/plugin-container -childID 125 -isForBrowser -prefsLen 34001 -prefMapSize 236340 -jsInitLen 246772 -sbStartup -sbAppPath /Applications/Firefox.app -sbLevel 3 -sbAllowAudio -sbAllowFileAccess -parentBuildID 20230112150232 -appDir /Applications/Firefox.app/Contents/Resources/browser -profile /Users/diegocaro/Library/Application Support/Firefox/Profiles/hmig4z1v.default-release-1634876631779 {dcbe2dc8-54b3-41f4-aa12-249e56b60115} 755 gecko-crash-server-pipe.755 org.mozilla.machname.501867502 tab
diegocaro         8501   0.0  0.6 34258004  97508 s000  S+   12:03AM   0:02.63 /Users/diegocaro/miniconda3/envs/datascience/bin/python3.9 /Users/diegocaro/miniconda3/envs/datascience/bin/jupyter-notebook
diegocaro         6538   0.0  0.3 36135000  46876   ??  S    11:46PM   0:00.17 /Applications/Firefox.app/Contents/MacOS/plugin-container.app/Contents/MacOS/plugin-container -childID 124 -isForBrowser -prefsLen 34001 -prefMapSize 236340 -jsInitLen 246772 -sbStartup -sbAppPath /Applications/Firefox.app -sbLevel 3 -sbAllowAudio -parentBuildID 20230112150232 -appDir /Applications/Firefox.app/Contents/Resources/browser -profile /Users/diegocaro/Library/Application Support/Firefox/Profiles/hmig4z1v.default-release-1634876631779 {9b930ad7-456d-43b6-9c79-a544d211dd99} 755 gecko-crash-server-pipe.755 org.mozilla.machname.1525105359 tab
%%%	2023-01-25 00:17:30-0300	istats
--- CPU Stats ---
CPU temp:               40.38°C     

--- Fan Stats ---
Total fans in system:   2           
Fan 0 speed:            1824 RPM    
Fan 1 speed:            1697 RPM    

--- Battery Stats ---
Battery health:         Good        
Cycle count:            182           18.2%
Max cycles:             1000        
Current charge:         4029 mAh      52%
Maximum charge:         7841 mAh      89.2%
Design capacity:        8790 mAh    
Battery temp:           32.5°C      

For more stats run `istats extra` and follow the instructions.
%%%	2023-01-25 00:17:31-0300	processes
USER               PID  %CPU %MEM      VSZ    RSS   TT  STAT STARTED      TIME COMMAND
_windowserver      173  16.8  0.9 37201812 153800   ??  Ss    8:58AM  16:45.16 /System/Library/PrivateFrameworks/SkyLight.framework/Resources/WindowServer -daemon
diegocaro          755  12.6  5.2 46820472 869036   ??  S     8:59AM  24:00.90 /Applications/Firefox.app/Contents/MacOS/firefox -foreground
diegocaro         6536   5.2  0.8 36216652 133880   ??  S    11:46PM   0:15.63 /Applications/Firefox.app/Contents/MacOS/plugin-container.app/Contents/MacOS/plugin-container -childID 122 -isForBrowser -prefsLen 34001 -prefMapSize 236340 -jsInitLen 246772 -sbStartup -sbAppPath /Applications/Firefox.app -sbLevel 3 -sbAllowAudio -parentBuildID 20230112150232 -appDir /Applications/Firefox.app/Contents/Resources/browser -profile /Users/diegocaro/Library/Application Support/Firefox/Profiles/hmig4z1v.default-release-1634876631779 {89cb725c-bfaf-4a5d-90b0-9aa8701abb46} 755 gecko-crash-server-pipe.755 org.mozilla.machname.1300068392 tab
_driverkit         354   2.6  0.0 34176724   3128   ??  Ss    8:58AM   1:17.70 /System/Library/DriverExtensions/com.apple.AppleUserHIDDrivers.dext/com.apple.AppleUserHIDDrivers com.apple.driverkit.AppleUserHIDDrivers 0x10000065c com.apple.AppleUserHIDDrivers
diegocaro          956   1.0  0.9 35005616 149500   ??  S     7:42PM   2:04.53 /System/Applications/Messages.app/Contents/MacOS/Messages
diegocaro          578   0.7  0.1 33843572  19128   ??  S     8:58AM   0:25.15 /System/Library/CoreServices/UniversalControl.app/Contents/MacOS/UniversalControl
diegocaro         5936   0.3  3.3 36858424 553976   ??  S    11:33PM   3:16.84 /Applications/Firefox.app/Contents/MacOS/plugin-container.app/Contents/MacOS/plugin-container -childID 110 -isForBrowser -prefsLen 34001 -prefMapSize 236340 -jsInitLen 246772 -sbStartup -sbAppPath /Applications/Firefox.app -sbLevel 3 -sbAllowAudio -parentBuildID 20230112150232 -appDir /Applications/Firefox.app/Contents/Resources/browser -profile /Users/diegocaro/Library/Application Support/Firefox/Profiles/hmig4z1v.default-release-1634876631779 {d2c8aae2-9792-4af8-89d9-5178fd30059d} 755 gecko-crash-server-pipe.755 org.mozilla.machname.1812531228 tab
diegocaro         4107   0.3  0.9 36219112 149380   ??  S    11:21PM   0:04.36 /Applications/Firefox.app/Contents/MacOS/plugin-container.app/Contents/MacOS/plugin-container -childID 109 -isForBrowser -prefsLen 34001 -prefMapSize 236340 -jsInitLen 246772 -sbStartup -sbAppPath /Applications/Firefox.app -sbLevel 3 -sbAllowAudio -parentBuildID 20230112150232 -appDir /Applications/Firefox.app/Contents/Resources/browser -profile /Users/diegocaro/Library/Application Support/Firefox/Profiles/hmig4z1v.default-release-1634876631779 {403b550c-4a61-466e-b5ec-dfb73b94b3a6} 755 gecko-crash-server-pipe.755 org.mozilla.machname.828004271 tab
root               368   0.2  0.1 33904828  23868   ??  Ss    8:58AM   0:18.69 /usr/libexec/TouchBarServer
diegocaro         6527   0.1  0.4 36144032  71428   ??  S    11:46PM   0:01.03 /Applications/Firefox.app/Contents/MacOS/plugin-container.app/Contents/MacOS/plugin-container -childID 115 -isForBrowser -prefsLen 34001 -prefMapSize 236340 -jsInitLen 246772 -sbStartup -sbAppPath /Applications/Firefox.app -sbLevel 3 -sbAllowAudio -parentBuildID 20230112150232 -appDir /Applications/Firefox.app/Contents/Resources/browser -profile /Users/diegocaro/Library/Application Support/Firefox/Profiles/hmig4z1v.default-release-1634876631779 {9106d9e0-cd69-48d6-862a-f92880f14437} 755 gecko-crash-server-pipe.755 org.mozilla.machname.1745224177 tab
diegocaro          506   0.1  3.8 74826148 642876   ??  S     8:58AM   3:30.91 /Applications/Dropbox.app/Contents/MacOS/Dropbox
diegocaro          403   0.1  0.0 33698532   4272   ??  S     8:58AM   0:05.47 /usr/sbin/distnoted agent
diegocaro         6525   0.1  0.4 36139908  63756   ??  S    11:46PM   0:00.98 /Applications/Firefox.app/Contents/MacOS/plugin-container.app/Contents/MacOS/plugin-container -childID 114 -isForBrowser -prefsLen 34001 -prefMapSize 236340 -jsInitLen 246772 -sbStartup -sbAppPath /Applications/Firefox.app -sbLevel 3 -sbAllowAudio -parentBuildID 20230112150232 -appDir /Applications/Firefox.app/Contents/Resources/browser -profile /Users/diegocaro/Library/Application Support/Firefox/Profiles/hmig4z1v.default-release-1634876631779 {57688a01-1acd-4e42-a1bf-7a89707635ec} 755 gecko-crash-server-pipe.755 org.mozilla.machname.725749711 tab
_distnote          156   0.1  0.0 33697508   1900   ??  Ss    8:58AM   0:03.72 /usr/sbin/distnoted daemon
diegocaro          501   0.1  0.1 33842628  20476   ??  S     8:58AM   0:07.00 /usr/libexec/networkserviceproxy
root               165   0.1  0.0 33799256   2884   ??  Ss    8:58AM   0:05.27 /usr/sbin/notifyd
diegocaro          629   0.1  0.8 72332304 140296   ??  S     8:58AM   0:38.13 /Applications/Dropbox.app/Contents/Frameworks/Dropbox Helper (Renderer).app/Contents/MacOS/Dropbox Helper (Renderer) --type=renderer --field-trial-handle=1718379636,13630346193156412841,415101620583637821,131072 --disable-features=CookiesWithoutSameSiteMustBeSecure,SameSiteByDefaultCookies,SpareRendererForSitePerProcess --lang=en-US --standard-schemes=dbx-local --secure-schemes=dbx-local --bypasscsp-schemes --cors-schemes --fetch-schemes --service-worker-schemes --streaming-schemes --app-path=/Applications/Dropbox.app/Contents/Resources/app.asar --enable-sandbox --num-raster-threads=4 --enable-zero-copy --enable-gpu-memory-buffer-compositor-resources --enable-main-frame-before-activation --renderer-client-id=4 --no-v8-untrusted-code-mitigations --shared-files --seatbelt-client=74
diegocaro         6528   0.0  0.1 34243404   8480   ??  Ss   11:46PM   0:00.07 /System/Library/Frameworks/VideoToolbox.framework/Versions/A/XPCServices/VTDecoderXPCService.xpc/Contents/MacOS/VTDecoderXPCService
diegocaro         6526   0.0  0.1 34233164   8516   ??  Ss   11:46PM   0:00.06 /System/Library/Frameworks/VideoToolbox.framework/Versions/A/XPCServices/VTDecoderXPCService.xpc/Contents/MacOS/VTDecoderXPCService
diegocaro         6514   0.0  0.9 36329264 152928   ??  S    11:44PM   0:02.22 /Applications/Firefox.app/Contents/MacOS/plugin-container.app/Contents/MacOS/plugin-container -childID 113 -isForBrowser -prefsLen 34001 -prefMapSize 236340 -jsInitLen 246772 -sbStartup -sbAppPath /Applications/Firefox.app -sbLevel 3 -sbAllowAudio -parentBuildID 20230112150232 -appDir /Applications/Firefox.app/Contents/Resources/browser -profile /Users/diegocaro/Library/Application Support/Firefox/Profiles/hmig4z1v.default-release-1634876631779 {853a9dd1-e60a-4a0c-9b4f-f1202440cff8} 755 gecko-crash-server-pipe.755 org.mozilla.machname.64721737 tab
diegocaro         5937   0.0  0.3 36144012  50436   ??  S    11:33PM   0:00.63 /Applications/Firefox.app/Contents/MacOS/plugin-container.app/Contents/MacOS/plugin-container -childID 111 -isForBrowser -prefsLen 34001 -prefMapSize 236340 -jsInitLen 246772 -sbStartup -sbAppPath /Applications/Firefox.app -sbLevel 3 -sbAllowAudio -parentBuildID 20230112150232 -appDir /Applications/Firefox.app/Contents/Resources/browser -profile /Users/diegocaro/Library/Application Support/Firefox/Profiles/hmig4z1v.default-release-1634876631779 {d8c33977-94fd-4a2d-9954-7f54732f536e} 755 gecko-crash-server-pipe.755 org.mozilla.machname.449807488 tab
diegocaro         4106   0.0  0.1 34242380   8424   ??  Ss   11:21PM   0:00.06 /System/Library/Frameworks/VideoToolbox.framework/Versions/A/XPCServices/VTDecoderXPCService.xpc/Contents/MacOS/VTDecoderXPCService
diegocaro         2877   0.0  0.7 36190416 122388   ??  S    11:09PM   0:02.34 /Applications/Firefox.app/Contents/MacOS/plugin-container.app/Contents/MacOS/plugin-container -childID 108 -isForBrowser -prefsLen 34001 -prefMapSize 236340 -jsInitLen 246772 -sbStartup -sbAppPath /Applications/Firefox.app -sbLevel 3 -sbAllowAudio -parentBuildID 20230112150232 -appDir /Applications/Firefox.app/Contents/Resources/browser -profile /Users/diegocaro/Library/Application Support/Firefox/Profiles/hmig4z1v.default-release-1634876631779 {89fcd245-2e2b-4625-af7a-9fd25cf5f5a6} 755 gecko-crash-server-pipe.755 org.mozilla.machname.887953098 tab
diegocaro         2259   0.0  1.2 36309680 200312   ??  S    10:54PM   0:09.89 /Applications/Firefox.app/Contents/MacOS/plugin-container.app/Contents/MacOS/plugin-container -childID 106 -isForBrowser -prefsLen 33944 -prefMapSize 236340 -jsInitLen 246772 -sbStartup -sbAppPath /Applications/Firefox.app -sbLevel 3 -sbAllowAudio -parentBuildID 20230112150232 -appDir /Applications/Firefox.app/Contents/Resources/browser -profile /Users/diegocaro/Library/Application Support/Firefox/Profiles/hmig4z1v.default-release-1634876631779 {618a7e4b-901b-43f7-96eb-ab7890e4f58b} 755 gecko-crash-server-pipe.755 org.mozilla.machname.914188595 tab
diegocaro         2258   0.0  0.7 36196144 117456   ??  S    10:54PM   0:01.24 /Applications/Firefox.app/Contents/MacOS/plugin-container.app/Contents/MacOS/plugin-container -childID 105 -isForBrowser -prefsLen 33944 -prefMapSize 236340 -jsInitLen 246772 -sbStartup -sbAppPath /Applications/Firefox.app -sbLevel 3 -sbAllowAudio -parentBuildID 20230112150232 -appDir /Applications/Firefox.app/Contents/Resources/browser -profile /Users/diegocaro/Library/Application Support/Firefox/Profiles/hmig4z1v.default-release-1634876631779 {6337ea35-3b00-4347-9763-d9345167d7d1} 755 gecko-crash-server-pipe.755 org.mozilla.machname.175101380 tab
diegocaro         2256   0.0  1.2 36325152 197928   ??  S    10:54PM   0:10.61 /Applications/Firefox.app/Contents/MacOS/plugin-container.app/Contents/MacOS/plugin-container -childID 103 -isForBrowser -prefsLen 33944 -prefMapSize 236340 -jsInitLen 246772 -sbStartup -sbAppPath /Applications/Firefox.app -sbLevel 3 -sbAllowAudio -parentBuildID 20230112150232 -appDir /Applications/Firefox.app/Contents/Resources/browser -profile /Users/diegocaro/Library/Application Support/Firefox/Profiles/hmig4z1v.default-release-1634876631779 {1a4bc1de-db4b-4902-a2b5-849d7c7ab244} 755 gecko-crash-server-pipe.755 org.mozilla.machname.1311510405 tab
diegocaro         2143   0.0  0.5 36155164  81140   ??  S    10:52PM   0:03.54 /Applications/Firefox.app/Contents/MacOS/plugin-container.app/Contents/MacOS/plugin-container -childID 102 -isForBrowser -prefsLen 33944 -prefMapSize 236340 -jsInitLen 246772 -sbStartup -sbAppPath /Applications/Firefox.app -sbLevel 3 -sbAllowAudio -parentBuildID 20230112150232 -appDir /Applications/Firefox.app/Contents/Resources/browser -profile /Users/diegocaro/Library/Application Support/Firefox/Profiles/hmig4z1v.default-release-1634876631779 {1ccc5f57-d42d-42fd-90b0-8efa768b2591} 755 gecko-crash-server-pipe.755 org.mozilla.machname.1172306451 tab
diegocaro         2046   0.0  0.0 34181196   5012 s001  S    10:49PM   0:01.39 -zsh
root              2045   0.0  0.0 34160712   4936 s001  Ss   10:49PM   0:00.01 login -fp diegocaro
diegocaro         1986   0.0  0.6 34627468  99068   ??  S    10:46PM   0:46.46 /Applications/TextMate.app/Contents/MacOS/TextMate -disableNewDocumentAtStartup 1
diegocaro         1742   0.0  0.0 34162004   3868   ??  Ss   10:45PM   0:00.01 /Applications/Dropbox.app/Contents/XPCServices/DropboxNotificationService.xpc/Contents/MacOS/DropboxNotificationService
diegocaro         1739   0.0  0.1 34139668  21608   ??  Ss   10:45PM   0:00.29 /System/Library/PrivateFrameworks/UIFoundation.framework/Versions/A/XPCServices/nsattributedstringagent.xpc/Contents/MacOS/nsattributedstringagent
diegocaro         1736   0.0  0.1 33816464  16680   ??  Ss   10:44PM   0:00.09 /System/Library/Frameworks/QuickLookThumbnailing.framework/Versions/A/PlugIns/ThumbnailExtension_macOS.appex/Contents/MacOS/ThumbnailExtension_macOS -AppleLanguages ("en-CL", "es-CL")
diegocaro         1735   0.0  0.1 33840860  13356   ??  Ss   10:44PM   0:00.21 /System/Library/Frameworks/QuickLook.framework/Versions/A/XPCServices/QuickLookSatellite.xpc/Contents/MacOS/QuickLookSatellite
root              1734   0.0  0.0 33711688   5864   ??  Ss   10:44PM   0:00.03 /System/Library/Frameworks/AudioToolbox.framework/XPCServices/com.apple.audio.SandboxHelper.xpc/Contents/MacOS/com.apple.audio.SandboxHelper
diegocaro         1321   0.0  0.0 33746284   3956   ??  S    10:41PM   0:00.01 /System/Library/CoreServices/AirPort Base Station Agent.app/Contents/MacOS/AirPort Base Station Agent --launchd
diegocaro         1311   0.0  0.5 36167560  79996   ??  S    10:21PM   0:01.15 /Applications/Firefox.app/Contents/MacOS/plugin-container.app/Contents/MacOS/plugin-container -childID 94 -isForBrowser -prefsLen 33944 -prefMapSize 236340 -jsInitLen 246772 -sbStartup -sbAppPath /Applications/Firefox.app -sbLevel 3 -sbAllowAudio -parentBuildID 20230112150232 -appDir /Applications/Firefox.app/Contents/Resources/browser -profile /Users/diegocaro/Library/Application Support/Firefox/Profiles/hmig4z1v.default-release-1634876631779 {7aeda657-5397-4fd4-b311-2bbb77c39f46} 755 gecko-crash-server-pipe.755 org.mozilla.machname.261741111 tab
diegocaro         1310   0.0  0.5 36157356  78572   ??  S    10:21PM   0:00.84 /Applications/Firefox.app/Contents/MacOS/plugin-container.app/Contents/MacOS/plugin-container -childID 93 -isForBrowser -prefsLen 33944 -prefMapSize 236340 -jsInitLen 246772 -sbStartup -sbAppPath /Applications/Firefox.app -sbLevel 3 -sbAllowAudio -parentBuildID 20230112150232 -appDir /Applications/Firefox.app/Contents/Resources/browser -profile /Users/diegocaro/Library/Application Support/Firefox/Profiles/hmig4z1v.default-release-1634876631779 {e7f7cb05-7dfb-4f4a-8795-fafdf6646ee5} 755 gecko-crash-server-pipe.755 org.mozilla.machname.237303178 tab
diegocaro         1309   0.0  0.5 36166504  80516   ??  S    10:21PM   0:01.41 /Applications/Firefox.app/Contents/MacOS/plugin-container.app/Contents/MacOS/plugin-container -childID 92 -isForBrowser -prefsLen 33944 -prefMapSize 236340 -jsInitLen 246772 -sbStartup -sbAppPath /Applications/Firefox.app -sbLevel 3 -sbAllowAudio -parentBuildID 20230112150232 -appDir /Applications/Firefox.app/Contents/Resources/browser -profile /Users/diegocaro/Library/Application Support/Firefox/Profiles/hmig4z1v.default-release-1634876631779 {979175d7-1c4e-4594-ae45-6f83e7e0d151} 755 gecko-crash-server-pipe.755 org.mozilla.machname.1922426415 tab
diegocaro         1307   0.0  0.6 36193804 108564   ??  S    10:20PM   0:05.01 /Applications/Firefox.app/Contents/MacOS/plugin-container.app/Contents/MacOS/plugin-container -childID 91 -isForBrowser -prefsLen 33944 -prefMapSize 236340 -jsInitLen 246772 -sbStartup -sbAppPath /Applications/Firefox.app -sbLevel 3 -sbAllowAudio -parentBuildID 20230112150232 -appDir /Applications/Firefox.app/Contents/Resources/browser -profile /Users/diegocaro/Library/Application Support/Firefox/Profiles/hmig4z1v.default-release-1634876631779 {fa65e161-803f-4324-8ed3-9c28a77958df} 755 gecko-crash-server-pipe.755 org.mozilla.machname.1806578718 tab
diegocaro         1273   0.0  0.3 36126512  48024   ??  S    10:11PM   0:00.49 /Applications/Firefox.app/Contents/MacOS/plugin-container.app/Contents/MacOS/plugin-container -childID 78 -isForBrowser -prefsLen 33944 -prefMapSize 236340 -jsInitLen 246772 -sbStartup -sbAppPath /Applications/Firefox.app -sbLevel 3 -sbAllowAudio -parentBuildID 20230112150232 -appDir /Applications/Firefox.app/Contents/Resources/browser -profile /Users/diegocaro/Library/Application Support/Firefox/Profiles/hmig4z1v.default-release-1634876631779 {b5585649-c885-4885-97cb-61d6e9825c9b} 755 gecko-crash-server-pipe.755 org.mozilla.machname.801594719 tab
diegocaro         1272   0.0  0.3 36125356  46644   ??  S    10:11PM   0:00.50 /Applications/Firefox.app/Contents/MacOS/plugin-container.app/Contents/MacOS/plugin-container -childID 77 -isForBrowser -prefsLen 33944 -prefMapSize 236340 -jsInitLen 246772 -sbStartup -sbAppPath /Applications/Firefox.app -sbLevel 3 -sbAllowAudio -parentBuildID 20230112150232 -appDir /Applications/Firefox.app/Contents/Resources/browser -profile /Users/diegocaro/Library/Application Support/Firefox/Profiles/hmig4z1v.default-release-1634876631779 {46253ba0-ec5e-4c1a-afa3-3a15f37e49ba} 755 gecko-crash-server-pipe.755 org.mozilla.machname.1459907656 tab
diegocaro         1271   0.0  0.3 36148328  49576   ??  S    10:10PM   0:00.67 /Applications/Firefox.app/Contents/MacOS/plugin-container.app/Contents/MacOS/plugin-container -childID 76 -isForBrowser -prefsLen 33944 -prefMapSize 236340 -jsInitLen 246772 -sbStartup -sbAppPath /Applications/Firefox.app -sbLevel 3 -sbAllowAudio -parentBuildID 20230112150232 -appDir /Applications/Firefox.app/Contents/Resources/browser -profile /Users/diegocaro/Library/Application Support/Firefox/Profiles/hmig4z1v.default-release-1634876631779 {2898aac8-7085-42b3-961b-5446ab513e2a} 755 gecko-crash-server-pipe.755 org.mozilla.machname.1809899886 tab
diegocaro         1265   0.0  0.3 36127564  52032   ??  S    10:07PM   0:00.98 /Applications/Firefox.app/Contents/MacOS/plugin-container.app/Contents/MacOS/plugin-container -childID 75 -isForBrowser -prefsLen 33944 -prefMapSize 236340 -jsInitLen 246772 -sbStartup -sbAppPath /Applications/Firefox.app -sbLevel 3 -sbAllowAudio -parentBuildID 20230112150232 -appDir /Applications/Firefox.app/Contents/Resources/browser -profile /Users/diegocaro/Library/Application Support/Firefox/Profiles/hmig4z1v.default-release-1634876631779 {2da1b15c-ff33-4d56-9d68-b36d412622d9} 755 gecko-crash-server-pipe.755 org.mozilla.machname.919307282 tab
diegocaro         1233   0.0  0.9 36205588 156312   ??  S    10:00PM   0:12.19 /Applications/Firefox.app/Contents/MacOS/plugin-container.app/Contents/MacOS/plugin-container -childID 74 -isForBrowser -prefsLen 33944 -prefMapSize 236340 -jsInitLen 246772 -sbStartup -sbAppPath /Applications/Firefox.app -sbLevel 3 -sbAllowAudio -parentBuildID 20230112150232 -appDir /Applications/Firefox.app/Contents/Resources/browser -profile /Users/diegocaro/Library/Application Support/Firefox/Profiles/hmig4z1v.default-release-1634876631779 {014b64a9-ec35-4e8e-b4d1-eb3b8fe26311} 755 gecko-crash-server-pipe.755 org.mozilla.machname.1364926033 tab
root              1168   0.0  0.0 33820744   4260   ??  Ss    9:35PM   0:00.03 /System/Library/CoreServices/osanalyticshelper server-init
root              1104   0.0  0.0 33646636   2520   ??  Ss    8:10PM   0:00.06 /usr/libexec/taskgated
diegocaro         1094   0.0  0.0 34219084   3308   ??  Ss    8:10PM   0:00.62 /Applications/iTerm.app/Contents/XPCServices/pidinfo.xpc/Contents/MacOS/pidinfo
diegocaro         1080   0.0  0.0 34206680   6736 s000  S     8:10PM   0:03.02 -zsh
root              1079   0.0  0.0 34161736   4924 s000  Ss    8:10PM   0:00.02 login -fp diegocaro
diegocaro         1078   0.0  0.0 34134320   2104   ??  S     8:10PM   0:00.01 /Users/diegocaro/Library/Application Support/iTerm2/iTermServer-3.4.18 /Users/diegocaro/Library/Application Support/iTerm2/iterm2-daemon-1.socket
diegocaro         1077   0.0  0.1 33976544  21156   ??  Ss    8:10PM   0:00.32 /System/Library/CoreServices/Dock.app/Contents/XPCServices/DockHelper.xpc/Contents/MacOS/DockHelper
diegocaro         1074   0.0  1.2 34842608 199220   ??  S     8:10PM   2:08.95 /Applications/iTerm.app/Contents/MacOS/iTerm2
diegocaro         1013   0.0  0.0 33756500   2004   ??  Ss    7:57PM   0:00.01 /System/Library/Frameworks/NetFS.framework/Versions/A/XPCServices/PlugInLibraryService.xpc/Contents/MacOS/PlugInLibraryService
diegocaro         1007   0.0  0.0 33768816   3860   ??  S     7:57PM   0:00.03 /System/Library/Frameworks/ColorSync.framework/Support/colorsync.useragent
diegocaro          994   0.0  0.1 33756164  11100   ??  S     7:54PM   0:00.04 /System/Library/CoreServices/EscrowSecurityAlert.app/Contents/MacOS/EscrowSecurityAlert
diegocaro          966   0.0  0.1 33827120   9496   ??  S     7:43PM   0:00.15 /System/Library/PrivateFrameworks/SafariSafeBrowsing.framework/com.apple.Safari.SafeBrowsing.Service
diegocaro          965   0.0  0.1 33806192  10972   ??  S     7:43PM   0:00.07 /System/Library/PrivateFrameworks/NewsDaemon.framework/newsd
diegocaro          964   0.0  0.2 34043084  38096   ??  Ss    7:43PM   0:00.27 /System/iOSSupport/System/Library/Frameworks/WebKit.framework/Versions/A/XPCServices/com.apple.WebKit.Networking.xpc/Contents/MacOS/com.apple.WebKit.Networking
diegocaro          963   0.0  0.0 33748552   5976   ??  Ss    7:43PM   0:00.03 /System/Library/Frameworks/AudioToolbox.framework/XPCServices/com.apple.audio.SandboxHelper.xpc/Contents/MacOS/com.apple.audio.SandboxHelper
diegocaro          962   0.0  0.0 33748264   2564   ??  S     7:43PM   0:00.03 /System/Library/Frameworks/MediaAccessibility.framework/Versions/A/XPCServices/com.apple.accessibility.mediaaccessibilityd.xpc/Contents/MacOS/com.apple.accessibility.mediaaccessibilityd
diegocaro          959   0.0  0.0 33716500   2336   ??  S     7:43PM   0:00.01 /System/Library/PrivateFrameworks/ToneLibrary.framework/Versions/A/XPCServices/com.apple.tonelibraryd.xpc/Contents/MacOS/com.apple.tonelibraryd
diegocaro          958   0.0  0.1 33817316   9192   ??  S     7:42PM   0:00.09 /usr/libexec/keyboardservicesd
diegocaro          957   0.0  0.9 34345384 150148   ??  S     7:42PM   0:05.97 /System/Library/Services/AppleSpell.service/Contents/MacOS/AppleSpell
root               946   0.0  0.0 33796208   4288   ??  Ss    7:42PM   0:00.04 /usr/libexec/ASPCarryLog
diegocaro          905   0.0  0.0 33783048   3904   ??  S    11:29AM   0:00.03 /usr/libexec/USBAgent
diegocaro          896   0.0  0.1 33834076  18176   ??  S     9:27AM   0:00.31 /System/Library/Frameworks/ApplicationServices.framework/Frameworks/SpeechSynthesis.framework/Resources/com.apple.speech.speechsynthesisd
diegocaro          888   0.0  0.0 33719100   3124   ??  S     9:24AM   0:00.03 /System/Library/PrivateFrameworks/DeviceCheckInternal.framework/devicecheckd
_fpsd              864   0.0  0.0 33734872   3568   ??  Ss    9:12AM   0:00.03 /System/Library/PrivateFrameworks/CoreFP.framework/Versions/A/fairplayd
root               863   0.0  0.0 33829724   5224   ??  Ss    9:12AM   0:00.43 /Library/Apple/System/Library/CoreServices/XProtect.app/Contents/XPCServices/XProtectPluginService.xpc/Contents/MacOS/XProtectPluginService
root               862   0.0  0.0 34199448   3328   ??  Ss    9:12AM   0:00.02 /Library/Apple/System/Library/CoreServices/XProtect.app/Contents/MacOS/XProtect
_fpsd              851   0.0  0.0 33722812   2296   ??  Ss    9:03AM   0:00.16 /System/Library/PrivateFrameworks/CoreLSKD.framework/Versions/A/lskdd
diegocaro          844   0.0  0.1 33863936  19228   ??  S     9:03AM   0:00.21 /Library/Apple/System/Library/CoreServices/SafariSupport.bundle/Contents/MacOS/PasswordBreachAgent
root               843   0.0  0.0 34253376   3944   ??  Ss    9:03AM   0:00.03 /usr/libexec/memoryanalyticsd -xlatS
diegocaro          841   0.0  0.0 33800020   6244   ??  S     9:03AM   0:00.08 /System/Library/Frameworks/CoreServices.framework/Frameworks/Metadata.framework/Versions/A/Support/mdworker -s mdworker-sizing -c MDSSizingWorker -m com.apple.mdworker.sizing
root               833   0.0  0.0 33766784   4104   ??  Ss    9:01AM   0:00.03 /usr/libexec/tzd
diegocaro          832   0.0  0.1 34231352  12728   ??  Ss    9:01AM   0:00.32 /System/Library/Frameworks/Metal.framework/Versions/A/XPCServices/MTLCompilerService.xpc/Contents/MacOS/MTLCompilerService
diegocaro          831   0.0  0.0 33813720   4572   ??  S     9:01AM   0:00.06 /usr/libexec/proactiveeventtrackerd
diegocaro          829   0.0  0.3 34153164  48588   ??  S     9:00AM   0:00.26 /Library/Apple/System/Library/CoreServices/SafariSupport.bundle/Contents/MacOS/SafariBookmarksSyncAgent
diegocaro          828   0.0  0.1 34163240  19732   ??  S     9:00AM   0:00.71 /System/Library/Frameworks/CoreSpotlight.framework/CoreSpotlightService
diegocaro          814   0.0  0.1 34326772  19956   ??  S     8:59AM   0:01.00 /System/Library/CoreServices/NowPlayingTouchUI.app/Contents/MacOS/NowPlayingTouchUI
root               813   0.0  0.0 33829588   8140   ??  Ss    8:59AM   0:01.08 /System/Library/Frameworks/AudioToolbox.framework/XPCServices/CAReportingService.xpc/Contents/MacOS/CAReportingService
diegocaro          812   0.0  0.2 33939184  25800   ??  S     8:59AM   0:42.38 /Applications/Firefox.app/Contents/MacOS/plugin-container.app/Contents/MacOS/plugin-container -parentBuildID 20230112150232 -sandboxingKind 0 -prefsLen 33893 -prefMapSize 236340 -sbStartup -sbAppPath /Applications/Firefox.app -appDir /Applications/Firefox.app/Contents/Resources/browser -profile /Users/diegocaro/Library/Application Support/Firefox/Profiles/hmig4z1v.default-release-1634876631779 {0152290d-3c93-41bf-bd64-1359dd56ac20} 755 gecko-crash-server-pipe.755 org.mozilla.machname.858823192 utility
diegocaro          811   0.0  0.1 34303832  17012   ??  S     8:59AM   0:00.42 /System/Library/CoreServices/OSDUIHelper.app/Contents/MacOS/OSDUIHelper
diegocaro          808   0.0  0.2 34287124  27480   ??  Ss    8:59AM   1:51.35 /System/Library/Frameworks/VideoToolbox.framework/Versions/A/XPCServices/VTDecoderXPCService.xpc/Contents/MacOS/VTDecoderXPCService
diegocaro          807   0.0  0.2 33897356  25916   ??  S     8:59AM   0:00.43 /Applications/Firefox.app/Contents/MacOS/plugin-container.app/Contents/MacOS/plugin-container -parentBuildID 20230112150232 -sandboxingKind 1 -prefsLen 33893 -prefMapSize 236340 -sbStartup -sbAppPath /Applications/Firefox.app -appDir /Applications/Firefox.app/Contents/Resources/browser -profile /Users/diegocaro/Library/Application Support/Firefox/Profiles/hmig4z1v.default-release-1634876631779 {71783741-0995-4b62-aa38-45c04970a4f6} 755 gecko-crash-server-pipe.755 org.mozilla.machname.1789736032 utility
diegocaro          806   0.0  0.2 34023564  27712   ??  S     8:59AM   1:58.64 /Applications/Firefox.app/Contents/MacOS/plugin-container.app/Contents/MacOS/plugin-container -parentBuildID 20230112150232 -prefsLen 33893 -prefMapSize 236340 -sbStartup -sbAppPath /Applications/Firefox.app -appDir /Applications/Firefox.app/Contents/Resources/browser -profile /Users/diegocaro/Library/Application Support/Firefox/Profiles/hmig4z1v.default-release-1634876631779 {f4b97abd-66d2-4eba-a628-b9137a3bc3fc} 755 gecko-crash-server-pipe.755 org.mozilla.machname.540005905 rdd
diegocaro          803   0.0  0.0 34240868   8160   ??  Ss    8:59AM   0:00.06 /System/Library/Frameworks/VideoToolbox.framework/Versions/A/XPCServices/VTDecoderXPCService.xpc/Contents/MacOS/VTDecoderXPCService
diegocaro          801   0.0  0.1 33833796  13952   ??  S     8:59AM   0:00.83 cloudphotod
diegocaro          800   0.0  0.0 33828860   6172   ??  S     8:59AM   0:00.20 /System/Library/PrivateFrameworks/Synapse.framework/Support/contentlinkingd
diegocaro          799   0.0  0.9 36269388 144480   ??  S     8:59AM   0:09.71 /Applications/Firefox.app/Contents/MacOS/plugin-container.app/Contents/MacOS/plugin-container -childID 6 -isForBrowser -prefsLen 33350 -prefMapSize 236340 -jsInitLen 246772 -sbStartup -sbAppPath /Applications/Firefox.app -sbLevel 3 -sbAllowAudio -parentBuildID 20230112150232 -appDir /Applications/Firefox.app/Contents/Resources/browser -profile /Users/diegocaro/Library/Application Support/Firefox/Profiles/hmig4z1v.default-release-1634876631779 {240a855e-5bb4-4e4a-9062-ce41395deada} 755 gecko-crash-server-pipe.755 org.mozilla.machname.408523045 tab
diegocaro          797   0.0  3.7 37072660 613936   ??  S     8:59AM  10:48.90 /Applications/Firefox.app/Contents/MacOS/plugin-container.app/Contents/MacOS/plugin-container -childID 4 -isForBrowser -prefsLen 33350 -prefMapSize 236340 -jsInitLen 246772 -sbStartup -sbAppPath /Applications/Firefox.app -sbLevel 3 -sbAllowAudio -parentBuildID 20230112150232 -appDir /Applications/Firefox.app/Contents/Resources/browser -profile /Users/diegocaro/Library/Application Support/Firefox/Profiles/hmig4z1v.default-release-1634876631779 {24497b60-6d38-4377-a7d5-90cd69b5ea2c} 755 gecko-crash-server-pipe.755 org.mozilla.machname.285144083 tab
diegocaro          796   0.0  0.5 36147968  88600   ??  S     8:59AM   0:06.10 /Applications/Firefox.app/Contents/MacOS/plugin-container.app/Contents/MacOS/plugin-container -childID 3 -isForBrowser -prefsLen 28751 -prefMapSize 236340 -jsInitLen 246772 -sbStartup -sbAppPath /Applications/Firefox.app -sbLevel 3 -sbAllowAudio -parentBuildID 20230112150232 -appDir /Applications/Firefox.app/Contents/Resources/browser -profile /Users/diegocaro/Library/Application Support/Firefox/Profiles/hmig4z1v.default-release-1634876631779 {5d75ff29-479c-4d20-ae78-d04d55f0a3c0} 755 gecko-crash-server-pipe.755 org.mozilla.machname.265296665 tab
diegocaro          792   0.0  0.4 36137276  64132   ??  S     8:59AM   0:01.48 /Applications/Firefox.app/Contents/MacOS/plugin-container.app/Contents/MacOS/plugin-container -childID 1 -isForBrowser -prefsLen 27892 -prefMapSize 236340 -jsInitLen 246772 -sbStartup -sbAppPath /Applications/Firefox.app -sbLevel 3 -sbAllowAudio -parentBuildID 20230112150232 -appDir /Applications/Firefox.app/Contents/Resources/browser -profile /Users/diegocaro/Library/Application Support/Firefox/Profiles/hmig4z1v.default-release-1634876631779 {eb4a04e3-a791-40e2-af7b-40a5fe684f1b} 755 gecko-crash-server-pipe.755 org.mozilla.machname.504752305 tab
diegocaro          769   0.0  0.2 33876472  25960   ??  S     8:59AM   0:00.21 /Applications/Firefox.app/Contents/MacOS/plugin-container.app/Contents/MacOS/plugin-container -parentBuildID 20230112150232 -prefsLen 27676 -prefMapSize 236340 -sbStartup -sbAppPath /Applications/Firefox.app -appDir /Applications/Firefox.app/Contents/Resources/browser -profile /Users/diegocaro/Library/Application Support/Firefox/Profiles/hmig4z1v.default-release-1634876631779 {69afc10c-7764-408c-9a54-5330f65fcd8c} 755 gecko-crash-server-pipe.755 org.mozilla.machname.337414588 socket
diegocaro          768   0.0  0.1 33830296  16636   ??  S     8:59AM   0:00.22 /System/Library/PrivateFrameworks/PhotoAnalysis.framework/Versions/A/Support/photoanalysisd
diegocaro          767   0.0  0.3 33916380  44100   ??  S     8:59AM   0:00.53 /System/Library/PrivateFrameworks/MediaAnalysis.framework/Versions/A/mediaanalysisd
_spotlight         764   0.0  0.0 33832176   6916   ??  S     8:59AM   0:00.18 /usr/libexec/trustd --agent
_spotlight         763   0.0  0.1 33840160  19116   ??  SN    8:59AM   0:01.41 /System/Library/Frameworks/CoreServices.framework/Frameworks/Metadata.framework/Versions/A/Support/mdbulkimport -s mdworker-bundle -c MDSImporterBundleFinder -m com.apple.metadata.mdbulkimport
diegocaro          762   0.0  0.0 33830616   5112   ??  S     8:59AM   0:00.10 /System/Library/CoreServices/ScopedBookmarkAgent
diegocaro          761   0.0  0.1 33829296   9520   ??  S     8:59AM   0:00.12 /System/Library/PrivateFrameworks/SocialLayer.framework/sociallayerd.app/Contents/MacOS/sociallayerd
root               759   0.0  0.0 33800896   5960   ??  Ss    8:59AM   0:00.08 /usr/libexec/dprivacyd
diegocaro          758   0.0  0.1 33976940  13896   ??  S     8:59AM   0:00.08 /System/Library/PrivateFrameworks/CoreSuggestions.framework/Versions/A/Support/reversetemplated
diegocaro          757   0.0  0.1 33830300   9504   ??  S     8:59AM   0:00.12 /System/Library/PrivateFrameworks/CoreRecents.framework/Versions/A/Support/recentsd
root               756   0.0  0.0 33758516   1864   ??  Ss    8:59AM   0:00.01 /usr/libexec/online-authd
diegocaro          712   0.0  0.1 34294316  14124   ??  Ss    8:58AM   0:00.49 /Applications/Dropbox.app/Contents/XPCServices/DropboxActivityProvider.xpc/Contents/MacOS/DropboxActivityProvider
diegocaro          710   0.0  0.1 33841904  14028   ??  S     8:58AM   0:01.03 /usr/libexec/transparencyd
diegocaro          706   0.0  0.0 33783644   7852   ??  Ss    8:58AM   0:00.10 /System/Library/PrivateFrameworks/MessagesBlastDoorSupport.framework/Versions/A/XPCServices/MessagesBlastDoorService.xpc/Contents/MacOS/MessagesBlastDoorService
diegocaro          704   0.0  0.2 33876276  28652   ??  S     8:58AM   0:09.92 /usr/libexec/searchpartyuseragent
diegocaro          701   0.0  0.0 33790440   6216   ??  Ss    8:58AM   0:00.12 /System/Library/PrivateFrameworks/IDSBlastDoorSupport.framework/Versions/A/XPCServices/IDSBlastDoorService.xpc/Contents/MacOS/IDSBlastDoorService
root               695   0.0  0.0 33757540   3828   ??  Ss    8:58AM   0:00.02 /System/Library/PrivateFrameworks/SystemAdministration.framework/XPCServices/writeconfig.xpc/Contents/MacOS/writeconfig
diegocaro          693   0.0  0.1 34323528  20024   ??  S     8:58AM   0:00.30 /System/Library/Frameworks/LocalAuthentication.framework/Support/coreautha.bundle/Contents/MacOS/coreautha
diegocaro          691   0.0  0.1 33744124  12328   ??  S     8:58AM   0:00.33 /usr/libexec/promotedcontentd
root               690   0.0  0.0 34256564   5752   ??  S     8:58AM   0:01.03 /Library/DropboxHelperTools/Dropbox_u501/dbkextd
_nsurlsessiond     689   0.0  0.0 34249548   7140   ??  Ss    8:58AM   0:00.15 /System/Library/PrivateFrameworks/StreamingZip.framework/Versions/A/XPCServices/com.apple.StreamingUnzipService.xpc/Contents/MacOS/com.apple.StreamingUnzipService
root               688   0.0  0.0 33754960   4100   ??  Ss    8:58AM   0:00.03 /System/Library/PrivateFrameworks/AppStoreDaemon.framework/Versions/A/XPCServices/com.apple.AppStoreDaemon.StorePrivilegedTaskService.xpc/Contents/MacOS/com.apple.AppStoreDaemon.StorePrivilegedTaskService
_installcoordinationd   687   0.0  0.0 33744268   4504   ??  Ss    8:58AM   0:00.04 /System/Library/PrivateFrameworks/InstallCoordination.framework/Support/installcoordinationd
root               686   0.0  0.1 33801088  12732   ??  Ss    8:58AM   0:04.37 /System/Library/PrivateFrameworks/XprotectFramework.framework/Versions/A/XPCServices/XprotectService.xpc/Contents/MacOS/XprotectService
diegocaro          684   0.0  0.3 38370652  45352   ??  Ss    8:58AM   0:00.21 /Applications/Safari.app/Contents/PlugIns/CacheDeleteExtension.appex/Contents/MacOS/CacheDeleteExtension -AppleLanguages ("en-CL", "es-CL")
diegocaro          683   0.0  0.1 33829404  11840   ??  Ss    8:58AM   0:00.03 /System/Applications/Music.app/Contents/PlugIns/MusicCacheExtension.appex/Contents/MacOS/MusicCacheExtension -AppleLanguages ("en-CL", "es-CL")
diegocaro          682   0.0  0.1 33829404  11928   ??  Ss    8:58AM   0:00.04 /System/Applications/TV.app/Contents/PlugIns/TVCacheExtension.appex/Contents/MacOS/TVCacheExtension -AppleLanguages ("en-CL", "es-CL")
root               680   0.0  0.0 33765664   4136   ??  Ss    8:58AM   0:00.02 /System/Library/PrivateFrameworks/PackageKit.framework/Resources/installd
diegocaro          679   0.0  0.0 33793092   8160   ??  S     8:58AM   0:00.08 /System/Library/PrivateFrameworks/CommerceKit.framework/Versions/A/Resources/storedownloadd
root               678   0.0  0.0 33758496   4148   ??  Ss    8:58AM   0:00.02 /System/Library/PrivateFrameworks/PackageKit.framework/Resources/system_installd
diegocaro          677   0.0  0.2 33886676  40388   ??  S     8:58AM   0:02.30 /System/Library/PrivateFrameworks/AppStoreDaemon.framework/Support/appstoreagent
diegocaro          676   0.0  0.0 33829176   4568   ??  S     8:58AM   0:00.02 /System/Library/PrivateFrameworks/GeoServices.framework/geodMachServiceBridge
root               675   0.0  0.0 33829948   4320   ??  Ss    8:58AM   0:00.05 /usr/libexec/aned
diegocaro          674   0.0  0.0 33783540   7200   ??  S     8:58AM   0:00.06 /usr/libexec/replayd
_assetcache        673   0.0  0.1 33832856   8792   ??  Ss    8:58AM   0:00.13 /System/Library/PrivateFrameworks/AssetCacheServices.framework/Versions/A/XPCServices/AssetCacheLocatorService.xpc/Contents/MacOS/AssetCacheLocatorService -d
root               672   0.0  0.0 33790212   2608   ??  Ss    8:58AM   0:00.02 /System/Library/PrivateFrameworks/CacheDelete.framework/deleted_helper
diegocaro          670   0.0  0.0 33757556   3508   ??  S     8:58AM   0:00.01 /System/Library/Frameworks/CoreServices.framework/Frameworks/Metadata.framework/Versions/A/Support/mdwrite
diegocaro          668   0.0  0.1 33840072  17216   ??  S     8:58AM   0:00.89 /System/Library/PrivateFrameworks/CacheDelete.framework/deleted
root               663   0.0  0.0 33748244   1656   ??  Ss    8:58AM   0:00.01 /usr/libexec/smd
diegocaro          640   0.0  0.1 33840568  22728   ??  SN    8:58AM   0:02.88 /System/Library/Frameworks/CoreServices.framework/Frameworks/Metadata.framework/Versions/A/Support/mdbulkimport -s mdworker-bundle -c MDSImporterBundleFinder -m com.apple.metadata.mdbulkimport
diegocaro          639   0.0  0.1 33949960  19180   ??  S     8:58AM   0:00.97 /System/Library/PrivateFrameworks/SoftwareUpdate.framework/Resources/SoftwareUpdateNotificationManager.app/Contents/MacOS/SoftwareUpdateNotificationManager
diegocaro          638   0.0  0.3 33834524  42904   ??  S     8:58AM   0:00.17 /System/Library/PrivateFrameworks/AvatarPersistence.framework/Support/avatarsd
_applepay          637   0.0  0.0 33697508   1244   ??  S     8:58AM   0:00.31 /usr/sbin/distnoted agent
diegocaro          636   0.0  0.2 34282332  39324   ??  S     8:58AM   0:00.24 /System/Library/CoreServices/UIKitSystem.app/Contents/MacOS/UIKitSystem system_app_start
diegocaro          634   0.0  0.7 72293036 124176   ??  S     8:58AM   0:00.84 /Applications/Dropbox.app/Contents/Frameworks/Dropbox Helper (Renderer).app/Contents/MacOS/Dropbox Helper (Renderer) --type=renderer --field-trial-handle=1718379636,13630346193156412841,415101620583637821,131072 --disable-features=CookiesWithoutSameSiteMustBeSecure,SameSiteByDefaultCookies,SpareRendererForSitePerProcess --lang=en-US --standard-schemes=dbx-local --secure-schemes=dbx-local --bypasscsp-schemes --cors-schemes --fetch-schemes --service-worker-schemes --streaming-schemes --app-path=/Applications/Dropbox.app/Contents/Resources/app.asar --enable-sandbox --num-raster-threads=4 --enable-zero-copy --enable-gpu-memory-buffer-compositor-resources --enable-main-frame-before-activation --renderer-client-id=5 --no-v8-untrusted-code-mitigations --shared-files --seatbelt-client=80
diegocaro          633   0.0  0.0 33829008   4972   ??  S     8:58AM   0:00.04 /usr/sbin/BTLEServerAgent
_applepay          632   0.0  0.0 33828916   5560   ??  Ss    8:58AM   0:00.07 /usr/libexec/seld
diegocaro          628   0.0  0.1 33842264  20448   ??  S     8:58AM   0:00.47 /System/Library/PrivateFrameworks/PassKitCore.framework/passd
diegocaro          624   0.0  0.2 33884324  26744   ??  S     8:58AM   0:00.94 /usr/libexec/studentd
diegocaro          616   0.0  0.1 67990608  24760   ??  S     8:58AM   0:00.11 /Applications/Dropbox.app/Contents/Frameworks/Dropbox Helper.app/Contents/MacOS/Dropbox Helper --type=utility --utility-sub-type=network.mojom.NetworkService --field-trial-handle=1718379636,13630346193156412841,415101620583637821,131072 --disable-features=CookiesWithoutSameSiteMustBeSecure,SameSiteByDefaultCookies,SpareRendererForSitePerProcess --lang=en-US --service-sandbox-type=network --standard-schemes=dbx-local --secure-schemes=dbx-local --bypasscsp-schemes --cors-schemes --fetch-schemes --service-worker-schemes --streaming-schemes --shared-files --seatbelt-client=70
diegocaro          614   0.0  0.1 34256604  18868   ??  Ss    8:58AM   0:00.11 /System/Library/Frameworks/VideoToolbox.framework/Versions/A/XPCServices/VTEncoderXPCService.xpc/Contents/MacOS/VTEncoderXPCService
diegocaro          613   0.0  0.1 34252064  12176   ??  Ss    8:58AM   0:00.11 /System/Library/Frameworks/VideoToolbox.framework/Versions/A/XPCServices/VTDecoderXPCService.xpc/Contents/MacOS/VTDecoderXPCService
diegocaro          612   0.0  0.1 33833508  10020   ??  S     8:58AM   0:00.24 /System/Library/Frameworks/ClassKit.framework/Versions/A/progressd
root               610   0.0  0.0 33783160   2136   ??  Ss    8:58AM   0:00.03 /System/Library/Frameworks/OpenGL.framework/Versions/A/Libraries/CVMServer
root               609   0.0  0.0 33767720   3612   ??  Ss    8:58AM   0:00.07 /System/Library/PrivateFrameworks/CoreSymbolication.framework/coresymbolicationd
diegocaro          607   0.0  0.3 68089736  45956   ??  S     8:58AM   0:20.48 /Applications/Dropbox.app/Contents/Frameworks/Dropbox Helper (GPU).app/Contents/MacOS/Dropbox Helper (GPU) --type=gpu-process --field-trial-handle=1718379636,13630346193156412841,415101620583637821,131072 --disable-features=CookiesWithoutSameSiteMustBeSecure,SameSiteByDefaultCookies,SpareRendererForSitePerProcess --crashpad-annotations=product_name:desktop_client,buildid:main,buildno:Dropbox-mac-165.4.4300,platform:mac,platform_version:12.6.2 --gpu-preferences=SAAAAAAAAAAgAAAAAAAAAAAAAAAAAAAAAABgAAAAAAAoAAAAAAAAAAAAAAAAAAAAAAAAAAAAAADYAwAAAAAAANgDAAAAAAAASAEAACgAAABAAQAAAAAAAEgBAAAAAAAAUAEAAAAAAABYAQAAAAAAAGABAAAAAAAAaAEAAAAAAABwAQAAAAAAAHgBAAAAAAAAgAEAAAAAAACIAQAAAAAAAJABAAAAAAAAmAEAAAAAAACgAQAAAAAAAKgBAAAAAAAAsAEAAAAAAAC4AQAAAAAAAMABAAAAAAAAyAEAAAAAAADQAQAAAAAAANgBAAAAAAAA4AEAAAAAAADoAQAAAAAAAPABAAAAAAAA+AEAAAAAAAAAAgAAAAAAAAgCAAAAAAAAEAIAAAAAAAAYAgAAAAAAACACAAAAAAAAKAIAAAAAAAAwAgAAAAAAADgCAAAAAAAAQAIAAAAAAABIAgAAAAAAAFACAAAAAAAAWAIAAAAAAABgAgAAAAAAAGgCAAAAAAAAcAIAAAAAAAB4AgAAAAAAABAAAAAAAAAAAAAAAAAAAAAQAAAAAAAAAAAAAAAGAAAAEAAAAAAAAAAAAAAABwAAABAAAAAAAAAAAAAAAAgAAAAQAAAAAAAAAAAAAAAKAAAAEAAAAAAAAAAAAAAACwAAABAAAAAAAAAAAAAAAA0AAAAQAAAAAAAAAAAAAAAOAAAAEAAAAAAAAAABAAAAAAAAABAAAAAAAAAAAQAAAAYAAAAQAAAAAAAAAAEAAAAHAAAAEAAAAAAAAAABAAAACAAAABAAAAAAAAAAAQAAAAoAAAAQAAAAAAAAAAEAAAALAAAAEAAAAAAAAAABAAAADQAAABAAAAAAAAAAAQAAAA4AAAAQAAAAAAAAAAQAAAAAAAAAEAAAAAAAAAAEAAAABgAAABAAAAAAAAAABAAAAAcAAAAQAAAAAAAAAAQAAAAIAAAAEAAAAAAAAAAEAAAACgAAABAAAAAAAAAABAAAAAsAAAAQAAAAAAAAAAQAAAANAAAAEAAAAAAAAAAEAAAADgAAABAAAAAAAAAABwAAAAAAAAAQAAAAAAAAAAcAAAAGAAAAEAAAAAAAAAAHAAAABwAAABAAAAAAAAAABwAAAAgAAAAQAAAAAAAAAAcAAAAKAAAAEAAAAAAAAAAHAAAACwAAABAAAAAAAAAABwAAAA0AAAAQAAAAAAAAAAcAAAAOAAAAEAAAAAAAAAAKAAAAAAAAABAAAAAAAAAACgAAAAYAAAAQAAAAAAAAAAoAAAAHAAAAEAAAAAAAAAAKAAAACAAAABAAAAAAAAAACgAAAAoAAAAQAAAAAAAAAAoAAAALAAAAEAAAAAAAAAAKAAAADQAAABAAAAAAAAAACgAAAA4AAAAIAAAAAAAAAAgAAAAAAAAA --shared-files --seatbelt-client=60
diegocaro          606   0.0  0.0 33748068   3628   ??  S     8:58AM   0:00.02 /usr/libexec/spindump_agent
root               605   0.0  0.1 33826376  17324   ??  Ss    8:58AM   0:01.26 /usr/sbin/spindump
diegocaro          604   0.0  0.2 33932704  38464   ??  S     8:58AM   0:04.76 /System/Library/PrivateFrameworks/PhotoLibraryServices.framework/Versions/A/Support/photolibraryd
diegocaro          603   0.0  0.5 34303360  79592   ??  S     8:58AM   0:04.65 /System/Library/PrivateFrameworks/CoreSuggestions.framework/Versions/A/Support/suggestd
_driverkit         602   0.0  0.0 34124804    764   ??  Ss    8:58AM   0:00.01 /System/Library/DriverExtensions/IOUserBluetoothSerialDriver.dext/IOUserBluetoothSerialDriver com.apple.IOUserBluetoothSerialDriver 0x100000905 com.apple.IOUserBluetoothSerialDriver
root               601   0.0  0.0 33825560   4428   ??  Ss    8:58AM   0:00.04 /System/Library/PrivateFrameworks/AssetCacheServicesExtensions.framework/XPCServices/AssetCacheTetheratorService.xpc/Contents/MacOS/AssetCacheTetheratorService
_assetcache        600   0.0  0.0 33697508   1236   ??  S     8:58AM   0:00.31 /usr/sbin/distnoted agent
_assetcache        599   0.0  0.0 33831508   6740   ??  Ss    8:58AM   0:00.06 /usr/libexec/AssetCache/AssetCache
diegocaro          598   0.0  0.1 33831848   9124   ??  S     8:58AM   0:00.17 /System/Library/PrivateFrameworks/AssetCacheServices.framework/Versions/A/XPCServices/AssetCacheLocatorService.xpc/Contents/MacOS/AssetCacheLocatorService -a
diegocaro          597   0.0  0.1 33845276  17440   ??  S     8:58AM   0:01.38 /usr/libexec/swcd
_reportmemoryexception   596   0.0  0.0 33697508   1244   ??  S     8:58AM   0:00.34 /usr/sbin/distnoted agent
diegocaro          593   0.0  0.0 34188996   5000   ??  S     8:58AM   0:00.03 /usr/libexec/SidecarRelay
diegocaro          592   0.0  0.0 33775076   3876   ??  S     8:58AM   0:00.02 /System/Library/CoreServices/ReportCrash agent
root               589   0.0  0.0 33756940   2584   ??  Ss    8:58AM   0:00.01 /System/Library/CoreServices/CrashReporterSupportHelper server-init
diegocaro          588   0.0  0.0 33796868   7236   ??  S     8:58AM   0:00.03 /System/Library/PrivateFrameworks/CommunicationsFilter.framework/CMFSyncAgent
diegocaro          587   0.0  0.0 33791012   5472   ??  S     8:58AM   0:00.02 /System/Library/PrivateFrameworks/CoreFollowUp.framework/Versions/A/Support/followupd
diegocaro          586   0.0  0.0 33831264   4800   ??  Ss    8:58AM   0:00.02 /System/Library/PrivateFrameworks/Categories.framework/Versions/A/XPCServices/CategoriesService.xpc/Contents/MacOS/CategoriesService
diegocaro          585   0.0  0.1 33997828  11280   ??  S     8:58AM   0:00.12 /System/Library/PrivateFrameworks/ContextKit.framework/Versions/A/XPCServices/ContextService.xpc/Contents/MacOS/ContextService
diegocaro          584   0.0  0.0 33755976   3660   ??  S     8:58AM   0:00.02 /System/Library/PrivateFrameworks/CharacterPicker.framework/Versions/A/XPCServices/com.apple.CharacterPicker.FileService.xpc/Contents/MacOS/com.apple.CharacterPicker.FileService
diegocaro          583   0.0  0.1 33800012  16244   ??  S     8:58AM   0:01.45 /usr/libexec/findmydevice-user-agent
diegocaro          582   0.0  0.1 34169208  24172   ??  Ss    8:58AM   0:03.79 /System/Library/Input Methods/EmojiFunctionRowIM.app/Contents/PlugIns/EmojiFunctionRowIM_Extension.appex/Contents/MacOS/EmojiFunctionRowIM_Extension -AppleLanguages ("en-CL", "es-CL")
root               581   0.0  0.0 33829980   6168   ??  Ss    8:58AM   0:00.31 /System/Library/PrivateFrameworks/AmbientDisplay.framework/Versions/A/XPCServices/com.apple.AmbientDisplayAgent.xpc/Contents/MacOS/com.apple.AmbientDisplayAgent
root               580   0.0  0.1 33838624  11976   ??  Ss    8:58AM   0:01.99 /usr/libexec/rtcreportingd
diegocaro          579   0.0  0.1 33831000  11776   ??  S     8:58AM   0:00.64 /usr/libexec/biomesyncd
diegocaro          577   0.0  0.1 33846660  14860   ??  S     8:58AM   0:00.52 /usr/libexec/adprivacyd
diegocaro          576   0.0  0.0 33821084   4224   ??  S     8:58AM   0:00.02 /System/Library/PrivateFrameworks/NewDeviceOutreach.framework/ndoagent
diegocaro          574   0.0  0.0 33829296   8008   ??  S     8:58AM   0:00.10 /usr/libexec/diagnosticextensionsd
diegocaro          573   0.0  0.1 33943128  14812   ??  S     8:58AM   0:00.24 /System/Library/CoreServices/CoreLocationAgent.app/Contents/MacOS/CoreLocationAgent
root               572   0.0  0.0 33829596   7828   ??  Ss    8:58AM   0:00.39 /usr/libexec/wifivelocityd
diegocaro          571   0.0  0.0 33798988   3924   ??  S     8:58AM   0:00.12 /usr/libexec/WiFiVelocityAgent
root               570   0.0  0.0 33820044   8228   ??  Ss    8:58AM   0:00.03 /System/Library/PrivateFrameworks/SiriInference.framework/Support/siriinferenced
diegocaro          569   0.0  0.1 33830616  11220   ??  S     8:58AM   0:00.09 /usr/libexec/siriknowledged
diegocaro          568   0.0  0.0 33798904   3412   ??  S     8:58AM   0:00.11 /System/Library/PrivateFrameworks/MediaRemote.framework/Support/mediaremoteagent
diegocaro          567   0.0  0.1 33830324   9412   ??  Ss    8:58AM   0:00.22 /System/Library/PrivateFrameworks/CoreEmbeddedSpeechRecognition.framework/Versions/A/XPCServices/com.apple.siri.embeddedspeech.xpc/Contents/MacOS/com.apple.siri.embeddedspeech
diegocaro          566   0.0  0.1 33834096  13740   ??  S     8:58AM   0:00.30 /System/Library/PrivateFrameworks/iCloudNotification.framework/iCloudNotificationAgent
root               564   0.0  0.0 33829736   7108   ??  Ss    8:58AM   0:00.95 /usr/sbin/WirelessRadioManagerd
diegocaro          562   0.0  0.1 33873180  17784   ??  Ss    8:58AM   0:00.25 /System/Library/CoreServices/ControlStrip.app/Contents/XPCServices/com.apple.DFRSystemExtra.InputMenu.xpc/Contents/MacOS/com.apple.DFRSystemExtra.InputMenu
diegocaro          549   0.0  0.1 33838932  10072   ??  S     8:58AM   0:00.24 /usr/libexec/neagent
diegocaro          548   0.0  0.1 33944144  17320   ??  S     8:58AM   0:00.75 /System/Library/CoreServices/WiFiAgent.app/Contents/MacOS/WiFiAgent
diegocaro          546   0.0  0.1 33846532  24268   ??  S     8:58AM   0:01.25 /System/Library/PrivateFrameworks/AssistantServices.framework/Versions/A/Support/assistantd
diegocaro          545   0.0  0.0 33773828   2576   ??  Ss    8:58AM   0:00.01 /System/Library/PrivateFrameworks/login.framework/Versions/A/XPCServices/LoginUserService.xpc/Contents/MacOS/LoginUserService
diegocaro          544   0.0  0.1 34369576  15292   ??  S     8:58AM   0:00.21 /System/Library/CoreServices/CoreServicesUIAgent.app/Contents/MacOS/CoreServicesUIAgent
diegocaro          543   0.0  0.1 33838308  15500   ??  S     8:58AM   0:00.38 /usr/libexec/fmfd
diegocaro          542   0.0  0.1 33835856  10048   ??  Ss    8:58AM   0:00.09 /System/Library/PrivateFrameworks/TelephonyUtilities.framework/XPCServices/com.apple.FaceTime.FTConversationService.xpc/Contents/MacOS/com.apple.FaceTime.FTConversationService
diegocaro          541   0.0  0.1 33836352  14796   ??  S     8:58AM   0:00.40 /System/Library/PrivateFrameworks/StatusKit.framework/StatusKitAgent
diegocaro          540   0.0  0.0 33829880   4960   ??  Ss    8:58AM   0:00.13 /System/Library/Frameworks/AudioToolbox.framework/XPCServices/CarbonComponentScannerXPC.xpc/Contents/MacOS/CarbonComponentScannerXPC
diegocaro          539   0.0  0.1 34472000  22420   ??  S     8:58AM   0:00.11 /Applications/Dropbox.app/Contents/MacOS/Dropbox -type:exit-monitor -method:collectupload -python-version:3.8.12 -process-type:main -session-token:c53ad796-1c21-4950-b771-e90f147f0d78 -target-handle:506 -target-shutdown-event:4 -target-restart-event:6 -target-command-line:/Applications/Dropbox.app/Contents/MacOS/Dropbox
diegocaro          537   0.0  0.1 33836300  13732   ??  S     8:58AM   0:00.35 /System/Library/PrivateFrameworks/FamilyCircle.framework/Versions/A/Resources/familycircled
diegocaro          535   0.0  0.0 33791304   4764   ??  S     8:58AM   0:00.07 /System/Library/Frameworks/AudioToolbox.framework/AudioComponentRegistrar
diegocaro          534   0.0  0.1 34461560  19300   ??  S     8:58AM   0:00.08 /Applications/Dropbox.app/Contents/MacOS/Dropbox -type:crashpad-handler --no-upload-gzip --no-rate-limit --capture-python --no-identify-client-via-url --database=/Users/diegocaro/.dropbox/Crashpad --metrics-dir=0 --url=https://d.dropbox.com/report_crashpad_minidump --https-pin=0x23,0xf2,0xed,0xff,0x3e,0xde,0x90,0x25,0x9a,0x9e,0x30,0xf4,0xa,0xf8,0xf9,0x12,0xa5,0xe5,0xb3,0x69,0x4e,0x69,0x38,0x44,0x3,0x41,0xf6,0x6,0xe,0x1,0x4f,0xfa --https-pin=0xaf,0xf9,0x88,0x90,0x6d,0xde,0x12,0x95,0x5d,0x9b,0xeb,0xbf,0x92,0x8f,0xdc,0xc3,0x1c,0xce,0x32,0x8d,0x5b,0x93,0x84,0xf2,0x1c,0x89,0x41,0xca,0x26,0xe2,0x3,0x91 --https-pin=0x5a,0x88,0x96,0x47,0x22,0xe,0x54,0xd6,0xbd,0x8a,0x16,0x81,0x72,0x24,0x52,0xb,0xb5,0xc7,0x8e,0x58,0x98,0x4b,0xd5,0x70,0x50,0x63,0x88,0xb9,0xde,0xf,0x7,0x5f --https-pin=0xfe,0xa2,0xb7,0xd6,0x45,0xfb,0xa7,0x3d,0x75,0x3c,0x1e,0xc9,0xa7,0x87,0xc,0x40,0xe1,0xf7,0xb0,0xc5,0x61,0xe9,0x27,0xb9,0x85,0xbf,0x71,0x18,0x66,0xe3,0x6f,0x22 --https-pin=0x76,0xee,0x85,0x90,0x37,0x4c,0x71,0x54,0x37,0xbb,0xca,0x6b,0xba,0x60,0x28,0xea,0xdd,0xe2,0xdc,0x6d,0xbb,0xb8,0xc3,0xf6,0x10,0xe8,0x51,0xf1,0x1d,0x1a,0xb7,0xf5 --https-pin=0x6d,0xbf,0xae,0x0,0xd3,0x7b,0x9c,0xd7,0x3f,0x8f,0xb4,0x7d,0xe6,0x59,0x17,0xaf,0x0,0xe0,0xdd,0xdf,0x42,0xdb,0xce,0xac,0x20,0xc1,0x7c,0x2,0x75,0xee,0x20,0x95 --https-pin=0x1e,0xa3,0xc5,0xe4,0x3e,0xd6,0x6c,0x2d,0xa2,0x98,0x3a,0x42,0xa4,0xa7,0x9b,0x1e,0x90,0x67,0x86,0xce,0x9f,0x1b,0x58,0x62,0x14,0x19,0xa0,0x4,0x63,0xa8,0x7d,0x38 --https-pin=0x87,0xaf,0x34,0xd6,0x6f,0xb3,0xf2,0xfd,0xf3,0x6e,0x9,0x11,0x1e,0x9a,0xba,0x2f,0x6f,0x44,0xb2,0x7,0xf3,0x86,0x3f,0x3d,0xb,0x54,0xb2,0x50,0x23,0x90,0x9a,0xa5 --https-pin=0xbc,0xfb,0x44,0xaa,0xb9,0xad,0x2,0x10,0x15,0x70,0x6b,0x41,0x21,0xea,0x76,0x1c,0x81,0xc9,0xe8,0x89,0x67,0x59,0xf,0x6f,0x94,0xae,0x74,0x4d,0xc8,0x8b,0x78,0xfb --https-pin=0xab,0x98,0x49,0x52,0x76,0xad,0xf1,0xec,0xaf,0xf2,0x8f,0x35,0xc5,0x30,0x48,0x78,0x1e,0x5c,0x17,0x18,0xda,0xb9,0xc8,0xe6,0x7a,0x50,0x4f,0x4f,0x6a,0x51,0x32,0x8f --https-pin=0x49,0x5,0x46,0x66,0x23,0xab,0x41,0x78,0xbe,0x92,0xac,0x5c,0xbd,0x65,0x84,0xf7,0xa1,0xe1,0x7f,0x27,0x65,0x2d,0x5a,0x85,0xaf,0x89,0x50,0x4e,0xa2,0x39,0xaa,0xaa --https-pin=0x56,0x32,0xd9,0x7b,0xfa,0x77,0x5b,0xf3,0xc9,0x9d,0xde,0xa5,0x2f,0xc2,0x55,0x34,0x10,0x86,0x40,0x16,0x72,0x9c,0x52,0xdd,0x65,0x24,0xc8,0xa9,0xc3,0xb4,0x48,0x9f --https-pin=0x2a,0x8f,0x2d,0x8a,0xf0,0xeb,0x12,0x38,0x98,0xf7,0x4c,0x86,0x6a,0xc3,0xfa,0x66,0x90,0x54,0xe2,0x3c,0x17,0xbc,0x7a,0x95,0xbd,0x2,0x34,0x19,0x2d,0xc6,0x35,0xd0 --https-pin=0x32,0xb6,0x4b,0x66,0x72,0x7a,0x20,0x63,0xe4,0x6,0x6f,0x3b,0x95,0x8c,0xb0,0xaa,0xee,0x57,0x6a,0x5e,0xce,0xfd,0x95,0x33,0x99,0xbb,0x88,0x74,0x73,0x1d,0x95,0x87 --https-pin=0xf5,0x3c,0x22,0x5,0x98,0x17,0xdd,0x96,0xf4,0x0,0x65,0x16,0x39,0xd2,0xf8,0x57,0xe2,0x10,0x70,0xa5,0x9a,0xbe,0xd9,0x7,0x94,0x0,0xd9,0xf6,0x95,0x50,0x69,0x0 --https-pin=0x67,0xdc,0x4f,0x32,0xfa,0x10,0xe7,0xd0,0x1a,0x79,0xa0,0x73,0xaa,0xc,0x9e,0x2,0x12,0xec,0x2f,0xfc,0x3d,0x77,0x9e,0xa,0xa7,0xf9,0xc0,0xf0,0xe1,0xc2,0xc8,0x93 --https-pin=0x19,0x6,0xc6,0x12,0x4d,0xbb,0x43,0x85,0x78,0xd0,0xe,0x6,0x6d,0x50,0x54,0xc6,0xc3,0x7f,0xf,0xa6,0x2,0x8c,0x5,0x54,0x5e,0x9,0x94,0xed,0xda,0xec,0x86,0x29 --https-pin=0x1d,0x75,0xd0,0x83,0x1b,0x9e,0x8,0x85,0x39,0x4d,0x32,0xc7,0xa1,0xbf,0xdb,0x3d,0xbc,0x1c,0x28,0xe2,0xb0,0xe8,0x39,0x1f,0xb1,0x35,0x98,0x1d,0xbc,0x5b,0xa9,0x36 --annotation=host_int_account1_boot=13263226289 --annotation=machine_id=c97b1ce1-12c0-5c2a-93d1-9714a6892394 --annotation=platform=mac --annotation=platform_version=12.6.2 --handshake-fd=4
diegocaro          532   0.0  0.2 34408372  40460   ??  S     8:58AM   0:04.30 /System/Library/CoreServices/ControlStrip.app/Contents/MacOS/ControlStrip
diegocaro          531   0.0  0.0 33829472   5668   ??  S     8:58AM   0:00.06 /System/Library/CoreServices/APFSUserAgent
diegocaro          530   0.0  0.3 33966848  43324   ??  S     8:58AM   0:03.88 /System/Library/PrivateFrameworks/IMDPersistence.framework/XPCServices/IMDPersistenceAgent.xpc/Contents/MacOS/IMDPersistenceAgent
diegocaro          529   0.0  0.1 33836164  13744   ??  S     8:58AM   0:00.28 /System/Library/PrivateFrameworks/CallHistory.framework/Support/CallHistoryPluginHelper
diegocaro          528   0.0  0.1 33881356  18952   ??  S     8:58AM   0:00.29 /System/Library/CoreServices/TextInputSwitcher.app/Contents/MacOS/TextInputSwitcher
diegocaro          527   0.0  0.1 34020612  22328   ??  Ss    8:58AM   0:00.54 /Applications/Dropbox.app/Contents/PlugIns/garcon.appex/Contents/MacOS/garcon -AppleLanguages ("en-CL", "es-CL")
diegocaro          524   0.0  0.1 33845448  23056   ??  S     8:58AM   0:01.20 /System/Library/Frameworks/CoreTelephony.framework/Support/CommCenter -L
diegocaro          522   0.0  0.1 33833692  15240   ??  S     8:58AM   0:00.62 /System/Library/PrivateFrameworks/AppleMediaServices.framework/Resources/amsaccountsd
diegocaro          520   0.0  0.1 34395788  20924   ??  S     8:58AM   0:00.82 /System/Library/CoreServices/TextInputMenuAgent.app/Contents/MacOS/TextInputMenuAgent
diegocaro          519   0.0  0.0 33830380   7976   ??  S     8:58AM   0:00.48 /System/Library/CoreServices/diagnostics_agent
diegocaro          518   0.0  0.1 33831504  19192   ??  S     8:58AM   0:00.58 /System/Library/CoreServices/cloudpaird
diegocaro          516   0.0  0.1 33842052  22584   ??  S     8:58AM   0:01.45 /System/Library/PrivateFrameworks/IMCore.framework/imagent.app/Contents/MacOS/imagent
diegocaro          515   0.0  0.1 34293792  13656   ??  S     8:58AM   0:00.19 /System/Library/CoreServices/AirPlayUIAgent.app/Contents/MacOS/AirPlayUIAgent --launchd
diegocaro          513   0.0  0.1 33833996  13116   ??  S     8:58AM   0:00.45 /System/Library/PrivateFrameworks/AskPermission.framework/Versions/A/Resources/askpermissiond
diegocaro          512   0.0  0.0 33829572   7868   ??  S     8:58AM   0:00.34 /System/Library/Image Capture/Support/icdd
diegocaro          509   0.0  0.1 33838228  24868   ??  S     8:58AM   0:01.09 /usr/libexec/routined LAUNCHED_BY_LAUNCHD
diegocaro          508   0.0  0.1 33840356  13200   ??  S     8:58AM   0:00.55 /System/Library/PrivateFrameworks/CoreSpeech.framework/corespeechd
root               507   0.0  0.0 33836976   7016   ??  Ss    8:58AM   0:00.19 /usr/sbin/systemsoundserverd
diegocaro          505   0.0  0.1 34288728  16640   ??  S     8:58AM   0:00.19 /usr/libexec/avconferenced
diegocaro          504   0.0  0.2 33842812  29372   ??  S     8:58AM   0:01.37 /System/Library/PrivateFrameworks/TelephonyUtilities.framework/callservicesd
diegocaro          503   0.0  0.1 33829956   8484   ??  S     8:58AM   0:00.20 /System/Library/Frameworks/LocalAuthentication.framework/Support/coreauthd
diegocaro          502   0.0  0.1 33837828  24672   ??  Ss    8:58AM   0:01.40 /System/Library/PrivateFrameworks/CalendarNotification.framework/Versions/A/XPCServices/CalNCService.xpc/Contents/MacOS/CalNCService
diegocaro          500   0.0  0.2 34320212  39692   ??  Ss    8:58AM   0:00.87 /System/Library/CoreServices/Dock.app/Contents/XPCServices/com.apple.dock.extra.xpc/Contents/MacOS/com.apple.dock.extra
diegocaro          499   0.0  0.2 36563316  32572   ??  S     8:58AM   0:01.12 /System/Library/Frameworks/CoreServices.framework/Frameworks/Metadata.framework/Versions/A/Support/corespotlightd
diegocaro          497   0.0  0.0 33817904   5980   ??  S     8:58AM   0:00.02 /System/Library/CoreServices/Menu Extras/SafeEjectGPUExtra.menu/Contents/XPCServices/SafeEjectGPUService.xpc/Contents/MacOS/SafeEjectGPUService
diegocaro          496   0.0  0.0 34162980   3476   ??  S     8:58AM   0:00.01 SafeEjectGPUAgent
diegocaro          495   0.0  0.1 33858228  13408   ??  Ss    8:58AM   0:00.78 /System/Library/Input Methods/PressAndHold.app/Contents/PlugIns/PAH_Extension.appex/Contents/MacOS/PAH_Extension -AppleLanguages ("en-CL", "es-CL")
diegocaro          494   0.0  0.1 33831204   9656   ??  S     8:58AM   0:00.11 /System/Library/Frameworks/InputMethodKit.framework/Resources/imklaunchagent
diegocaro          493   0.0  0.0 33799904   8084   ??  S     8:58AM   0:00.07 /System/Library/Frameworks/Security.framework/Versions/A/Resources/CloudKeychainProxy.bundle/Contents/MacOS/CloudKeychainProxy
diegocaro          492   0.0  0.1 33830068   9972   ??  S     8:58AM   0:00.10 /System/Library/PrivateFrameworks/ProtectedCloudStorage.framework/Helpers/ProtectedCloudKeySyncing
diegocaro          491   0.0  0.0 33798904   6228   ??  S     8:58AM   0:00.09 /System/Library/PrivateFrameworks/CoreCDP.framework/Versions/A/Resources/cdpd
diegocaro          489   0.0  0.1 33867408  18408   ??  S     8:58AM   0:00.26 /System/Library/CoreServices/Keychain Circle Notification.app/Contents/MacOS/Keychain Circle Notification
diegocaro          488   0.0  0.1 33836544  15812   ??  S     8:58AM   0:00.31 /System/Library/PrivateFrameworks/ScreenTimeCore.framework/Versions/A/ScreenTimeAgent
diegocaro          487   0.0  0.1 33839020  11952   ??  Ss    8:58AM   0:00.91 /System/Library/PrivateFrameworks/CloudDocsDaemon.framework/XPCServices/ContainerMetadataExtractor.xpc/Contents/MacOS/ContainerMetadataExtractor
diegocaro          486   0.0  0.1 33950864  17348   ??  S     8:58AM   0:00.51 /System/Library/PreferencePanes/Displays.prefPane/Contents/Resources/MirrorDisplays.app/Contents/MacOS/MirrorDisplays
diegocaro          485   0.0  0.1 33842664  16952   ??  S     8:58AM   0:01.02 /System/Library/PrivateFrameworks/GeoServices.framework/Versions/A/XPCServices/com.apple.geod.xpc/Contents/MacOS/com.apple.geod
_ctkd              484   0.0  0.0 33791384   2788   ??  Ss    8:58AM   0:00.04 /System/Library/Frameworks/CryptoTokenKit.framework/ctkd -s
diegocaro          483   0.0  0.1 33829560  10896   ??  S     8:58AM   0:00.69 /System/Library/Frameworks/Contacts.framework/Support/contactsd
diegocaro          482   0.0  0.1 33835968  18080   ??  S     8:58AM   0:00.60 /System/Library/PrivateFrameworks/CommerceKit.framework/Versions/A/Resources/commerce
diegocaro          481   0.0  0.1 33829968   9024   ??  S     8:58AM   0:00.96 /usr/libexec/triald
diegocaro          480   0.0  0.0 33829780   4968   ??  S     8:58AM   0:00.10 /System/Library/CoreServices/pbs
diegocaro          478   0.0  0.1 34364176  16360   ??  S     8:58AM   0:00.32 /System/Library/Frameworks/QuickLookThumbnailing.framework/Support/com.apple.quicklook.ThumbnailsAgent
diegocaro          476   0.0  0.1 33836988  17564   ??  S     8:58AM   0:00.48 /System/Library/PrivateFrameworks/CoreParsec.framework/parsecd
diegocaro          475   0.0  0.0 33829592   5892   ??  S     8:58AM   0:00.22 /System/Library/Frameworks/CryptoTokenKit.framework/ctkd -tw
diegocaro          474   0.0  0.2 33844996  31588   ??  S     8:58AM   0:06.38 /usr/libexec/sharingd
diegocaro          473   0.0  0.0 33790860   3868   ??  S     8:58AM   0:00.05 /System/Library/Frameworks/CryptoTokenKit.framework/ctkahp.bundle/Contents/MacOS/ctkahp
diegocaro          472   0.0  0.2 34441696  35104   ??  S     8:58AM   0:00.90 /System/Library/CoreServices/Spotlight.app/Contents/MacOS/Spotlight
root               471   0.0  0.0 33799020   3448   ??  Ss    8:58AM   0:00.05 /System/Library/Frameworks/CryptoTokenKit.framework/ctkahp.bundle/Contents/MacOS/ctkahp -d
diegocaro          470   0.0  0.0 33830412   7224   ??  S     8:58AM   0:01.13 /System/Library/PrivateFrameworks/UserActivity.framework/Agents/useractivityd
diegocaro          467   0.0  0.0 33799432   3352   ??  S     8:58AM   0:00.12 /System/Library/PrivateFrameworks/BiomeStreams.framework/Support/BiomeAgent
diegocaro          466   0.0  0.1 33926612  19284   ??  S     8:58AM   0:00.72 /System/Library/CoreServices/iconservicesagent
diegocaro          465   0.0  0.1 33855888  16596   ??  S     8:58AM   0:03.80 /usr/libexec/nsurlsessiond
diegocaro          464   0.0  0.2 33855192  27504   ??  S     8:58AM   0:01.75 /System/Library/PrivateFrameworks/SyncedDefaults.framework/Support/syncdefaultsd
diegocaro          462   0.0  0.1 33846212  13384   ??  S     8:58AM   0:00.36 /System/Library/PrivateFrameworks/FileProvider.framework/Support/fileproviderd
diegocaro          461   0.0  0.1 33837888   8944   ??  S     8:58AM   0:00.08 /System/Library/PrivateFrameworks/AMPDevices.framework/Versions/A/Support/AMPDeviceDiscoveryAgent --launchd
diegocaro          459   0.0  0.1 33840948  19480   ??  S     8:58AM   0:08.01 /System/Library/PrivateFrameworks/CoreDuetContext.framework/Resources/ContextStoreAgent
root               458   0.0  0.0 33800588   4364   ??  Ss    8:58AM   0:00.03 automountd
diegocaro          457   0.0  0.0 33799528   3468   ??  S     8:58AM   0:01.38 /System/Library/Frameworks/ApplicationServices.framework/Versions/A/Frameworks/HIServices.framework/Versions/A/XPCServices/com.apple.hiservices-xpcservice.xpc/Contents/MacOS/com.apple.hiservices-xpcservice
diegocaro          456   0.0  0.2 34429152  37548   ??  S     8:58AM   0:01.46 /System/Library/CoreServices/NotificationCenter.app/Contents/MacOS/NotificationCenter
diegocaro          455   0.0  0.1 33847792  24732   ??  S     8:58AM   0:01.00 /System/Library/PrivateFrameworks/DoNotDisturbServer.framework/Support/donotdisturbd
diegocaro          454   0.0  0.1 33840724  11432   ??  S     8:58AM   0:01.06 /System/Library/CoreServices/sharedfilelistd
diegocaro          453   0.0  0.0 33830096   7772   ??  S     8:58AM   0:00.08 /System/Library/PrivateFrameworks/UsageTracking.framework/Versions/A/UsageTrackingAgent
diegocaro          452   0.0  0.2 34101420  33676   ??  S     8:58AM   0:02.26 /System/Library/PrivateFrameworks/AppleMediaServicesUI.framework/amsengagementd
diegocaro          450   0.0  0.1 33835056  10128   ??  S     8:58AM   0:00.30 /usr/libexec/dmd
diegocaro          449   0.0  0.2 33843344  36108   ??  S     8:58AM   0:01.98 /System/Library/PrivateFrameworks/HomeKitDaemon.framework/Support/homed
diegocaro          448   0.0  0.3 33860788  52612   ??  S     8:58AM   0:07.70 /System/Library/PrivateFrameworks/CalendarAgent.framework/Executables/CalendarAgent
diegocaro          447   0.0  0.1 33829524  19804   ??  S     8:58AM   0:01.01 /usr/libexec/containermanagerd --runmode=agent --bundle-container-mode=global --bundle-container-owner=_appinstalld --system-container-mode=none
diegocaro          446   0.0  0.1 33841696  17884   ??  S     8:58AM   0:00.76 /usr/sbin/usernoted
diegocaro          445   0.0  0.1 33852816   8824   ??  S     8:58AM   0:00.80 /System/Library/Frameworks/ApplicationServices.framework/Versions/A/Frameworks/ATS.framework/Versions/A/Support/fontworker
diegocaro          444   0.0  0.1 33842336  22852   ??  S     8:58AM   0:03.14 /System/Library/PrivateFrameworks/CloudDocsDaemon.framework/Versions/A/Support/bird
diegocaro          443   0.0  0.1 33844296  17564   ??  S     8:58AM   0:00.66 /System/Library/PrivateFrameworks/VoiceShortcuts.framework/Versions/A/Support/siriactionsd
root               442   0.0  0.0 33809692   8092   ??  Ss    8:58AM   0:00.11 /usr/sbin/filecoordinationd
diegocaro          441   0.0  0.2 33863676  29668   ??  S     8:58AM   0:03.11 /System/Library/PrivateFrameworks/IDS.framework/identityservicesd.app/Contents/MacOS/identityservicesd
diegocaro          440   0.0  0.1 34371748  18904   ??  S     8:58AM   0:00.26 /System/Library/PrivateFrameworks/AppSSO.framework/Support/AppSSOAgent.app/Contents/MacOS/AppSSOAgent
diegocaro          439   0.0  0.2 33854872  29316   ??  S     8:58AM   0:07.92 /System/Library/PrivateFrameworks/CloudKitDaemon.framework/Support/cloudd
diegocaro          438   0.0  0.0 33830324   7948   ??  S     8:58AM   0:00.26 /usr/libexec/secinitd
diegocaro          437   0.0  0.1 33839268  15512   ??  S     8:58AM   0:01.19 /usr/libexec/pkd
diegocaro          436   0.0  0.1 34273500  14596   ??  Ss    8:58AM   0:00.32 /System/Library/Frameworks/QuickLookUI.framework/Versions/A/XPCServices/QuickLookUIService.xpc/Contents/MacOS/QuickLookUIService
diegocaro          435   0.0  0.1 33837192  13780   ??  S     8:58AM   0:00.55 /System/Library/PrivateFrameworks/AuthKit.framework/Versions/A/Support/akd
diegocaro          434   0.0  0.1 33831012  13840   ??  S     8:58AM   0:01.35 /System/Library/Frameworks/ApplicationServices.framework/Frameworks/ATS.framework/Support/fontd
diegocaro          433   0.0  0.1 33830116  17872   ??  S     8:58AM   0:01.58 /usr/libexec/rapportd
diegocaro          432   0.0  0.1 33831092  10020   ??  S     8:58AM   0:03.19 /System/Library/PrivateFrameworks/ViewBridge.framework/Versions/A/XPCServices/ViewBridgeAuxiliary.xpc/Contents/MacOS/ViewBridgeAuxiliary
diegocaro          431   0.0  0.0 33801468   5568   ??  S     8:58AM   0:00.39 /usr/libexec/pboard
diegocaro          430   0.0  0.0 33830540   8240   ??  S     8:58AM   0:00.08 /System/Library/CoreServices/backgroundtaskmanagementagent
diegocaro          429   0.0  0.1 34380096  20456   ??  S     8:58AM   0:20.85 /System/Library/PrivateFrameworks/UniversalAccess.framework/Versions/A/Resources/AXVisualSupportAgent.app/Contents/MacOS/AXVisualSupportAgent launchd -s
diegocaro          428   0.0  0.1 33840944  23628   ??  S     8:58AM   0:01.98 /System/Library/Frameworks/Security.framework/Versions/A/XPCServices/TrustedPeersHelper.xpc/Contents/MacOS/TrustedPeersHelper
diegocaro          427   0.0  0.3 33998808  42104   ??  S     8:58AM   0:04.09 /System/Library/Frameworks/Accounts.framework/Versions/A/Support/accountsd
diegocaro          426   0.0  0.0 33799428   2260   ??  S     8:58AM   0:00.01 /System/Library/Frameworks/CoreServices.framework/Versions/A/Frameworks/CarbonCore.framework/Versions/A/XPCServices/csnameddatad.xpc/Contents/MacOS/csnameddatad
diegocaro          425   0.0  0.1 33877888  17868   ??  S     8:58AM   0:00.40 /System/Library/CoreServices/PowerChime.app/Contents/MacOS/PowerChime
diegocaro          424   0.0  0.1 33839584  16552   ??  S     8:58AM   0:05.88 /usr/libexec/trustd --agent
diegocaro          423   0.0  0.3 33856116  45760   ??  S     8:58AM   0:10.74 /usr/libexec/secd
diegocaro          420   0.0  0.2 33880500  30880   ??  S     8:58AM   0:00.69 /System/Library/PrivateFrameworks/iTunesCloud.framework/Support/itunescloudd
diegocaro          419   0.0  0.9 34608812 148308   ??  S     8:58AM   0:24.65 /System/Library/CoreServices/Finder.app/Contents/MacOS/Finder
diegocaro          418   0.0  0.1 33840344  11448   ??  S     8:58AM   0:01.63 /System/Library/PrivateFrameworks/TCC.framework/Support/tccd
diegocaro          417   0.0  0.2 34392624  27852   ??  S     8:58AM   0:00.61 /System/Library/CoreServices/SystemUIServer.app/Contents/MacOS/SystemUIServer
diegocaro          416   0.0  0.3 34451788  53732   ??  S     8:58AM   0:05.38 /System/Library/CoreServices/ControlCenter.app/Contents/MacOS/ControlCenter
diegocaro          415   0.0  0.4 34344812  66436   ??  S     8:58AM   0:05.34 /System/Library/CoreServices/Dock.app/Contents/MacOS/Dock
diegocaro          414   0.0  0.1 33867784  14984   ??  S     8:58AM   0:00.24 /System/Library/CoreServices/talagent
diegocaro          413   0.0  0.1 33839456  13172   ??  S     8:58AM   0:01.28 /usr/libexec/lsd
diegocaro          412   0.0  0.2 33843096  33012   ??  S     8:58AM   0:01.78 /usr/libexec/knowledge-agent
diegocaro          411   0.0  0.1 34273268  12520   ??  S     8:58AM   0:00.74 /usr/sbin/universalaccessd launchd -s
diegocaro          410   0.0  0.1 33842856  13664   ??  S     8:58AM   0:00.48 /System/Library/PrivateFrameworks/CloudServices.framework/Helpers/com.apple.sbd
_gamecontrollerd   408   0.0  0.0 33829324   7064   ??  Ss    8:58AM   0:01.00 /usr/libexec/gamecontrollerd
diegocaro          407   0.0  0.1 33832244  15984   ??  S     8:58AM   0:01.58 /usr/libexec/UserEventAgent (Aqua)
_netbios           406   0.0  0.0 33799800   4788   ??  SNs   8:58AM   0:00.14 /usr/sbin/netbiosd
root               405   0.0  0.0 33754456   1948   ??  Ss    8:58AM   0:00.02 /usr/libexec/securityd_service
diegocaro          404   0.0  0.0 33800832   5336   ??  S     8:58AM   0:04.51 /usr/sbin/cfprefsd agent
root               401   0.0  0.1 33829844   8592   ??  Ss    8:58AM   0:00.12 /System/Library/Frameworks/LocalAuthentication.framework/Support/coreauthd
_appleevents       397   0.0  0.0 33697508   1236   ??  S     8:58AM   0:00.36 /usr/sbin/distnoted agent
root               395   0.0  0.0 33759664   5072   ??  Ss    8:58AM   0:00.04 /System/Library/Frameworks/GSS.framework/Helpers/GSSCred
root               392   0.0  0.0 33764648   2732   ??  Ss    8:58AM   0:00.02 /System/Library/PrivateFrameworks/AccountPolicy.framework/XPCServices/com.apple.AccountPolicyHelper.xpc/Contents/MacOS/com.apple.AccountPolicyHelper
_captiveagent      391   0.0  0.0 33800168   3792   ??  Ss    8:58AM   0:00.06 /usr/libexec/captiveagent
_fpsd              390   0.0  0.0 33801300   4164   ??  Ss    8:58AM   0:00.28 /System/Library/PrivateFrameworks/CoreADI.framework/adid
root               388   0.0  0.0 33763100   4860   ??  Ss    8:58AM   0:00.04 /usr/libexec/bootinstalld
root               387   0.0  0.0 33831036   4716   ??  S     8:58AM   0:00.17 /usr/sbin/systemstats --logger-helper /private/var/db/systemstats
root               386   0.0  0.1 33830356   8844   ??  S     8:58AM   0:02.14 /System/Library/PrivateFrameworks/ViewBridge.framework/Versions/A/XPCServices/ViewBridgeAuxiliary.xpc/Contents/MacOS/ViewBridgeAuxiliary
root               385   0.0  0.0 33833656   6488   ??  Ss    8:58AM   0:00.10 /usr/libexec/symptomsd-diag
root               384   0.0  0.0 33758176   2276   ??  Ss    8:58AM   0:01.25 /usr/libexec/sysmond
root               383   0.0  0.1 33833344  10468   ??  Ss    8:58AM   0:00.21 /System/Library/PrivateFrameworks/AuthKit.framework/Versions/A/Support/akd
_appleevents       372   0.0  0.0 33829988   6300   ??  Ss    8:58AM   0:00.14 /System/Library/CoreServices/appleeventsd --server
root               371   0.0  0.0 33798908   3380   ??  Ss    8:58AM   0:00.03 /usr/libexec/colorsyncd
root               370   0.0  0.0 33799212   4368   ??  Ss    8:58AM   0:00.05 /usr/libexec/colorsync.displayservices
_applepay          367   0.0  0.0 33826664   7480   ??  Ss    8:58AM   0:00.20 /usr/libexec/nfcd
root               366   0.0  0.0 33828984   3828   ??  Ss    8:58AM   0:00.04 /usr/libexec/biokitaggdd
root               365   0.0  0.0 33754064   2760   ??  Ss    8:58AM   0:00.01 /usr/sbin/BlueTool -R
root               364   0.0  0.0 33788760   4124   ??  Ss    8:58AM   0:00.04 /usr/libexec/secinitd
_windowserver      363   0.0  0.0 33697508   1236   ??  S     8:58AM   0:00.37 /usr/sbin/distnoted agent
_hidd              361   0.0  0.0 33790728   2536   ??  Ss    8:58AM   0:00.12 /usr/libexec/hidd
root               359   0.0  0.0 33702680   2976   ??  Ss    8:58AM   0:00.02 /usr/libexec/thermald
root               356   0.0  0.0 33786096   7264   ??  Ss    8:58AM   0:00.05 /usr/libexec/wifip2pd
root               355   0.0  0.1 33831764  17636   ??  Ss    8:58AM   0:01.16 /usr/libexec/wifianalyticsd
_spotlight         352   0.0  0.0 33697508   1236   ??  S     8:58AM   0:00.39 /usr/sbin/distnoted agent
_fud               349   0.0  0.0 33697508   1244   ??  S     8:58AM   0:00.42 /usr/sbin/distnoted agent
root               343   0.0  0.0 33727944   5652   ??  Ss    8:58AM   0:00.01 /System/Library/PrivateFrameworks/WiFiPolicy.framework/XPCServices/WiFiCloudAssetsXPCService.xpc/Contents/MacOS/WiFiCloudAssetsXPCService
root               341   0.0  1.1 38236000 179352   ??  Ss    8:58AM  28:42.79 /System/Library/Frameworks/CoreServices.framework/Frameworks/Metadata.framework/Versions/A/Support/mds_stores
root               340   0.0  0.0 33829696   6148   ??  Ss    8:58AM   0:01.54 /System/Library/CoreServices/backupd.bundle/Contents/Resources/backupd-helper -launchd
root               335   0.0  0.1 33830332   9144   ??  Ss    8:58AM   0:00.41 /usr/libexec/biometrickitd --launchd
root               334   0.0  0.0 33795304   4192   ??  Ss    8:58AM   0:00.17 /usr/libexec/mobileactivationd
root               333   0.0  0.0 33838916   5956   ??  Ss    8:58AM   0:00.20 /System/Library/CoreServices/SubmitDiagInfo server-init
root               332   0.0  0.0 33800396   5792   ??  Ss    8:58AM   0:00.02 /System/Library/CoreServices/Software Update.app/Contents/Resources/suhelperd
_softwareupdate    331   0.0  0.0 33750340   1916   ??  Ss    8:58AM   0:00.01 /System/Library/PrivateFrameworks/BridgeOSSoftwareUpdate.framework/Support/bosUpdateProxy
root               330   0.0  0.0 33784336   3120   ??  Ss    8:58AM   0:00.12 /System/Library/PrivateFrameworks/CoreKDL.framework/Support/corekdld
_nsurlsessiond     329   0.0  0.0 33697508   1236   ??  S     8:58AM   0:00.44 /usr/sbin/distnoted agent
root               328   0.0  0.1 33853084  12808   ??  Ss    8:58AM   0:00.36 /usr/libexec/searchpartyd
_coreaudiod        326   0.0  0.0 33729796   1972   ??  Ss    8:58AM   0:00.01 /System/Library/Frameworks/CoreAudio.framework/Versions/A/XPCServices/com.apple.audio.DriverHelper.xpc/Contents/MacOS/com.apple.audio.DriverHelper
_cmiodalassistants   325   0.0  0.0 33831068   6280   ??  Ss    8:58AM   0:01.08 /System/Library/Frameworks/CoreMediaIO.framework/Versions/A/Resources/UVCAssistant.systemextension/Contents/MacOS/UVCAssistant
_coreaudiod        324   0.0  0.0 33738312   5996   ??  Ss    8:58AM   0:00.03 /System/Library/Frameworks/AudioToolbox.framework/XPCServices/com.apple.audio.SandboxHelper.xpc/Contents/MacOS/com.apple.audio.SandboxHelper
_locationd         323   0.0  0.0 33821332   4588   ??  S     8:58AM   0:00.04 /usr/libexec/containermanagerd --runmode=agent --bundle-container-mode=global --bundle-container-owner=_appinstalld --system-container-mode=none
root               322   0.0  0.0 33783104   4328   ??  Ss    8:58AM   0:00.04 /System/Library/Frameworks/AudioToolbox.framework/AudioComponentRegistrar -daemon
_locationd         321   0.0  0.0 33832376   7512   ??  S     8:58AM   0:00.12 /usr/libexec/trustd --agent
_locationd         320   0.0  0.0 33750292   1540   ??  S     8:58AM   0:00.01 /usr/sbin/cfprefsd agent
_softwareupdate    319   0.0  0.0 33697508   1252   ??  S     8:58AM   0:00.44 /usr/sbin/distnoted agent
root               318   0.0  0.0 33814032   4968   ??  Ss    8:58AM   0:00.07 /System/Library/PrivateFrameworks/MobileSoftwareUpdate.framework/Versions/A/XPCServices/com.apple.MobileSoftwareUpdate.CleanupPreparePathService.xpc/Contents/MacOS/com.apple.MobileSoftwareUpdate.CleanupPreparePathService
_locationd         317   0.0  0.0 33813352   4068   ??  S     8:58AM   0:00.04 /usr/libexec/secinitd
_locationd         316   0.0  0.0 33697508   1308   ??  S     8:58AM   0:00.53 /usr/sbin/distnoted agent
_locationd         315   0.0  0.1 33838664  14620   ??  S     8:58AM   0:00.46 /System/Library/PrivateFrameworks/GeoServices.framework/Versions/A/XPCServices/com.apple.geod.xpc/Contents/MacOS/com.apple.geod
_coreaudiod        314   0.0  0.0 33830596   5040   ??  Ss    8:58AM   0:00.76 Core Audio Driver (MSTeamsAudioDevice.driver)
root               312   0.0  0.0 33829508   5212   ??  Ss    8:58AM   0:00.08 /usr/libexec/containermanagerd --runmode=agent --bundle-container-mode=global --bundle-container-owner=_appinstalld --system-container-mode=none
root               291   0.0  0.0 33737988   1892   ??  S     8:58AM   0:00.01 /System/Library/Frameworks/CoreServices.framework/Versions/A/Frameworks/CarbonCore.framework/Versions/A/XPCServices/csnameddatad.xpc/Contents/MacOS/csnameddatad
root               290   0.0  0.0 33790716   3380   ??  Ss    8:58AM   0:00.04 /System/Library/PrivateFrameworks/SystemStatusServer.framework/Support/systemstatusd
_coreaudiod        288   0.0  0.0 33697508   1236   ??  S     8:58AM   0:00.43 /usr/sbin/distnoted agent
root               285   0.0  0.0 33799432   3924   ??  Ss    8:58AM   0:00.29 /System/Library/Frameworks/Security.framework/Versions/A/XPCServices/com.apple.CodeSigningHelper.xpc/Contents/MacOS/com.apple.CodeSigningHelper
root               284   0.0  0.0 33830356   6768   ??  Ss    8:58AM   0:05.23 /usr/libexec/ApplicationFirewall/socketfilterfw
root               283   0.0  0.0 33830372   5504   ??  Ss    8:58AM   0:00.06 /System/Library/PrivateFrameworks/WirelessDiagnostics.framework/Support/awdd
_cmiodalassistants   279   0.0  0.0 33831172   5164   ??  Ss    8:58AM   0:00.09 /System/Library/Frameworks/CoreMediaIO.framework/Resources/VDC.plugin/Contents/Resources/VDCAssistant
_softwareupdate    278   0.0  0.4 34098564  71244   ??  Ss    8:58AM   0:07.94 /System/Library/CoreServices/Software Update.app/Contents/Resources/softwareupdated
root               277   0.0  0.0 33828628   4284   ??  Ss    8:58AM   0:00.14 /usr/libexec/usbd
root               276   0.0  0.1 33843784  21996   ??  Ss    8:58AM   0:12.31 /usr/libexec/airportd
root               275   0.0  0.0 33792664   5772   ??  Ss    8:58AM   0:00.10 /System/Library/CoreServices/backupd.bundle/Contents/Resources/backupd
root               274   0.0  0.1 33804924   8484   ??  Ss    8:58AM   0:00.23 /usr/libexec/diskmanagementd
root               273   0.0  0.0 33798972   3752   ??  Ss    8:58AM   0:00.09 /usr/libexec/apfsd
root               272   0.0  0.1 33839480  15312   ??  Ss    8:58AM   0:01.35 /usr/libexec/lsd runAsRoot
_nsurlsessiond     271   0.0  0.1 33840720  13364   ??  Ss    8:58AM   0:01.55 /usr/libexec/nsurlsessiond --privileged
root               264   0.0  0.0 33765148   3064   ??  Ss    8:58AM   0:00.02 /System/Library/CryptoTokenKit/com.apple.ifdreader.slotd/Contents/MacOS/com.apple.ifdreader
root               259   0.0  0.0 33740696   1752   ??  Ss    8:58AM   0:00.02 /usr/libexec/multiversed
root               253   0.0  0.0 33821668   5864   ??  Ss    8:58AM   0:00.72 /usr/sbin/mDNSResponderHelper
root               251   0.0  0.0 33757524   1976   ??  Ss    8:58AM   0:00.01 /System/Library/Frameworks/NetFS.framework/Versions/A/XPCServices/PlugInLibraryService.xpc/Contents/MacOS/PlugInLibraryService
root               246   0.0  0.0 33829904   4712   ??  Ss    8:58AM   0:00.05 /System/Library/Frameworks/SystemExtensions.framework/Versions/A/Helpers/sysextd
_cmiodalassistants   240   0.0  0.0 33697508   1244   ??  S     8:58AM   0:00.43 /usr/sbin/distnoted agent
_mdnsresponder     235   0.0  0.1 33843500  14840   ??  Ss    8:58AM   0:09.57 /usr/sbin/mDNSResponder
root               223   0.0  0.2 33839136  27672   ??  Ss    8:58AM   0:10.78 /usr/libexec/mobileassetd
root               215   0.0  0.1 33832572  14136   ??  Ss    8:58AM   0:00.32 /usr/libexec/findmydeviced
root               210   0.0  0.0 33758184   2004   ??  Ss    8:58AM   0:00.17 /usr/libexec/logd_helper
_networkd          207   0.0  0.1 33844060  13628   ??  Ss    8:58AM   0:03.64 /usr/libexec/symptomsd
root               206   0.0  0.1 33829356   9180   ??  Ss    8:58AM   0:00.57 /usr/libexec/nehelper
_coreaudiod        204   0.0  0.2 33861988  35280   ??  Ss    8:58AM   3:38.76 /usr/sbin/coreaudiod
root               199   0.0  0.1 33841732  11656   ??  Ss    8:58AM   0:10.10 /usr/libexec/runningboardd
root               197   0.0  0.0 33697508   1340   ??  S     8:58AM   0:00.52 /usr/sbin/distnoted agent
root               192   0.0  0.2 33850492  35092   ??  Ss    8:58AM   0:05.60 /usr/libexec/syspolicyd
root               187   0.0  0.0 33831116   7844   ??  Ss    8:58AM   0:00.36 /System/Library/Frameworks/Security.framework/Versions/A/XPCServices/authd.xpc/Contents/MacOS/authd
root               184   0.0  0.0 33812736   5672   ??  Ss    8:58AM   0:00.29 /System/Library/CoreServices/coreservicesd
root               182   0.0  0.1 33832112  19364   ??  Ss    8:58AM   0:00.64 /usr/libexec/PowerUIAgent
root               181   0.0  0.1 33837720  19200   ??  Ss    8:58AM   0:09.45 /System/Library/PrivateFrameworks/CoreDuetContext.framework/Resources/contextstored
_trustd            180   0.0  0.1 33835936  14512   ??  Ss    8:58AM   0:07.63 /usr/libexec/trustd
diegocaro          179   0.0  0.3 34462660  52664   ??  Ss    8:58AM   0:03.72 /System/Library/CoreServices/loginwindow.app/Contents/MacOS/loginwindow console
_analyticsd        178   0.0  0.1 33838348  19092   ??  Ss    8:58AM   0:02.53 /System/Library/PrivateFrameworks/CoreAnalytics.framework/Support/analyticsd
root               175   0.0  0.0 33773560   1176   ??  Ss    8:58AM   0:00.02 aslmanager
root               174   0.0  0.1 33840316  13004   ??  Ss    8:58AM   0:03.05 /System/Library/PrivateFrameworks/TCC.framework/Support/tccd system
root               172   0.0  0.0 33799632   5556   ??  Ss    8:58AM   0:04.31 /usr/sbin/cfprefsd daemon
root               170   0.0  0.0 33829804   6308   ??  Ss    8:58AM   0:00.53 /usr/libexec/amfid
root               169   0.0  0.0 33798988   3544   ??  Ss    8:58AM   0:00.05 /System/Library/Frameworks/CoreMediaIO.framework/Versions/A/Resources/com.apple.cmio.registerassistantservice
root               168   0.0  0.1 33830852   8916   ??  Ss    8:58AM   0:01.28 /usr/libexec/AirPlayXPCHelper
root               167   0.0  0.1 33829876   9640   ??  Ss    8:58AM   0:01.29 /usr/libexec/corebrightnessd --launchd
root               166   0.0  0.0 33831492   7936   ??  Ss    8:58AM   0:00.27 /usr/libexec/sandboxd
root               164   0.0  0.1 33912088  19592   ??  Ss    8:58AM   0:15.61 /usr/sbin/bluetoothd
root               162   0.0  0.0 33750292   1672   ??  Ss    8:58AM   0:00.01 /usr/sbin/KernelEventAgent
root               161   0.0  0.0 33830472   5216   ??  Ss    8:58AM   0:00.09 /System/Library/PrivateFrameworks/GenerationalStorage.framework/Versions/A/Support/revisiond
root               160   0.0  0.0 33798968   4388   ??  Ss    8:58AM   0:00.07 /System/Library/CoreServices/logind
root               158   0.0  0.1 33842980  23072   ??  Ss    8:58AM   0:13.98 /usr/libexec/PerfPowerServices
root               157   0.0  0.0 33766820   2696   ??  Ss    8:58AM   0:00.05 /System/Library/PrivateFrameworks/AppleCredentialManager.framework/AppleCredentialManagerDaemon
root               154   0.0  0.1 33835600  13504   ??  Ss    8:58AM   0:06.07 /usr/libexec/dasd
_displaypolicyd    153   0.0  0.0 33769340   4960   ??  Ss    8:58AM   0:00.12 /usr/libexec/displaypolicyd -k 1
root               152   0.0  0.0 33749384   2336   ??  Ss    8:58AM   0:00.01 autofsd
_locationd         150   0.0  0.1 33845660  19628   ??  Ss    8:58AM   0:02.13 /usr/libexec/locationd
root               148   0.0  0.0 33741524   1608   ??  Ss    8:58AM   0:00.01 auditd -l
root               147   0.0  0.0 33831404   7740   ??  Ss    8:58AM   0:01.14 /usr/sbin/securityd -i
_usbmuxd           146   0.0  0.0 33835420   5880   ??  Ss    8:58AM   0:00.16 /System/Library/PrivateFrameworks/MobileDevice.framework/Versions/A/Resources/usbmuxd -launchd
_timed             145   0.0  0.0 33829524   4600   ??  Ss    8:58AM   0:00.43 /usr/libexec/timed
root               144   0.0  0.1 33832264  10852   ??  Ss    8:58AM   0:05.17 /System/Library/CoreServices/launchservicesd
root               143   0.0  0.0 34843276   4588   ??  Ss    8:58AM   0:00.04 /Library/PrivilegedHelperTools/com.docker.vmnetd
root               142   0.0  0.1 33847196  14140   ??  Ss    8:58AM   0:02.21 /System/Library/PrivateFrameworks/ApplePushService.framework/apsd
root               141   0.0  0.1 33859420  11856   ??  Ss    8:58AM   0:08.03 /usr/libexec/opendirectoryd
root               140   0.0  0.0 33739536   2052   ??  Ss    8:58AM   0:00.03 /usr/libexec/thermalmonitord
root               137   0.0  0.0 33800052   1592   ??  Ss    8:58AM   0:00.59 /usr/sbin/syslogd
root               136   0.0  0.2 33842356  27512   ??  Ss    8:58AM   0:02.40 /usr/libexec/coreduetd
root               133   0.0  0.0 33828708   4696   ??  Ss    8:58AM   0:01.18 /usr/libexec/diskarbitrationd
root               132   0.0  0.1 33835928  19356   ??  Ss    8:58AM   0:01.54 /usr/libexec/kernelmanagerd
_iconservices      131   0.0  0.0 33829688   4388   ??  Ss    8:58AM   0:00.05 /System/Library/CoreServices/iconservicesd
root               130   0.0  0.3 34051036  47660   ??  Ss    8:58AM   0:53.60 /System/Library/Frameworks/CoreServices.framework/Frameworks/Metadata.framework/Support/mds
root               126   0.0  0.0 33791300   3488   ??  Ss    8:58AM   0:00.64 /usr/libexec/watchdogd
_softwareupdate    123   0.0  0.0 33830444   6552   ??  Ss    8:58AM   0:00.12 /System/Library/PrivateFrameworks/MobileSoftwareUpdate.framework/Support/softwareupdated
root               122   0.0  0.0 33799536   4444   ??  Ss    8:58AM   0:00.20 /usr/libexec/keybagd -t 15
root               120   0.0  0.0 33843488   4664   ??  Ss    8:58AM   0:02.03 /usr/libexec/remoted
root               116   0.0  0.1 33831596   9180   ??  Ss    8:58AM   0:16.40 /System/Library/CoreServices/powerd.bundle/powerd
root               115   0.0  0.0 33741608   1752   ??  Ss    8:58AM   0:00.01 endpointsecurityd
root               114   0.0  0.1 33834436  10212   ??  Ss    8:58AM   0:01.96 /usr/libexec/configd
root               112   0.0  0.1 33843524  18376   ??  Ss    8:58AM   0:08.80 /usr/sbin/systemstats --daemon
root               110   0.0  0.1 33833048  17340   ??  Ss    8:58AM   0:01.87 /System/Library/PrivateFrameworks/MediaRemote.framework/Support/mediaremoted
root               109   0.0  0.0 33806148   6960   ??  Ss    8:58AM   0:16.66 /System/Library/Frameworks/CoreServices.framework/Versions/A/Frameworks/FSEvents.framework/Versions/A/Support/fseventsd
root               108   0.0  0.0 33724900   2392   ??  Ss    8:58AM   0:00.41 /System/Library/PrivateFrameworks/Uninstall.framework/Resources/uninstalld
root               105   0.0  0.1 33832072  12736   ??  Ss    8:58AM   0:02.53 /usr/libexec/UserEventAgent (System)
root               104   0.0  0.2 33918156  38688   ??  Ss    8:58AM   0:09.24 /usr/libexec/logd
root              8666   0.0  0.0 34123348   1180 s001  R+   12:17AM   0:00.00 ps aux
root                 1   0.0  0.1 34227704  19112   ??  Ss    8:58AM   0:21.81 /sbin/launchd
diegocaro         8644   0.0  0.0 34124420   1412 s001  S+   12:17AM   0:00.01 bash 02_processes.sh
diegocaro         8557   0.0  0.1 33745644  14024   ??  S    12:16AM   0:00.14 /System/Library/Frameworks/CoreServices.framework/Frameworks/Metadata.framework/Versions/A/Support/mdworker_shared -s mdworker -c MDSImporterWorker -m com.apple.mdworker.shared
diegocaro         8548   0.0  0.2 36087096  36012   ??  S    12:16AM   0:00.10 /Applications/Firefox.app/Contents/MacOS/plugin-container.app/Contents/MacOS/plugin-container -childID 130 -isForBrowser -prefsLen 34001 -prefMapSize 236340 -jsInitLen 246772 -sbStartup -sbAppPath /Applications/Firefox.app -sbLevel 3 -sbAllowAudio -parentBuildID 20230112150232 -appDir /Applications/Firefox.app/Contents/Resources/browser -profile /Users/diegocaro/Library/Application Support/Firefox/Profiles/hmig4z1v.default-release-1634876631779 {96312b99-aa70-404f-a865-d423a00a4eb6} 755 gecko-crash-server-pipe.755 org.mozilla.machname.1588965062 tab
diegocaro         8546   0.0  0.1 33752812  12608   ??  S    12:14AM   0:00.14 /System/Library/Frameworks/CoreServices.framework/Frameworks/Metadata.framework/Versions/A/Support/mdworker_shared -s mdworker -c MDSImporterWorker -m com.apple.mdworker.shared
diegocaro         8545   0.0  0.2 36107308  36292   ??  S    12:14AM   0:00.10 /Applications/Firefox.app/Contents/MacOS/plugin-container.app/Contents/MacOS/plugin-container -childID 129 -isForBrowser -prefsLen 34001 -prefMapSize 236340 -jsInitLen 246772 -sbStartup -sbAppPath /Applications/Firefox.app -sbLevel 3 -sbAllowAudio -parentBuildID 20230112150232 -appDir /Applications/Firefox.app/Contents/Resources/browser -profile /Users/diegocaro/Library/Application Support/Firefox/Profiles/hmig4z1v.default-release-1634876631779 {ab88a7ae-cabe-478c-9319-edc6aaa410e3} 755 gecko-crash-server-pipe.755 org.mozilla.machname.1256927236 tab
diegocaro         8544   0.0  0.2 36086828  36252   ??  S    12:14AM   0:00.10 /Applications/Firefox.app/Contents/MacOS/plugin-container.app/Contents/MacOS/plugin-container -childID 128 -isForBrowser -prefsLen 34001 -prefMapSize 236340 -jsInitLen 246772 -sbStartup -sbAppPath /Applications/Firefox.app -sbLevel 3 -sbAllowAudio -parentBuildID 20230112150232 -appDir /Applications/Firefox.app/Contents/Resources/browser -profile /Users/diegocaro/Library/Application Support/Firefox/Profiles/hmig4z1v.default-release-1634876631779 {9373bdf8-7b43-42cb-bad5-1dfbe2b1e33d} 755 gecko-crash-server-pipe.755 org.mozilla.machname.1692610788 tab
diegocaro         8542   0.0  0.1 33775336  12800   ??  S    12:13AM   0:00.10 /System/Library/Frameworks/CoreServices.framework/Frameworks/Metadata.framework/Versions/A/Support/mdworker_shared -s mdworker -c MDSImporterWorker -m com.apple.mdworker.shared
diegocaro         8518   0.0  0.6 36237856  97144   ??  S    12:04AM   0:01.15 /Applications/Firefox.app/Contents/MacOS/plugin-container.app/Contents/MacOS/plugin-container -childID 127 -isForBrowser -prefsLen 34001 -prefMapSize 236340 -jsInitLen 246772 -sbStartup -sbAppPath /Applications/Firefox.app -sbLevel 3 -sbAllowAudio -parentBuildID 20230112150232 -appDir /Applications/Firefox.app/Contents/Resources/browser -profile /Users/diegocaro/Library/Application Support/Firefox/Profiles/hmig4z1v.default-release-1634876631779 {9e8234fe-5ce3-4b58-a0cd-eb4d5e3c8f97} 755 gecko-crash-server-pipe.755 org.mozilla.machname.288199663 tab
diegocaro         8512   0.0  1.4 36426308 235716   ??  Ss   12:03AM   0:10.01 /Users/diegocaro/miniconda3/envs/datascience/bin/python -m ipykernel_launcher -f /Users/diegocaro/Library/Jupyter/runtime/kernel-15f211b3-97b0-43d5-abd5-515a746dfa74.json
diegocaro         8507   0.0  0.3 36115544  46872   ??  S    12:03AM   0:00.15 /Applications/Firefox.app/Contents/MacOS/plugin-container.app/Contents/MacOS/plugin-container -childID 126 -isForBrowser -prefsLen 34001 -prefMapSize 236340 -jsInitLen 246772 -sbStartup -sbAppPath /Applications/Firefox.app -sbLevel 3 -sbAllowAudio -parentBuildID 20230112150232 -appDir /Applications/Firefox.app/Contents/Resources/browser -profile /Users/diegocaro/Library/Application Support/Firefox/Profiles/hmig4z1v.default-release-1634876631779 {0104ab27-169d-4e3f-bc01-8dbd13de3950} 755 gecko-crash-server-pipe.755 org.mozilla.machname.261038734 tab
diegocaro         8506   0.0  0.3 36117252  49352   ??  S    12:03AM   0:00.19 /Applications/Firefox.app/Contents/MacOS/plugin-container.app/Contents/MacOS/plugin-container -childID 125 -isForBrowser -prefsLen 34001 -prefMapSize 236340 -jsInitLen 246772 -sbStartup -sbAppPath /Applications/Firefox.app -sbLevel 3 -sbAllowAudio -sbAllowFileAccess -parentBuildID 20230112150232 -appDir /Applications/Firefox.app/Contents/Resources/browser -profile /Users/diegocaro/Library/Application Support/Firefox/Profiles/hmig4z1v.default-release-1634876631779 {dcbe2dc8-54b3-41f4-aa12-249e56b60115} 755 gecko-crash-server-pipe.755 org.mozilla.machname.501867502 tab
diegocaro         8501   0.0  0.6 34258004  97508 s000  S+   12:03AM   0:02.63 /Users/diegocaro/miniconda3/envs/datascience/bin/python3.9 /Users/diegocaro/miniconda3/envs/datascience/bin/jupyter-notebook
diegocaro         6538   0.0  0.3 36135000  46876   ??  S    11:46PM   0:00.17 /Applications/Firefox.app/Contents/MacOS/plugin-container.app/Contents/MacOS/plugin-container -childID 124 -isForBrowser -prefsLen 34001 -prefMapSize 236340 -jsInitLen 246772 -sbStartup -sbAppPath /Applications/Firefox.app -sbLevel 3 -sbAllowAudio -parentBuildID 20230112150232 -appDir /Applications/Firefox.app/Contents/Resources/browser -profile /Users/diegocaro/Library/Application Support/Firefox/Profiles/hmig4z1v.default-release-1634876631779 {9b930ad7-456d-43b6-9c79-a544d211dd99} 755 gecko-crash-server-pipe.755 org.mozilla.machname.1525105359 tab
diegocaro         6532   0.0  0.3 36146080  56324   ??  S    11:46PM   0:00.76 /Applications/Firefox.app/Contents/MacOS/plugin-container.app/Contents/MacOS/plugin-container -childID 118 -isForBrowser -prefsLen 34001 -prefMapSize 236340 -jsInitLen 246772 -sbStartup -sbAppPath /Applications/Firefox.app -sbLevel 3 -sbAllowAudio -parentBuildID 20230112150232 -appDir /Applications/Firefox.app/Contents/Resources/browser -profile /Users/diegocaro/Library/Application Support/Firefox/Profiles/hmig4z1v.default-release-1634876631779 {97e0619c-adf8-437c-89bb-f279d86cd5d8} 755 gecko-crash-server-pipe.755 org.mozilla.machname.2091914555 tab
diegocaro         6531   0.0  0.3 36120432  50468   ??  S    11:46PM   0:00.76 /Applications/Firefox.app/Contents/MacOS/plugin-container.app/Contents/MacOS/plugin-container -childID 117 -isForBrowser -prefsLen 34001 -prefMapSize 236340 -jsInitLen 246772 -sbStartup -sbAppPath /Applications/Firefox.app -sbLevel 3 -sbAllowAudio -parentBuildID 20230112150232 -appDir /Applications/Firefox.app/Contents/Resources/browser -profile /Users/diegocaro/Library/Application Support/Firefox/Profiles/hmig4z1v.default-release-1634876631779 {400f2812-798f-47f0-96b1-0c23d51292da} 755 gecko-crash-server-pipe.755 org.mozilla.machname.1818706583 tab
diegocaro         6530   0.0  0.3 36133680  51752   ??  S    11:46PM   0:00.61 /Applications/Firefox.app/Contents/MacOS/plugin-container.app/Contents/MacOS/plugin-container -childID 116 -isForBrowser -prefsLen 34001 -prefMapSize 236340 -jsInitLen 246772 -sbStartup -sbAppPath /Applications/Firefox.app -sbLevel 3 -sbAllowAudio -parentBuildID 20230112150232 -appDir /Applications/Firefox.app/Contents/Resources/browser -profile /Users/diegocaro/Library/Application Support/Firefox/Profiles/hmig4z1v.default-release-1634876631779 {3bcc5751-6034-4fee-9d0f-42849664cfe8} 755 gecko-crash-server-pipe.755 org.mozilla.machname.406918883 tab
%%%	2023-01-25 00:17:31-0300	istats
--- CPU Stats ---
CPU temp:               39.56°C     

--- Fan Stats ---
Total fans in system:   2           
Fan 0 speed:            1838 RPM    
Fan 1 speed:            1704 RPM    

--- Battery Stats ---
Battery health:         Good        
Cycle count:            182           18.2%
Max cycles:             1000        
Current charge:         4029 mAh      52%
Maximum charge:         7841 mAh      89.2%
Design capacity:        8790 mAh    
Battery temp:           32.5°C      

For more stats run `istats extra` and follow the instructions.
%%%	2023-01-25 00:17:32-0300	processes
USER               PID  %CPU %MEM      VSZ    RSS   TT  STAT STARTED      TIME COMMAND
diegocaro         1074   5.7  1.3 34854616 216556   ??  S     8:10PM   2:09.01 /Applications/iTerm.app/Contents/MacOS/iTerm2
_windowserver      173   4.1  0.9 37221864 153820   ??  Ss    8:58AM  16:45.21 /System/Library/PrivateFrameworks/SkyLight.framework/Resources/WindowServer -daemon
diegocaro          755   1.3  5.2 46820320 869428   ??  S     8:59AM  24:00.95 /Applications/Firefox.app/Contents/MacOS/firefox -foreground
diegocaro          956   1.1  0.9 35005616 149500   ??  S     7:42PM   2:04.54 /System/Applications/Messages.app/Contents/MacOS/Messages
diegocaro          459   0.4  0.1 33841472  19492   ??  S     8:58AM   0:08.03 /System/Library/PrivateFrameworks/CoreDuetContext.framework/Resources/ContextStoreAgent
diegocaro         6536   0.4  0.8 36217024 134252   ??  S    11:46PM   0:15.63 /Applications/Firefox.app/Contents/MacOS/plugin-container.app/Contents/MacOS/plugin-container -childID 122 -isForBrowser -prefsLen 34001 -prefMapSize 236340 -jsInitLen 246772 -sbStartup -sbAppPath /Applications/Firefox.app -sbLevel 3 -sbAllowAudio -parentBuildID 20230112150232 -appDir /Applications/Firefox.app/Contents/Resources/browser -profile /Users/diegocaro/Library/Application Support/Firefox/Profiles/hmig4z1v.default-release-1634876631779 {89cb725c-bfaf-4a5d-90b0-9aa8701abb46} 755 gecko-crash-server-pipe.755 org.mozilla.machname.1300068392 tab
root               199   0.3  0.1 33841732  11672   ??  Ss    8:58AM   0:10.11 /usr/libexec/runningboardd
root               181   0.3  0.1 33837720  19204   ??  Ss    8:58AM   0:09.47 /System/Library/PrivateFrameworks/CoreDuetContext.framework/Resources/contextstored
diegocaro         1233   0.2  0.9 36205588 156568   ??  S    10:00PM   0:12.20 /Applications/Firefox.app/Contents/MacOS/plugin-container.app/Contents/MacOS/plugin-container -childID 74 -isForBrowser -prefsLen 33944 -prefMapSize 236340 -jsInitLen 246772 -sbStartup -sbAppPath /Applications/Firefox.app -sbLevel 3 -sbAllowAudio -parentBuildID 20230112150232 -appDir /Applications/Firefox.app/Contents/Resources/browser -profile /Users/diegocaro/Library/Application Support/Firefox/Profiles/hmig4z1v.default-release-1634876631779 {014b64a9-ec35-4e8e-b4d1-eb3b8fe26311} 755 gecko-crash-server-pipe.755 org.mozilla.machname.1364926033 tab
diegocaro         5936   0.2  3.3 36858424 553976   ??  S    11:33PM   3:16.85 /Applications/Firefox.app/Contents/MacOS/plugin-container.app/Contents/MacOS/plugin-container -childID 110 -isForBrowser -prefsLen 34001 -prefMapSize 236340 -jsInitLen 246772 -sbStartup -sbAppPath /Applications/Firefox.app -sbLevel 3 -sbAllowAudio -parentBuildID 20230112150232 -appDir /Applications/Firefox.app/Contents/Resources/browser -profile /Users/diegocaro/Library/Application Support/Firefox/Profiles/hmig4z1v.default-release-1634876631779 {d2c8aae2-9792-4af8-89d9-5178fd30059d} 755 gecko-crash-server-pipe.755 org.mozilla.machname.1812531228 tab
diegocaro          506   0.1  3.8 74826148 642876   ??  S     8:58AM   3:30.93 /Applications/Dropbox.app/Contents/MacOS/Dropbox
diegocaro         8501   0.1  0.6 34258004  97508 s000  S+   12:03AM   0:02.63 /Users/diegocaro/miniconda3/envs/datascience/bin/python3.9 /Users/diegocaro/miniconda3/envs/datascience/bin/jupyter-notebook
root               144   0.1  0.1 33832788  10856   ??  Ss    8:58AM   0:05.17 /System/Library/CoreServices/launchservicesd
diegocaro          582   0.1  0.1 34169208  24172   ??  Ss    8:58AM   0:03.80 /System/Library/Input Methods/EmojiFunctionRowIM.app/Contents/PlugIns/EmojiFunctionRowIM_Extension.appex/Contents/MacOS/EmojiFunctionRowIM_Extension -AppleLanguages ("en-CL", "es-CL")
diegocaro          629   0.1  0.8 72332304 140300   ??  S     8:58AM   0:38.14 /Applications/Dropbox.app/Contents/Frameworks/Dropbox Helper (Renderer).app/Contents/MacOS/Dropbox Helper (Renderer) --type=renderer --field-trial-handle=1718379636,13630346193156412841,415101620583637821,131072 --disable-features=CookiesWithoutSameSiteMustBeSecure,SameSiteByDefaultCookies,SpareRendererForSitePerProcess --lang=en-US --standard-schemes=dbx-local --secure-schemes=dbx-local --bypasscsp-schemes --cors-schemes --fetch-schemes --service-worker-schemes --streaming-schemes --app-path=/Applications/Dropbox.app/Contents/Resources/app.asar --enable-sandbox --num-raster-threads=4 --enable-zero-copy --enable-gpu-memory-buffer-compositor-resources --enable-main-frame-before-activation --renderer-client-id=4 --no-v8-untrusted-code-mitigations --shared-files --seatbelt-client=74
diegocaro         6530   0.0  0.3 36133680  51752   ??  S    11:46PM   0:00.61 /Applications/Firefox.app/Contents/MacOS/plugin-container.app/Contents/MacOS/plugin-container -childID 116 -isForBrowser -prefsLen 34001 -prefMapSize 236340 -jsInitLen 246772 -sbStartup -sbAppPath /Applications/Firefox.app -sbLevel 3 -sbAllowAudio -parentBuildID 20230112150232 -appDir /Applications/Firefox.app/Contents/Resources/browser -profile /Users/diegocaro/Library/Application Support/Firefox/Profiles/hmig4z1v.default-release-1634876631779 {3bcc5751-6034-4fee-9d0f-42849664cfe8} 755 gecko-crash-server-pipe.755 org.mozilla.machname.406918883 tab
diegocaro         6528   0.0  0.1 34243404   8480   ??  Ss   11:46PM   0:00.07 /System/Library/Frameworks/VideoToolbox.framework/Versions/A/XPCServices/VTDecoderXPCService.xpc/Contents/MacOS/VTDecoderXPCService
diegocaro         6527   0.0  0.4 36144032  71428   ??  S    11:46PM   0:01.04 /Applications/Firefox.app/Contents/MacOS/plugin-container.app/Contents/MacOS/plugin-container -childID 115 -isForBrowser -prefsLen 34001 -prefMapSize 236340 -jsInitLen 246772 -sbStartup -sbAppPath /Applications/Firefox.app -sbLevel 3 -sbAllowAudio -parentBuildID 20230112150232 -appDir /Applications/Firefox.app/Contents/Resources/browser -profile /Users/diegocaro/Library/Application Support/Firefox/Profiles/hmig4z1v.default-release-1634876631779 {9106d9e0-cd69-48d6-862a-f92880f14437} 755 gecko-crash-server-pipe.755 org.mozilla.machname.1745224177 tab
diegocaro         6526   0.0  0.1 34233164   8516   ??  Ss   11:46PM   0:00.06 /System/Library/Frameworks/VideoToolbox.framework/Versions/A/XPCServices/VTDecoderXPCService.xpc/Contents/MacOS/VTDecoderXPCService
diegocaro         6525   0.0  0.4 36139908  63756   ??  S    11:46PM   0:00.98 /Applications/Firefox.app/Contents/MacOS/plugin-container.app/Contents/MacOS/plugin-container -childID 114 -isForBrowser -prefsLen 34001 -prefMapSize 236340 -jsInitLen 246772 -sbStartup -sbAppPath /Applications/Firefox.app -sbLevel 3 -sbAllowAudio -parentBuildID 20230112150232 -appDir /Applications/Firefox.app/Contents/Resources/browser -profile /Users/diegocaro/Library/Application Support/Firefox/Profiles/hmig4z1v.default-release-1634876631779 {57688a01-1acd-4e42-a1bf-7a89707635ec} 755 gecko-crash-server-pipe.755 org.mozilla.machname.725749711 tab
diegocaro         6514   0.0  0.9 36329264 152928   ??  S    11:44PM   0:02.22 /Applications/Firefox.app/Contents/MacOS/plugin-container.app/Contents/MacOS/plugin-container -childID 113 -isForBrowser -prefsLen 34001 -prefMapSize 236340 -jsInitLen 246772 -sbStartup -sbAppPath /Applications/Firefox.app -sbLevel 3 -sbAllowAudio -parentBuildID 20230112150232 -appDir /Applications/Firefox.app/Contents/Resources/browser -profile /Users/diegocaro/Library/Application Support/Firefox/Profiles/hmig4z1v.default-release-1634876631779 {853a9dd1-e60a-4a0c-9b4f-f1202440cff8} 755 gecko-crash-server-pipe.755 org.mozilla.machname.64721737 tab
diegocaro         5937   0.0  0.3 36144012  50436   ??  S    11:33PM   0:00.63 /Applications/Firefox.app/Contents/MacOS/plugin-container.app/Contents/MacOS/plugin-container -childID 111 -isForBrowser -prefsLen 34001 -prefMapSize 236340 -jsInitLen 246772 -sbStartup -sbAppPath /Applications/Firefox.app -sbLevel 3 -sbAllowAudio -parentBuildID 20230112150232 -appDir /Applications/Firefox.app/Contents/Resources/browser -profile /Users/diegocaro/Library/Application Support/Firefox/Profiles/hmig4z1v.default-release-1634876631779 {d8c33977-94fd-4a2d-9954-7f54732f536e} 755 gecko-crash-server-pipe.755 org.mozilla.machname.449807488 tab
diegocaro         4107   0.0  0.9 36219112 149380   ??  S    11:21PM   0:04.36 /Applications/Firefox.app/Contents/MacOS/plugin-container.app/Contents/MacOS/plugin-container -childID 109 -isForBrowser -prefsLen 34001 -prefMapSize 236340 -jsInitLen 246772 -sbStartup -sbAppPath /Applications/Firefox.app -sbLevel 3 -sbAllowAudio -parentBuildID 20230112150232 -appDir /Applications/Firefox.app/Contents/Resources/browser -profile /Users/diegocaro/Library/Application Support/Firefox/Profiles/hmig4z1v.default-release-1634876631779 {403b550c-4a61-466e-b5ec-dfb73b94b3a6} 755 gecko-crash-server-pipe.755 org.mozilla.machname.828004271 tab
diegocaro         4106   0.0  0.1 34242380   8424   ??  Ss   11:21PM   0:00.06 /System/Library/Frameworks/VideoToolbox.framework/Versions/A/XPCServices/VTDecoderXPCService.xpc/Contents/MacOS/VTDecoderXPCService
diegocaro         2877   0.0  0.7 36190416 122388   ??  S    11:09PM   0:02.34 /Applications/Firefox.app/Contents/MacOS/plugin-container.app/Contents/MacOS/plugin-container -childID 108 -isForBrowser -prefsLen 34001 -prefMapSize 236340 -jsInitLen 246772 -sbStartup -sbAppPath /Applications/Firefox.app -sbLevel 3 -sbAllowAudio -parentBuildID 20230112150232 -appDir /Applications/Firefox.app/Contents/Resources/browser -profile /Users/diegocaro/Library/Application Support/Firefox/Profiles/hmig4z1v.default-release-1634876631779 {89fcd245-2e2b-4625-af7a-9fd25cf5f5a6} 755 gecko-crash-server-pipe.755 org.mozilla.machname.887953098 tab
diegocaro         2259   0.0  1.2 36309680 200312   ??  S    10:54PM   0:09.89 /Applications/Firefox.app/Contents/MacOS/plugin-container.app/Contents/MacOS/plugin-container -childID 106 -isForBrowser -prefsLen 33944 -prefMapSize 236340 -jsInitLen 246772 -sbStartup -sbAppPath /Applications/Firefox.app -sbLevel 3 -sbAllowAudio -parentBuildID 20230112150232 -appDir /Applications/Firefox.app/Contents/Resources/browser -profile /Users/diegocaro/Library/Application Support/Firefox/Profiles/hmig4z1v.default-release-1634876631779 {618a7e4b-901b-43f7-96eb-ab7890e4f58b} 755 gecko-crash-server-pipe.755 org.mozilla.machname.914188595 tab
diegocaro         2258   0.0  0.7 36196144 117456   ??  S    10:54PM   0:01.24 /Applications/Firefox.app/Contents/MacOS/plugin-container.app/Contents/MacOS/plugin-container -childID 105 -isForBrowser -prefsLen 33944 -prefMapSize 236340 -jsInitLen 246772 -sbStartup -sbAppPath /Applications/Firefox.app -sbLevel 3 -sbAllowAudio -parentBuildID 20230112150232 -appDir /Applications/Firefox.app/Contents/Resources/browser -profile /Users/diegocaro/Library/Application Support/Firefox/Profiles/hmig4z1v.default-release-1634876631779 {6337ea35-3b00-4347-9763-d9345167d7d1} 755 gecko-crash-server-pipe.755 org.mozilla.machname.175101380 tab
diegocaro         2256   0.0  1.2 36325152 197928   ??  S    10:54PM   0:10.61 /Applications/Firefox.app/Contents/MacOS/plugin-container.app/Contents/MacOS/plugin-container -childID 103 -isForBrowser -prefsLen 33944 -prefMapSize 236340 -jsInitLen 246772 -sbStartup -sbAppPath /Applications/Firefox.app -sbLevel 3 -sbAllowAudio -parentBuildID 20230112150232 -appDir /Applications/Firefox.app/Contents/Resources/browser -profile /Users/diegocaro/Library/Application Support/Firefox/Profiles/hmig4z1v.default-release-1634876631779 {1a4bc1de-db4b-4902-a2b5-849d7c7ab244} 755 gecko-crash-server-pipe.755 org.mozilla.machname.1311510405 tab
diegocaro         2143   0.0  0.5 36155164  81140   ??  S    10:52PM   0:03.54 /Applications/Firefox.app/Contents/MacOS/plugin-container.app/Contents/MacOS/plugin-container -childID 102 -isForBrowser -prefsLen 33944 -prefMapSize 236340 -jsInitLen 246772 -sbStartup -sbAppPath /Applications/Firefox.app -sbLevel 3 -sbAllowAudio -parentBuildID 20230112150232 -appDir /Applications/Firefox.app/Contents/Resources/browser -profile /Users/diegocaro/Library/Application Support/Firefox/Profiles/hmig4z1v.default-release-1634876631779 {1ccc5f57-d42d-42fd-90b0-8efa768b2591} 755 gecko-crash-server-pipe.755 org.mozilla.machname.1172306451 tab
diegocaro         2046   0.0  0.0 34181196   5012 s001  S    10:49PM   0:01.39 -zsh
root              2045   0.0  0.0 34160712   4936 s001  Ss   10:49PM   0:00.01 login -fp diegocaro
diegocaro         1986   0.0  0.6 34627468  99068   ??  S    10:46PM   0:46.46 /Applications/TextMate.app/Contents/MacOS/TextMate -disableNewDocumentAtStartup 1
diegocaro         1742   0.0  0.0 34162004   3868   ??  Ss   10:45PM   0:00.01 /Applications/Dropbox.app/Contents/XPCServices/DropboxNotificationService.xpc/Contents/MacOS/DropboxNotificationService
diegocaro         1739   0.0  0.1 34139668  21608   ??  Ss   10:45PM   0:00.29 /System/Library/PrivateFrameworks/UIFoundation.framework/Versions/A/XPCServices/nsattributedstringagent.xpc/Contents/MacOS/nsattributedstringagent
diegocaro         1736   0.0  0.1 33816464  16680   ??  Ss   10:44PM   0:00.09 /System/Library/Frameworks/QuickLookThumbnailing.framework/Versions/A/PlugIns/ThumbnailExtension_macOS.appex/Contents/MacOS/ThumbnailExtension_macOS -AppleLanguages ("en-CL", "es-CL")
diegocaro         1735   0.0  0.1 33840860  13356   ??  Ss   10:44PM   0:00.21 /System/Library/Frameworks/QuickLook.framework/Versions/A/XPCServices/QuickLookSatellite.xpc/Contents/MacOS/QuickLookSatellite
root              1734   0.0  0.0 33711688   5864   ??  Ss   10:44PM   0:00.03 /System/Library/Frameworks/AudioToolbox.framework/XPCServices/com.apple.audio.SandboxHelper.xpc/Contents/MacOS/com.apple.audio.SandboxHelper
diegocaro         1321   0.0  0.0 33746284   3956   ??  S    10:41PM   0:00.01 /System/Library/CoreServices/AirPort Base Station Agent.app/Contents/MacOS/AirPort Base Station Agent --launchd
diegocaro         1311   0.0  0.5 36167560  79996   ??  S    10:21PM   0:01.15 /Applications/Firefox.app/Contents/MacOS/plugin-container.app/Contents/MacOS/plugin-container -childID 94 -isForBrowser -prefsLen 33944 -prefMapSize 236340 -jsInitLen 246772 -sbStartup -sbAppPath /Applications/Firefox.app -sbLevel 3 -sbAllowAudio -parentBuildID 20230112150232 -appDir /Applications/Firefox.app/Contents/Resources/browser -profile /Users/diegocaro/Library/Application Support/Firefox/Profiles/hmig4z1v.default-release-1634876631779 {7aeda657-5397-4fd4-b311-2bbb77c39f46} 755 gecko-crash-server-pipe.755 org.mozilla.machname.261741111 tab
diegocaro         1310   0.0  0.5 36157356  78572   ??  S    10:21PM   0:00.84 /Applications/Firefox.app/Contents/MacOS/plugin-container.app/Contents/MacOS/plugin-container -childID 93 -isForBrowser -prefsLen 33944 -prefMapSize 236340 -jsInitLen 246772 -sbStartup -sbAppPath /Applications/Firefox.app -sbLevel 3 -sbAllowAudio -parentBuildID 20230112150232 -appDir /Applications/Firefox.app/Contents/Resources/browser -profile /Users/diegocaro/Library/Application Support/Firefox/Profiles/hmig4z1v.default-release-1634876631779 {e7f7cb05-7dfb-4f4a-8795-fafdf6646ee5} 755 gecko-crash-server-pipe.755 org.mozilla.machname.237303178 tab
diegocaro         1309   0.0  0.5 36166504  80516   ??  S    10:21PM   0:01.41 /Applications/Firefox.app/Contents/MacOS/plugin-container.app/Contents/MacOS/plugin-container -childID 92 -isForBrowser -prefsLen 33944 -prefMapSize 236340 -jsInitLen 246772 -sbStartup -sbAppPath /Applications/Firefox.app -sbLevel 3 -sbAllowAudio -parentBuildID 20230112150232 -appDir /Applications/Firefox.app/Contents/Resources/browser -profile /Users/diegocaro/Library/Application Support/Firefox/Profiles/hmig4z1v.default-release-1634876631779 {979175d7-1c4e-4594-ae45-6f83e7e0d151} 755 gecko-crash-server-pipe.755 org.mozilla.machname.1922426415 tab
diegocaro         1307   0.0  0.6 36193804 108564   ??  S    10:20PM   0:05.01 /Applications/Firefox.app/Contents/MacOS/plugin-container.app/Contents/MacOS/plugin-container -childID 91 -isForBrowser -prefsLen 33944 -prefMapSize 236340 -jsInitLen 246772 -sbStartup -sbAppPath /Applications/Firefox.app -sbLevel 3 -sbAllowAudio -parentBuildID 20230112150232 -appDir /Applications/Firefox.app/Contents/Resources/browser -profile /Users/diegocaro/Library/Application Support/Firefox/Profiles/hmig4z1v.default-release-1634876631779 {fa65e161-803f-4324-8ed3-9c28a77958df} 755 gecko-crash-server-pipe.755 org.mozilla.machname.1806578718 tab
diegocaro         1273   0.0  0.3 36126512  48024   ??  S    10:11PM   0:00.49 /Applications/Firefox.app/Contents/MacOS/plugin-container.app/Contents/MacOS/plugin-container -childID 78 -isForBrowser -prefsLen 33944 -prefMapSize 236340 -jsInitLen 246772 -sbStartup -sbAppPath /Applications/Firefox.app -sbLevel 3 -sbAllowAudio -parentBuildID 20230112150232 -appDir /Applications/Firefox.app/Contents/Resources/browser -profile /Users/diegocaro/Library/Application Support/Firefox/Profiles/hmig4z1v.default-release-1634876631779 {b5585649-c885-4885-97cb-61d6e9825c9b} 755 gecko-crash-server-pipe.755 org.mozilla.machname.801594719 tab
diegocaro         1272   0.0  0.3 36125356  46644   ??  S    10:11PM   0:00.50 /Applications/Firefox.app/Contents/MacOS/plugin-container.app/Contents/MacOS/plugin-container -childID 77 -isForBrowser -prefsLen 33944 -prefMapSize 236340 -jsInitLen 246772 -sbStartup -sbAppPath /Applications/Firefox.app -sbLevel 3 -sbAllowAudio -parentBuildID 20230112150232 -appDir /Applications/Firefox.app/Contents/Resources/browser -profile /Users/diegocaro/Library/Application Support/Firefox/Profiles/hmig4z1v.default-release-1634876631779 {46253ba0-ec5e-4c1a-afa3-3a15f37e49ba} 755 gecko-crash-server-pipe.755 org.mozilla.machname.1459907656 tab
diegocaro         1271   0.0  0.3 36148328  49576   ??  S    10:10PM   0:00.67 /Applications/Firefox.app/Contents/MacOS/plugin-container.app/Contents/MacOS/plugin-container -childID 76 -isForBrowser -prefsLen 33944 -prefMapSize 236340 -jsInitLen 246772 -sbStartup -sbAppPath /Applications/Firefox.app -sbLevel 3 -sbAllowAudio -parentBuildID 20230112150232 -appDir /Applications/Firefox.app/Contents/Resources/browser -profile /Users/diegocaro/Library/Application Support/Firefox/Profiles/hmig4z1v.default-release-1634876631779 {2898aac8-7085-42b3-961b-5446ab513e2a} 755 gecko-crash-server-pipe.755 org.mozilla.machname.1809899886 tab
diegocaro         1265   0.0  0.3 36127564  52032   ??  S    10:07PM   0:00.98 /Applications/Firefox.app/Contents/MacOS/plugin-container.app/Contents/MacOS/plugin-container -childID 75 -isForBrowser -prefsLen 33944 -prefMapSize 236340 -jsInitLen 246772 -sbStartup -sbAppPath /Applications/Firefox.app -sbLevel 3 -sbAllowAudio -parentBuildID 20230112150232 -appDir /Applications/Firefox.app/Contents/Resources/browser -profile /Users/diegocaro/Library/Application Support/Firefox/Profiles/hmig4z1v.default-release-1634876631779 {2da1b15c-ff33-4d56-9d68-b36d412622d9} 755 gecko-crash-server-pipe.755 org.mozilla.machname.919307282 tab
root              1168   0.0  0.0 33820744   4260   ??  Ss    9:35PM   0:00.03 /System/Library/CoreServices/osanalyticshelper server-init
root              1104   0.0  0.0 33646636   2520   ??  Ss    8:10PM   0:00.06 /usr/libexec/taskgated
diegocaro         1094   0.0  0.0 34219084   3308   ??  Ss    8:10PM   0:00.62 /Applications/iTerm.app/Contents/XPCServices/pidinfo.xpc/Contents/MacOS/pidinfo
diegocaro         1080   0.0  0.0 34206680   6736 s000  S     8:10PM   0:03.02 -zsh
root              1079   0.0  0.0 34161736   4924 s000  Ss    8:10PM   0:00.02 login -fp diegocaro
diegocaro         1078   0.0  0.0 34134320   2104   ??  S     8:10PM   0:00.01 /Users/diegocaro/Library/Application Support/iTerm2/iTermServer-3.4.18 /Users/diegocaro/Library/Application Support/iTerm2/iterm2-daemon-1.socket
diegocaro         1077   0.0  0.1 33976544  21156   ??  Ss    8:10PM   0:00.32 /System/Library/CoreServices/Dock.app/Contents/XPCServices/DockHelper.xpc/Contents/MacOS/DockHelper
diegocaro         1013   0.0  0.0 33756500   2004   ??  Ss    7:57PM   0:00.01 /System/Library/Frameworks/NetFS.framework/Versions/A/XPCServices/PlugInLibraryService.xpc/Contents/MacOS/PlugInLibraryService
diegocaro         1007   0.0  0.0 33768816   3860   ??  S     7:57PM   0:00.03 /System/Library/Frameworks/ColorSync.framework/Support/colorsync.useragent
diegocaro          994   0.0  0.1 33756164  11100   ??  S     7:54PM   0:00.04 /System/Library/CoreServices/EscrowSecurityAlert.app/Contents/MacOS/EscrowSecurityAlert
diegocaro          966   0.0  0.1 33827120   9496   ??  S     7:43PM   0:00.15 /System/Library/PrivateFrameworks/SafariSafeBrowsing.framework/com.apple.Safari.SafeBrowsing.Service
diegocaro          965   0.0  0.1 33806192  10972   ??  S     7:43PM   0:00.07 /System/Library/PrivateFrameworks/NewsDaemon.framework/newsd
diegocaro          964   0.0  0.2 34043084  38096   ??  Ss    7:43PM   0:00.27 /System/iOSSupport/System/Library/Frameworks/WebKit.framework/Versions/A/XPCServices/com.apple.WebKit.Networking.xpc/Contents/MacOS/com.apple.WebKit.Networking
diegocaro          963   0.0  0.0 33748552   5976   ??  Ss    7:43PM   0:00.03 /System/Library/Frameworks/AudioToolbox.framework/XPCServices/com.apple.audio.SandboxHelper.xpc/Contents/MacOS/com.apple.audio.SandboxHelper
diegocaro          962   0.0  0.0 33748264   2564   ??  S     7:43PM   0:00.03 /System/Library/Frameworks/MediaAccessibility.framework/Versions/A/XPCServices/com.apple.accessibility.mediaaccessibilityd.xpc/Contents/MacOS/com.apple.accessibility.mediaaccessibilityd
diegocaro          959   0.0  0.0 33716500   2336   ??  S     7:43PM   0:00.01 /System/Library/PrivateFrameworks/ToneLibrary.framework/Versions/A/XPCServices/com.apple.tonelibraryd.xpc/Contents/MacOS/com.apple.tonelibraryd
diegocaro          958   0.0  0.1 33817316   9192   ??  S     7:42PM   0:00.09 /usr/libexec/keyboardservicesd
diegocaro          957   0.0  0.9 34345384 150148   ??  S     7:42PM   0:05.97 /System/Library/Services/AppleSpell.service/Contents/MacOS/AppleSpell
root               946   0.0  0.0 33796208   4288   ??  Ss    7:42PM   0:00.04 /usr/libexec/ASPCarryLog
diegocaro          905   0.0  0.0 33783048   3904   ??  S    11:29AM   0:00.03 /usr/libexec/USBAgent
diegocaro          896   0.0  0.1 33834076  18176   ??  S     9:27AM   0:00.31 /System/Library/Frameworks/ApplicationServices.framework/Frameworks/SpeechSynthesis.framework/Resources/com.apple.speech.speechsynthesisd
diegocaro          888   0.0  0.0 33719100   3124   ??  S     9:24AM   0:00.03 /System/Library/PrivateFrameworks/DeviceCheckInternal.framework/devicecheckd
_fpsd              864   0.0  0.0 33734872   3568   ??  Ss    9:12AM   0:00.03 /System/Library/PrivateFrameworks/CoreFP.framework/Versions/A/fairplayd
root               863   0.0  0.0 33829724   5224   ??  Ss    9:12AM   0:00.43 /Library/Apple/System/Library/CoreServices/XProtect.app/Contents/XPCServices/XProtectPluginService.xpc/Contents/MacOS/XProtectPluginService
root               862   0.0  0.0 34199448   3328   ??  Ss    9:12AM   0:00.02 /Library/Apple/System/Library/CoreServices/XProtect.app/Contents/MacOS/XProtect
_fpsd              851   0.0  0.0 33722812   2296   ??  Ss    9:03AM   0:00.16 /System/Library/PrivateFrameworks/CoreLSKD.framework/Versions/A/lskdd
diegocaro          844   0.0  0.1 33863936  19228   ??  S     9:03AM   0:00.21 /Library/Apple/System/Library/CoreServices/SafariSupport.bundle/Contents/MacOS/PasswordBreachAgent
root               843   0.0  0.0 34253376   3944   ??  Ss    9:03AM   0:00.03 /usr/libexec/memoryanalyticsd -xlatS
diegocaro          841   0.0  0.0 33800020   6244   ??  S     9:03AM   0:00.08 /System/Library/Frameworks/CoreServices.framework/Frameworks/Metadata.framework/Versions/A/Support/mdworker -s mdworker-sizing -c MDSSizingWorker -m com.apple.mdworker.sizing
root               833   0.0  0.0 33766784   4104   ??  Ss    9:01AM   0:00.03 /usr/libexec/tzd
diegocaro          832   0.0  0.1 34231352  12728   ??  Ss    9:01AM   0:00.32 /System/Library/Frameworks/Metal.framework/Versions/A/XPCServices/MTLCompilerService.xpc/Contents/MacOS/MTLCompilerService
diegocaro          831   0.0  0.0 33813720   4572   ??  S     9:01AM   0:00.06 /usr/libexec/proactiveeventtrackerd
diegocaro          829   0.0  0.3 34153164  48588   ??  S     9:00AM   0:00.26 /Library/Apple/System/Library/CoreServices/SafariSupport.bundle/Contents/MacOS/SafariBookmarksSyncAgent
diegocaro          828   0.0  0.1 34163240  19732   ??  S     9:00AM   0:00.71 /System/Library/Frameworks/CoreSpotlight.framework/CoreSpotlightService
diegocaro          814   0.0  0.1 34326772  19964   ??  S     8:59AM   0:01.00 /System/Library/CoreServices/NowPlayingTouchUI.app/Contents/MacOS/NowPlayingTouchUI
root               813   0.0  0.0 33829588   8140   ??  Ss    8:59AM   0:01.08 /System/Library/Frameworks/AudioToolbox.framework/XPCServices/CAReportingService.xpc/Contents/MacOS/CAReportingService
diegocaro          812   0.0  0.2 33939184  25800   ??  S     8:59AM   0:42.38 /Applications/Firefox.app/Contents/MacOS/plugin-container.app/Contents/MacOS/plugin-container -parentBuildID 20230112150232 -sandboxingKind 0 -prefsLen 33893 -prefMapSize 236340 -sbStartup -sbAppPath /Applications/Firefox.app -appDir /Applications/Firefox.app/Contents/Resources/browser -profile /Users/diegocaro/Library/Application Support/Firefox/Profiles/hmig4z1v.default-release-1634876631779 {0152290d-3c93-41bf-bd64-1359dd56ac20} 755 gecko-crash-server-pipe.755 org.mozilla.machname.858823192 utility
diegocaro          811   0.0  0.1 34303832  17012   ??  S     8:59AM   0:00.42 /System/Library/CoreServices/OSDUIHelper.app/Contents/MacOS/OSDUIHelper
diegocaro          808   0.0  0.2 34287124  27480   ??  Ss    8:59AM   1:51.35 /System/Library/Frameworks/VideoToolbox.framework/Versions/A/XPCServices/VTDecoderXPCService.xpc/Contents/MacOS/VTDecoderXPCService
diegocaro          807   0.0  0.2 33897356  25916   ??  S     8:59AM   0:00.43 /Applications/Firefox.app/Contents/MacOS/plugin-container.app/Contents/MacOS/plugin-container -parentBuildID 20230112150232 -sandboxingKind 1 -prefsLen 33893 -prefMapSize 236340 -sbStartup -sbAppPath /Applications/Firefox.app -appDir /Applications/Firefox.app/Contents/Resources/browser -profile /Users/diegocaro/Library/Application Support/Firefox/Profiles/hmig4z1v.default-release-1634876631779 {71783741-0995-4b62-aa38-45c04970a4f6} 755 gecko-crash-server-pipe.755 org.mozilla.machname.1789736032 utility
diegocaro          806   0.0  0.2 34023564  27712   ??  S     8:59AM   1:58.64 /Applications/Firefox.app/Contents/MacOS/plugin-container.app/Contents/MacOS/plugin-container -parentBuildID 20230112150232 -prefsLen 33893 -prefMapSize 236340 -sbStartup -sbAppPath /Applications/Firefox.app -appDir /Applications/Firefox.app/Contents/Resources/browser -profile /Users/diegocaro/Library/Application Support/Firefox/Profiles/hmig4z1v.default-release-1634876631779 {f4b97abd-66d2-4eba-a628-b9137a3bc3fc} 755 gecko-crash-server-pipe.755 org.mozilla.machname.540005905 rdd
diegocaro          803   0.0  0.0 34240868   8160   ??  Ss    8:59AM   0:00.06 /System/Library/Frameworks/VideoToolbox.framework/Versions/A/XPCServices/VTDecoderXPCService.xpc/Contents/MacOS/VTDecoderXPCService
diegocaro          801   0.0  0.1 33833796  13952   ??  S     8:59AM   0:00.83 cloudphotod
diegocaro          800   0.0  0.0 33828860   6172   ??  S     8:59AM   0:00.20 /System/Library/PrivateFrameworks/Synapse.framework/Support/contentlinkingd
diegocaro          799   0.0  0.9 36269388 144480   ??  S     8:59AM   0:09.71 /Applications/Firefox.app/Contents/MacOS/plugin-container.app/Contents/MacOS/plugin-container -childID 6 -isForBrowser -prefsLen 33350 -prefMapSize 236340 -jsInitLen 246772 -sbStartup -sbAppPath /Applications/Firefox.app -sbLevel 3 -sbAllowAudio -parentBuildID 20230112150232 -appDir /Applications/Firefox.app/Contents/Resources/browser -profile /Users/diegocaro/Library/Application Support/Firefox/Profiles/hmig4z1v.default-release-1634876631779 {240a855e-5bb4-4e4a-9062-ce41395deada} 755 gecko-crash-server-pipe.755 org.mozilla.machname.408523045 tab
diegocaro          797   0.0  3.7 37072660 613936   ??  S     8:59AM  10:48.90 /Applications/Firefox.app/Contents/MacOS/plugin-container.app/Contents/MacOS/plugin-container -childID 4 -isForBrowser -prefsLen 33350 -prefMapSize 236340 -jsInitLen 246772 -sbStartup -sbAppPath /Applications/Firefox.app -sbLevel 3 -sbAllowAudio -parentBuildID 20230112150232 -appDir /Applications/Firefox.app/Contents/Resources/browser -profile /Users/diegocaro/Library/Application Support/Firefox/Profiles/hmig4z1v.default-release-1634876631779 {24497b60-6d38-4377-a7d5-90cd69b5ea2c} 755 gecko-crash-server-pipe.755 org.mozilla.machname.285144083 tab
diegocaro          796   0.0  0.5 36147968  88600   ??  S     8:59AM   0:06.10 /Applications/Firefox.app/Contents/MacOS/plugin-container.app/Contents/MacOS/plugin-container -childID 3 -isForBrowser -prefsLen 28751 -prefMapSize 236340 -jsInitLen 246772 -sbStartup -sbAppPath /Applications/Firefox.app -sbLevel 3 -sbAllowAudio -parentBuildID 20230112150232 -appDir /Applications/Firefox.app/Contents/Resources/browser -profile /Users/diegocaro/Library/Application Support/Firefox/Profiles/hmig4z1v.default-release-1634876631779 {5d75ff29-479c-4d20-ae78-d04d55f0a3c0} 755 gecko-crash-server-pipe.755 org.mozilla.machname.265296665 tab
diegocaro          792   0.0  0.4 36137276  64132   ??  S     8:59AM   0:01.48 /Applications/Firefox.app/Contents/MacOS/plugin-container.app/Contents/MacOS/plugin-container -childID 1 -isForBrowser -prefsLen 27892 -prefMapSize 236340 -jsInitLen 246772 -sbStartup -sbAppPath /Applications/Firefox.app -sbLevel 3 -sbAllowAudio -parentBuildID 20230112150232 -appDir /Applications/Firefox.app/Contents/Resources/browser -profile /Users/diegocaro/Library/Application Support/Firefox/Profiles/hmig4z1v.default-release-1634876631779 {eb4a04e3-a791-40e2-af7b-40a5fe684f1b} 755 gecko-crash-server-pipe.755 org.mozilla.machname.504752305 tab
diegocaro          769   0.0  0.2 33876472  25960   ??  S     8:59AM   0:00.21 /Applications/Firefox.app/Contents/MacOS/plugin-container.app/Contents/MacOS/plugin-container -parentBuildID 20230112150232 -prefsLen 27676 -prefMapSize 236340 -sbStartup -sbAppPath /Applications/Firefox.app -appDir /Applications/Firefox.app/Contents/Resources/browser -profile /Users/diegocaro/Library/Application Support/Firefox/Profiles/hmig4z1v.default-release-1634876631779 {69afc10c-7764-408c-9a54-5330f65fcd8c} 755 gecko-crash-server-pipe.755 org.mozilla.machname.337414588 socket
diegocaro          768   0.0  0.1 33830296  16636   ??  S     8:59AM   0:00.22 /System/Library/PrivateFrameworks/PhotoAnalysis.framework/Versions/A/Support/photoanalysisd
diegocaro          767   0.0  0.3 33916380  44100   ??  S     8:59AM   0:00.53 /System/Library/PrivateFrameworks/MediaAnalysis.framework/Versions/A/mediaanalysisd
_spotlight         764   0.0  0.0 33832176   6916   ??  S     8:59AM   0:00.18 /usr/libexec/trustd --agent
_spotlight         763   0.0  0.1 33840160  19116   ??  SN    8:59AM   0:01.41 /System/Library/Frameworks/CoreServices.framework/Frameworks/Metadata.framework/Versions/A/Support/mdbulkimport -s mdworker-bundle -c MDSImporterBundleFinder -m com.apple.metadata.mdbulkimport
diegocaro          762   0.0  0.0 33830616   5112   ??  S     8:59AM   0:00.10 /System/Library/CoreServices/ScopedBookmarkAgent
diegocaro          761   0.0  0.1 33829296   9520   ??  S     8:59AM   0:00.12 /System/Library/PrivateFrameworks/SocialLayer.framework/sociallayerd.app/Contents/MacOS/sociallayerd
root               759   0.0  0.0 33800896   5960   ??  Ss    8:59AM   0:00.08 /usr/libexec/dprivacyd
diegocaro          758   0.0  0.1 33976940  13896   ??  S     8:59AM   0:00.08 /System/Library/PrivateFrameworks/CoreSuggestions.framework/Versions/A/Support/reversetemplated
diegocaro          757   0.0  0.1 33830300   9504   ??  S     8:59AM   0:00.12 /System/Library/PrivateFrameworks/CoreRecents.framework/Versions/A/Support/recentsd
root               756   0.0  0.0 33758516   1864   ??  Ss    8:59AM   0:00.01 /usr/libexec/online-authd
diegocaro          712   0.0  0.1 34294316  14132   ??  Ss    8:58AM   0:00.49 /Applications/Dropbox.app/Contents/XPCServices/DropboxActivityProvider.xpc/Contents/MacOS/DropboxActivityProvider
diegocaro          710   0.0  0.1 33841904  14028   ??  S     8:58AM   0:01.03 /usr/libexec/transparencyd
diegocaro          706   0.0  0.0 33783644   7852   ??  Ss    8:58AM   0:00.10 /System/Library/PrivateFrameworks/MessagesBlastDoorSupport.framework/Versions/A/XPCServices/MessagesBlastDoorService.xpc/Contents/MacOS/MessagesBlastDoorService
diegocaro          704   0.0  0.2 33876276  28652   ??  S     8:58AM   0:09.92 /usr/libexec/searchpartyuseragent
diegocaro          701   0.0  0.0 33790440   6216   ??  Ss    8:58AM   0:00.12 /System/Library/PrivateFrameworks/IDSBlastDoorSupport.framework/Versions/A/XPCServices/IDSBlastDoorService.xpc/Contents/MacOS/IDSBlastDoorService
root               695   0.0  0.0 33757540   3828   ??  Ss    8:58AM   0:00.02 /System/Library/PrivateFrameworks/SystemAdministration.framework/XPCServices/writeconfig.xpc/Contents/MacOS/writeconfig
diegocaro          693   0.0  0.1 34323528  20024   ??  S     8:58AM   0:00.30 /System/Library/Frameworks/LocalAuthentication.framework/Support/coreautha.bundle/Contents/MacOS/coreautha
diegocaro          691   0.0  0.1 33744124  12328   ??  S     8:58AM   0:00.33 /usr/libexec/promotedcontentd
root               690   0.0  0.0 34256564   5752   ??  S     8:58AM   0:01.03 /Library/DropboxHelperTools/Dropbox_u501/dbkextd
_nsurlsessiond     689   0.0  0.0 34249548   7140   ??  Ss    8:58AM   0:00.15 /System/Library/PrivateFrameworks/StreamingZip.framework/Versions/A/XPCServices/com.apple.StreamingUnzipService.xpc/Contents/MacOS/com.apple.StreamingUnzipService
root               688   0.0  0.0 33754960   4100   ??  Ss    8:58AM   0:00.03 /System/Library/PrivateFrameworks/AppStoreDaemon.framework/Versions/A/XPCServices/com.apple.AppStoreDaemon.StorePrivilegedTaskService.xpc/Contents/MacOS/com.apple.AppStoreDaemon.StorePrivilegedTaskService
_installcoordinationd   687   0.0  0.0 33744268   4504   ??  Ss    8:58AM   0:00.04 /System/Library/PrivateFrameworks/InstallCoordination.framework/Support/installcoordinationd
root               686   0.0  0.1 33801088  12732   ??  Ss    8:58AM   0:04.37 /System/Library/PrivateFrameworks/XprotectFramework.framework/Versions/A/XPCServices/XprotectService.xpc/Contents/MacOS/XprotectService
diegocaro          684   0.0  0.3 38370652  45352   ??  Ss    8:58AM   0:00.21 /Applications/Safari.app/Contents/PlugIns/CacheDeleteExtension.appex/Contents/MacOS/CacheDeleteExtension -AppleLanguages ("en-CL", "es-CL")
diegocaro          683   0.0  0.1 33829404  11840   ??  Ss    8:58AM   0:00.03 /System/Applications/Music.app/Contents/PlugIns/MusicCacheExtension.appex/Contents/MacOS/MusicCacheExtension -AppleLanguages ("en-CL", "es-CL")
diegocaro          682   0.0  0.1 33829404  11928   ??  Ss    8:58AM   0:00.04 /System/Applications/TV.app/Contents/PlugIns/TVCacheExtension.appex/Contents/MacOS/TVCacheExtension -AppleLanguages ("en-CL", "es-CL")
root               680   0.0  0.0 33765664   4136   ??  Ss    8:58AM   0:00.02 /System/Library/PrivateFrameworks/PackageKit.framework/Resources/installd
diegocaro          679   0.0  0.0 33793092   8160   ??  S     8:58AM   0:00.08 /System/Library/PrivateFrameworks/CommerceKit.framework/Versions/A/Resources/storedownloadd
root               678   0.0  0.0 33758496   4148   ??  Ss    8:58AM   0:00.02 /System/Library/PrivateFrameworks/PackageKit.framework/Resources/system_installd
diegocaro          677   0.0  0.2 33886676  40388   ??  S     8:58AM   0:02.30 /System/Library/PrivateFrameworks/AppStoreDaemon.framework/Support/appstoreagent
diegocaro          676   0.0  0.0 33829176   4568   ??  S     8:58AM   0:00.02 /System/Library/PrivateFrameworks/GeoServices.framework/geodMachServiceBridge
root               675   0.0  0.0 33829948   4320   ??  Ss    8:58AM   0:00.05 /usr/libexec/aned
diegocaro          674   0.0  0.0 33783540   7200   ??  S     8:58AM   0:00.06 /usr/libexec/replayd
_assetcache        673   0.0  0.1 33832856   8792   ??  Ss    8:58AM   0:00.13 /System/Library/PrivateFrameworks/AssetCacheServices.framework/Versions/A/XPCServices/AssetCacheLocatorService.xpc/Contents/MacOS/AssetCacheLocatorService -d
root               672   0.0  0.0 33790212   2608   ??  Ss    8:58AM   0:00.02 /System/Library/PrivateFrameworks/CacheDelete.framework/deleted_helper
diegocaro          670   0.0  0.0 33757556   3508   ??  S     8:58AM   0:00.01 /System/Library/Frameworks/CoreServices.framework/Frameworks/Metadata.framework/Versions/A/Support/mdwrite
diegocaro          668   0.0  0.1 33840072  17216   ??  S     8:58AM   0:00.89 /System/Library/PrivateFrameworks/CacheDelete.framework/deleted
root               663   0.0  0.0 33748244   1656   ??  Ss    8:58AM   0:00.01 /usr/libexec/smd
diegocaro          640   0.0  0.1 33840568  22728   ??  SN    8:58AM   0:02.88 /System/Library/Frameworks/CoreServices.framework/Frameworks/Metadata.framework/Versions/A/Support/mdbulkimport -s mdworker-bundle -c MDSImporterBundleFinder -m com.apple.metadata.mdbulkimport
diegocaro          639   0.0  0.1 33949960  19180   ??  S     8:58AM   0:00.97 /System/Library/PrivateFrameworks/SoftwareUpdate.framework/Resources/SoftwareUpdateNotificationManager.app/Contents/MacOS/SoftwareUpdateNotificationManager
diegocaro          638   0.0  0.3 33834524  42904   ??  S     8:58AM   0:00.17 /System/Library/PrivateFrameworks/AvatarPersistence.framework/Support/avatarsd
_applepay          637   0.0  0.0 33697508   1244   ??  S     8:58AM   0:00.31 /usr/sbin/distnoted agent
diegocaro          636   0.0  0.2 34282332  39324   ??  S     8:58AM   0:00.24 /System/Library/CoreServices/UIKitSystem.app/Contents/MacOS/UIKitSystem system_app_start
diegocaro          634   0.0  0.7 72293036 124176   ??  S     8:58AM   0:00.84 /Applications/Dropbox.app/Contents/Frameworks/Dropbox Helper (Renderer).app/Contents/MacOS/Dropbox Helper (Renderer) --type=renderer --field-trial-handle=1718379636,13630346193156412841,415101620583637821,131072 --disable-features=CookiesWithoutSameSiteMustBeSecure,SameSiteByDefaultCookies,SpareRendererForSitePerProcess --lang=en-US --standard-schemes=dbx-local --secure-schemes=dbx-local --bypasscsp-schemes --cors-schemes --fetch-schemes --service-worker-schemes --streaming-schemes --app-path=/Applications/Dropbox.app/Contents/Resources/app.asar --enable-sandbox --num-raster-threads=4 --enable-zero-copy --enable-gpu-memory-buffer-compositor-resources --enable-main-frame-before-activation --renderer-client-id=5 --no-v8-untrusted-code-mitigations --shared-files --seatbelt-client=80
diegocaro          633   0.0  0.0 33829008   4972   ??  S     8:58AM   0:00.04 /usr/sbin/BTLEServerAgent
_applepay          632   0.0  0.0 33828916   5560   ??  Ss    8:58AM   0:00.07 /usr/libexec/seld
diegocaro          628   0.0  0.1 33842264  20448   ??  S     8:58AM   0:00.47 /System/Library/PrivateFrameworks/PassKitCore.framework/passd
diegocaro          624   0.0  0.2 33884324  26744   ??  S     8:58AM   0:00.94 /usr/libexec/studentd
diegocaro          616   0.0  0.1 67990608  24760   ??  S     8:58AM   0:00.11 /Applications/Dropbox.app/Contents/Frameworks/Dropbox Helper.app/Contents/MacOS/Dropbox Helper --type=utility --utility-sub-type=network.mojom.NetworkService --field-trial-handle=1718379636,13630346193156412841,415101620583637821,131072 --disable-features=CookiesWithoutSameSiteMustBeSecure,SameSiteByDefaultCookies,SpareRendererForSitePerProcess --lang=en-US --service-sandbox-type=network --standard-schemes=dbx-local --secure-schemes=dbx-local --bypasscsp-schemes --cors-schemes --fetch-schemes --service-worker-schemes --streaming-schemes --shared-files --seatbelt-client=70
diegocaro          614   0.0  0.1 34256604  18868   ??  Ss    8:58AM   0:00.11 /System/Library/Frameworks/VideoToolbox.framework/Versions/A/XPCServices/VTEncoderXPCService.xpc/Contents/MacOS/VTEncoderXPCService
diegocaro          613   0.0  0.1 34252064  12176   ??  Ss    8:58AM   0:00.11 /System/Library/Frameworks/VideoToolbox.framework/Versions/A/XPCServices/VTDecoderXPCService.xpc/Contents/MacOS/VTDecoderXPCService
diegocaro          612   0.0  0.1 33833508  10020   ??  S     8:58AM   0:00.24 /System/Library/Frameworks/ClassKit.framework/Versions/A/progressd
root               610   0.0  0.0 33783160   2136   ??  Ss    8:58AM   0:00.03 /System/Library/Frameworks/OpenGL.framework/Versions/A/Libraries/CVMServer
root               609   0.0  0.0 33767720   3612   ??  Ss    8:58AM   0:00.07 /System/Library/PrivateFrameworks/CoreSymbolication.framework/coresymbolicationd
diegocaro          607   0.0  0.3 68089592  45812   ??  S     8:58AM   0:20.48 /Applications/Dropbox.app/Contents/Frameworks/Dropbox Helper (GPU).app/Contents/MacOS/Dropbox Helper (GPU) --type=gpu-process --field-trial-handle=1718379636,13630346193156412841,415101620583637821,131072 --disable-features=CookiesWithoutSameSiteMustBeSecure,SameSiteByDefaultCookies,SpareRendererForSitePerProcess --crashpad-annotations=product_name:desktop_client,buildid:main,buildno:Dropbox-mac-165.4.4300,platform:mac,platform_version:12.6.2 --gpu-preferences=SAAAAAAAAAAgAAAAAAAAAAAAAAAAAAAAAABgAAAAAAAoAAAAAAAAAAAAAAAAAAAAAAAAAAAAAADYAwAAAAAAANgDAAAAAAAASAEAACgAAABAAQAAAAAAAEgBAAAAAAAAUAEAAAAAAABYAQAAAAAAAGABAAAAAAAAaAEAAAAAAABwAQAAAAAAAHgBAAAAAAAAgAEAAAAAAACIAQAAAAAAAJABAAAAAAAAmAEAAAAAAACgAQAAAAAAAKgBAAAAAAAAsAEAAAAAAAC4AQAAAAAAAMABAAAAAAAAyAEAAAAAAADQAQAAAAAAANgBAAAAAAAA4AEAAAAAAADoAQAAAAAAAPABAAAAAAAA+AEAAAAAAAAAAgAAAAAAAAgCAAAAAAAAEAIAAAAAAAAYAgAAAAAAACACAAAAAAAAKAIAAAAAAAAwAgAAAAAAADgCAAAAAAAAQAIAAAAAAABIAgAAAAAAAFACAAAAAAAAWAIAAAAAAABgAgAAAAAAAGgCAAAAAAAAcAIAAAAAAAB4AgAAAAAAABAAAAAAAAAAAAAAAAAAAAAQAAAAAAAAAAAAAAAGAAAAEAAAAAAAAAAAAAAABwAAABAAAAAAAAAAAAAAAAgAAAAQAAAAAAAAAAAAAAAKAAAAEAAAAAAAAAAAAAAACwAAABAAAAAAAAAAAAAAAA0AAAAQAAAAAAAAAAAAAAAOAAAAEAAAAAAAAAABAAAAAAAAABAAAAAAAAAAAQAAAAYAAAAQAAAAAAAAAAEAAAAHAAAAEAAAAAAAAAABAAAACAAAABAAAAAAAAAAAQAAAAoAAAAQAAAAAAAAAAEAAAALAAAAEAAAAAAAAAABAAAADQAAABAAAAAAAAAAAQAAAA4AAAAQAAAAAAAAAAQAAAAAAAAAEAAAAAAAAAAEAAAABgAAABAAAAAAAAAABAAAAAcAAAAQAAAAAAAAAAQAAAAIAAAAEAAAAAAAAAAEAAAACgAAABAAAAAAAAAABAAAAAsAAAAQAAAAAAAAAAQAAAANAAAAEAAAAAAAAAAEAAAADgAAABAAAAAAAAAABwAAAAAAAAAQAAAAAAAAAAcAAAAGAAAAEAAAAAAAAAAHAAAABwAAABAAAAAAAAAABwAAAAgAAAAQAAAAAAAAAAcAAAAKAAAAEAAAAAAAAAAHAAAACwAAABAAAAAAAAAABwAAAA0AAAAQAAAAAAAAAAcAAAAOAAAAEAAAAAAAAAAKAAAAAAAAABAAAAAAAAAACgAAAAYAAAAQAAAAAAAAAAoAAAAHAAAAEAAAAAAAAAAKAAAACAAAABAAAAAAAAAACgAAAAoAAAAQAAAAAAAAAAoAAAALAAAAEAAAAAAAAAAKAAAADQAAABAAAAAAAAAACgAAAA4AAAAIAAAAAAAAAAgAAAAAAAAA --shared-files --seatbelt-client=60
diegocaro          606   0.0  0.0 33748068   3628   ??  S     8:58AM   0:00.02 /usr/libexec/spindump_agent
root               605   0.0  0.1 33826376  17324   ??  Ss    8:58AM   0:01.26 /usr/sbin/spindump
diegocaro          604   0.0  0.2 33932704  38464   ??  S     8:58AM   0:04.76 /System/Library/PrivateFrameworks/PhotoLibraryServices.framework/Versions/A/Support/photolibraryd
diegocaro          603   0.0  0.5 34303360  79592   ??  S     8:58AM   0:04.65 /System/Library/PrivateFrameworks/CoreSuggestions.framework/Versions/A/Support/suggestd
_driverkit         602   0.0  0.0 34124804    764   ??  Ss    8:58AM   0:00.01 /System/Library/DriverExtensions/IOUserBluetoothSerialDriver.dext/IOUserBluetoothSerialDriver com.apple.IOUserBluetoothSerialDriver 0x100000905 com.apple.IOUserBluetoothSerialDriver
root               601   0.0  0.0 33825560   4428   ??  Ss    8:58AM   0:00.04 /System/Library/PrivateFrameworks/AssetCacheServicesExtensions.framework/XPCServices/AssetCacheTetheratorService.xpc/Contents/MacOS/AssetCacheTetheratorService
_assetcache        600   0.0  0.0 33697508   1236   ??  S     8:58AM   0:00.31 /usr/sbin/distnoted agent
_assetcache        599   0.0  0.0 33831508   6740   ??  Ss    8:58AM   0:00.06 /usr/libexec/AssetCache/AssetCache
diegocaro          598   0.0  0.1 33831848   9124   ??  S     8:58AM   0:00.17 /System/Library/PrivateFrameworks/AssetCacheServices.framework/Versions/A/XPCServices/AssetCacheLocatorService.xpc/Contents/MacOS/AssetCacheLocatorService -a
diegocaro          597   0.0  0.1 33845276  17440   ??  S     8:58AM   0:01.38 /usr/libexec/swcd
_reportmemoryexception   596   0.0  0.0 33697508   1244   ??  S     8:58AM   0:00.34 /usr/sbin/distnoted agent
diegocaro          593   0.0  0.0 34188996   5000   ??  S     8:58AM   0:00.03 /usr/libexec/SidecarRelay
diegocaro          592   0.0  0.0 33775076   3876   ??  S     8:58AM   0:00.02 /System/Library/CoreServices/ReportCrash agent
root               589   0.0  0.0 33756940   2584   ??  Ss    8:58AM   0:00.01 /System/Library/CoreServices/CrashReporterSupportHelper server-init
diegocaro          588   0.0  0.0 33796868   7236   ??  S     8:58AM   0:00.03 /System/Library/PrivateFrameworks/CommunicationsFilter.framework/CMFSyncAgent
diegocaro          587   0.0  0.0 33791012   5472   ??  S     8:58AM   0:00.02 /System/Library/PrivateFrameworks/CoreFollowUp.framework/Versions/A/Support/followupd
diegocaro          586   0.0  0.0 33831264   4800   ??  Ss    8:58AM   0:00.02 /System/Library/PrivateFrameworks/Categories.framework/Versions/A/XPCServices/CategoriesService.xpc/Contents/MacOS/CategoriesService
diegocaro          585   0.0  0.1 33997828  11280   ??  S     8:58AM   0:00.12 /System/Library/PrivateFrameworks/ContextKit.framework/Versions/A/XPCServices/ContextService.xpc/Contents/MacOS/ContextService
diegocaro          584   0.0  0.0 33755976   3660   ??  S     8:58AM   0:00.02 /System/Library/PrivateFrameworks/CharacterPicker.framework/Versions/A/XPCServices/com.apple.CharacterPicker.FileService.xpc/Contents/MacOS/com.apple.CharacterPicker.FileService
diegocaro          583   0.0  0.1 33800012  16244   ??  S     8:58AM   0:01.45 /usr/libexec/findmydevice-user-agent
root               581   0.0  0.0 33829980   6168   ??  Ss    8:58AM   0:00.31 /System/Library/PrivateFrameworks/AmbientDisplay.framework/Versions/A/XPCServices/com.apple.AmbientDisplayAgent.xpc/Contents/MacOS/com.apple.AmbientDisplayAgent
root               580   0.0  0.1 33838624  11976   ??  Ss    8:58AM   0:01.99 /usr/libexec/rtcreportingd
diegocaro          579   0.0  0.1 33831000  11776   ??  S     8:58AM   0:00.64 /usr/libexec/biomesyncd
diegocaro          578   0.0  0.1 33843572  19128   ??  S     8:58AM   0:25.15 /System/Library/CoreServices/UniversalControl.app/Contents/MacOS/UniversalControl
diegocaro          577   0.0  0.1 33846660  14860   ??  S     8:58AM   0:00.52 /usr/libexec/adprivacyd
diegocaro          576   0.0  0.0 33821084   4224   ??  S     8:58AM   0:00.02 /System/Library/PrivateFrameworks/NewDeviceOutreach.framework/ndoagent
diegocaro          574   0.0  0.0 33829296   8008   ??  S     8:58AM   0:00.10 /usr/libexec/diagnosticextensionsd
diegocaro          573   0.0  0.1 33943128  14812   ??  S     8:58AM   0:00.24 /System/Library/CoreServices/CoreLocationAgent.app/Contents/MacOS/CoreLocationAgent
root               572   0.0  0.0 33829596   7828   ??  Ss    8:58AM   0:00.39 /usr/libexec/wifivelocityd
diegocaro          571   0.0  0.0 33798988   3924   ??  S     8:58AM   0:00.12 /usr/libexec/WiFiVelocityAgent
root               570   0.0  0.0 33820044   8228   ??  Ss    8:58AM   0:00.03 /System/Library/PrivateFrameworks/SiriInference.framework/Support/siriinferenced
diegocaro          569   0.0  0.1 33830616  11220   ??  S     8:58AM   0:00.09 /usr/libexec/siriknowledged
diegocaro          568   0.0  0.0 33798904   3412   ??  S     8:58AM   0:00.11 /System/Library/PrivateFrameworks/MediaRemote.framework/Support/mediaremoteagent
diegocaro          567   0.0  0.1 33830324   9412   ??  Ss    8:58AM   0:00.22 /System/Library/PrivateFrameworks/CoreEmbeddedSpeechRecognition.framework/Versions/A/XPCServices/com.apple.siri.embeddedspeech.xpc/Contents/MacOS/com.apple.siri.embeddedspeech
diegocaro          566   0.0  0.1 33834096  13740   ??  S     8:58AM   0:00.30 /System/Library/PrivateFrameworks/iCloudNotification.framework/iCloudNotificationAgent
root               564   0.0  0.0 33829736   7108   ??  Ss    8:58AM   0:00.95 /usr/sbin/WirelessRadioManagerd
diegocaro          562   0.0  0.1 33873180  17784   ??  Ss    8:58AM   0:00.25 /System/Library/CoreServices/ControlStrip.app/Contents/XPCServices/com.apple.DFRSystemExtra.InputMenu.xpc/Contents/MacOS/com.apple.DFRSystemExtra.InputMenu
diegocaro          549   0.0  0.1 33838932  10072   ??  S     8:58AM   0:00.24 /usr/libexec/neagent
diegocaro          548   0.0  0.1 33944144  17320   ??  S     8:58AM   0:00.75 /System/Library/CoreServices/WiFiAgent.app/Contents/MacOS/WiFiAgent
diegocaro          546   0.0  0.1 33846532  24268   ??  S     8:58AM   0:01.25 /System/Library/PrivateFrameworks/AssistantServices.framework/Versions/A/Support/assistantd
diegocaro          545   0.0  0.0 33773828   2576   ??  Ss    8:58AM   0:00.01 /System/Library/PrivateFrameworks/login.framework/Versions/A/XPCServices/LoginUserService.xpc/Contents/MacOS/LoginUserService
diegocaro          544   0.0  0.1 34369576  15292   ??  S     8:58AM   0:00.21 /System/Library/CoreServices/CoreServicesUIAgent.app/Contents/MacOS/CoreServicesUIAgent
diegocaro          543   0.0  0.1 33838308  15500   ??  S     8:58AM   0:00.38 /usr/libexec/fmfd
diegocaro          542   0.0  0.1 33835856  10048   ??  Ss    8:58AM   0:00.09 /System/Library/PrivateFrameworks/TelephonyUtilities.framework/XPCServices/com.apple.FaceTime.FTConversationService.xpc/Contents/MacOS/com.apple.FaceTime.FTConversationService
diegocaro          541   0.0  0.1 33836352  14796   ??  S     8:58AM   0:00.40 /System/Library/PrivateFrameworks/StatusKit.framework/StatusKitAgent
diegocaro          540   0.0  0.0 33829880   4960   ??  Ss    8:58AM   0:00.13 /System/Library/Frameworks/AudioToolbox.framework/XPCServices/CarbonComponentScannerXPC.xpc/Contents/MacOS/CarbonComponentScannerXPC
diegocaro          539   0.0  0.1 34472000  22420   ??  S     8:58AM   0:00.11 /Applications/Dropbox.app/Contents/MacOS/Dropbox -type:exit-monitor -method:collectupload -python-version:3.8.12 -process-type:main -session-token:c53ad796-1c21-4950-b771-e90f147f0d78 -target-handle:506 -target-shutdown-event:4 -target-restart-event:6 -target-command-line:/Applications/Dropbox.app/Contents/MacOS/Dropbox
diegocaro          537   0.0  0.1 33836300  13732   ??  S     8:58AM   0:00.35 /System/Library/PrivateFrameworks/FamilyCircle.framework/Versions/A/Resources/familycircled
diegocaro          535   0.0  0.0 33791304   4764   ??  S     8:58AM   0:00.07 /System/Library/Frameworks/AudioToolbox.framework/AudioComponentRegistrar
diegocaro          534   0.0  0.1 34461560  19300   ??  S     8:58AM   0:00.08 /Applications/Dropbox.app/Contents/MacOS/Dropbox -type:crashpad-handler --no-upload-gzip --no-rate-limit --capture-python --no-identify-client-via-url --database=/Users/diegocaro/.dropbox/Crashpad --metrics-dir=0 --url=https://d.dropbox.com/report_crashpad_minidump --https-pin=0x23,0xf2,0xed,0xff,0x3e,0xde,0x90,0x25,0x9a,0x9e,0x30,0xf4,0xa,0xf8,0xf9,0x12,0xa5,0xe5,0xb3,0x69,0x4e,0x69,0x38,0x44,0x3,0x41,0xf6,0x6,0xe,0x1,0x4f,0xfa --https-pin=0xaf,0xf9,0x88,0x90,0x6d,0xde,0x12,0x95,0x5d,0x9b,0xeb,0xbf,0x92,0x8f,0xdc,0xc3,0x1c,0xce,0x32,0x8d,0x5b,0x93,0x84,0xf2,0x1c,0x89,0x41,0xca,0x26,0xe2,0x3,0x91 --https-pin=0x5a,0x88,0x96,0x47,0x22,0xe,0x54,0xd6,0xbd,0x8a,0x16,0x81,0x72,0x24,0x52,0xb,0xb5,0xc7,0x8e,0x58,0x98,0x4b,0xd5,0x70,0x50,0x63,0x88,0xb9,0xde,0xf,0x7,0x5f --https-pin=0xfe,0xa2,0xb7,0xd6,0x45,0xfb,0xa7,0x3d,0x75,0x3c,0x1e,0xc9,0xa7,0x87,0xc,0x40,0xe1,0xf7,0xb0,0xc5,0x61,0xe9,0x27,0xb9,0x85,0xbf,0x71,0x18,0x66,0xe3,0x6f,0x22 --https-pin=0x76,0xee,0x85,0x90,0x37,0x4c,0x71,0x54,0x37,0xbb,0xca,0x6b,0xba,0x60,0x28,0xea,0xdd,0xe2,0xdc,0x6d,0xbb,0xb8,0xc3,0xf6,0x10,0xe8,0x51,0xf1,0x1d,0x1a,0xb7,0xf5 --https-pin=0x6d,0xbf,0xae,0x0,0xd3,0x7b,0x9c,0xd7,0x3f,0x8f,0xb4,0x7d,0xe6,0x59,0x17,0xaf,0x0,0xe0,0xdd,0xdf,0x42,0xdb,0xce,0xac,0x20,0xc1,0x7c,0x2,0x75,0xee,0x20,0x95 --https-pin=0x1e,0xa3,0xc5,0xe4,0x3e,0xd6,0x6c,0x2d,0xa2,0x98,0x3a,0x42,0xa4,0xa7,0x9b,0x1e,0x90,0x67,0x86,0xce,0x9f,0x1b,0x58,0x62,0x14,0x19,0xa0,0x4,0x63,0xa8,0x7d,0x38 --https-pin=0x87,0xaf,0x34,0xd6,0x6f,0xb3,0xf2,0xfd,0xf3,0x6e,0x9,0x11,0x1e,0x9a,0xba,0x2f,0x6f,0x44,0xb2,0x7,0xf3,0x86,0x3f,0x3d,0xb,0x54,0xb2,0x50,0x23,0x90,0x9a,0xa5 --https-pin=0xbc,0xfb,0x44,0xaa,0xb9,0xad,0x2,0x10,0x15,0x70,0x6b,0x41,0x21,0xea,0x76,0x1c,0x81,0xc9,0xe8,0x89,0x67,0x59,0xf,0x6f,0x94,0xae,0x74,0x4d,0xc8,0x8b,0x78,0xfb --https-pin=0xab,0x98,0x49,0x52,0x76,0xad,0xf1,0xec,0xaf,0xf2,0x8f,0x35,0xc5,0x30,0x48,0x78,0x1e,0x5c,0x17,0x18,0xda,0xb9,0xc8,0xe6,0x7a,0x50,0x4f,0x4f,0x6a,0x51,0x32,0x8f --https-pin=0x49,0x5,0x46,0x66,0x23,0xab,0x41,0x78,0xbe,0x92,0xac,0x5c,0xbd,0x65,0x84,0xf7,0xa1,0xe1,0x7f,0x27,0x65,0x2d,0x5a,0x85,0xaf,0x89,0x50,0x4e,0xa2,0x39,0xaa,0xaa --https-pin=0x56,0x32,0xd9,0x7b,0xfa,0x77,0x5b,0xf3,0xc9,0x9d,0xde,0xa5,0x2f,0xc2,0x55,0x34,0x10,0x86,0x40,0x16,0x72,0x9c,0x52,0xdd,0x65,0x24,0xc8,0xa9,0xc3,0xb4,0x48,0x9f --https-pin=0x2a,0x8f,0x2d,0x8a,0xf0,0xeb,0x12,0x38,0x98,0xf7,0x4c,0x86,0x6a,0xc3,0xfa,0x66,0x90,0x54,0xe2,0x3c,0x17,0xbc,0x7a,0x95,0xbd,0x2,0x34,0x19,0x2d,0xc6,0x35,0xd0 --https-pin=0x32,0xb6,0x4b,0x66,0x72,0x7a,0x20,0x63,0xe4,0x6,0x6f,0x3b,0x95,0x8c,0xb0,0xaa,0xee,0x57,0x6a,0x5e,0xce,0xfd,0x95,0x33,0x99,0xbb,0x88,0x74,0x73,0x1d,0x95,0x87 --https-pin=0xf5,0x3c,0x22,0x5,0x98,0x17,0xdd,0x96,0xf4,0x0,0x65,0x16,0x39,0xd2,0xf8,0x57,0xe2,0x10,0x70,0xa5,0x9a,0xbe,0xd9,0x7,0x94,0x0,0xd9,0xf6,0x95,0x50,0x69,0x0 --https-pin=0x67,0xdc,0x4f,0x32,0xfa,0x10,0xe7,0xd0,0x1a,0x79,0xa0,0x73,0xaa,0xc,0x9e,0x2,0x12,0xec,0x2f,0xfc,0x3d,0x77,0x9e,0xa,0xa7,0xf9,0xc0,0xf0,0xe1,0xc2,0xc8,0x93 --https-pin=0x19,0x6,0xc6,0x12,0x4d,0xbb,0x43,0x85,0x78,0xd0,0xe,0x6,0x6d,0x50,0x54,0xc6,0xc3,0x7f,0xf,0xa6,0x2,0x8c,0x5,0x54,0x5e,0x9,0x94,0xed,0xda,0xec,0x86,0x29 --https-pin=0x1d,0x75,0xd0,0x83,0x1b,0x9e,0x8,0x85,0x39,0x4d,0x32,0xc7,0xa1,0xbf,0xdb,0x3d,0xbc,0x1c,0x28,0xe2,0xb0,0xe8,0x39,0x1f,0xb1,0x35,0x98,0x1d,0xbc,0x5b,0xa9,0x36 --annotation=host_int_account1_boot=13263226289 --annotation=machine_id=c97b1ce1-12c0-5c2a-93d1-9714a6892394 --annotation=platform=mac --annotation=platform_version=12.6.2 --handshake-fd=4
diegocaro          532   0.0  0.2 34408372  40460   ??  S     8:58AM   0:04.30 /System/Library/CoreServices/ControlStrip.app/Contents/MacOS/ControlStrip
diegocaro          531   0.0  0.0 33829472   5668   ??  S     8:58AM   0:00.06 /System/Library/CoreServices/APFSUserAgent
diegocaro          530   0.0  0.3 33966848  43324   ??  S     8:58AM   0:03.88 /System/Library/PrivateFrameworks/IMDPersistence.framework/XPCServices/IMDPersistenceAgent.xpc/Contents/MacOS/IMDPersistenceAgent
diegocaro          529   0.0  0.1 33836164  13744   ??  S     8:58AM   0:00.28 /System/Library/PrivateFrameworks/CallHistory.framework/Support/CallHistoryPluginHelper
diegocaro          528   0.0  0.1 33881356  18952   ??  S     8:58AM   0:00.29 /System/Library/CoreServices/TextInputSwitcher.app/Contents/MacOS/TextInputSwitcher
diegocaro          527   0.0  0.1 34020612  22328   ??  Ss    8:58AM   0:00.54 /Applications/Dropbox.app/Contents/PlugIns/garcon.appex/Contents/MacOS/garcon -AppleLanguages ("en-CL", "es-CL")
diegocaro          524   0.0  0.1 33845448  23064   ??  S     8:58AM   0:01.20 /System/Library/Frameworks/CoreTelephony.framework/Support/CommCenter -L
diegocaro          522   0.0  0.1 33833692  15240   ??  S     8:58AM   0:00.62 /System/Library/PrivateFrameworks/AppleMediaServices.framework/Resources/amsaccountsd
diegocaro          520   0.0  0.1 34395788  20924   ??  S     8:58AM   0:00.82 /System/Library/CoreServices/TextInputMenuAgent.app/Contents/MacOS/TextInputMenuAgent
diegocaro          519   0.0  0.0 33830380   7976   ??  S     8:58AM   0:00.48 /System/Library/CoreServices/diagnostics_agent
diegocaro          518   0.0  0.1 33831504  19192   ??  S     8:58AM   0:00.58 /System/Library/CoreServices/cloudpaird
diegocaro          516   0.0  0.1 33842052  22584   ??  S     8:58AM   0:01.45 /System/Library/PrivateFrameworks/IMCore.framework/imagent.app/Contents/MacOS/imagent
diegocaro          515   0.0  0.1 34293792  13656   ??  S     8:58AM   0:00.19 /System/Library/CoreServices/AirPlayUIAgent.app/Contents/MacOS/AirPlayUIAgent --launchd
diegocaro          513   0.0  0.1 33833996  13116   ??  S     8:58AM   0:00.45 /System/Library/PrivateFrameworks/AskPermission.framework/Versions/A/Resources/askpermissiond
diegocaro          512   0.0  0.0 33829572   7868   ??  S     8:58AM   0:00.34 /System/Library/Image Capture/Support/icdd
diegocaro          509   0.0  0.1 33838228  24868   ??  S     8:58AM   0:01.09 /usr/libexec/routined LAUNCHED_BY_LAUNCHD
diegocaro          508   0.0  0.1 33840356  13200   ??  S     8:58AM   0:00.55 /System/Library/PrivateFrameworks/CoreSpeech.framework/corespeechd
root               507   0.0  0.0 33836976   7016   ??  Ss    8:58AM   0:00.19 /usr/sbin/systemsoundserverd
diegocaro          505   0.0  0.1 34288728  16640   ??  S     8:58AM   0:00.19 /usr/libexec/avconferenced
diegocaro          504   0.0  0.2 33842812  29380   ??  S     8:58AM   0:01.37 /System/Library/PrivateFrameworks/TelephonyUtilities.framework/callservicesd
diegocaro          503   0.0  0.1 33829956   8484   ??  S     8:58AM   0:00.20 /System/Library/Frameworks/LocalAuthentication.framework/Support/coreauthd
diegocaro          502   0.0  0.1 33837828  24672   ??  Ss    8:58AM   0:01.40 /System/Library/PrivateFrameworks/CalendarNotification.framework/Versions/A/XPCServices/CalNCService.xpc/Contents/MacOS/CalNCService
diegocaro          501   0.0  0.1 33842628  20476   ??  S     8:58AM   0:07.00 /usr/libexec/networkserviceproxy
diegocaro          500   0.0  0.2 34320212  39692   ??  Ss    8:58AM   0:00.87 /System/Library/CoreServices/Dock.app/Contents/XPCServices/com.apple.dock.extra.xpc/Contents/MacOS/com.apple.dock.extra
diegocaro          499   0.0  0.2 36563316  32572   ??  S     8:58AM   0:01.12 /System/Library/Frameworks/CoreServices.framework/Frameworks/Metadata.framework/Versions/A/Support/corespotlightd
diegocaro          497   0.0  0.0 33817904   5980   ??  S     8:58AM   0:00.02 /System/Library/CoreServices/Menu Extras/SafeEjectGPUExtra.menu/Contents/XPCServices/SafeEjectGPUService.xpc/Contents/MacOS/SafeEjectGPUService
diegocaro          496   0.0  0.0 34162980   3476   ??  S     8:58AM   0:00.01 SafeEjectGPUAgent
diegocaro          495   0.0  0.1 33858228  13408   ??  Ss    8:58AM   0:00.78 /System/Library/Input Methods/PressAndHold.app/Contents/PlugIns/PAH_Extension.appex/Contents/MacOS/PAH_Extension -AppleLanguages ("en-CL", "es-CL")
diegocaro          494   0.0  0.1 33831204   9656   ??  S     8:58AM   0:00.11 /System/Library/Frameworks/InputMethodKit.framework/Resources/imklaunchagent
diegocaro          493   0.0  0.0 33799904   8084   ??  S     8:58AM   0:00.07 /System/Library/Frameworks/Security.framework/Versions/A/Resources/CloudKeychainProxy.bundle/Contents/MacOS/CloudKeychainProxy
diegocaro          492   0.0  0.1 33830068   9972   ??  S     8:58AM   0:00.10 /System/Library/PrivateFrameworks/ProtectedCloudStorage.framework/Helpers/ProtectedCloudKeySyncing
diegocaro          491   0.0  0.0 33798904   6228   ??  S     8:58AM   0:00.09 /System/Library/PrivateFrameworks/CoreCDP.framework/Versions/A/Resources/cdpd
diegocaro          489   0.0  0.1 33867408  18408   ??  S     8:58AM   0:00.26 /System/Library/CoreServices/Keychain Circle Notification.app/Contents/MacOS/Keychain Circle Notification
diegocaro          488   0.0  0.1 33836544  15812   ??  S     8:58AM   0:00.31 /System/Library/PrivateFrameworks/ScreenTimeCore.framework/Versions/A/ScreenTimeAgent
diegocaro          487   0.0  0.1 33839020  11952   ??  Ss    8:58AM   0:00.91 /System/Library/PrivateFrameworks/CloudDocsDaemon.framework/XPCServices/ContainerMetadataExtractor.xpc/Contents/MacOS/ContainerMetadataExtractor
diegocaro          486   0.0  0.1 33950864  17348   ??  S     8:58AM   0:00.51 /System/Library/PreferencePanes/Displays.prefPane/Contents/Resources/MirrorDisplays.app/Contents/MacOS/MirrorDisplays
diegocaro          485   0.0  0.1 33842664  16952   ??  S     8:58AM   0:01.02 /System/Library/PrivateFrameworks/GeoServices.framework/Versions/A/XPCServices/com.apple.geod.xpc/Contents/MacOS/com.apple.geod
_ctkd              484   0.0  0.0 33791384   2788   ??  Ss    8:58AM   0:00.04 /System/Library/Frameworks/CryptoTokenKit.framework/ctkd -s
diegocaro          483   0.0  0.1 33829560  10896   ??  S     8:58AM   0:00.69 /System/Library/Frameworks/Contacts.framework/Support/contactsd
diegocaro          482   0.0  0.1 33835968  18080   ??  S     8:58AM   0:00.60 /System/Library/PrivateFrameworks/CommerceKit.framework/Versions/A/Resources/commerce
diegocaro          481   0.0  0.1 33829968   9024   ??  S     8:58AM   0:00.96 /usr/libexec/triald
diegocaro          480   0.0  0.0 33829780   4968   ??  S     8:58AM   0:00.10 /System/Library/CoreServices/pbs
diegocaro          478   0.0  0.1 34364176  16360   ??  S     8:58AM   0:00.32 /System/Library/Frameworks/QuickLookThumbnailing.framework/Support/com.apple.quicklook.ThumbnailsAgent
diegocaro          476   0.0  0.1 33836988  17564   ??  S     8:58AM   0:00.48 /System/Library/PrivateFrameworks/CoreParsec.framework/parsecd
diegocaro          475   0.0  0.0 33829592   5892   ??  S     8:58AM   0:00.22 /System/Library/Frameworks/CryptoTokenKit.framework/ctkd -tw
diegocaro          474   0.0  0.2 33844996  31588   ??  S     8:58AM   0:06.38 /usr/libexec/sharingd
diegocaro          473   0.0  0.0 33790860   3868   ??  S     8:58AM   0:00.05 /System/Library/Frameworks/CryptoTokenKit.framework/ctkahp.bundle/Contents/MacOS/ctkahp
diegocaro          472   0.0  0.2 34441696  35104   ??  S     8:58AM   0:00.90 /System/Library/CoreServices/Spotlight.app/Contents/MacOS/Spotlight
root               471   0.0  0.0 33799020   3448   ??  Ss    8:58AM   0:00.05 /System/Library/Frameworks/CryptoTokenKit.framework/ctkahp.bundle/Contents/MacOS/ctkahp -d
diegocaro          470   0.0  0.0 33830936   7232   ??  S     8:58AM   0:01.13 /System/Library/PrivateFrameworks/UserActivity.framework/Agents/useractivityd
diegocaro          467   0.0  0.0 33799432   3352   ??  S     8:58AM   0:00.12 /System/Library/PrivateFrameworks/BiomeStreams.framework/Support/BiomeAgent
diegocaro          466   0.0  0.1 33926612  19284   ??  S     8:58AM   0:00.72 /System/Library/CoreServices/iconservicesagent
diegocaro          465   0.0  0.1 33855888  16604   ??  S     8:58AM   0:03.80 /usr/libexec/nsurlsessiond
diegocaro          464   0.0  0.2 33855192  27504   ??  S     8:58AM   0:01.75 /System/Library/PrivateFrameworks/SyncedDefaults.framework/Support/syncdefaultsd
diegocaro          462   0.0  0.1 33846212  13384   ??  S     8:58AM   0:00.36 /System/Library/PrivateFrameworks/FileProvider.framework/Support/fileproviderd
diegocaro          461   0.0  0.1 33837888   8944   ??  S     8:58AM   0:00.08 /System/Library/PrivateFrameworks/AMPDevices.framework/Versions/A/Support/AMPDeviceDiscoveryAgent --launchd
root               458   0.0  0.0 33800588   4364   ??  Ss    8:58AM   0:00.03 automountd
diegocaro          457   0.0  0.0 33799528   3468   ??  S     8:58AM   0:01.38 /System/Library/Frameworks/ApplicationServices.framework/Versions/A/Frameworks/HIServices.framework/Versions/A/XPCServices/com.apple.hiservices-xpcservice.xpc/Contents/MacOS/com.apple.hiservices-xpcservice
diegocaro          456   0.0  0.2 34429152  37548   ??  S     8:58AM   0:01.46 /System/Library/CoreServices/NotificationCenter.app/Contents/MacOS/NotificationCenter
diegocaro          455   0.0  0.1 33847792  24732   ??  S     8:58AM   0:01.00 /System/Library/PrivateFrameworks/DoNotDisturbServer.framework/Support/donotdisturbd
diegocaro          454   0.0  0.1 33840724  11432   ??  S     8:58AM   0:01.06 /System/Library/CoreServices/sharedfilelistd
diegocaro          453   0.0  0.0 33830096   7772   ??  S     8:58AM   0:00.08 /System/Library/PrivateFrameworks/UsageTracking.framework/Versions/A/UsageTrackingAgent
diegocaro          452   0.0  0.2 34100896  33664   ??  S     8:58AM   0:02.26 /System/Library/PrivateFrameworks/AppleMediaServicesUI.framework/amsengagementd
diegocaro          450   0.0  0.1 33835056  10128   ??  S     8:58AM   0:00.30 /usr/libexec/dmd
diegocaro          449   0.0  0.2 33843344  36108   ??  S     8:58AM   0:01.98 /System/Library/PrivateFrameworks/HomeKitDaemon.framework/Support/homed
diegocaro          448   0.0  0.3 33860788  52612   ??  S     8:58AM   0:07.70 /System/Library/PrivateFrameworks/CalendarAgent.framework/Executables/CalendarAgent
diegocaro          447   0.0  0.1 33829524  19804   ??  S     8:58AM   0:01.01 /usr/libexec/containermanagerd --runmode=agent --bundle-container-mode=global --bundle-container-owner=_appinstalld --system-container-mode=none
diegocaro          446   0.0  0.1 33841696  17884   ??  S     8:58AM   0:00.76 /usr/sbin/usernoted
diegocaro          445   0.0  0.1 33852816   8824   ??  S     8:58AM   0:00.80 /System/Library/Frameworks/ApplicationServices.framework/Versions/A/Frameworks/ATS.framework/Versions/A/Support/fontworker
diegocaro          444   0.0  0.1 33841812  22820   ??  S     8:58AM   0:03.14 /System/Library/PrivateFrameworks/CloudDocsDaemon.framework/Versions/A/Support/bird
diegocaro          443   0.0  0.1 33844296  17564   ??  S     8:58AM   0:00.66 /System/Library/PrivateFrameworks/VoiceShortcuts.framework/Versions/A/Support/siriactionsd
root               442   0.0  0.0 33809692   8092   ??  Ss    8:58AM   0:00.11 /usr/sbin/filecoordinationd
diegocaro          441   0.0  0.2 33863676  29668   ??  S     8:58AM   0:03.11 /System/Library/PrivateFrameworks/IDS.framework/identityservicesd.app/Contents/MacOS/identityservicesd
diegocaro          440   0.0  0.1 34371748  18904   ??  S     8:58AM   0:00.26 /System/Library/PrivateFrameworks/AppSSO.framework/Support/AppSSOAgent.app/Contents/MacOS/AppSSOAgent
diegocaro          439   0.0  0.2 33854872  29316   ??  S     8:58AM   0:07.92 /System/Library/PrivateFrameworks/CloudKitDaemon.framework/Support/cloudd
diegocaro          438   0.0  0.0 33830324   7948   ??  S     8:58AM   0:00.26 /usr/libexec/secinitd
diegocaro          437   0.0  0.1 33839268  15512   ??  S     8:58AM   0:01.19 /usr/libexec/pkd
diegocaro          436   0.0  0.1 34273500  14596   ??  Ss    8:58AM   0:00.32 /System/Library/Frameworks/QuickLookUI.framework/Versions/A/XPCServices/QuickLookUIService.xpc/Contents/MacOS/QuickLookUIService
diegocaro          435   0.0  0.1 33837192  13780   ??  S     8:58AM   0:00.55 /System/Library/PrivateFrameworks/AuthKit.framework/Versions/A/Support/akd
diegocaro          434   0.0  0.1 33831012  13840   ??  S     8:58AM   0:01.35 /System/Library/Frameworks/ApplicationServices.framework/Frameworks/ATS.framework/Support/fontd
diegocaro          433   0.0  0.1 33830116  17872   ??  S     8:58AM   0:01.58 /usr/libexec/rapportd
diegocaro          432   0.0  0.1 33831092  10020   ??  S     8:58AM   0:03.19 /System/Library/PrivateFrameworks/ViewBridge.framework/Versions/A/XPCServices/ViewBridgeAuxiliary.xpc/Contents/MacOS/ViewBridgeAuxiliary
diegocaro          431   0.0  0.0 33801468   5580   ??  S     8:58AM   0:00.39 /usr/libexec/pboard
diegocaro          430   0.0  0.0 33830540   8240   ??  S     8:58AM   0:00.08 /System/Library/CoreServices/backgroundtaskmanagementagent
diegocaro          429   0.0  0.1 34380096  20456   ??  S     8:58AM   0:20.86 /System/Library/PrivateFrameworks/UniversalAccess.framework/Versions/A/Resources/AXVisualSupportAgent.app/Contents/MacOS/AXVisualSupportAgent launchd -s
diegocaro          428   0.0  0.1 33840944  23628   ??  S     8:58AM   0:01.98 /System/Library/Frameworks/Security.framework/Versions/A/XPCServices/TrustedPeersHelper.xpc/Contents/MacOS/TrustedPeersHelper
diegocaro          427   0.0  0.3 33998808  42104   ??  S     8:58AM   0:04.09 /System/Library/Frameworks/Accounts.framework/Versions/A/Support/accountsd
diegocaro          426   0.0  0.0 33799428   2260   ??  S     8:58AM   0:00.01 /System/Library/Frameworks/CoreServices.framework/Versions/A/Frameworks/CarbonCore.framework/Versions/A/XPCServices/csnameddatad.xpc/Contents/MacOS/csnameddatad
diegocaro          425   0.0  0.1 33877888  17868   ??  S     8:58AM   0:00.40 /System/Library/CoreServices/PowerChime.app/Contents/MacOS/PowerChime
diegocaro          424   0.0  0.1 33839584  16552   ??  S     8:58AM   0:05.88 /usr/libexec/trustd --agent
diegocaro          423   0.0  0.3 33856116  45760   ??  S     8:58AM   0:10.74 /usr/libexec/secd
diegocaro          420   0.0  0.2 33880500  30880   ??  S     8:58AM   0:00.69 /System/Library/PrivateFrameworks/iTunesCloud.framework/Support/itunescloudd
diegocaro          419   0.0  0.9 34608812 148308   ??  S     8:58AM   0:24.66 /System/Library/CoreServices/Finder.app/Contents/MacOS/Finder
diegocaro          418   0.0  0.1 33840344  11448   ??  S     8:58AM   0:01.63 /System/Library/PrivateFrameworks/TCC.framework/Support/tccd
diegocaro          417   0.0  0.2 34392624  27852   ??  S     8:58AM   0:00.61 /System/Library/CoreServices/SystemUIServer.app/Contents/MacOS/SystemUIServer
diegocaro          416   0.0  0.3 34451788  53732   ??  S     8:58AM   0:05.38 /System/Library/CoreServices/ControlCenter.app/Contents/MacOS/ControlCenter
diegocaro          415   0.0  0.4 34344812  66436   ??  S     8:58AM   0:05.34 /System/Library/CoreServices/Dock.app/Contents/MacOS/Dock
diegocaro          414   0.0  0.1 33867784  14984   ??  S     8:58AM   0:00.24 /System/Library/CoreServices/talagent
diegocaro          413   0.0  0.1 33839456  13172   ??  S     8:58AM   0:01.28 /usr/libexec/lsd
diegocaro          412   0.0  0.2 33843096  33012   ??  S     8:58AM   0:01.78 /usr/libexec/knowledge-agent
diegocaro          411   0.0  0.1 34273268  12520   ??  S     8:58AM   0:00.74 /usr/sbin/universalaccessd launchd -s
diegocaro          410   0.0  0.1 33842856  13664   ??  S     8:58AM   0:00.48 /System/Library/PrivateFrameworks/CloudServices.framework/Helpers/com.apple.sbd
_gamecontrollerd   408   0.0  0.0 33829324   7064   ??  Ss    8:58AM   0:01.00 /usr/libexec/gamecontrollerd
diegocaro          407   0.0  0.1 33832244  15984   ??  S     8:58AM   0:01.58 /usr/libexec/UserEventAgent (Aqua)
_netbios           406   0.0  0.0 33799800   4788   ??  SNs   8:58AM   0:00.14 /usr/sbin/netbiosd
root               405   0.0  0.0 33754456   1948   ??  Ss    8:58AM   0:00.02 /usr/libexec/securityd_service
diegocaro          404   0.0  0.0 33800832   5336   ??  S     8:58AM   0:04.51 /usr/sbin/cfprefsd agent
diegocaro          403   0.0  0.0 33698532   4272   ??  S     8:58AM   0:05.47 /usr/sbin/distnoted agent
root               401   0.0  0.1 33829844   8592   ??  Ss    8:58AM   0:00.12 /System/Library/Frameworks/LocalAuthentication.framework/Support/coreauthd
_appleevents       397   0.0  0.0 33697508   1236   ??  S     8:58AM   0:00.36 /usr/sbin/distnoted agent
root               395   0.0  0.0 33759664   5072   ??  Ss    8:58AM   0:00.04 /System/Library/Frameworks/GSS.framework/Helpers/GSSCred
root               392   0.0  0.0 33764648   2732   ??  Ss    8:58AM   0:00.02 /System/Library/PrivateFrameworks/AccountPolicy.framework/XPCServices/com.apple.AccountPolicyHelper.xpc/Contents/MacOS/com.apple.AccountPolicyHelper
_captiveagent      391   0.0  0.0 33800168   3792   ??  Ss    8:58AM   0:00.06 /usr/libexec/captiveagent
_fpsd              390   0.0  0.0 33801300   4164   ??  Ss    8:58AM   0:00.28 /System/Library/PrivateFrameworks/CoreADI.framework/adid
root               388   0.0  0.0 33763100   4860   ??  Ss    8:58AM   0:00.04 /usr/libexec/bootinstalld
root               387   0.0  0.0 33831036   4716   ??  S     8:58AM   0:00.17 /usr/sbin/systemstats --logger-helper /private/var/db/systemstats
root               386   0.0  0.1 33830356   8844   ??  S     8:58AM   0:02.14 /System/Library/PrivateFrameworks/ViewBridge.framework/Versions/A/XPCServices/ViewBridgeAuxiliary.xpc/Contents/MacOS/ViewBridgeAuxiliary
root               385   0.0  0.0 33833656   6488   ??  Ss    8:58AM   0:00.10 /usr/libexec/symptomsd-diag
root               384   0.0  0.0 33758176   2276   ??  Ss    8:58AM   0:01.25 /usr/libexec/sysmond
root               383   0.0  0.1 33833344  10468   ??  Ss    8:58AM   0:00.21 /System/Library/PrivateFrameworks/AuthKit.framework/Versions/A/Support/akd
_appleevents       372   0.0  0.0 33829988   6300   ??  Ss    8:58AM   0:00.14 /System/Library/CoreServices/appleeventsd --server
root               371   0.0  0.0 33798908   3380   ??  Ss    8:58AM   0:00.03 /usr/libexec/colorsyncd
root               370   0.0  0.0 33799212   4368   ??  Ss    8:58AM   0:00.05 /usr/libexec/colorsync.displayservices
root               368   0.0  0.1 33904828  23868   ??  Ss    8:58AM   0:18.69 /usr/libexec/TouchBarServer
_applepay          367   0.0  0.0 33826664   7480   ??  Ss    8:58AM   0:00.20 /usr/libexec/nfcd
root               366   0.0  0.0 33828984   3828   ??  Ss    8:58AM   0:00.04 /usr/libexec/biokitaggdd
root               365   0.0  0.0 33754064   2760   ??  Ss    8:58AM   0:00.01 /usr/sbin/BlueTool -R
root               364   0.0  0.0 33788760   4124   ??  Ss    8:58AM   0:00.04 /usr/libexec/secinitd
_windowserver      363   0.0  0.0 33697508   1236   ??  S     8:58AM   0:00.37 /usr/sbin/distnoted agent
_hidd              361   0.0  0.0 33790728   2536   ??  Ss    8:58AM   0:00.12 /usr/libexec/hidd
root               359   0.0  0.0 33702680   2976   ??  Ss    8:58AM   0:00.02 /usr/libexec/thermald
root               356   0.0  0.0 33786096   7264   ??  Ss    8:58AM   0:00.05 /usr/libexec/wifip2pd
root               355   0.0  0.1 33831764  17636   ??  Ss    8:58AM   0:01.16 /usr/libexec/wifianalyticsd
_driverkit         354   0.0  0.0 34176724   3128   ??  Ss    8:58AM   1:17.70 /System/Library/DriverExtensions/com.apple.AppleUserHIDDrivers.dext/com.apple.AppleUserHIDDrivers com.apple.driverkit.AppleUserHIDDrivers 0x10000065c com.apple.AppleUserHIDDrivers
_spotlight         352   0.0  0.0 33697508   1236   ??  S     8:58AM   0:00.39 /usr/sbin/distnoted agent
_fud               349   0.0  0.0 33697508   1244   ??  S     8:58AM   0:00.42 /usr/sbin/distnoted agent
root               343   0.0  0.0 33727944   5652   ??  Ss    8:58AM   0:00.01 /System/Library/PrivateFrameworks/WiFiPolicy.framework/XPCServices/WiFiCloudAssetsXPCService.xpc/Contents/MacOS/WiFiCloudAssetsXPCService
root               341   0.0  1.1 38236000 179352   ??  Ss    8:58AM  28:42.79 /System/Library/Frameworks/CoreServices.framework/Frameworks/Metadata.framework/Versions/A/Support/mds_stores
root               340   0.0  0.0 33829696   6148   ??  Ss    8:58AM   0:01.54 /System/Library/CoreServices/backupd.bundle/Contents/Resources/backupd-helper -launchd
root               335   0.0  0.1 33830332   9144   ??  Ss    8:58AM   0:00.41 /usr/libexec/biometrickitd --launchd
root               334   0.0  0.0 33795304   4192   ??  Ss    8:58AM   0:00.17 /usr/libexec/mobileactivationd
root               333   0.0  0.0 33838916   5956   ??  Ss    8:58AM   0:00.20 /System/Library/CoreServices/SubmitDiagInfo server-init
root               332   0.0  0.0 33800396   5792   ??  Ss    8:58AM   0:00.02 /System/Library/CoreServices/Software Update.app/Contents/Resources/suhelperd
_softwareupdate    331   0.0  0.0 33750340   1916   ??  Ss    8:58AM   0:00.01 /System/Library/PrivateFrameworks/BridgeOSSoftwareUpdate.framework/Support/bosUpdateProxy
root               330   0.0  0.0 33784336   3120   ??  Ss    8:58AM   0:00.12 /System/Library/PrivateFrameworks/CoreKDL.framework/Support/corekdld
_nsurlsessiond     329   0.0  0.0 33697508   1236   ??  S     8:58AM   0:00.44 /usr/sbin/distnoted agent
root               328   0.0  0.1 33853084  12808   ??  Ss    8:58AM   0:00.36 /usr/libexec/searchpartyd
_coreaudiod        326   0.0  0.0 33729796   1972   ??  Ss    8:58AM   0:00.01 /System/Library/Frameworks/CoreAudio.framework/Versions/A/XPCServices/com.apple.audio.DriverHelper.xpc/Contents/MacOS/com.apple.audio.DriverHelper
_cmiodalassistants   325   0.0  0.0 33831068   6280   ??  Ss    8:58AM   0:01.08 /System/Library/Frameworks/CoreMediaIO.framework/Versions/A/Resources/UVCAssistant.systemextension/Contents/MacOS/UVCAssistant
_coreaudiod        324   0.0  0.0 33738312   5996   ??  Ss    8:58AM   0:00.03 /System/Library/Frameworks/AudioToolbox.framework/XPCServices/com.apple.audio.SandboxHelper.xpc/Contents/MacOS/com.apple.audio.SandboxHelper
_locationd         323   0.0  0.0 33821332   4588   ??  S     8:58AM   0:00.04 /usr/libexec/containermanagerd --runmode=agent --bundle-container-mode=global --bundle-container-owner=_appinstalld --system-container-mode=none
root               322   0.0  0.0 33783104   4328   ??  Ss    8:58AM   0:00.04 /System/Library/Frameworks/AudioToolbox.framework/AudioComponentRegistrar -daemon
_locationd         321   0.0  0.0 33832376   7512   ??  S     8:58AM   0:00.12 /usr/libexec/trustd --agent
_locationd         320   0.0  0.0 33750292   1540   ??  S     8:58AM   0:00.01 /usr/sbin/cfprefsd agent
_softwareupdate    319   0.0  0.0 33697508   1252   ??  S     8:58AM   0:00.44 /usr/sbin/distnoted agent
root               318   0.0  0.0 33814032   4968   ??  Ss    8:58AM   0:00.07 /System/Library/PrivateFrameworks/MobileSoftwareUpdate.framework/Versions/A/XPCServices/com.apple.MobileSoftwareUpdate.CleanupPreparePathService.xpc/Contents/MacOS/com.apple.MobileSoftwareUpdate.CleanupPreparePathService
_locationd         317   0.0  0.0 33813352   4068   ??  S     8:58AM   0:00.04 /usr/libexec/secinitd
_locationd         316   0.0  0.0 33697508   1308   ??  S     8:58AM   0:00.53 /usr/sbin/distnoted agent
_locationd         315   0.0  0.1 33838664  14620   ??  S     8:58AM   0:00.46 /System/Library/PrivateFrameworks/GeoServices.framework/Versions/A/XPCServices/com.apple.geod.xpc/Contents/MacOS/com.apple.geod
_coreaudiod        314   0.0  0.0 33830596   5040   ??  Ss    8:58AM   0:00.76 Core Audio Driver (MSTeamsAudioDevice.driver)
root               312   0.0  0.0 33829508   5212   ??  Ss    8:58AM   0:00.08 /usr/libexec/containermanagerd --runmode=agent --bundle-container-mode=global --bundle-container-owner=_appinstalld --system-container-mode=none
root               291   0.0  0.0 33737988   1892   ??  S     8:58AM   0:00.01 /System/Library/Frameworks/CoreServices.framework/Versions/A/Frameworks/CarbonCore.framework/Versions/A/XPCServices/csnameddatad.xpc/Contents/MacOS/csnameddatad
root               290   0.0  0.0 33790716   3380   ??  Ss    8:58AM   0:00.04 /System/Library/PrivateFrameworks/SystemStatusServer.framework/Support/systemstatusd
_coreaudiod        288   0.0  0.0 33697508   1236   ??  S     8:58AM   0:00.43 /usr/sbin/distnoted agent
root               285   0.0  0.0 33799432   3924   ??  Ss    8:58AM   0:00.29 /System/Library/Frameworks/Security.framework/Versions/A/XPCServices/com.apple.CodeSigningHelper.xpc/Contents/MacOS/com.apple.CodeSigningHelper
root               284   0.0  0.0 33830356   6768   ??  Ss    8:58AM   0:05.23 /usr/libexec/ApplicationFirewall/socketfilterfw
root               283   0.0  0.0 33830372   5504   ??  Ss    8:58AM   0:00.06 /System/Library/PrivateFrameworks/WirelessDiagnostics.framework/Support/awdd
_cmiodalassistants   279   0.0  0.0 33831172   5164   ??  Ss    8:58AM   0:00.09 /System/Library/Frameworks/CoreMediaIO.framework/Resources/VDC.plugin/Contents/Resources/VDCAssistant
_softwareupdate    278   0.0  0.4 34098564  71244   ??  Ss    8:58AM   0:07.94 /System/Library/CoreServices/Software Update.app/Contents/Resources/softwareupdated
root               277   0.0  0.0 33828628   4284   ??  Ss    8:58AM   0:00.14 /usr/libexec/usbd
root               276   0.0  0.1 33843784  21996   ??  Ss    8:58AM   0:12.31 /usr/libexec/airportd
root               275   0.0  0.0 33792664   5772   ??  Ss    8:58AM   0:00.10 /System/Library/CoreServices/backupd.bundle/Contents/Resources/backupd
root               274   0.0  0.1 33804924   8484   ??  Ss    8:58AM   0:00.23 /usr/libexec/diskmanagementd
root               273   0.0  0.0 33798972   3752   ??  Ss    8:58AM   0:00.09 /usr/libexec/apfsd
root               272   0.0  0.1 33839480  15312   ??  Ss    8:58AM   0:01.35 /usr/libexec/lsd runAsRoot
_nsurlsessiond     271   0.0  0.1 33841768  13380   ??  Ss    8:58AM   0:01.55 /usr/libexec/nsurlsessiond --privileged
root               264   0.0  0.0 33765148   3064   ??  Ss    8:58AM   0:00.02 /System/Library/CryptoTokenKit/com.apple.ifdreader.slotd/Contents/MacOS/com.apple.ifdreader
root               259   0.0  0.0 33740696   1752   ??  Ss    8:58AM   0:00.02 /usr/libexec/multiversed
root               253   0.0  0.0 33821668   5864   ??  Ss    8:58AM   0:00.72 /usr/sbin/mDNSResponderHelper
root               251   0.0  0.0 33757524   1976   ??  Ss    8:58AM   0:00.01 /System/Library/Frameworks/NetFS.framework/Versions/A/XPCServices/PlugInLibraryService.xpc/Contents/MacOS/PlugInLibraryService
root               246   0.0  0.0 33829904   4712   ??  Ss    8:58AM   0:00.05 /System/Library/Frameworks/SystemExtensions.framework/Versions/A/Helpers/sysextd
_cmiodalassistants   240   0.0  0.0 33697508   1244   ??  S     8:58AM   0:00.43 /usr/sbin/distnoted agent
_mdnsresponder     235   0.0  0.1 33843500  14840   ??  Ss    8:58AM   0:09.57 /usr/sbin/mDNSResponder
root               223   0.0  0.2 33839136  27672   ??  Ss    8:58AM   0:10.78 /usr/libexec/mobileassetd
root               215   0.0  0.1 33832572  14136   ??  Ss    8:58AM   0:00.32 /usr/libexec/findmydeviced
root               210   0.0  0.0 33758184   2004   ??  Ss    8:58AM   0:00.17 /usr/libexec/logd_helper
_networkd          207   0.0  0.1 33844584  13652   ??  Ss    8:58AM   0:03.64 /usr/libexec/symptomsd
root               206   0.0  0.1 33829356   9180   ??  Ss    8:58AM   0:00.57 /usr/libexec/nehelper
_coreaudiod        204   0.0  0.2 33861988  35280   ??  Ss    8:58AM   3:38.76 /usr/sbin/coreaudiod
root               197   0.0  0.0 33697508   1340   ??  S     8:58AM   0:00.52 /usr/sbin/distnoted agent
root               192   0.0  0.2 33850492  35092   ??  Ss    8:58AM   0:05.60 /usr/libexec/syspolicyd
root               187   0.0  0.0 33831116   7844   ??  Ss    8:58AM   0:00.36 /System/Library/Frameworks/Security.framework/Versions/A/XPCServices/authd.xpc/Contents/MacOS/authd
root               184   0.0  0.0 33812736   5672   ??  Ss    8:58AM   0:00.29 /System/Library/CoreServices/coreservicesd
root               182   0.0  0.1 33832112  19364   ??  Ss    8:58AM   0:00.64 /usr/libexec/PowerUIAgent
_trustd            180   0.0  0.1 33835936  14512   ??  Ss    8:58AM   0:07.63 /usr/libexec/trustd
diegocaro          179   0.0  0.3 34462660  52664   ??  Ss    8:58AM   0:03.72 /System/Library/CoreServices/loginwindow.app/Contents/MacOS/loginwindow console
_analyticsd        178   0.0  0.1 33838348  19092   ??  Ss    8:58AM   0:02.53 /System/Library/PrivateFrameworks/CoreAnalytics.framework/Support/analyticsd
root               175   0.0  0.0 33773560   1176   ??  Ss    8:58AM   0:00.02 aslmanager
root               174   0.0  0.1 33840316  13004   ??  Ss    8:58AM   0:03.05 /System/Library/PrivateFrameworks/TCC.framework/Support/tccd system
root               172   0.0  0.0 33799632   5556   ??  Ss    8:58AM   0:04.31 /usr/sbin/cfprefsd daemon
root               170   0.0  0.0 33829804   6308   ??  Ss    8:58AM   0:00.53 /usr/libexec/amfid
root               169   0.0  0.0 33798988   3544   ??  Ss    8:58AM   0:00.05 /System/Library/Frameworks/CoreMediaIO.framework/Versions/A/Resources/com.apple.cmio.registerassistantservice
root               168   0.0  0.1 33830852   8916   ??  Ss    8:58AM   0:01.28 /usr/libexec/AirPlayXPCHelper
root               167   0.0  0.1 33829876   9640   ??  Ss    8:58AM   0:01.29 /usr/libexec/corebrightnessd --launchd
root               166   0.0  0.0 33831492   7936   ??  Ss    8:58AM   0:00.27 /usr/libexec/sandboxd
root               165   0.0  0.0 33799256   2884   ??  Ss    8:58AM   0:05.27 /usr/sbin/notifyd
root               164   0.0  0.1 33912088  19592   ??  Ss    8:58AM   0:15.61 /usr/sbin/bluetoothd
root               162   0.0  0.0 33750292   1672   ??  Ss    8:58AM   0:00.01 /usr/sbin/KernelEventAgent
root               161   0.0  0.0 33830472   5216   ??  Ss    8:58AM   0:00.09 /System/Library/PrivateFrameworks/GenerationalStorage.framework/Versions/A/Support/revisiond
root               160   0.0  0.0 33798968   4388   ??  Ss    8:58AM   0:00.07 /System/Library/CoreServices/logind
root               158   0.0  0.1 33842980  23072   ??  Ss    8:58AM   0:13.98 /usr/libexec/PerfPowerServices
root               157   0.0  0.0 33766820   2696   ??  Ss    8:58AM   0:00.05 /System/Library/PrivateFrameworks/AppleCredentialManager.framework/AppleCredentialManagerDaemon
_distnote          156   0.0  0.0 33697508   1900   ??  Ss    8:58AM   0:03.72 /usr/sbin/distnoted daemon
root               154   0.0  0.1 33835600  13504   ??  Ss    8:58AM   0:06.08 /usr/libexec/dasd
_displaypolicyd    153   0.0  0.0 33769340   4960   ??  Ss    8:58AM   0:00.12 /usr/libexec/displaypolicyd -k 1
root               152   0.0  0.0 33749384   2336   ??  Ss    8:58AM   0:00.01 autofsd
_locationd         150   0.0  0.1 33845660  19628   ??  Ss    8:58AM   0:02.13 /usr/libexec/locationd
root               148   0.0  0.0 33741524   1608   ??  Ss    8:58AM   0:00.01 auditd -l
root               147   0.0  0.0 33831404   7740   ??  Ss    8:58AM   0:01.14 /usr/sbin/securityd -i
_usbmuxd           146   0.0  0.0 33835420   5880   ??  Ss    8:58AM   0:00.16 /System/Library/PrivateFrameworks/MobileDevice.framework/Versions/A/Resources/usbmuxd -launchd
_timed             145   0.0  0.0 33829524   4600   ??  Ss    8:58AM   0:00.43 /usr/libexec/timed
root               143   0.0  0.0 34843276   4588   ??  Ss    8:58AM   0:00.04 /Library/PrivilegedHelperTools/com.docker.vmnetd
root               142   0.0  0.1 33847196  14140   ??  Ss    8:58AM   0:02.21 /System/Library/PrivateFrameworks/ApplePushService.framework/apsd
root               141   0.0  0.1 33859420  11856   ??  Ss    8:58AM   0:08.03 /usr/libexec/opendirectoryd
root               140   0.0  0.0 33739536   2052   ??  Ss    8:58AM   0:00.03 /usr/libexec/thermalmonitord
root               137   0.0  0.0 33800052   1592   ??  Ss    8:58AM   0:00.59 /usr/sbin/syslogd
root               136   0.0  0.2 33842356  27512   ??  Ss    8:58AM   0:02.40 /usr/libexec/coreduetd
root               133   0.0  0.0 33828708   4696   ??  Ss    8:58AM   0:01.18 /usr/libexec/diskarbitrationd
root               132   0.0  0.1 33835928  19356   ??  Ss    8:58AM   0:01.54 /usr/libexec/kernelmanagerd
_iconservices      131   0.0  0.0 33829688   4388   ??  Ss    8:58AM   0:00.05 /System/Library/CoreServices/iconservicesd
root               130   0.0  0.3 34051036  47660   ??  Ss    8:58AM   0:53.60 /System/Library/Frameworks/CoreServices.framework/Frameworks/Metadata.framework/Support/mds
root               126   0.0  0.0 33791300   3488   ??  Ss    8:58AM   0:00.64 /usr/libexec/watchdogd
_softwareupdate    123   0.0  0.0 33830444   6552   ??  Ss    8:58AM   0:00.12 /System/Library/PrivateFrameworks/MobileSoftwareUpdate.framework/Support/softwareupdated
root               122   0.0  0.0 33799536   4444   ??  Ss    8:58AM   0:00.20 /usr/libexec/keybagd -t 15
root               120   0.0  0.0 33843488   4664   ??  Ss    8:58AM   0:02.03 /usr/libexec/remoted
root               116   0.0  0.1 33831596   9180   ??  Ss    8:58AM   0:16.40 /System/Library/CoreServices/powerd.bundle/powerd
root               115   0.0  0.0 33741608   1752   ??  Ss    8:58AM   0:00.01 endpointsecurityd
root               114   0.0  0.1 33834436  10212   ??  Ss    8:58AM   0:01.96 /usr/libexec/configd
root               112   0.0  0.1 33843524  18376   ??  Ss    8:58AM   0:08.80 /usr/sbin/systemstats --daemon
root               110   0.0  0.1 33833048  17340   ??  Ss    8:58AM   0:01.87 /System/Library/PrivateFrameworks/MediaRemote.framework/Support/mediaremoted
root               109   0.0  0.0 33806672   6972   ??  Ss    8:58AM   0:16.66 /System/Library/Frameworks/CoreServices.framework/Versions/A/Frameworks/FSEvents.framework/Versions/A/Support/fseventsd
root               108   0.0  0.0 33724900   2392   ??  Ss    8:58AM   0:00.41 /System/Library/PrivateFrameworks/Uninstall.framework/Resources/uninstalld
root               105   0.0  0.1 33832072  12736   ??  Ss    8:58AM   0:02.53 /usr/libexec/UserEventAgent (System)
root               104   0.0  0.2 33918668  38716   ??  Ss    8:58AM   0:09.25 /usr/libexec/logd
root              8671   0.0  0.0 34123348   1180 s001  R+   12:17AM   0:00.00 ps aux
root                 1   0.0  0.1 34227704  19112   ??  Ss    8:58AM   0:21.81 /sbin/launchd
diegocaro         8644   0.0  0.0 34124420   1412 s001  S+   12:17AM   0:00.01 bash 02_processes.sh
diegocaro         8557   0.0  0.1 33745644  14024   ??  S    12:16AM   0:00.14 /System/Library/Frameworks/CoreServices.framework/Frameworks/Metadata.framework/Versions/A/Support/mdworker_shared -s mdworker -c MDSImporterWorker -m com.apple.mdworker.shared
diegocaro         8548   0.0  0.2 36087096  36012   ??  S    12:16AM   0:00.10 /Applications/Firefox.app/Contents/MacOS/plugin-container.app/Contents/MacOS/plugin-container -childID 130 -isForBrowser -prefsLen 34001 -prefMapSize 236340 -jsInitLen 246772 -sbStartup -sbAppPath /Applications/Firefox.app -sbLevel 3 -sbAllowAudio -parentBuildID 20230112150232 -appDir /Applications/Firefox.app/Contents/Resources/browser -profile /Users/diegocaro/Library/Application Support/Firefox/Profiles/hmig4z1v.default-release-1634876631779 {96312b99-aa70-404f-a865-d423a00a4eb6} 755 gecko-crash-server-pipe.755 org.mozilla.machname.1588965062 tab
diegocaro         8546   0.0  0.1 33752812  12608   ??  S    12:14AM   0:00.14 /System/Library/Frameworks/CoreServices.framework/Frameworks/Metadata.framework/Versions/A/Support/mdworker_shared -s mdworker -c MDSImporterWorker -m com.apple.mdworker.shared
diegocaro         8545   0.0  0.2 36107308  36292   ??  S    12:14AM   0:00.10 /Applications/Firefox.app/Contents/MacOS/plugin-container.app/Contents/MacOS/plugin-container -childID 129 -isForBrowser -prefsLen 34001 -prefMapSize 236340 -jsInitLen 246772 -sbStartup -sbAppPath /Applications/Firefox.app -sbLevel 3 -sbAllowAudio -parentBuildID 20230112150232 -appDir /Applications/Firefox.app/Contents/Resources/browser -profile /Users/diegocaro/Library/Application Support/Firefox/Profiles/hmig4z1v.default-release-1634876631779 {ab88a7ae-cabe-478c-9319-edc6aaa410e3} 755 gecko-crash-server-pipe.755 org.mozilla.machname.1256927236 tab
diegocaro         8544   0.0  0.2 36086828  36252   ??  S    12:14AM   0:00.10 /Applications/Firefox.app/Contents/MacOS/plugin-container.app/Contents/MacOS/plugin-container -childID 128 -isForBrowser -prefsLen 34001 -prefMapSize 236340 -jsInitLen 246772 -sbStartup -sbAppPath /Applications/Firefox.app -sbLevel 3 -sbAllowAudio -parentBuildID 20230112150232 -appDir /Applications/Firefox.app/Contents/Resources/browser -profile /Users/diegocaro/Library/Application Support/Firefox/Profiles/hmig4z1v.default-release-1634876631779 {9373bdf8-7b43-42cb-bad5-1dfbe2b1e33d} 755 gecko-crash-server-pipe.755 org.mozilla.machname.1692610788 tab
diegocaro         8542   0.0  0.1 33775336  12800   ??  S    12:13AM   0:00.10 /System/Library/Frameworks/CoreServices.framework/Frameworks/Metadata.framework/Versions/A/Support/mdworker_shared -s mdworker -c MDSImporterWorker -m com.apple.mdworker.shared
diegocaro         8518   0.0  0.6 36237856  97144   ??  S    12:04AM   0:01.15 /Applications/Firefox.app/Contents/MacOS/plugin-container.app/Contents/MacOS/plugin-container -childID 127 -isForBrowser -prefsLen 34001 -prefMapSize 236340 -jsInitLen 246772 -sbStartup -sbAppPath /Applications/Firefox.app -sbLevel 3 -sbAllowAudio -parentBuildID 20230112150232 -appDir /Applications/Firefox.app/Contents/Resources/browser -profile /Users/diegocaro/Library/Application Support/Firefox/Profiles/hmig4z1v.default-release-1634876631779 {9e8234fe-5ce3-4b58-a0cd-eb4d5e3c8f97} 755 gecko-crash-server-pipe.755 org.mozilla.machname.288199663 tab
diegocaro         8512   0.0  1.4 36426308 235716   ??  Ss   12:03AM   0:10.01 /Users/diegocaro/miniconda3/envs/datascience/bin/python -m ipykernel_launcher -f /Users/diegocaro/Library/Jupyter/runtime/kernel-15f211b3-97b0-43d5-abd5-515a746dfa74.json
diegocaro         8507   0.0  0.3 36115544  46872   ??  S    12:03AM   0:00.15 /Applications/Firefox.app/Contents/MacOS/plugin-container.app/Contents/MacOS/plugin-container -childID 126 -isForBrowser -prefsLen 34001 -prefMapSize 236340 -jsInitLen 246772 -sbStartup -sbAppPath /Applications/Firefox.app -sbLevel 3 -sbAllowAudio -parentBuildID 20230112150232 -appDir /Applications/Firefox.app/Contents/Resources/browser -profile /Users/diegocaro/Library/Application Support/Firefox/Profiles/hmig4z1v.default-release-1634876631779 {0104ab27-169d-4e3f-bc01-8dbd13de3950} 755 gecko-crash-server-pipe.755 org.mozilla.machname.261038734 tab
diegocaro         8506   0.0  0.3 36117252  49352   ??  S    12:03AM   0:00.19 /Applications/Firefox.app/Contents/MacOS/plugin-container.app/Contents/MacOS/plugin-container -childID 125 -isForBrowser -prefsLen 34001 -prefMapSize 236340 -jsInitLen 246772 -sbStartup -sbAppPath /Applications/Firefox.app -sbLevel 3 -sbAllowAudio -sbAllowFileAccess -parentBuildID 20230112150232 -appDir /Applications/Firefox.app/Contents/Resources/browser -profile /Users/diegocaro/Library/Application Support/Firefox/Profiles/hmig4z1v.default-release-1634876631779 {dcbe2dc8-54b3-41f4-aa12-249e56b60115} 755 gecko-crash-server-pipe.755 org.mozilla.machname.501867502 tab
diegocaro         6538   0.0  0.3 36135000  46876   ??  S    11:46PM   0:00.17 /Applications/Firefox.app/Contents/MacOS/plugin-container.app/Contents/MacOS/plugin-container -childID 124 -isForBrowser -prefsLen 34001 -prefMapSize 236340 -jsInitLen 246772 -sbStartup -sbAppPath /Applications/Firefox.app -sbLevel 3 -sbAllowAudio -parentBuildID 20230112150232 -appDir /Applications/Firefox.app/Contents/Resources/browser -profile /Users/diegocaro/Library/Application Support/Firefox/Profiles/hmig4z1v.default-release-1634876631779 {9b930ad7-456d-43b6-9c79-a544d211dd99} 755 gecko-crash-server-pipe.755 org.mozilla.machname.1525105359 tab
diegocaro         6532   0.0  0.3 36146080  56324   ??  S    11:46PM   0:00.76 /Applications/Firefox.app/Contents/MacOS/plugin-container.app/Contents/MacOS/plugin-container -childID 118 -isForBrowser -prefsLen 34001 -prefMapSize 236340 -jsInitLen 246772 -sbStartup -sbAppPath /Applications/Firefox.app -sbLevel 3 -sbAllowAudio -parentBuildID 20230112150232 -appDir /Applications/Firefox.app/Contents/Resources/browser -profile /Users/diegocaro/Library/Application Support/Firefox/Profiles/hmig4z1v.default-release-1634876631779 {97e0619c-adf8-437c-89bb-f279d86cd5d8} 755 gecko-crash-server-pipe.755 org.mozilla.machname.2091914555 tab
diegocaro         6531   0.0  0.3 36120432  50468   ??  S    11:46PM   0:00.76 /Applications/Firefox.app/Contents/MacOS/plugin-container.app/Contents/MacOS/plugin-container -childID 117 -isForBrowser -prefsLen 34001 -prefMapSize 236340 -jsInitLen 246772 -sbStartup -sbAppPath /Applications/Firefox.app -sbLevel 3 -sbAllowAudio -parentBuildID 20230112150232 -appDir /Applications/Firefox.app/Contents/Resources/browser -profile /Users/diegocaro/Library/Application Support/Firefox/Profiles/hmig4z1v.default-release-1634876631779 {400f2812-798f-47f0-96b1-0c23d51292da} 755 gecko-crash-server-pipe.755 org.mozilla.machname.1818706583 tab
%%%	2023-01-25 00:17:32-0300	istats
--- CPU Stats ---
CPU temp:               39.63°C     

--- Fan Stats ---
Total fans in system:   2           
Fan 0 speed:            1835 RPM    
Fan 1 speed:            1696 RPM    

--- Battery Stats ---
Battery health:         Good        
Cycle count:            182           18.2%
Max cycles:             1000        
Current charge:         4029 mAh      52%
Maximum charge:         7841 mAh      89.2%
Design capacity:        8790 mAh    
Battery temp:           32.5°C      

For more stats run `istats extra` and follow the instructions.
